
===========================================================================
 report_power
============================================================================
======================= max_ff_n40C_1v95 Corner ===================================

Group                    Internal    Switching      Leakage        Total
                            Power        Power        Power        Power (Watts)
------------------------------------------------------------------------
Sequential           3.166337e-03 1.348784e-03 8.745523e-09 4.515130e-03  28.8%
Combinational        3.256547e-03 5.893875e-03 2.969684e-08 9.150452e-03  58.4%
Clock                9.139917e-04 1.081638e-03 5.361279e-08 1.995683e-03  12.7%
Macro                0.000000e+00 0.000000e+00 0.000000e+00 0.000000e+00   0.0%
Pad                  0.000000e+00 0.000000e+00 0.000000e+00 0.000000e+00   0.0%
------------------------------------------------------------------------
Total                7.336881e-03 8.324306e-03 9.205750e-08 1.566128e-02 100.0%
                            46.8%        53.2%         0.0%

