
===========================================================================
report_checks -unconstrained
===========================================================================
======================= nom_tt_025C_1v80 Corner ===================================

Startpoint: m_axi_rvalid[0] (input port clocked by aclk)
Endpoint: s_axi_rvalid[3] (output port clocked by aclk)
Path Group: aclk
Path Type: max

Fanout         Cap        Slew       Delay        Time   Description
---------------------------------------------------------------------------------------------
                                  0.000000    0.000000   clock aclk (rise edge)
                                  0.000000    0.000000   clock network delay (propagated)
                                  3.000000    3.000000 v input external delay
     1    0.002587    0.000000    0.000000    3.000000 v m_axi_rvalid[0] (in)
                                                         m_axi_rvalid[0] (net)
                      0.000066    0.000033    3.000033 v input109/A (sky130_fd_sc_hd__dlymetal6s2s_1)
     2    0.015865    0.091806    0.167579    3.167611 v input109/X (sky130_fd_sc_hd__dlymetal6s2s_1)
                                                         net109 (net)
                      0.091822    0.001263    3.168874 v _4520_/A (sky130_fd_sc_hd__or2_4)
     4    0.005952    0.049400    0.264762    3.433636 v _4520_/X (sky130_fd_sc_hd__or2_4)
                                                         _1568_ (net)
                      0.049400    0.000000    3.433636 v _4530_/B (sky130_fd_sc_hd__and3_1)
     1    0.003335    0.039417    0.163488    3.597124 v _4530_/X (sky130_fd_sc_hd__and3_1)
                                                         _1575_ (net)
                      0.039417    0.000085    3.597209 v _4531_/A2 (sky130_fd_sc_hd__o21ba_1)
     1    0.004770    0.044061    0.171213    3.768422 v _4531_/X (sky130_fd_sc_hd__o21ba_1)
                                                         _1576_ (net)
                      0.044061    0.000193    3.768615 v _4532_/A (sky130_fd_sc_hd__clkbuf_4)
     7    0.043570    0.097636    0.192940    3.961555 v _4532_/X (sky130_fd_sc_hd__clkbuf_4)
                                                         net938 (net)
                      0.099001    0.009258    3.970813 v output938/A (sky130_fd_sc_hd__buf_1)
     1    0.001276    0.019619    0.102713    4.073526 v output938/X (sky130_fd_sc_hd__buf_1)
                                                         s_axi_rvalid[3] (net)
                      0.019619    0.000022    4.073548 v s_axi_rvalid[3] (out)
                                              4.073548   data arrival time

                                 12.000000   12.000000   clock aclk (rise edge)
                                  0.000000   12.000000   clock network delay (propagated)
                                 -0.300000   11.700000   clock uncertainty
                                  0.000000   11.700000   clock reconvergence pessimism
                                 -3.000000    8.699999   output external delay
                                              8.699999   data required time
---------------------------------------------------------------------------------------------
                                              8.699999   data required time
                                             -4.073548   data arrival time
---------------------------------------------------------------------------------------------
                                              4.626451   slack (MET)




===========================================================================
report_checks --slack_max -0.01
============================================================================
======================= nom_tt_025C_1v80 Corner ===================================

No paths found.


===========================================================================
 report_check_types -max_slew -max_cap -max_fanout -violators
============================================================================
======================= nom_tt_025C_1v80 Corner ===================================



===========================================================================
report_parasitic_annotation -report_unannotated
============================================================================
Found 5 unannotated drivers.
 cfg_weight_m0[0]
 cfg_weight_m0[1]
 cfg_weight_m0[2]
 cfg_weight_m0[3]
 _6631__949/HI
Found 952 partially unannotated drivers.
 cfg_master0_burst_limit[3]
 cfg_master0_burst_limit[6]
 cfg_weight_m2[0]
 m_axi_awready[1]
 m_axi_bresp[0]
 m_axi_bresp[1]
 m_axi_rdata[10]
 m_axi_rdata[13]
 m_axi_rdata[16]
 m_axi_rdata[20]
 m_axi_rdata[23]
 m_axi_rdata[24]
 m_axi_rdata[2]
 m_axi_rdata[32]
 m_axi_rdata[38]
 m_axi_rdata[45]
 m_axi_rdata[46]
 m_axi_rdata[48]
 m_axi_rdata[57]
 m_axi_rdata[60]
 m_axi_rdata[62]
 m_axi_rdata[6]
 m_axi_wready[0]
 s_axi_araddr[121]
 s_axi_araddr[94]
 s_axi_araddr[96]
 s_axi_awaddr[101]
 s_axi_awaddr[111]
 s_axi_awaddr[32]
 s_axi_awaddr[44]
 s_axi_awaddr[45]
 s_axi_awaddr[46]
 s_axi_awaddr[67]
 s_axi_awaddr[71]
 s_axi_awaddr[76]
 s_axi_awaddr[81]
 s_axi_awaddr[98]
 s_axi_awprot[3]
 s_axi_bready[2]
 s_axi_bready[3]
 s_axi_wdata[0]
 s_axi_wdata[100]
 s_axi_wdata[103]
 s_axi_wdata[107]
 s_axi_wdata[108]
 s_axi_wdata[10]
 s_axi_wdata[114]
 s_axi_wdata[116]
 s_axi_wdata[122]
 s_axi_wdata[12]
 s_axi_wdata[13]
 s_axi_wdata[14]
 s_axi_wdata[19]
 s_axi_wdata[29]
 s_axi_wdata[2]
 s_axi_wdata[30]
 s_axi_wdata[34]
 s_axi_wdata[35]
 s_axi_wdata[36]
 s_axi_wdata[39]
 s_axi_wdata[48]
 s_axi_wdata[49]
 s_axi_wdata[4]
 s_axi_wdata[50]
 s_axi_wdata[51]
 s_axi_wdata[52]
 s_axi_wdata[53]
 s_axi_wdata[54]
 s_axi_wdata[64]
 s_axi_wdata[66]
 s_axi_wdata[71]
 s_axi_wdata[97]
 s_axi_wstrb[10]
 s_axi_wstrb[11]
 s_axi_wstrb[13]
 s_axi_wstrb[3]
 s_axi_wstrb[6]
 s_axi_wstrb[7]
 s_axi_wstrb[8]
 s_axi_wstrb[9]
 _3229_/Y
 _3236_/X
 _3237_/Y
 _3244_/Y
 _3246_/Y
 _3250_/Y
 _3255_/Y
 _3260_/Y
 _3261_/Y
 _3262_/Y
 _3271_/Y
 _3273_/Y
 _3280_/Y
 _3286_/X
 _3297_/Y
 _3304_/Y
 _3305_/Y
 _3309_/Y
 _3335_/Y
 _3339_/Y
 _3348_/Y
 _3352_/Y
 _3353_/Y
 _3354_/Y
 _3355_/Y
 _3359_/Y
 _3362_/Y
 _3375_/Y
 _3384_/Y
 _3396_/Y
 _3399_/Y
 _3404_/Y
 _3482_/Y
 _3483_/Y
 _3486_/Y
 _3490_/Y
 _3491_/Y
 _3493_/X
 _3498_/Y
 _3505_/Y
 _3512_/Y
 _3524_/Y
 _3525_/Y
 _3552_/Y
 _3574_/Y
 _3627_/Y
 _3631_/Y
 _3648_/Y
 _3666_/Y
 _3713_/Y
 _3719_/Y
 _3737_/Y
 _3750_/X
 _3762_/X
 _3764_/Y
 _3765_/Y
 _3766_/Y
 _3768_/X
 _3773_/X
 _3774_/X
 _3776_/Y
 _3777_/X
 _3779_/Y
 _3780_/X
 _3811_/Y
 _3817_/X
 _3819_/Y
 _3829_/Y
 _3889_/Y
 _3932_/X
 _3983_/X
 _4012_/Y
 _4047_/Y
 _4048_/X
 _4049_/Y
 _4050_/Y
 _4052_/X
 _4055_/X
 _4061_/Y
 _4062_/X
 _4065_/Y
 _4066_/X
 _4069_/Y
 _4070_/X
 _4073_/Y
 _4075_/X
 _4077_/Y
 _4081_/Y
 _4082_/X
 _4085_/Y
 _4086_/X
 _4089_/Y
 _4092_/Y
 _4097_/Y
 _4098_/X
 _4105_/X
 _4171_/Y
 _4172_/Y
 _4178_/Y
 _4215_/X
 _4229_/Y
 _4231_/X
 _4234_/Y
 _4258_/Y
 _4260_/X
 _4261_/Y
 _4264_/X
 _4269_/Y
 _4271_/Y
 _4278_/Y
 _4279_/Y
 _4280_/X
 _4283_/Y
 _4286_/Y
 _4289_/Y
 _4292_/Y
 _4295_/Y
 _4296_/Y
 _4298_/Y
 _4301_/Y
 _4304_/Y
 _4307_/Y
 _4311_/Y
 _4312_/X
 _4315_/Y
 _4318_/Y
 _4321_/Y
 _4324_/Y
 _4327_/Y
 _4330_/Y
 _4333_/Y
 _4336_/Y
 _4339_/Y
 _4343_/Y
 _4344_/X
 _4347_/Y
 _4350_/Y
 _4353_/Y
 _4356_/Y
 _4359_/Y
 _4362_/Y
 _4365_/Y
 _4368_/Y
 _4371_/Y
 _4372_/Y
 _4374_/Y
 _4377_/Y
 _4380_/X
 _4391_/X
 _4393_/Y
 _4402_/X
 _4411_/Y
 _4413_/Y
 _4415_/Y
 _4416_/X
 _4420_/Y
 _4421_/Y
 _4425_/Y
 _4427_/X
 _4429_/Y
 _4430_/Y
 _4431_/Y
 _4432_/Y
 _4435_/Y
 _4438_/X
 _4450_/Y
 _4451_/Y
 _4452_/X
 _4463_/X
 _4474_/X
 _4487_/X
 _4488_/X
 _4490_/Y
 _4493_/X
 _4494_/X
 _4496_/X
 _4497_/X
 _4499_/Y
 _4503_/X
 _4504_/X
 _4506_/Y
 _4507_/X
 _4508_/X
 _4510_/X
 _4511_/X
 _4512_/X
 _4513_/Y
 _4515_/X
 _4518_/X
 _4519_/X
 _4520_/X
 _4522_/X
 _4523_/X
 _4527_/X
 _4528_/X
 _4529_/X
 _4533_/Y
 _4535_/X
 _4538_/X
 _4539_/Y
 _4540_/X
 _4542_/Y
 _4544_/Y
 _4545_/X
 _4547_/X
 _4553_/Y
 _4560_/Y
 _4567_/Y
 _4568_/X
 _4571_/X
 _4584_/Y
 _4586_/Y
 _4587_/X
 _4590_/Y
 _4596_/Y
 _4598_/Y
 _4599_/X
 _4625_/Y
 _4644_/Y
 _4678_/Y
 _4681_/Y
 _4750_/Y
 _4755_/Y
 _4773_/Y
 _4775_/Y
 _4794_/Y
 _4798_/Y
 _4799_/Y
 _4801_/X
 _4802_/X
 _4803_/X
 _4810_/Y
 _4818_/Y
 _4820_/X
 _4822_/X
 _4823_/X
 _4829_/Y
 _4831_/X
 _4832_/X
 _4834_/X
 _4835_/X
 _4838_/X
 _4839_/X
 _4843_/X
 _4851_/X
 _4855_/X
 _4856_/X
 _4868_/X
 _4869_/X
 _4873_/X
 _4875_/X
 _4878_/X
 _4882_/X
 _4883_/X
 _4907_/X
 _4909_/X
 _4926_/X
 _4928_/X
 _4930_/X
 _4935_/X
 _4947_/X
 _4949_/X
 _4951_/X
 _4957_/X
 _4963_/X
 _4965_/X
 _4970_/X
 _4975_/X
 _4983_/X
 _4985_/X
 _4993_/X
 _4996_/X
 _4998_/X
 _5003_/X
 _5005_/X
 _5010_/X
 _5012_/X
 _5015_/X
 _5019_/X
 _5024_/X
 _5025_/X
 _5041_/X
 _5043_/X
 _5045_/X
 _5051_/X
 _5054_/X
 _5057_/X
 _5059_/X
 _5063_/X
 _5065_/X
 _5084_/X
 _5086_/X
 _5089_/X
 _5093_/X
 _5098_/X
 _5099_/X
 _5100_/X
 _5103_/X
 _5106_/X
 _5118_/X
 _5136_/X
 _5138_/X
 _5144_/X
 _5145_/X
 _5147_/X
 _5151_/X
 _5152_/X
 _5159_/X
 _5162_/X
 _5165_/X
 _5171_/X
 _5175_/X
 _5181_/X
 _5187_/X
 _5193_/X
 _5201_/X
 _5223_/X
 _5229_/X
 _5280_/Y
 _5316_/Y
 _5339_/Y
 _5363_/Y
 _5396_/Y
 _5411_/Y
 _5419_/Y
 _5439_/Y
 _5472_/Y
 _5523_/X
 _5576_/X
 _5597_/X
 _5699_/X
 _5855_/X
 _5876_/X
 _5941_/X
 _5962_/X
 _6094_/X
 _6127_/Y
 _6130_/Y
 _6137_/Y
 _6185_/X
 _6190_/X
 _6192_/X
 _6196_/X
 _6198_/X
 _6199_/X
 _6202_/Y
 _6209_/Y
 _6216_/Y
 _6219_/X
 _6230_/X
 _6231_/X
 _6238_/Y
 _6244_/Y
 _6250_/Y
 _6256_/Y
 _6260_/Y
 _6263_/X
 _6269_/Y
 _6275_/Y
 _6276_/X
 _6283_/Y
 _6285_/Y
 _6293_/Y
 _6304_/Y
 _6320_/X
 _6330_/Y
 _6335_/Y
 _6343_/Y
 _6352_/Y
 _6359_/Y
 _6376_/Y
 _6387_/Y
 _6390_/Y
 _6405_/Y
 _6408_/Y
 _6409_/X
 _6411_/Y
 _6413_/X
 _6415_/X
 _6450_/X
 _6452_/X
 _6459_/Y
 _6465_/Y
 _6466_/Y
 _6469_/X
 _6476_/X
 _6483_/X
 _6490_/X
 _6493_/Y
 _6495_/Y
 _6500_/Y
 _6502_/Y
 _6507_/Y
 _6509_/Y
 _6514_/Y
 _6516_/Y
 _6521_/Y
 _6523_/Y
 _6528_/Y
 _6530_/Y
 _6543_/Y
 _6549_/X
 _6556_/Y
 _6557_/X
 _6582_/Y
 _6587_/Y
 _6597_/Y
 _6631_/Q
 _6648_/Q
 _6649_/Q
 _6651_/Q
 _6676_/Q
 _6677_/Q
 _6678_/Q
 _6680_/Q
 _6681_/Q
 _6684_/Q
 _6685_/Q
 _6686_/Q
 _6687_/Q
 _6689_/Q
 _6690_/Q
 _6695_/Q
 _6696_/Q
 _6697_/Q
 _6698_/Q
 _6699_/Q
 _6700_/Q
 _6703_/Q
 _6704_/Q
 _6706_/Q
 _6707_/Q
 _6708_/Q
 _6709_/Q
 _6710_/Q
 _6711_/Q
 _6716_/Q
 _6719_/Q
 _6722_/Q
 _6723_/Q
 _6725_/Q
 _6726_/Q
 _6727_/Q
 _6732_/Q
 _6736_/Q
 _6742_/Q
 _6743_/Q
 _6744_/Q
 _6745_/Q
 _6767_/Q
 _6774_/Q
 _6775_/Q
 _6776_/Q
 _6777_/Q
 _6778_/Q
 _6815_/Q
 _6821_/Q
 _6868_/Q
 _6942_/Q
 _6946_/Q
 _6986_/Q
 _6999_/Q
 _7004_/Q
 _7011_/Q
 _7043_/Q
 _7045_/Q
 _7076_/Q
 _7077_/Q
 _7079_/Q
 _7080_/Q
 _7091_/Q
 _7095_/Q
 _7102_/Q
 _7106_/Q
 _7107_/Q
 _7108_/Q
 _7109_/Q
 _7110_/Q
 _7111_/Q
 _7112_/Q
 _7113_/Q
 _7114_/Q
 _7115_/Q
 _7116_/Q
 _7117_/Q
 _7119_/Q
 _7120_/Q
 _7127_/Q
 _7128_/Q
 _7130_/Q
 _7131_/Q
 _7132_/Q
 _7135_/Q
 _7138_/Q
 _7139_/Q
 _7140_/Q
 _7141_/Q
 _7142_/Q
 _7144_/Q
 _7145_/Q
 _7146_/Q
 _7202_/X
 _7213_/X
 _7220_/X
 _7223_/X
 _7229_/X
 _7234_/X
 _7235_/X
 _7243_/X
 _7244_/X
 _7248_/X
 _7250_/X
 clkbuf_0_aclk/X
 clkbuf_2_0_0_aclk/X
 clkbuf_2_1_0_aclk/X
 clkbuf_2_2_0_aclk/X
 clkbuf_2_3_0_aclk/X
 clkbuf_3_0__f_aclk/X
 clkbuf_3_1__f_aclk/X
 clkbuf_3_2__f_aclk/X
 clkbuf_3_3__f_aclk/X
 clkbuf_3_4__f_aclk/X
 clkbuf_3_5__f_aclk/X
 clkbuf_3_6__f_aclk/X
 clkbuf_leaf_0_aclk/X
 clkbuf_leaf_11_aclk/X
 clkbuf_leaf_13_aclk/X
 clkbuf_leaf_21_aclk/X
 clkbuf_leaf_24_aclk/X
 clkbuf_leaf_28_aclk/X
 clkbuf_leaf_29_aclk/X
 clkbuf_leaf_35_aclk/X
 clkbuf_leaf_43_aclk/X
 clkbuf_leaf_48_aclk/X
 clkbuf_leaf_51_aclk/X
 clkbuf_leaf_53_aclk/X
 clkbuf_leaf_55_aclk/X
 clkbuf_leaf_5_aclk/X
 clkbuf_leaf_62_aclk/X
 clkbuf_leaf_70_aclk/X
 clkbuf_leaf_71_aclk/X
 clkbuf_leaf_77_aclk/X
 clkbuf_leaf_78_aclk/X
 clkbuf_leaf_79_aclk/X
 clkbuf_leaf_90_aclk/X
 clkbuf_leaf_91_aclk/X
 clkbuf_leaf_9_aclk/X
 hold273/X
 hold52/X
 hold93/X
 input10/X
 input100/X
 input105/X
 input106/X
 input107/X
 input108/X
 input11/X
 input110/X
 input113/X
 input114/X
 input115/X
 input116/X
 input117/X
 input118/X
 input119/X
 input12/X
 input120/X
 input124/X
 input126/X
 input127/X
 input128/X
 input129/X
 input13/X
 input130/X
 input131/X
 input132/X
 input133/X
 input134/X
 input138/X
 input139/X
 input14/X
 input141/X
 input142/X
 input143/X
 input146/X
 input147/X
 input148/X
 input149/X
 input15/X
 input150/X
 input151/X
 input152/X
 input153/X
 input154/X
 input155/X
 input156/X
 input157/X
 input159/X
 input16/X
 input160/X
 input161/X
 input163/X
 input165/X
 input166/X
 input169/X
 input17/X
 input170/X
 input171/X
 input173/X
 input175/X
 input176/X
 input177/X
 input179/X
 input18/X
 input180/X
 input181/X
 input182/X
 input183/X
 input184/X
 input187/X
 input188/X
 input189/X
 input190/X
 input191/X
 input192/X
 input193/X
 input195/X
 input196/X
 input197/X
 input198/X
 input199/X
 input200/X
 input202/X
 input203/X
 input204/X
 input207/X
 input209/X
 input210/X
 input211/X
 input212/X
 input213/X
 input215/X
 input216/X
 input217/X
 input218/X
 input219/X
 input220/X
 input222/X
 input223/X
 input224/X
 input225/X
 input226/X
 input227/X
 input229/X
 input230/X
 input231/X
 input234/X
 input235/X
 input236/X
 input238/X
 input240/X
 input241/X
 input242/X
 input244/X
 input246/X
 input247/X
 input248/X
 input249/X
 input250/X
 input251/X
 input252/X
 input253/X
 input254/X
 input255/X
 input256/X
 input259/X
 input260/X
 input263/X
 input265/X
 input266/X
 input269/X
 input27/X
 input272/X
 input275/X
 input279/X
 input287/X
 input293/X
 input294/X
 input300/X
 input305/X
 input309/X
 input310/X
 input320/X
 input328/X
 input330/X
 input335/X
 input337/X
 input340/X
 input343/X
 input344/X
 input346/X
 input348/X
 input35/X
 input350/X
 input355/X
 input356/X
 input357/X
 input358/X
 input359/X
 input360/X
 input361/X
 input364/X
 input370/X
 input385/X
 input389/X
 input391/X
 input393/X
 input395/X
 input4/X
 input400/X
 input401/X
 input402/X
 input403/X
 input405/X
 input409/X
 input412/X
 input413/X
 input414/X
 input415/X
 input416/X
 input417/X
 input419/X
 input421/X
 input422/X
 input423/X
 input424/X
 input425/X
 input426/X
 input427/X
 input428/X
 input429/X
 input432/X
 input433/X
 input434/X
 input435/X
 input436/X
 input437/X
 input438/X
 input439/X
 input441/X
 input448/X
 input451/X
 input454/X
 input455/X
 input458/X
 input459/X
 input460/X
 input462/X
 input463/X
 input464/X
 input465/X
 input466/X
 input468/X
 input469/X
 input470/X
 input471/X
 input481/X
 input488/X
 input490/X
 input491/X
 input493/X
 input499/X
 input5/X
 input501/X
 input503/X
 input504/X
 input512/X
 input513/X
 input514/X
 input516/X
 input518/X
 input519/X
 input52/X
 input520/X
 input521/X
 input522/X
 input523/X
 input527/X
 input530/X
 input532/X
 input539/X
 input549/X
 input552/X
 input6/X
 input7/X
 input74/X
 input80/X
 input87/X
 input88/X
 input9/X
 input96/X
 load_slew946/X
 max_cap947/X
 output634/X
 output640/X
 output641/X
 output642/X
 output643/X
 output644/X
 output647/X
 output649/X
 output650/X
 output651/X
 output653/X
 output655/X
 output656/X
 output657/X
 output659/X
 output661/X
 output666/X
 output677/X
 output679/X
 output680/X
 output681/X
 output684/X
 output685/X
 output686/X
 output690/X
 output697/X
 output700/X
 output702/X
 output714/X
 output717/X
 output719/X
 output721/X
 output734/X
 output736/X
 output737/X
 output741/X
 output743/X
 output746/X
 output751/X
 output753/X
 output754/X
 output757/X
 output760/X
 output794/X
 output795/X
 output796/X
 output799/X
 output800/X
 output801/X
 output803/X
 output804/X
 output806/X
 output809/X
 output814/X
 output818/X
 output820/X
 output821/X
 output827/X
 output856/X
 output858/X
 output866/X
 output867/X
 output872/X
 output873/X
 output877/X
 output915/X
 wire943/X
 wire945/X
 wire948/X

===========================================================================
max slew violation count 0
Writing metric design__max_slew_violation__count__corner:nom_tt_025C_1v80: 0
max fanout violation count 0
Writing metric design__max_fanout_violation__count__corner:nom_tt_025C_1v80: 0
max cap violation count 0
Writing metric design__max_cap_violation__count__corner:nom_tt_025C_1v80: 0
============================================================================

===========================================================================
check_setup -verbose -unconstrained_endpoints -multiple_clock -no_clock -no_input_delay -loops -generated_clocks
===========================================================================
Warning: There is 1 input port missing set_input_delay.
  aresetn
Warning: There is 1 unconstrained endpoint.
  _6631_/D
