
===========================================================================
 report_power
============================================================================
======================= nom_tt_025C_1v80 Corner ===================================

Group                    Internal    Switching      Leakage        Total
                            Power        Power        Power        Power (Watts)
------------------------------------------------------------------------
Sequential           2.731281e-03 7.170946e-04 6.223059e-09 3.448382e-03  32.2%
Combinational        2.933459e-03 3.007218e-03 1.431656e-08 5.940692e-03  55.5%
Clock                7.978015e-04 5.236418e-04 2.863693e-09 1.321446e-03  12.3%
Macro                0.000000e+00 0.000000e+00 0.000000e+00 0.000000e+00   0.0%
Pad                  0.000000e+00 0.000000e+00 0.000000e+00 0.000000e+00   0.0%
------------------------------------------------------------------------
Total                6.462547e-03 4.247960e-03 2.340377e-08 1.071053e-02 100.0%
                            60.3%        39.7%         0.0%
Writing metric power__internal__total: 0.006462546996772289
Writing metric power__switching__total: 0.004247960168868303
Writing metric power__leakage__total: 2.340376781262421e-8
Writing metric power__total: 0.010710530914366245

