
===========================================================================
report_checks -unconstrained
===========================================================================
======================= nom_tt_025C_1v80 Corner ===================================

Startpoint: s_axi_rready[0] (input port clocked by aclk)
Endpoint: m_axi_rready[1] (output port clocked by aclk)
Path Group: aclk
Path Type: max

Fanout         Cap        Slew       Delay        Time   Description
---------------------------------------------------------------------------------------------
                                  0.000000    0.000000   clock aclk (rise edge)
                                  0.000000    0.000000   clock network delay (propagated)
                                  3.000000    3.000000 v input external delay
     1    0.005635    0.000000    0.000000    3.000000 v s_axi_rready[0] (in)
                                                         s_axi_rready[0] (net)
                      0.000094    0.000047    3.000047 v input405/A (sky130_fd_sc_hd__clkbuf_1)
     1    0.004050    0.032833    0.075017    3.075064 v input405/X (sky130_fd_sc_hd__clkbuf_1)
                                                         net405 (net)
                      0.032833    0.000145    3.075209 v _3376_/A2 (sky130_fd_sc_hd__a22o_1)
     1    0.003354    0.043201    0.220943    3.296152 v _3376_/X (sky130_fd_sc_hd__a22o_1)
                                                         _0631_ (net)
                      0.043201    0.000114    3.296266 v _3377_/C1 (sky130_fd_sc_hd__a221o_2)
     3    0.018912    0.094280    0.353748    3.650014 v _3377_/X (sky130_fd_sc_hd__a221o_2)
                                                         _0632_ (net)
                      0.094308    0.001554    3.651568 v _3379_/A (sky130_fd_sc_hd__and3_1)
     2    0.006028    0.050694    0.176396    3.827964 v _3379_/X (sky130_fd_sc_hd__and3_1)
                                                         _0634_ (net)
                      0.050694    0.000134    3.828098 v _4288_/A (sky130_fd_sc_hd__nand2_1)
     1    0.005690    0.069778    0.074183    3.902281 ^ _4288_/Y (sky130_fd_sc_hd__nand2_1)
                                                         _1454_ (net)
                      0.069778    0.000203    3.902484 ^ _4289_/A (sky130_fd_sc_hd__inv_2)
     8    0.042039    0.095056    0.100636    4.003120 v _4289_/Y (sky130_fd_sc_hd__inv_2)
                                                         net704 (net)
                      0.095147    0.002462    4.005582 v output704/A (sky130_fd_sc_hd__buf_1)
     1    0.000846    0.017317    0.098157    4.103739 v output704/X (sky130_fd_sc_hd__buf_1)
                                                         m_axi_rready[1] (net)
                      0.017317    0.000015    4.103754 v m_axi_rready[1] (out)
                                              4.103754   data arrival time

                                 10.000000   10.000000   clock aclk (rise edge)
                                  0.000000   10.000000   clock network delay (propagated)
                                 -0.300000    9.700000   clock uncertainty
                                  0.000000    9.700000   clock reconvergence pessimism
                                 -3.000000    6.700000   output external delay
                                              6.700000   data required time
---------------------------------------------------------------------------------------------
                                              6.700000   data required time
                                             -4.103754   data arrival time
---------------------------------------------------------------------------------------------
                                              2.596246   slack (MET)




===========================================================================
report_checks --slack_max -0.01
============================================================================
======================= nom_tt_025C_1v80 Corner ===================================

No paths found.


===========================================================================
 report_check_types -max_slew -max_cap -max_fanout -violators
============================================================================
======================= nom_tt_025C_1v80 Corner ===================================



===========================================================================
report_parasitic_annotation -report_unannotated
============================================================================
Found 5 unannotated drivers.
 cfg_weight_m0[0]
 cfg_weight_m0[1]
 cfg_weight_m0[2]
 cfg_weight_m0[3]
 _6669__951/HI
Found 848 partially unannotated drivers.
 aclk
 cfg_master0_burst_limit[6]
 m_axi_bresp[3]
 m_axi_rdata[0]
 m_axi_rdata[38]
 m_axi_rdata[39]
 s_axi_araddr[114]
 s_axi_araddr[21]
 s_axi_araddr[44]
 s_axi_araddr[7]
 s_axi_awaddr[101]
 s_axi_awaddr[105]
 s_axi_awaddr[116]
 s_axi_awaddr[19]
 s_axi_awaddr[20]
 s_axi_awaddr[28]
 s_axi_awaddr[34]
 s_axi_awaddr[39]
 s_axi_awaddr[50]
 s_axi_awaddr[51]
 s_axi_awaddr[66]
 s_axi_awaddr[74]
 s_axi_awaddr[75]
 s_axi_awaddr[76]
 s_axi_awaddr[78]
 s_axi_awaddr[83]
 s_axi_awaddr[84]
 s_axi_awaddr[99]
 s_axi_awprot[11]
 s_axi_awprot[8]
 s_axi_awprot[9]
 s_axi_awvalid[3]
 s_axi_wdata[101]
 s_axi_wdata[104]
 s_axi_wdata[105]
 s_axi_wdata[115]
 s_axi_wdata[11]
 s_axi_wdata[12]
 s_axi_wdata[16]
 s_axi_wdata[23]
 s_axi_wdata[25]
 s_axi_wdata[2]
 s_axi_wdata[37]
 s_axi_wdata[40]
 s_axi_wdata[41]
 s_axi_wdata[47]
 s_axi_wdata[55]
 s_axi_wdata[61]
 s_axi_wdata[71]
 s_axi_wdata[74]
 s_axi_wdata[75]
 s_axi_wdata[76]
 s_axi_wdata[77]
 s_axi_wdata[7]
 s_axi_wdata[80]
 s_axi_wdata[84]
 s_axi_wdata[85]
 s_axi_wdata[86]
 s_axi_wdata[87]
 s_axi_wdata[8]
 s_axi_wdata[91]
 s_axi_wstrb[0]
 s_axi_wstrb[15]
 s_axi_wstrb[4]
 s_axi_wvalid[0]
 s_axi_wvalid[1]
 _3252_/Y
 _3261_/Y
 _3262_/Y
 _3276_/Y
 _3281_/Y
 _3293_/Y
 _3307_/Y
 _3309_/X
 _3317_/Y
 _3321_/Y
 _3324_/Y
 _3325_/Y
 _3331_/Y
 _3333_/X
 _3346_/Y
 _3349_/Y
 _3354_/Y
 _3357_/Y
 _3360_/Y
 _3364_/Y
 _3365_/Y
 _3366_/Y
 _3367_/Y
 _3368_/Y
 _3371_/X
 _3372_/Y
 _3374_/Y
 _3375_/Y
 _3378_/Y
 _3382_/X
 _3383_/X
 _3391_/Y
 _3401_/Y
 _3412_/Y
 _3459_/X
 _3464_/Y
 _3468_/Y
 _3470_/Y
 _3481_/Y
 _3483_/Y
 _3486_/Y
 _3552_/Y
 _3565_/Y
 _3574_/Y
 _3584_/Y
 _3591_/Y
 _3602_/Y
 _3650_/Y
 _3686_/Y
 _3711_/Y
 _3724_/Y
 _3729_/X
 _3757_/Y
 _3766_/X
 _3775_/Y
 _3777_/X
 _3800_/Y
 _3819_/Y
 _3821_/Y
 _3824_/Y
 _3862_/Y
 _3863_/X
 _3867_/X
 _3879_/Y
 _3906_/X
 _3978_/Y
 _3988_/Y
 _4008_/Y
 _4019_/Y
 _4038_/Y
 _4048_/Y
 _4049_/X
 _4050_/Y
 _4055_/X
 _4061_/Y
 _4064_/Y
 _4065_/X
 _4068_/Y
 _4069_/X
 _4073_/Y
 _4074_/X
 _4078_/Y
 _4082_/Y
 _4083_/X
 _4086_/Y
 _4087_/X
 _4091_/Y
 _4092_/X
 _4095_/Y
 _4096_/Y
 _4097_/Y
 _4105_/Y
 _4106_/Y
 _4107_/X
 _4122_/Y
 _4134_/Y
 _4138_/Y
 _4165_/X
 _4176_/Y
 _4178_/Y
 _4181_/Y
 _4182_/X
 _4183_/Y
 _4193_/Y
 _4229_/X
 _4272_/Y
 _4274_/X
 _4277_/Y
 _4281_/Y
 _4283_/Y
 _4285_/Y
 _4287_/Y
 _4292_/Y
 _4293_/Y
 _4294_/X
 _4297_/Y
 _4298_/Y
 _4300_/Y
 _4303_/Y
 _4306_/Y
 _4309_/Y
 _4312_/Y
 _4315_/Y
 _4318_/Y
 _4321_/Y
 _4324_/X
 _4325_/Y
 _4326_/X
 _4329_/Y
 _4332_/Y
 _4335_/Y
 _4336_/Y
 _4338_/Y
 _4341_/Y
 _4344_/Y
 _4347_/Y
 _4350_/Y
 _4353_/Y
 _4357_/Y
 _4358_/X
 _4361_/Y
 _4364_/Y
 _4367_/Y
 _4370_/Y
 _4371_/Y
 _4373_/Y
 _4376_/Y
 _4379_/Y
 _4382_/Y
 _4385_/Y
 _4388_/Y
 _4391_/Y
 _4393_/Y
 _4394_/X
 _4405_/X
 _4411_/Y
 _4414_/Y
 _4416_/X
 _4423_/Y
 _4426_/Y
 _4430_/X
 _4436_/Y
 _4438_/Y
 _4439_/Y
 _4440_/Y
 _4441_/X
 _4442_/Y
 _4448_/Y
 _4449_/Y
 _4465_/Y
 _4473_/Y
 _4477_/X
 _4488_/X
 _4502_/X
 _4504_/Y
 _4507_/X
 _4508_/X
 _4510_/X
 _4513_/Y
 _4516_/X
 _4521_/X
 _4527_/Y
 _4533_/X
 _4534_/X
 _4536_/X
 _4538_/X
 _4539_/X
 _4552_/X
 _4556_/X
 _4558_/X
 _4561_/Y
 _4562_/X
 _4563_/Y
 _4570_/X
 _4579_/Y
 _4586_/Y
 _4588_/X
 _4595_/Y
 _4600_/Y
 _4606_/Y
 _4607_/X
 _4639_/Y
 _4645_/Y
 _4688_/Y
 _4694_/Y
 _4704_/Y
 _4716_/Y
 _4722_/Y
 _4761_/Y
 _4814_/Y
 _4822_/X
 _4823_/X
 _4846_/Y
 _4849_/X
 _4850_/X
 _4851_/X
 _4856_/Y
 _4858_/Y
 _4861_/X
 _4866_/Y
 _4867_/X
 _4868_/Y
 _4869_/Y
 _4870_/Y
 _4874_/X
 _4875_/X
 _4876_/X
 _4881_/X
 _4883_/X
 _4886_/X
 _4887_/X
 _4889_/X
 _4890_/X
 _4891_/X
 _4894_/X
 _4895_/X
 _4896_/X
 _4900_/X
 _4901_/X
 _4902_/X
 _4903_/X
 _4914_/X
 _4916_/X
 _4920_/X
 _4925_/X
 _4928_/X
 _4930_/X
 _4937_/X
 _4941_/X
 _4942_/X
 _4946_/X
 _4951_/X
 _4955_/X
 _4963_/X
 _4989_/X
 _4995_/X
 _4999_/X
 _5000_/X
 _5005_/X
 _5013_/X
 _5020_/X
 _5048_/X
 _5051_/X
 _5054_/X
 _5057_/X
 _5067_/X
 _5079_/X
 _5081_/X
 _5097_/X
 _5101_/X
 _5103_/X
 _5112_/X
 _5116_/Y
 _5119_/X
 _5126_/X
 _5130_/Y
 _5143_/X
 _5153_/X
 _5154_/X
 _5165_/X
 _5166_/X
 _5167_/X
 _5168_/X
 _5171_/X
 _5172_/X
 _5174_/X
 _5178_/X
 _5197_/X
 _5202_/X
 _5206_/X
 _5207_/X
 _5228_/X
 _5230_/X
 _5236_/X
 _5242_/X
 _5246_/X
 _5253_/X
 _5267_/Y
 _5275_/X
 _5277_/X
 _5278_/X
 _5291_/X
 _5292_/X
 _5301_/X
 _5507_/Y
 _5513_/Y
 _5520_/Y
 _5530_/X
 _5531_/Y
 _5560_/X
 _5655_/X
 _5688_/Y
 _5693_/X
 _5694_/X
 _5714_/Y
 _5746_/X
 _5780_/X
 _5846_/X
 _5867_/X
 _5912_/X
 _5933_/X
 _5998_/X
 _6085_/X
 _6130_/X
 _6151_/X
 _6239_/Y
 _6242_/X
 _6243_/X
 _6245_/X
 _6246_/X
 _6249_/X
 _6250_/X
 _6252_/Y
 _6253_/Y
 _6254_/X
 _6255_/X
 _6257_/X
 _6261_/Y
 _6262_/X
 _6276_/X
 _6278_/X
 _6279_/Y
 _6280_/X
 _6282_/X
 _6286_/X
 _6289_/X
 _6291_/X
 _6296_/Y
 _6298_/Y
 _6306_/Y
 _6308_/Y
 _6311_/X
 _6312_/X
 _6320_/Y
 _6327_/Y
 _6331_/Y
 _6354_/Y
 _6355_/Y
 _6356_/X
 _6358_/Y
 _6366_/Y
 _6374_/Y
 _6380_/Y
 _6383_/Y
 _6387_/Y
 _6391_/X
 _6393_/Y
 _6394_/Y
 _6397_/Y
 _6402_/Y
 _6407_/Y
 _6413_/Y
 _6420_/Y
 _6423_/Y
 _6428_/Y
 _6434_/Y
 _6436_/Y
 _6460_/Y
 _6462_/Y
 _6489_/Y
 _6493_/X
 _6508_/X
 _6518_/X
 _6522_/X
 _6529_/X
 _6558_/X
 _6569_/Y
 _6575_/X
 _6586_/Y
 _6593_/X
 _6598_/X
 _6686_/Q
 _6688_/Q
 _6689_/Q
 _6714_/Q
 _6715_/Q
 _6717_/Q
 _6718_/Q
 _6719_/Q
 _6721_/Q
 _6722_/Q
 _6723_/Q
 _6724_/Q
 _6725_/Q
 _6726_/Q
 _6727_/Q
 _6728_/Q
 _6729_/Q
 _6730_/Q
 _6731_/Q
 _6742_/Q
 _6746_/Q
 _6749_/Q
 _6750_/Q
 _6752_/Q
 _6755_/Q
 _6760_/Q
 _6761_/Q
 _6763_/Q
 _6765_/Q
 _6766_/Q
 _6769_/Q
 _6771_/Q
 _6772_/Q
 _6774_/Q
 _6777_/Q
 _6780_/Q
 _6781_/Q
 _6782_/Q
 _6805_/Q
 _6831_/Q
 _6833_/Q
 _6894_/Q
 _6895_/Q
 _6915_/Q
 _6919_/Q
 _6920_/Q
 _6934_/Q
 _6955_/Q
 _6994_/Q
 _6998_/Q
 _6999_/Q
 _7014_/Q
 _7025_/Q
 _7051_/Q
 _7054_/Q
 _7057_/Q
 _7061_/Q
 _7083_/Q
 _7097_/Q
 _7111_/Q
 _7113_/Q
 _7115_/Q
 _7118_/Q
 _7144_/Q
 _7145_/Q
 _7146_/Q
 _7147_/Q
 _7148_/Q
 _7150_/Q
 _7157_/Q
 _7158_/Q
 _7159_/Q
 _7160_/Q
 _7161_/Q
 _7162_/Q
 _7163_/Q
 _7164_/Q
 _7172_/Q
 _7175_/Q
 _7176_/Q
 _7178_/Q
 _7179_/Q
 _7180_/Q
 _7188_/X
 _7193_/X
 _7204_/X
 _7205_/X
 _7209_/X
 _7278_/X
 clkbuf_0_aclk/X
 clkbuf_2_0_0_aclk/X
 clkbuf_2_1_0_aclk/X
 clkbuf_2_2_0_aclk/X
 clkbuf_3_0__f_aclk/X
 clkbuf_3_1__f_aclk/X
 clkbuf_3_2__f_aclk/X
 clkbuf_3_3__f_aclk/X
 clkbuf_3_4__f_aclk/X
 clkbuf_3_5__f_aclk/X
 clkbuf_3_6__f_aclk/X
 clkbuf_3_7__f_aclk/X
 clkbuf_leaf_0_aclk/X
 clkbuf_leaf_11_aclk/X
 clkbuf_leaf_16_aclk/X
 clkbuf_leaf_20_aclk/X
 clkbuf_leaf_24_aclk/X
 clkbuf_leaf_26_aclk/X
 clkbuf_leaf_27_aclk/X
 clkbuf_leaf_37_aclk/X
 clkbuf_leaf_3_aclk/X
 clkbuf_leaf_47_aclk/X
 clkbuf_leaf_4_aclk/X
 clkbuf_leaf_53_aclk/X
 clkbuf_leaf_54_aclk/X
 clkbuf_leaf_55_aclk/X
 clkbuf_leaf_58_aclk/X
 clkbuf_leaf_59_aclk/X
 clkbuf_leaf_63_aclk/X
 clkbuf_leaf_64_aclk/X
 clkbuf_leaf_70_aclk/X
 clkbuf_leaf_72_aclk/X
 clkbuf_leaf_74_aclk/X
 clkbuf_leaf_85_aclk/X
 clkbuf_leaf_95_aclk/X
 clkbuf_leaf_96_aclk/X
 hold101/X
 hold11/X
 hold21/X
 hold230/X
 input1/X
 input10/X
 input105/X
 input106/X
 input107/X
 input108/X
 input109/X
 input11/X
 input110/X
 input111/X
 input114/X
 input12/X
 input121/X
 input125/X
 input13/X
 input132/X
 input135/X
 input137/X
 input14/X
 input142/X
 input143/X
 input15/X
 input150/X
 input151/X
 input153/X
 input155/X
 input159/X
 input16/X
 input160/X
 input161/X
 input162/X
 input164/X
 input166/X
 input17/X
 input178/X
 input18/X
 input187/X
 input19/X
 input190/X
 input198/X
 input2/X
 input205/X
 input208/X
 input216/X
 input217/X
 input22/X
 input222/X
 input223/X
 input23/X
 input232/X
 input233/X
 input234/X
 input24/X
 input241/X
 input242/X
 input243/X
 input245/X
 input246/X
 input25/X
 input250/X
 input252/X
 input253/X
 input254/X
 input255/X
 input258/X
 input26/X
 input260/X
 input264/X
 input265/X
 input266/X
 input27/X
 input272/X
 input277/X
 input279/X
 input28/X
 input280/X
 input29/X
 input292/X
 input299/X
 input3/X
 input300/X
 input310/X
 input313/X
 input316/X
 input328/X
 input329/X
 input33/X
 input340/X
 input341/X
 input347/X
 input350/X
 input352/X
 input353/X
 input354/X
 input356/X
 input357/X
 input358/X
 input361/X
 input364/X
 input368/X
 input369/X
 input375/X
 input376/X
 input378/X
 input379/X
 input382/X
 input383/X
 input387/X
 input389/X
 input390/X
 input392/X
 input393/X
 input396/X
 input399/X
 input4/X
 input401/X
 input402/X
 input406/X
 input407/X
 input409/X
 input411/X
 input412/X
 input419/X
 input425/X
 input426/X
 input430/X
 input433/X
 input434/X
 input435/X
 input437/X
 input438/X
 input439/X
 input441/X
 input442/X
 input448/X
 input452/X
 input459/X
 input460/X
 input461/X
 input462/X
 input463/X
 input464/X
 input465/X
 input466/X
 input467/X
 input468/X
 input470/X
 input472/X
 input473/X
 input474/X
 input475/X
 input476/X
 input477/X
 input481/X
 input489/X
 input491/X
 input492/X
 input497/X
 input5/X
 input502/X
 input504/X
 input506/X
 input507/X
 input512/X
 input514/X
 input520/X
 input522/X
 input523/X
 input524/X
 input526/X
 input527/X
 input531/X
 input535/X
 input536/X
 input552/X
 input6/X
 input7/X
 input8/X
 input9/X
 load_slew946/X
 load_slew947/X
 load_slew949/X
 load_slew950/X
 output631/X
 output634/X
 output635/X
 output637/X
 output640/X
 output642/X
 output643/X
 output645/X
 output646/X
 output650/X
 output654/X
 output655/X
 output658/X
 output661/X
 output663/X
 output664/X
 output665/X
 output669/X
 output670/X
 output676/X
 output678/X
 output679/X
 output680/X
 output681/X
 output682/X
 output684/X
 output685/X
 output686/X
 output687/X
 output690/X
 output691/X
 output692/X
 output706/X
 output714/X
 output717/X
 output720/X
 output721/X
 output723/X
 output724/X
 output727/X
 output735/X
 output737/X
 output740/X
 output744/X
 output750/X
 output757/X
 output761/X
 output762/X
 output763/X
 output768/X
 output770/X
 output771/X
 output773/X
 output776/X
 output784/X
 output786/X
 output788/X
 output789/X
 output806/X
 output807/X
 output808/X
 output827/X
 output830/X
 output833/X
 output835/X
 output855/X
 output858/X
 output863/X
 output864/X
 output865/X
 output870/X
 output888/X
 output894/X
 output897/X
 output915/X
 wire943/X
 wire944/X
 wire945/X
 wire948/X

===========================================================================
max slew violation count 0
Writing metric design__max_slew_violation__count__corner:nom_tt_025C_1v80: 0
max fanout violation count 0
Writing metric design__max_fanout_violation__count__corner:nom_tt_025C_1v80: 0
max cap violation count 0
Writing metric design__max_cap_violation__count__corner:nom_tt_025C_1v80: 0
============================================================================

===========================================================================
check_setup -verbose -unconstrained_endpoints -multiple_clock -no_clock -no_input_delay -loops -generated_clocks
===========================================================================
Warning: There is 1 input port missing set_input_delay.
  aresetn
Warning: There is 1 unconstrained endpoint.
  _6669_/D
