
===========================================================================
 report_power
============================================================================
======================= nom_tt_025C_1v80 Corner ===================================

Group                    Internal    Switching      Leakage        Total
                            Power        Power        Power        Power (Watts)
------------------------------------------------------------------------
Sequential           3.091063e-03 6.500907e-04 6.273851e-09 3.741160e-03  34.3%
Combinational        2.832060e-03 2.727164e-03 1.411856e-08 5.559238e-03  50.9%
Clock                9.731150e-04 6.428440e-04 2.875225e-09 1.615962e-03  14.8%
Macro                0.000000e+00 0.000000e+00 0.000000e+00 0.000000e+00   0.0%
Pad                  0.000000e+00 0.000000e+00 0.000000e+00 0.000000e+00   0.0%
------------------------------------------------------------------------
Total                6.896248e-03 4.020101e-03 2.326791e-08 1.091637e-02 100.0%
                            63.2%        36.8%         0.0%
Writing metric power__internal__total: 0.006896247621625662
Writing metric power__switching__total: 0.004020100925117731
Writing metric power__leakage__total: 2.326791204154688e-8
Writing metric power__total: 0.010916371829807758

