┏━━━━━━━┳━━━━━━━━━┳━━━━━━━━━━┳━━━━━━━━━━━━━━━━━━━━━━━┳━━━━━━━━━━━━━━━━━┳━━━━━━━┓
┃ P / R ┃ Partial ┃ Required ┃ Net                   ┃ Pin             ┃ Layer ┃
┡━━━━━━━╇━━━━━━━━━╇━━━━━━━━━━╇━━━━━━━━━━━━━━━━━━━━━━━╇━━━━━━━━━━━━━━━━━╇━━━━━━━┩
│ 8.53  │ 3413.22 │ 400.00   │ net544                │ _5764_/A0       │ met1  │
│ 5.04  │ 2016.57 │ 400.00   │ net905                │ output905/A     │ met1  │
│ 4.73  │ 1893.67 │ 400.00   │ net906                │ output906/A     │ met1  │
│ 4.61  │ 1844.51 │ 400.00   │ net908                │ output908/A     │ met1  │
│ 4.18  │ 1672.45 │ 400.00   │ net903                │ output903/A     │ met1  │
│ 3.81  │ 1523.77 │ 400.00   │ _1465_                │ _4470_/A        │ met1  │
│ 3.66  │ 1464.43 │ 400.00   │ _1477_                │ _4322_/A        │ met1  │
│ 3.66  │ 1464.43 │ 400.00   │ _1525_                │ _4464_/A        │ met1  │
│ 3.47  │ 1386.37 │ 400.00   │ _1517_                │ _4460_/A        │ met1  │
│ 3.36  │ 1343.22 │ 400.00   │ net470                │ _5908_/A0       │ met1  │
│ 3.27  │ 1308.31 │ 400.00   │ _1511_                │ _4457_/A        │ met1  │
│ 3.26  │ 1304.89 │ 400.00   │ net301                │ _6168_/A0       │ met1  │
│ 3.07  │ 1229.78 │ 400.00   │ _1878_                │ _5154_/B        │ met1  │
│ 3.01  │ 1205.42 │ 400.00   │ net647                │ output647/A     │ met1  │
│ 2.95  │ 1180.84 │ 400.00   │ net775                │ output775/A     │ met2  │
│ 2.78  │ 1113.16 │ 400.00   │ net944                │ _4461_/A        │ met1  │
│ 2.78  │ 1113.16 │ 400.00   │ net945                │ _4455_/A        │ met1  │
│ 2.69  │ 1074.92 │ 400.00   │ _1463_                │ _4469_/A        │ met1  │
│ 2.64  │ 1055.40 │ 400.00   │ _1499_                │ _4354_/A        │ met1  │
│ 2.64  │ 1054.61 │ 400.00   │ _1475_                │ _4319_/A        │ met1  │
│ 2.64  │ 1054.61 │ 400.00   │ _1513_                │ _4458_/A        │ met1  │
│ 2.44  │ 976.55  │ 400.00   │ _1469_                │ _4472_/A        │ met1  │
│ 2.44  │ 976.55  │ 400.00   │ _1515_                │ _4459_/A        │ met1  │
│ 2.39  │ 957.03  │ 400.00   │ net108                │ _4507_/A2       │ met1  │
│ 2.21  │ 883.22  │ 400.00   │ net319                │ _6069_/A0       │ met1  │
│ 2.15  │ 859.46  │ 400.00   │ net107                │ _4501_/A2       │ met1  │
│ 2.08  │ 6140.95 │ 2956.40  │ net417                │ _5573_/A0       │ met4  │
│ 2.02  │ 806.56  │ 400.00   │ net474                │ _5859_/A0       │ met1  │
│ 2.00  │ 800.91  │ 400.00   │ _1480_                │ _4478_/A        │ met1  │
│ 1.97  │ 788.17  │ 400.00   │ _1265_                │ _6174_/S        │ met1  │
│ 1.95  │ 781.00  │ 400.00   │ _1459_                │ _4313_/B        │ met1  │
│ 1.78  │ 713.82  │ 400.00   │ net641                │ output641/A     │ met1  │
│ 1.73  │ 691.56  │ 400.00   │ _2131_                │ _5179_/A        │ met1  │
│ 1.71  │ 684.61  │ 400.00   │ _1282_                │ _5998_/A        │ met1  │
│ 1.71  │ 683.82  │ 400.00   │ net242                │ _6264_/A1       │ met1  │
│ 1.60  │ 640.08  │ 400.00   │ net584                │ output584/A     │ met1  │
│ 1.54  │ 614.89  │ 400.00   │ net468                │ _5849_/A0       │ met1  │
│ 1.54  │ 614.89  │ 400.00   │ net505                │ _5785_/A0       │ met1  │
│ 1.54  │ 614.29  │ 400.00   │ net674                │ _7238_/A        │ met1  │
│ 1.54  │ 614.29  │ 400.00   │ net674                │ output674/A     │ met1  │
│ 1.52  │ 4213.33 │ 2778.20  │ net187                │ _6373_/A_N      │ met3  │
│ 1.49  │ 4125.71 │ 2778.20  │ net552                │ _5756_/A0       │ met4  │
│ 1.47  │ 587.54  │ 400.00   │ net584                │ output584/A     │ met3  │
│ 1.47  │ 587.54  │ 400.00   │ net584                │ _6484_/B        │ met3  │
│ 1.47  │ 587.54  │ 400.00   │ net584                │ _7187_/A        │ met3  │
│ 1.39  │ 3862.86 │ 2778.20  │ net314                │ _6060_/A0       │ met3  │
│ 1.37  │ 549.96  │ 400.00   │ u_read_arbiter.r_tar… │ _3379_/B        │ met1  │
│ 1.37  │ 549.96  │ 400.00   │ u_read_arbiter.r_tar… │ _3379_/B        │ met1  │
│ 1.37  │ 549.96  │ 400.00   │ u_read_arbiter.r_tar… │ _3379_/B        │ met1  │
│ 1.35  │ 541.76  │ 400.00   │ net894                │ output894/A     │ met1  │
│ 1.34  │ 4162.44 │ 3096.80  │ net892                │ output892/A     │ met3  │
│ 1.30  │ 518.18  │ 400.00   │ net587                │ output587/A     │ met1  │
│ 1.29  │ 3993.89 │ 3096.80  │ net896                │ output896/A     │ met3  │
│ 1.27  │ 508.19  │ 400.00   │ _1483_                │ _4443_/A        │ met1  │
│ 1.25  │ 499.89  │ 400.00   │ net413                │ _5565_/A0       │ met1  │
│ 1.25  │ 499.11  │ 400.00   │ _1864_                │ _5014_/B        │ met1  │
│ 1.25  │ 499.11  │ 400.00   │ _1864_                │ _4997_/B        │ met1  │
│ 1.23  │ 3989.78 │ 3236.16  │ net468                │ _5849_/A0       │ met2  │
│ 1.22  │ 488.67  │ 400.00   │ _1282_                │ _4069_/A        │ met1  │
│ 1.20  │ 479.94  │ 400.00   │ _2643_                │ _5859_/S        │ met1  │
│ 1.18  │ 3249.52 │ 2753.36  │ net447                │ _5942_/A0       │ met4  │
│ 1.17  │ 469.16  │ 400.00   │ _1895_                │ _4939_/A        │ met1  │
│ 1.15  │ 461.56  │ 400.00   │ net264                │ _5643_/A0       │ met1  │
│ 1.15  │ 3161.90 │ 2753.36  │ net162                │ _6381_/A_N      │ met3  │
│ 1.15  │ 458.33  │ 400.00   │ aclk                  │ clkbuf_0_aclk/A │ met3  │
│ 1.12  │ 3298.22 │ 2956.40  │ net474                │ _5859_/A0       │ met2  │
│ 1.12  │ 3298.22 │ 2956.40  │ net487                │ _5884_/A0       │ met2  │
│ 1.10  │ 3568.11 │ 3236.16  │ net412                │ _5563_/A0       │ met2  │
│ 1.09  │ 3529.78 │ 3237.20  │ _1104_                │ _4042_/A        │ met1  │
│ 1.06  │ 424.78  │ 400.00   │ _1882_                │ _5147_/B        │ met1  │
│ 1.06  │ 423.52  │ 400.00   │ net734                │ _7259_/A        │ met2  │
│ 1.06  │ 423.52  │ 400.00   │ net734                │ _4947_/A1       │ met2  │
│ 1.06  │ 423.52  │ 400.00   │ net734                │ output734/A     │ met2  │
│ 1.06  │ 423.22  │ 400.00   │ _1280_                │ _6056_/S        │ met1  │
│ 1.06  │ 423.22  │ 400.00   │ net295                │ _6158_/A0       │ met1  │
│ 1.06  │ 3414.78 │ 3236.16  │ net411                │ _5561_/A0       │ met2  │
│ 1.03  │ 2870.23 │ 2778.20  │ net704                │ output704/A     │ met3  │
│ 1.03  │ 410.61  │ 400.00   │ _1886_                │ _4885_/A2       │ met1  │
│ 1.01  │ 2993.11 │ 2956.40  │ net533                │ _5552_/A0       │ met2  │
└───────┴─────────┴──────────┴───────────────────────┴─────────────────┴───────┘
