Reading OpenROAD database at '/work/openlane/runs/RUN_2026-08-28_23-34-40/19-openroad-generatepdn/axi4lite_arbiter_top.odb'…
Reading library file at '/.volare/volare/sky130/versions/bdc9412b3e468c102d01b7cf6337be06ec6e9c9a/sky130A/libs.ref/sky130_fd_sc_hd/lib/sky130_fd_sc_hd__tt_025C_1v80.lib'…
Reading design constraints file at '/work/constraints/timing.sdc'…
{*}-density 0.5 -skip_io -pad_right 0 -pad_left 0 -init_wirelength_coef 0.25
[INFO GPL-0002] DBU: 1000
[INFO GPL-0003] SiteSize: 460 2720
[INFO GPL-0004] CoreAreaLxLy: 5520 10880
[INFO GPL-0005] CoreAreaUxUy: 894240 886720
[INFO GPL-0006] NumInstances: 15704
[INFO GPL-0007] NumPlaceInstances: 4044
[INFO GPL-0008] NumFixedInstances: 11660
[INFO GPL-0009] NumDummyInstances: 0
[INFO GPL-0010] NumNets: 4605
[INFO GPL-0011] NumPins: 13388
[INFO GPL-0012] DieAreaLxLy: 0 0
[INFO GPL-0013] DieAreaUxUy: 900000 900000
[INFO GPL-0014] CoreAreaLxLy: 5520 10880
[INFO GPL-0015] CoreAreaUxUy: 894240 886720
[INFO GPL-0016] CoreArea: 778376524800
[INFO GPL-0017] NonPlaceInstsArea: 16200537600
[INFO GPL-0018] PlaceInstsArea: 39318960000
[INFO GPL-0019] Util(%): 5.16
[INFO GPL-0020] StdInstsArea: 39318960000
[INFO GPL-0021] MacroInstsArea: 0
[INFO GPL-0031] FillerInit: NumGCells: 41484
[INFO GPL-0032] FillerInit: NumGNets: 4605
[INFO GPL-0033] FillerInit: NumGPins: 13388
[INFO GPL-0023] TargetDensity: 0.50
[INFO GPL-0024] AveragePlaceInstArea: 9722789
[INFO GPL-0025] IdealBinArea: 19445578
[INFO GPL-0026] IdealBinCnt: 40028
[INFO GPL-0027] TotalBinArea: 778376524800
[INFO GPL-0028] BinCnt: 128 128
[INFO GPL-0029] BinSize: 6944 6843
[INFO GPL-0030] NumBins: 16384
[NesterovSolve] Iter: 1 overflow: 0.997481 HPWL: 9488188
[NesterovSolve] Iter: 10 overflow: 0.995064 HPWL: 5922063
[NesterovSolve] Iter: 20 overflow: 0.995064 HPWL: 5711707
[NesterovSolve] Iter: 30 overflow: 0.995064 HPWL: 5698503
[NesterovSolve] Iter: 40 overflow: 0.995064 HPWL: 5705195
[NesterovSolve] Iter: 50 overflow: 0.995064 HPWL: 5698174
[NesterovSolve] Iter: 60 overflow: 0.995064 HPWL: 5691516
[NesterovSolve] Iter: 70 overflow: 0.995064 HPWL: 5692396
[NesterovSolve] Iter: 80 overflow: 0.995064 HPWL: 5695429
[NesterovSolve] Iter: 90 overflow: 0.995064 HPWL: 5703012
[NesterovSolve] Iter: 100 overflow: 0.995064 HPWL: 5721849
[NesterovSolve] Iter: 110 overflow: 0.995043 HPWL: 5763225
[NesterovSolve] Iter: 120 overflow: 0.994549 HPWL: 5864520
[NesterovSolve] Iter: 130 overflow: 0.992099 HPWL: 6111116
[NesterovSolve] Iter: 140 overflow: 0.98764 HPWL: 6686092
[NesterovSolve] Iter: 150 overflow: 0.979606 HPWL: 7712128
[NesterovSolve] Iter: 160 overflow: 0.970058 HPWL: 9350196
[NesterovSolve] Iter: 170 overflow: 0.959349 HPWL: 11582139
[NesterovSolve] Iter: 180 overflow: 0.938992 HPWL: 14150950
[NesterovSolve] Iter: 190 overflow: 0.921882 HPWL: 16544027
[NesterovSolve] Iter: 200 overflow: 0.902809 HPWL: 18758354
[NesterovSolve] Iter: 210 overflow: 0.87966 HPWL: 20778293
[NesterovSolve] Iter: 220 overflow: 0.853782 HPWL: 22900865
[NesterovSolve] Iter: 230 overflow: 0.816931 HPWL: 26306864
[NesterovSolve] Iter: 240 overflow: 0.78533 HPWL: 29422818
[NesterovSolve] Iter: 250 overflow: 0.750839 HPWL: 31375938
[NesterovSolve] Iter: 260 overflow: 0.714704 HPWL: 34633814
[NesterovSolve] Iter: 270 overflow: 0.67366 HPWL: 36728849
[NesterovSolve] Iter: 280 overflow: 0.627041 HPWL: 39655244
[NesterovSolve] Iter: 290 overflow: 0.580765 HPWL: 41425026
[NesterovSolve] Iter: 300 overflow: 0.536526 HPWL: 43285932
[NesterovSolve] Iter: 310 overflow: 0.489504 HPWL: 44947422
[NesterovSolve] Iter: 320 overflow: 0.443462 HPWL: 46002028
[NesterovSolve] Iter: 330 overflow: 0.400626 HPWL: 47323165
[NesterovSolve] Iter: 340 overflow: 0.35936 HPWL: 48223947
[NesterovSolve] Iter: 350 overflow: 0.323944 HPWL: 48798032
[NesterovSolve] Iter: 360 overflow: 0.292632 HPWL: 49482998
[NesterovSolve] Iter: 370 overflow: 0.260932 HPWL: 50183265
[NesterovSolve] Iter: 380 overflow: 0.226554 HPWL: 50739342
[NesterovSolve] Iter: 390 overflow: 0.195466 HPWL: 51187337
[NesterovSolve] Iter: 400 overflow: 0.16679 HPWL: 51689726
[NesterovSolve] Iter: 410 overflow: 0.140239 HPWL: 52069176
[NesterovSolve] Iter: 420 overflow: 0.119011 HPWL: 52484500
[NesterovSolve] Iter: 430 overflow: 0.10292 HPWL: 53074556
[NesterovSolve] Finished with Overflow: 0.099513
[INFO] Setting RC values…
Setting global connections for newly added cells…
[INFO] Setting global connections...
Writing OpenROAD database to '/work/openlane/runs/RUN_2026-08-28_23-34-40/22-openroad-globalplacementskipio/axi4lite_arbiter_top.odb'…
Writing netlist to '/work/openlane/runs/RUN_2026-08-28_23-34-40/22-openroad-globalplacementskipio/axi4lite_arbiter_top.nl.v'…
Writing powered netlist to '/work/openlane/runs/RUN_2026-08-28_23-34-40/22-openroad-globalplacementskipio/axi4lite_arbiter_top.pnl.v'…
Writing layout to '/work/openlane/runs/RUN_2026-08-28_23-34-40/22-openroad-globalplacementskipio/axi4lite_arbiter_top.def'…
Writing timing constraints to '/work/openlane/runs/RUN_2026-08-28_23-34-40/22-openroad-globalplacementskipio/axi4lite_arbiter_top.sdc'…
