
===========================================================================
 report_power
============================================================================
======================= nom_ff_n40C_1v95 Corner ===================================

Group                    Internal    Switching      Leakage        Total
                            Power        Power        Power        Power (Watts)
------------------------------------------------------------------------
Sequential           3.715064e-03 5.103436e-04 1.016069e-08 4.225418e-03  42.6%
Combinational        3.372692e-03 2.313835e-03 3.435375e-08 5.686561e-03  57.4%
Clock                0.000000e+00 0.000000e+00 0.000000e+00 0.000000e+00   0.0%
Macro                0.000000e+00 0.000000e+00 0.000000e+00 0.000000e+00   0.0%
Pad                  0.000000e+00 0.000000e+00 0.000000e+00 0.000000e+00   0.0%
------------------------------------------------------------------------
Total                7.087767e-03 2.824186e-03 4.451437e-08 9.911997e-03 100.0%
                            71.5%        28.5%         0.0%

