
===========================================================================
Violator List
============================================================================
[hold in-reg] s_axi_wvalid[0] -> _6979_/D : -0.068640
[hold in-reg] s_axi_wvalid[0] -> _6982_/D : -0.067611
[hold in-reg] s_axi_wvalid[0] -> _6984_/D : -0.048695
[hold in-reg] s_axi_wvalid[1] -> _6948_/D : -0.047577
[hold in-reg] s_axi_wvalid[0] -> _6978_/D : -0.038225
[hold in-reg] s_axi_wvalid[0] -> _6983_/D : -0.036448
[hold in-reg] s_axi_wvalid[1] -> _6951_/D : -0.035694
[hold in-reg] s_axi_wvalid[1] -> _6946_/D : -0.035521
[hold in-reg] s_axi_wvalid[1] -> _6952_/D : -0.028423
[hold in-reg] s_axi_araddr[24] -> _7173_/D : -0.016829
[hold in-reg] s_axi_araddr[90] -> _7175_/D : -0.006921
[hold in-reg] cfg_weight_m2[1] -> _6696_/D : -0.006874
[hold in-reg] s_axi_awvalid[1] -> _7053_/D : -0.004658
[setup reg-out] _7183_/Q -> s_axi_rdata[61] : -0.360793
[setup reg-out] _7183_/Q -> s_axi_rdata[24] : -0.132256
[setup reg-out] _7183_/Q -> s_axi_rdata[121] : -0.092555
[setup reg-out] _7183_/Q -> s_axi_rdata[25] : -0.063014
[setup reg-out] _7183_/Q -> s_axi_rdata[57] : -0.062955
[setup reg-out] _7183_/Q -> s_axi_rdata[89] : -0.059902
[setup reg-out] _7183_/Q -> s_axi_rdata[116] : -0.025323
[setup reg-out] _7183_/Q -> s_axi_rdata[21] : -0.021023
[setup reg-out] _7183_/Q -> s_axi_rdata[20] : -0.018242
[setup reg-out] _7183_/Q -> s_axi_rdata[117] : -0.012466
[setup reg-out] _7183_/Q -> s_axi_rdata[53] : -0.011287
[setup reg-out] _7183_/Q -> s_axi_rdata[52] : -0.002523
[setup reg-out] _7183_/Q -> s_axi_rdata[71] : -0.002243
