
===========================================================================
 report_power
============================================================================
======================= max_tt_025C_1v80 Corner ===================================

Group                    Internal    Switching      Leakage        Total
                            Power        Power        Power        Power (Watts)
------------------------------------------------------------------------
Sequential           3.095041e-03 1.026581e-03 6.273851e-09 4.121629e-03  30.2%
Combinational        2.833235e-03 4.640489e-03 1.411856e-08 7.473738e-03  54.8%
Clock                9.772094e-04 1.068598e-03 4.287403e-08 2.045851e-03  15.0%
Macro                0.000000e+00 0.000000e+00 0.000000e+00 0.000000e+00   0.0%
Pad                  0.000000e+00 0.000000e+00 0.000000e+00 0.000000e+00   0.0%
------------------------------------------------------------------------
Total                6.905500e-03 6.735670e-03 6.326487e-08 1.364123e-02 100.0%
                            50.6%        49.4%         0.0%

