
===========================================================================
report_checks -unconstrained
===========================================================================
======================= max_ss_100C_1v60 Corner ===================================

Startpoint: _6748_ (rising edge-triggered flip-flop clocked by aclk)
Endpoint: _6649_ (rising edge-triggered flip-flop clocked by aclk)
Path Group: aclk
Path Type: max

Fanout         Cap        Slew       Delay        Time   Description
---------------------------------------------------------------------------------------------
                                  0.000000    0.000000   clock aclk (rise edge)
                                  0.000000    0.000000   clock source latency
     1    0.095985    0.000000    0.000000    0.000000 ^ aclk (in)
                                                         aclk (net)
                      0.050153    0.025076    0.025076 ^ clkbuf_0_aclk/A (sky130_fd_sc_hd__clkbuf_16)
     5    0.140584    0.234939    0.340611    0.365687 ^ clkbuf_0_aclk/X (sky130_fd_sc_hd__clkbuf_16)
                                                         clknet_0_aclk (net)
                      0.237002    0.017772    0.383459 ^ clkbuf_2_0_0_aclk/A (sky130_fd_sc_hd__clkbuf_8)
     2    0.050194    0.155122    0.368701    0.752161 ^ clkbuf_2_0_0_aclk/X (sky130_fd_sc_hd__clkbuf_8)
                                                         clknet_2_0_0_aclk (net)
                      0.156083    0.009047    0.761208 ^ clkbuf_3_1__f_aclk/A (sky130_fd_sc_hd__clkbuf_16)
    15    0.186705    0.299476    0.430543    1.191751 ^ clkbuf_3_1__f_aclk/X (sky130_fd_sc_hd__clkbuf_16)
                                                         clknet_3_1__leaf_aclk (net)
                      0.307660    0.039183    1.230935 ^ clkbuf_leaf_82_aclk/A (sky130_fd_sc_hd__clkbuf_8)
     6    0.019627    0.084287    0.340422    1.571356 ^ clkbuf_leaf_82_aclk/X (sky130_fd_sc_hd__clkbuf_8)
                                                         clknet_leaf_82_aclk (net)
                      0.084290    0.000604    1.571961 ^ _6748_/CLK (sky130_fd_sc_hd__dfrtp_4)
     5    0.032832    0.182276    1.094425    2.666385 v _6748_/Q (sky130_fd_sc_hd__dfrtp_4)
                                                         u_write_arbiter.w_state[0] (net)
                      0.182292    0.002141    2.668526 v _3335_/A (sky130_fd_sc_hd__nor2_8)
     6    0.117183    0.681090    0.619575    3.288101 ^ _3335_/Y (sky130_fd_sc_hd__nor2_8)
                                                         _0617_ (net)
                      0.686041    0.047197    3.335298 ^ _3346_/A (sky130_fd_sc_hd__nor2_4)
     3    0.042361    0.201983    0.354585    3.689883 v _3346_/Y (sky130_fd_sc_hd__nor2_4)
                                                         _0626_ (net)
                      0.201988    0.001401    3.691284 v _3875_/C (sky130_fd_sc_hd__nor3_4)
     2    0.084226    1.371488    1.106468    4.797752 ^ _3875_/Y (sky130_fd_sc_hd__nor3_4)
                                                         _1132_ (net)
                      1.372399    0.029370    4.827122 ^ _3876_/A (sky130_fd_sc_hd__buf_2)
    10    0.045724    0.364367    0.820969    5.648090 ^ _3876_/X (sky130_fd_sc_hd__buf_2)
                                                         _1133_ (net)
                      0.364400    0.003634    5.651725 ^ _4758_/C (sky130_fd_sc_hd__nand3_1)
     4    0.014857    0.390938    0.470878    6.122603 v _4758_/Y (sky130_fd_sc_hd__nand3_1)
                                                         _1782_ (net)
                      0.390938    0.001571    6.124174 v _4763_/B (sky130_fd_sc_hd__nor2_1)
     3    0.009984    0.339962    0.420682    6.544856 ^ _4763_/Y (sky130_fd_sc_hd__nor2_1)
                                                         _1787_ (net)
                      0.339962    0.000880    6.545736 ^ _4797_/A_N (sky130_fd_sc_hd__nand3b_2)
     2    0.015961    0.190299    0.385175    6.930910 ^ _4797_/Y (sky130_fd_sc_hd__nand3b_2)
                                                         _1821_ (net)
                      0.190305    0.001221    6.932131 ^ _4798_/C (sky130_fd_sc_hd__nand3_4)
     7    0.119122    0.811831    0.687142    7.619274 v _4798_/Y (sky130_fd_sc_hd__nand3_4)
                                                         _1822_ (net)
                      0.817689    0.056223    7.675497 v _4799_/A (sky130_fd_sc_hd__nand2_4)
     4    0.048829    0.329122    0.537618    8.213115 ^ _4799_/Y (sky130_fd_sc_hd__nand2_4)
                                                         _1823_ (net)
                      0.329165    0.003886    8.217001 ^ _4800_/A (sky130_fd_sc_hd__clkinv_8)
     4    0.143891    0.294411    0.315542    8.532543 v _4800_/Y (sky130_fd_sc_hd__clkinv_8)
                                                         _1824_ (net)
                      0.294640    0.006858    8.539400 v _4801_/A (sky130_fd_sc_hd__clkbuf_16)
    12    0.209526    0.230441    0.502255    9.041656 v _4801_/X (sky130_fd_sc_hd__clkbuf_16)
                                                         _1825_ (net)
                      0.241799    0.039842    9.081497 v _4802_/A (sky130_fd_sc_hd__buf_12)
    12    0.247548    0.212791    0.424455    9.505953 v _4802_/X (sky130_fd_sc_hd__buf_12)
                                                         _1826_ (net)
                      0.233617    0.050398    9.556351 v _4844_/B (sky130_fd_sc_hd__or2_1)
     1    0.013566    0.187327    0.637353   10.193704 v _4844_/X (sky130_fd_sc_hd__or2_1)
                                                         _1867_ (net)
                      0.187337    0.001510   10.195214 v _4846_/A1 (sky130_fd_sc_hd__a31o_1)
     1    0.025594    0.245534    0.535928   10.731142 v _4846_/X (sky130_fd_sc_hd__a31o_1)
                                                         _1869_ (net)
                      0.245607    0.004064   10.735206 v _4847_/B2 (sky130_fd_sc_hd__o22a_1)
     1    0.002609    0.081438    0.374926   11.110132 v _4847_/X (sky130_fd_sc_hd__o22a_1)
                                                         _0094_ (net)
                      0.081438    0.000171   11.110302 v _6649_/D (sky130_fd_sc_hd__dfrtp_1)
                                             11.110302   data arrival time

                                 12.000000   12.000000   clock aclk (rise edge)
                                  0.000000   12.000000   clock source latency
     1    0.095985    0.000000    0.000000   12.000000 ^ aclk (in)
                                                         aclk (net)
                      0.050153    0.025076   12.025076 ^ clkbuf_0_aclk/A (sky130_fd_sc_hd__clkbuf_16)
     5    0.140584    0.234939    0.340611   12.365686 ^ clkbuf_0_aclk/X (sky130_fd_sc_hd__clkbuf_16)
                                                         clknet_0_aclk (net)
                      0.237002    0.017772   12.383459 ^ clkbuf_2_0_0_aclk/A (sky130_fd_sc_hd__clkbuf_8)
     2    0.050194    0.155122    0.368702   12.752161 ^ clkbuf_2_0_0_aclk/X (sky130_fd_sc_hd__clkbuf_8)
                                                         clknet_2_0_0_aclk (net)
                      0.156128    0.009284   12.761445 ^ clkbuf_3_0__f_aclk/A (sky130_fd_sc_hd__clkbuf_16)
    16    0.210064    0.332706    0.456353   13.217798 ^ clkbuf_3_0__f_aclk/X (sky130_fd_sc_hd__clkbuf_16)
                                                         clknet_3_0__leaf_aclk (net)
                      0.339166    0.036918   13.254716 ^ _6649_/CLK (sky130_fd_sc_hd__dfrtp_1)
                                 -0.300000   12.954716   clock uncertainty
                                  0.000000   12.954716   clock reconvergence pessimism
                                 -0.209580   12.745136   library setup time
                                             12.745136   data required time
---------------------------------------------------------------------------------------------
                                             12.745136   data required time
                                            -11.110302   data arrival time
---------------------------------------------------------------------------------------------
                                              1.634834   slack (MET)




===========================================================================
report_checks --slack_max -0.01
============================================================================
======================= max_ss_100C_1v60 Corner ===================================

No paths found.


===========================================================================
 report_check_types -max_slew -max_cap -max_fanout -violators
============================================================================
======================= max_ss_100C_1v60 Corner ===================================

max slew

Pin                                        Limit        Slew       Slack
------------------------------------------------------------------------
_4412_/A                                1.500000    2.155956   -0.655956 (VIOLATED)
_4448_/A                                1.500000    2.155901   -0.655901 (VIOLATED)
ANTENNA_45/DIODE                        1.500000    2.155899   -0.655899 (VIOLATED)
_4371_/Y                                1.497941    2.153739   -0.655798 (VIOLATED)
_4484_/A                                1.500000    2.155731   -0.655731 (VIOLATED)
ANTENNA_44/DIODE                        1.500000    2.155728   -0.655728 (VIOLATED)
_4372_/A                                1.500000    2.155720   -0.655720 (VIOLATED)
ANTENNA_43/DIODE                        1.500000    2.155718   -0.655718 (VIOLATED)
_4296_/A                                1.500000    2.144376   -0.644376 (VIOLATED)
_4422_/A                                1.500000    2.144356   -0.644356 (VIOLATED)
ANTENNA_12/DIODE                        1.500000    2.144351   -0.644351 (VIOLATED)
_4295_/Y                                1.497941    2.141072   -0.643131 (VIOLATED)
_4386_/A                                1.500000    2.141183   -0.641183 (VIOLATED)
_4458_/A                                1.500000    2.141181   -0.641181 (VIOLATED)
_4418_/A                                1.500000    2.133873   -0.633873 (VIOLATED)
_4454_/A                                1.500000    2.133683   -0.633684 (VIOLATED)
ANTENNA_7/DIODE                         1.500000    2.133679   -0.633679 (VIOLATED)
_4283_/Y                                1.497941    2.129918   -0.631977 (VIOLATED)
_4382_/A                                1.500000    2.131630   -0.631630 (VIOLATED)
_4284_/A                                1.500000    2.131503   -0.631503 (VIOLATED)
ANTENNA_8/DIODE                         1.500000    2.131501   -0.631501 (VIOLATED)
_4419_/A                                1.500000    2.117773   -0.617773 (VIOLATED)
_4455_/A                                1.500000    2.117614   -0.617614 (VIOLATED)
ANTENNA_9/DIODE                         1.500000    2.117610   -0.617610 (VIOLATED)
_4286_/Y                                1.497941    2.115365   -0.617424 (VIOLATED)
_4287_/A                                1.500000    2.116243   -0.616243 (VIOLATED)
_4383_/A                                1.500000    2.116205   -0.616206 (VIOLATED)
ANTENNA_10/DIODE                        1.500000    2.116204   -0.616204 (VIOLATED)
_4409_/A                                1.500000    2.106764   -0.606764 (VIOLATED)
_4481_/A                                1.500000    2.106725   -0.606726 (VIOLATED)
_4445_/A                                1.500000    2.106687   -0.606687 (VIOLATED)
ANTENNA_40/DIODE                        1.500000    2.106682   -0.606682 (VIOLATED)
_4362_/Y                                1.497941    2.104599   -0.606658 (VIOLATED)
_4363_/A                                1.500000    2.106573   -0.606573 (VIOLATED)
ANTENNA_477/DIODE                       1.500000    2.106570   -0.606569 (VIOLATED)
_4450_/A                                1.500000    2.086735   -0.586735 (VIOLATED)
_4414_/A                                1.500000    2.086734   -0.586734 (VIOLATED)
ANTENNA_47/DIODE                        1.500000    2.086731   -0.586731 (VIOLATED)
ANTENNA_46/DIODE                        1.500000    2.086729   -0.586729 (VIOLATED)
_4377_/Y                                1.497941    2.083729   -0.585788 (VIOLATED)
_4378_/A                                1.500000    2.084014   -0.584014 (VIOLATED)
_4486_/A                                1.500000    2.084001   -0.584001 (VIOLATED)
_4302_/A                                1.500000    2.053097   -0.553096 (VIOLATED)
ANTENNA_470/DIODE                       1.500000    2.053092   -0.553092 (VIOLATED)
_4424_/A                                1.500000    2.052990   -0.552990 (VIOLATED)
ANTENNA_474/DIODE                       1.500000    2.052950   -0.552950 (VIOLATED)
ANTENNA_472/DIODE                       1.500000    2.052948   -0.552949 (VIOLATED)
_4301_/Y                                1.497941    2.048925   -0.550984 (VIOLATED)
ANTENNA_471/DIODE                       1.500000    2.049017   -0.549017 (VIOLATED)
_4388_/A                                1.500000    2.049017   -0.549017 (VIOLATED)
_4460_/A                                1.500000    2.049016   -0.549016 (VIOLATED)
ANTENNA_473/DIODE                       1.500000    2.049015   -0.549015 (VIOLATED)
_4308_/A                                1.500000    1.981179   -0.481179 (VIOLATED)
_4426_/A                                1.500000    1.981118   -0.481118 (VIOLATED)
ANTENNA_475/DIODE                       1.500000    1.981115   -0.481115 (VIOLATED)
_4307_/Y                                1.497941    1.978807   -0.480866 (VIOLATED)
_4390_/A                                1.500000    1.979129   -0.479129 (VIOLATED)
_4462_/A                                1.500000    1.979095   -0.479095 (VIOLATED)
ANTENNA_14/DIODE                        1.500000    1.979095   -0.479095 (VIOLATED)
_4477_/A                                1.500000    1.957994   -0.457994 (VIOLATED)
_4351_/A                                1.500000    1.957764   -0.457764 (VIOLATED)
_4405_/A                                1.500000    1.957484   -0.457484 (VIOLATED)
ANTENNA_32/DIODE                        1.500000    1.957481   -0.457481 (VIOLATED)
_4350_/Y                                1.497941    1.955054   -0.457113 (VIOLATED)
_4441_/A                                1.500000    1.955940   -0.455940 (VIOLATED)
ANTENNA_33/DIODE                        1.500000    1.955938   -0.455938 (VIOLATED)
_4440_/A                                1.500000    1.954361   -0.454361 (VIOLATED)
ANTENNA_476/DIODE                       1.500000    1.954355   -0.454355 (VIOLATED)
_4347_/Y                                1.497941    1.952030   -0.454089 (VIOLATED)
_4404_/A                                1.500000    1.953626   -0.453626 (VIOLATED)
_4348_/A                                1.500000    1.953601   -0.453601 (VIOLATED)
_4476_/A                                1.500000    1.953339   -0.453339 (VIOLATED)
ANTENNA_25/DIODE                        1.500000    1.953337   -0.453337 (VIOLATED)
ANTENNA_27/DIODE                        1.500000    1.953337   -0.453337 (VIOLATED)
ANTENNA_31/DIODE                        1.500000    1.953337   -0.453337 (VIOLATED)
ANTENNA_26/DIODE                        1.500000    1.953336   -0.453336 (VIOLATED)
ANTENNA_30/DIODE                        1.500000    1.953336   -0.453336 (VIOLATED)
ANTENNA_28/DIODE                        1.500000    1.952050   -0.452050 (VIOLATED)
ANTENNA_23/DIODE                        1.500000    1.952049   -0.452049 (VIOLATED)
ANTENNA_24/DIODE                        1.500000    1.952042   -0.452042 (VIOLATED)
ANTENNA_29/DIODE                        1.500000    1.952042   -0.452042 (VIOLATED)
_4354_/A                                1.500000    1.938670   -0.438670 (VIOLATED)
_4406_/A                                1.500000    1.938605   -0.438605 (VIOLATED)
_4478_/A                                1.500000    1.938534   -0.438534 (VIOLATED)
ANTENNA_35/DIODE                        1.500000    1.938532   -0.438532 (VIOLATED)
_4442_/A                                1.500000    1.938250   -0.438250 (VIOLATED)
ANTENNA_34/DIODE                        1.500000    1.938246   -0.438247 (VIOLATED)
_4353_/Y                                1.497941    1.936170   -0.438228 (VIOLATED)
_4374_/Y                                1.497941    1.917843   -0.419902 (VIOLATED)
_4449_/A                                1.500000    1.918735   -0.418735 (VIOLATED)
_4413_/A                                1.500000    1.918732   -0.418732 (VIOLATED)
_4485_/A                                1.500000    1.918154   -0.418154 (VIOLATED)
_4375_/A                                1.500000    1.918068   -0.418068 (VIOLATED)
_4423_/A                                1.500000    1.883499   -0.383499 (VIOLATED)
_4444_/A                                1.500000    1.883497   -0.383497 (VIOLATED)
ANTENNA_39/DIODE                        1.500000    1.883420   -0.383420 (VIOLATED)
_4408_/A                                1.500000    1.883388   -0.383388 (VIOLATED)
_4299_/A                                1.500000    1.883370   -0.383370 (VIOLATED)
_4359_/Y                                1.497941    1.881240   -0.383299 (VIOLATED)
_4425_/A                                1.500000    1.883264   -0.383264 (VIOLATED)
_4305_/A                                1.500000    1.883246   -0.383246 (VIOLATED)
ANTENNA_13/DIODE                        1.500000    1.883241   -0.383241 (VIOLATED)
_4480_/A                                1.500000    1.883132   -0.383132 (VIOLATED)
ANTENNA_38/DIODE                        1.500000    1.883096   -0.383096 (VIOLATED)
_4360_/A                                1.500000    1.883081   -0.383081 (VIOLATED)
_4298_/Y                                1.497941    1.880566   -0.382625 (VIOLATED)
_4304_/Y                                1.497941    1.880316   -0.382374 (VIOLATED)
_4387_/A                                1.500000    1.880691   -0.380691 (VIOLATED)
_4459_/A                                1.500000    1.880684   -0.380684 (VIOLATED)
_4389_/A                                1.500000    1.880419   -0.380419 (VIOLATED)
_4461_/A                                1.500000    1.880417   -0.380417 (VIOLATED)
_4446_/A                                1.500000    1.846967   -0.346967 (VIOLATED)
_4410_/A                                1.500000    1.846899   -0.346899 (VIOLATED)
_4366_/A                                1.500000    1.845291   -0.345291 (VIOLATED)
ANTENNA_41/DIODE                        1.500000    1.845037   -0.345037 (VIOLATED)
_4482_/A                                1.500000    1.845034   -0.345034 (VIOLATED)
_4365_/Y                                1.497941    1.842629   -0.344688 (VIOLATED)
_4411_/A                                1.500000    1.798601   -0.298601 (VIOLATED)
_4447_/A                                1.500000    1.798589   -0.298589 (VIOLATED)
ANTENNA_42/DIODE                        1.500000    1.798585   -0.298586 (VIOLATED)
_4368_/Y                                1.497941    1.796322   -0.298381 (VIOLATED)
_4278_/Y                                1.497941    1.796304   -0.298363 (VIOLATED)
_4453_/A                                1.500000    1.798109   -0.298109 (VIOLATED)
_4417_/A                                1.500000    1.798076   -0.298076 (VIOLATED)
ANTENNA_5/DIODE                         1.500000    1.798053   -0.298053 (VIOLATED)
_4281_/A                                1.500000    1.797601   -0.297601 (VIOLATED)
_4381_/A                                1.500000    1.797593   -0.297593 (VIOLATED)
ANTENNA_4/DIODE                         1.500000    1.797592   -0.297592 (VIOLATED)
_4483_/A                                1.500000    1.797131   -0.297131 (VIOLATED)
_4369_/A                                1.500000    1.797004   -0.297004 (VIOLATED)
_4471_/A                                1.500000    1.783068   -0.283068 (VIOLATED)
_4399_/A                                1.500000    1.782987   -0.282988 (VIOLATED)
_4333_/Y                                1.497941    1.780838   -0.282898 (VIOLATED)
_4334_/A                                1.500000    1.782573   -0.282573 (VIOLATED)
ANTENNA_19/DIODE                        1.500000    1.782571   -0.282571 (VIOLATED)
_4435_/A                                1.500000    1.781791   -0.281791 (VIOLATED)
_4324_/Y                                1.497941    1.775889   -0.277948 (VIOLATED)
_4432_/A                                1.500000    1.776317   -0.276318 (VIOLATED)
_4468_/A                                1.500000    1.776170   -0.276170 (VIOLATED)
_4396_/A                                1.500000    1.776156   -0.276156 (VIOLATED)
_4325_/A                                1.500000    1.776037   -0.276037 (VIOLATED)
_4356_/Y                                1.497941    1.766593   -0.268651 (VIOLATED)
_4479_/A                                1.500000    1.768556   -0.268556 (VIOLATED)
_4357_/A                                1.500000    1.768388   -0.268388 (VIOLATED)
ANTENNA_36/DIODE                        1.500000    1.768244   -0.268244 (VIOLATED)
_4407_/A                                1.500000    1.768243   -0.268243 (VIOLATED)
_4443_/A                                1.500000    1.767764   -0.267764 (VIOLATED)
ANTENNA_37/DIODE                        1.500000    1.767761   -0.267761 (VIOLATED)
_4321_/Y                                1.497941    1.717456   -0.219515 (VIOLATED)
_4397_/A                                1.500000    1.719284   -0.219284 (VIOLATED)
_4328_/A                                1.500000    1.719253   -0.219253 (VIOLATED)
ANTENNA_17/DIODE                        1.500000    1.719027   -0.219027 (VIOLATED)
_4469_/A                                1.500000    1.719026   -0.219026 (VIOLATED)
_4322_/A                                1.500000    1.718940   -0.218940 (VIOLATED)
_4395_/A                                1.500000    1.718795   -0.218795 (VIOLATED)
_4467_/A                                1.500000    1.718726   -0.218726 (VIOLATED)
ANTENNA_16/DIODE                        1.500000    1.718721   -0.218721 (VIOLATED)
_4433_/A                                1.500000    1.718073   -0.218074 (VIOLATED)
_4327_/Y                                1.497941    1.715935   -0.217994 (VIOLATED)
_4431_/A                                1.500000    1.717870   -0.217870 (VIOLATED)
_4392_/A                                1.500000    1.705766   -0.205766 (VIOLATED)
_4464_/A                                1.500000    1.705525   -0.205525 (VIOLATED)
_4313_/A                                1.500000    1.705231   -0.205231 (VIOLATED)
ANTENNA_15/DIODE                        1.500000    1.705228   -0.205228 (VIOLATED)
_4311_/Y                                1.497941    1.702617   -0.204676 (VIOLATED)
_4428_/A                                1.500000    1.703411   -0.203411 (VIOLATED)
_4345_/A                                1.500000    1.699212   -0.199212 (VIOLATED)
_4475_/A                                1.500000    1.699175   -0.199175 (VIOLATED)
_4439_/A                                1.500000    1.699144   -0.199144 (VIOLATED)
ANTENNA_22/DIODE                        1.500000    1.699140   -0.199140 (VIOLATED)
ANTENNA_21/DIODE                        1.500000    1.699108   -0.199108 (VIOLATED)
_4403_/A                                1.500000    1.699075   -0.199075 (VIOLATED)
_4456_/A                                1.500000    1.699058   -0.199058 (VIOLATED)
_4420_/A                                1.500000    1.699057   -0.199057 (VIOLATED)
ANTENNA_469/DIODE                       1.500000    1.699055   -0.199055 (VIOLATED)
ANTENNA_468/DIODE                       1.500000    1.699053   -0.199053 (VIOLATED)
_4343_/Y                                1.497941    1.696792   -0.198851 (VIOLATED)
_4289_/Y                                1.497941    1.695845   -0.197904 (VIOLATED)
_4384_/A                                1.500000    1.695982   -0.195982 (VIOLATED)
_4290_/A                                1.500000    1.695982   -0.195982 (VIOLATED)
_4292_/Y                                1.497941    1.673061   -0.175120 (VIOLATED)
_4421_/A                                1.500000    1.674399   -0.174399 (VIOLATED)
ANTENNA_11/DIODE                        1.500000    1.674396   -0.174396 (VIOLATED)
_4293_/A                                1.500000    1.673441   -0.173441 (VIOLATED)
_4457_/A                                1.500000    1.673430   -0.173430 (VIOLATED)
_4385_/A                                1.500000    1.673419   -0.173419 (VIOLATED)
_4331_/A                                1.500000    1.604363   -0.104363 (VIOLATED)
_4470_/A                                1.500000    1.604253   -0.104253 (VIOLATED)
_4330_/Y                                1.497941    1.601639   -0.103698 (VIOLATED)
_4398_/A                                1.500000    1.603616   -0.103616 (VIOLATED)
ANTENNA_18/DIODE                        1.500000    1.603614   -0.103614 (VIOLATED)
_4434_/A                                1.500000    1.602246   -0.102246 (VIOLATED)
_4465_/A                                1.500000    1.596928   -0.096928 (VIOLATED)
_4393_/A                                1.500000    1.596846   -0.096846 (VIOLATED)
_4316_/A                                1.500000    1.596800   -0.096800 (VIOLATED)
_4429_/A                                1.500000    1.593773   -0.093773 (VIOLATED)
_4315_/Y                                1.497941    1.590999   -0.093058 (VIOLATED)
_4337_/A                                1.500000    1.530342   -0.030342 (VIOLATED)
_4400_/A                                1.500000    1.530267   -0.030267 (VIOLATED)
ANTENNA_20/DIODE                        1.500000    1.529760   -0.029760 (VIOLATED)
_4472_/A                                1.500000    1.529752   -0.029752 (VIOLATED)
_4336_/Y                                1.497941    1.526805   -0.028864 (VIOLATED)
_4436_/A                                1.500000    1.527761   -0.027761 (VIOLATED)
_4339_/Y                                1.497941    1.517689   -0.019748 (VIOLATED)
_4437_/A                                1.500000    1.518789   -0.018789 (VIOLATED)
_4401_/A                                1.500000    1.518593   -0.018593 (VIOLATED)
_4473_/A                                1.500000    1.518506   -0.018506 (VIOLATED)
_4340_/A                                1.500000    1.518330   -0.018330 (VIOLATED)

max capacitance

Pin                                        Limit         Cap       Slack
------------------------------------------------------------------------
_4371_/Y                                0.137339    0.205056   -0.067717 (VIOLATED)
_4295_/Y                                0.137339    0.203841   -0.066502 (VIOLATED)
_4283_/Y                                0.137339    0.202656   -0.065317 (VIOLATED)
_4286_/Y                                0.137339    0.201275   -0.063936 (VIOLATED)
_4362_/Y                                0.137339    0.200176   -0.062837 (VIOLATED)
_4377_/Y                                0.137339    0.198152   -0.060813 (VIOLATED)
_4301_/Y                                0.137339    0.194671   -0.057332 (VIOLATED)
_4307_/Y                                0.137339    0.187723   -0.050384 (VIOLATED)
_4350_/Y                                0.137339    0.185333   -0.047994 (VIOLATED)
_4347_/Y                                0.137339    0.185034   -0.047695 (VIOLATED)
_4353_/Y                                0.137339    0.183443   -0.046104 (VIOLATED)
_4374_/Y                                0.137339    0.180924   -0.043585 (VIOLATED)
_4359_/Y                                0.137339    0.177996   -0.040657 (VIOLATED)
_4298_/Y                                0.137339    0.177967   -0.040628 (VIOLATED)
_4304_/Y                                0.137339    0.177950   -0.040611 (VIOLATED)
_4365_/Y                                0.137339    0.172967   -0.035628 (VIOLATED)
_4278_/Y                                0.137339    0.169580   -0.032241 (VIOLATED)
_4368_/Y                                0.137339    0.169575   -0.032236 (VIOLATED)
_4333_/Y                                0.137339    0.168028   -0.030689 (VIOLATED)
_4324_/Y                                0.137339    0.167003   -0.029664 (VIOLATED)
_4356_/Y                                0.137339    0.166627   -0.029288 (VIOLATED)
_4321_/Y                                0.137339    0.160996   -0.023657 (VIOLATED)
_4327_/Y                                0.137339    0.160483   -0.023144 (VIOLATED)
_4311_/Y                                0.137339    0.160247   -0.022908 (VIOLATED)
_4343_/Y                                0.137339    0.159661   -0.022322 (VIOLATED)
_4289_/Y                                0.137339    0.159613   -0.022274 (VIOLATED)
_4292_/Y                                0.137339    0.156674   -0.019335 (VIOLATED)
_4330_/Y                                0.137339    0.150091   -0.012752 (VIOLATED)
_4315_/Y                                0.137339    0.147621   -0.010282 (VIOLATED)
_4339_/Y                                0.137339    0.141694   -0.004355 (VIOLATED)
_4336_/Y                                0.137339    0.141694   -0.004355 (VIOLATED)



===========================================================================
report_parasitic_annotation -report_unannotated
============================================================================
Found 5 unannotated drivers.
 cfg_weight_m0[0]
 cfg_weight_m0[1]
 cfg_weight_m0[2]
 cfg_weight_m0[3]
 _6631__949/HI
Found 0 partially unannotated drivers.

===========================================================================
max slew violation count 208
max fanout violation count 0
max cap violation count 31
============================================================================

===========================================================================
check_setup -verbose -unconstrained_endpoints -multiple_clock -no_clock -no_input_delay -loops -generated_clocks
===========================================================================
Warning: There is 1 input port missing set_input_delay.
  aresetn
Warning: There is 1 unconstrained endpoint.
  _6631_/D
