
===========================================================================
report_checks -unconstrained
===========================================================================
======================= min_ss_100C_1v60 Corner ===================================

Startpoint: _7183_ (rising edge-triggered flip-flop clocked by aclk)
Endpoint: s_axi_rdata[61] (output port clocked by aclk)
Path Group: aclk
Path Type: max

Fanout         Cap        Slew       Delay        Time   Description
---------------------------------------------------------------------------------------------
                                  0.000000    0.000000   clock aclk (rise edge)
                                  0.000000    0.000000   clock source latency
     3    0.092903    0.000000    0.000000    0.000000 ^ aclk (in)
                                                         aclk (net)
                      0.031423    0.015712    0.015712 ^ clkbuf_0_aclk/A (sky130_fd_sc_hd__clkbuf_16)
     4    0.122631    0.208757    0.319254    0.334966 ^ clkbuf_0_aclk/X (sky130_fd_sc_hd__clkbuf_16)
                                                         clknet_0_aclk (net)
                      0.209462    0.009787    0.344753 ^ clkbuf_2_3_0_aclk/A (sky130_fd_sc_hd__clkbuf_8)
     2    0.040276    0.130299    0.340997    0.685749 ^ clkbuf_2_3_0_aclk/X (sky130_fd_sc_hd__clkbuf_8)
                                                         clknet_2_3_0_aclk (net)
                      0.130434    0.003760    0.689509 ^ clkbuf_3_7__f_aclk/A (sky130_fd_sc_hd__clkbuf_16)
    15    0.174319    0.283861    0.416089    1.105598 ^ clkbuf_3_7__f_aclk/X (sky130_fd_sc_hd__clkbuf_16)
                                                         clknet_3_7__leaf_aclk (net)
                      0.284052    0.006192    1.111791 ^ clkbuf_leaf_48_aclk/A (sky130_fd_sc_hd__clkbuf_8)
     7    0.020231    0.085203    0.332293    1.444084 ^ clkbuf_leaf_48_aclk/X (sky130_fd_sc_hd__clkbuf_8)
                                                         clknet_leaf_48_aclk (net)
                      0.085203    0.000079    1.444163 ^ _7183_/CLK (sky130_fd_sc_hd__dfrtp_4)
    40    0.257232    1.129676    1.569484    3.013648 ^ _7183_/Q (sky130_fd_sc_hd__dfrtp_4)
                                                         u_read_arbiter.r_target_slave[0] (net)
                      1.133198    0.052819    3.066466 ^ _3378_/A (sky130_fd_sc_hd__inv_6)
    10    0.126767    0.346812    0.560218    3.626684 v _3378_/Y (sky130_fd_sc_hd__inv_6)
                                                         _0633_ (net)
                      0.347217    0.008744    3.635428 v _4355_/A (sky130_fd_sc_hd__buf_8)
    10    0.101810    0.138529    0.432725    4.068152 v _4355_/X (sky130_fd_sc_hd__buf_8)
                                                         _1500_ (net)
                      0.138583    0.002783    4.070936 v _4385_/A1 (sky130_fd_sc_hd__o21ai_4)
     4    0.167829    1.792480    1.419622    5.490558 ^ _4385_/Y (sky130_fd_sc_hd__o21ai_4)
                                                         _1521_ (net)
                      1.797824    0.080649    5.571206 ^ _4426_/A (sky130_fd_sc_hd__nor2_1)
     1    0.021241    0.480980    0.820830    6.392036 v _4426_/Y (sky130_fd_sc_hd__nor2_1)
                                                         net884 (net)
                      0.480981    0.001704    6.393740 v output884/A (sky130_fd_sc_hd__buf_1)
     1    0.000473    0.035077    0.294420    6.688160 v output884/X (sky130_fd_sc_hd__buf_1)
                                                         s_axi_rdata[61] (net)
                      0.035077    0.000001    6.688162 v s_axi_rdata[61] (out)
                                              6.688162   data arrival time

                                 10.000000   10.000000   clock aclk (rise edge)
                                  0.000000   10.000000   clock network delay (propagated)
                                 -0.300000    9.700000   clock uncertainty
                                  0.000000    9.700000   clock reconvergence pessimism
                                 -3.000000    6.700000   output external delay
                                              6.700000   data required time
---------------------------------------------------------------------------------------------
                                              6.700000   data required time
                                             -6.688162   data arrival time
---------------------------------------------------------------------------------------------
                                              0.011839   slack (MET)




===========================================================================
report_checks --slack_max -0.01
============================================================================
======================= min_ss_100C_1v60 Corner ===================================

No paths found.


===========================================================================
 report_check_types -max_slew -max_cap -max_fanout -violators
============================================================================
======================= min_ss_100C_1v60 Corner ===================================

max slew

Pin                                        Limit        Slew       Slack
------------------------------------------------------------------------
_4494_/A                                1.500000    2.072660   -0.572661 (VIOLATED)
_4422_/A                                1.500000    2.072646   -0.572646 (VIOLATED)
_4374_/A                                1.500000    2.072557   -0.572557 (VIOLATED)
_4458_/A                                1.500000    2.071519   -0.571519 (VIOLATED)
ANTENNA_21/DIODE                        1.500000    2.071518   -0.571518 (VIOLATED)
_4373_/Y                                1.497941    2.068176   -0.570235 (VIOLATED)
_4362_/A                                1.500000    2.017143   -0.517143 (VIOLATED)
_4490_/A                                1.500000    2.017136   -0.517136 (VIOLATED)
_4418_/A                                1.500000    2.016666   -0.516666 (VIOLATED)
_4454_/A                                1.500000    2.013832   -0.513832 (VIOLATED)
_4361_/Y                                1.497941    2.010697   -0.512756 (VIOLATED)
_4489_/A                                1.500000    1.956450   -0.456450 (VIOLATED)
_4359_/A                                1.500000    1.956433   -0.456433 (VIOLATED)
_4417_/A                                1.500000    1.956078   -0.456079 (VIOLATED)
_4453_/A                                1.500000    1.950886   -0.450886 (VIOLATED)
_4357_/Y                                1.497941    1.948308   -0.450367 (VIOLATED)
_4420_/A                                1.500000    1.935064   -0.435064 (VIOLATED)
_4492_/A                                1.500000    1.935028   -0.435028 (VIOLATED)
_4368_/A                                1.500000    1.933908   -0.433908 (VIOLATED)
_4367_/Y                                1.497941    1.928843   -0.430902 (VIOLATED)
_4456_/A                                1.500000    1.930279   -0.430279 (VIOLATED)
_4426_/A                                1.500000    1.797824   -0.297824 (VIOLATED)
_4386_/A                                1.500000    1.797812   -0.297812 (VIOLATED)
_4498_/A                                1.500000    1.797616   -0.297616 (VIOLATED)
_4462_/A                                1.500000    1.795415   -0.295415 (VIOLATED)
_4385_/Y                                1.497941    1.792480   -0.294539 (VIOLATED)
_4371_/A                                1.500000    1.785601   -0.285601 (VIOLATED)
_4421_/A                                1.500000    1.785593   -0.285593 (VIOLATED)
_4493_/A                                1.500000    1.784996   -0.284996 (VIOLATED)
_4457_/A                                1.500000    1.784759   -0.284759 (VIOLATED)
ANTENNA_20/DIODE                        1.500000    1.784741   -0.284741 (VIOLATED)
_4370_/Y                                1.497941    1.781820   -0.283879 (VIOLATED)
_4725_/B                                1.500000    1.756984   -0.256984 (VIOLATED)
_3867_/A                                1.500000    1.756982   -0.256982 (VIOLATED)
_4836_/A2                               1.500000    1.756981   -0.256981 (VIOLATED)
_4683_/B                                1.500000    1.756979   -0.256979 (VIOLATED)
ANTENNA_5/DIODE                         1.500000    1.756969   -0.256969 (VIOLATED)
_4042_/A                                1.500000    1.756968   -0.256968 (VIOLATED)
ANTENNA_4/DIODE                         1.500000    1.756966   -0.256966 (VIOLATED)
ANTENNA_6/DIODE                         1.500000    1.756966   -0.256966 (VIOLATED)
ANTENNA_1/DIODE                         1.500000    1.756187   -0.256187 (VIOLATED)
ANTENNA_2/DIODE                         1.500000    1.756187   -0.256187 (VIOLATED)
ANTENNA_3/DIODE                         1.500000    1.756187   -0.256187 (VIOLATED)
_3866_/Y                                1.501720    1.756187   -0.254467 (VIOLATED)
_4428_/A                                1.500000    1.618286   -0.118286 (VIOLATED)
_4500_/A                                1.500000    1.618283   -0.118283 (VIOLATED)
_4392_/A                                1.500000    1.618261   -0.118261 (VIOLATED)
_4464_/A                                1.500000    1.617590   -0.117590 (VIOLATED)
ANTENNA_24/DIODE                        1.500000    1.617590   -0.117590 (VIOLATED)
ANTENNA_292/DIODE                       1.500000    1.617590   -0.117590 (VIOLATED)
ANTENNA_291/DIODE                       1.500000    1.617589   -0.117589 (VIOLATED)
_4391_/Y                                1.497941    1.614902   -0.116961 (VIOLATED)
ANTENNA_290/DIODE                       1.500000    1.614902   -0.114902 (VIOLATED)

max capacitance

Pin                                        Limit         Cap       Slack
------------------------------------------------------------------------
_4373_/Y                                0.137339    0.195062   -0.057723 (VIOLATED)
_4361_/Y                                0.137339    0.189242   -0.051903 (VIOLATED)
_4357_/Y                                0.137339    0.183079   -0.045740 (VIOLATED)
_4367_/Y                                0.137339    0.181380   -0.044041 (VIOLATED)
_4385_/Y                                0.137339    0.167829   -0.030490 (VIOLATED)
_4370_/Y                                0.137339    0.167029   -0.029690 (VIOLATED)
_3866_/Y                                0.091563    0.110001   -0.018438 (VIOLATED)
_4391_/Y                                0.137339    0.150413   -0.013074 (VIOLATED)



===========================================================================
report_parasitic_annotation -report_unannotated
============================================================================
Found 5 unannotated drivers.
 cfg_weight_m0[0]
 cfg_weight_m0[1]
 cfg_weight_m0[2]
 cfg_weight_m0[3]
 _6669__951/HI
Found 0 partially unannotated drivers.

===========================================================================
max slew violation count 53
max fanout violation count 0
max cap violation count 8
============================================================================

===========================================================================
check_setup -verbose -unconstrained_endpoints -multiple_clock -no_clock -no_input_delay -loops -generated_clocks
===========================================================================
Warning: There is 1 input port missing set_input_delay.
  aresetn
Warning: There is 1 unconstrained endpoint.
  _6669_/D
