
===========================================================================
 report_power
============================================================================
======================= max_tt_025C_1v80 Corner ===================================

Group                    Internal    Switching      Leakage        Total
                            Power        Power        Power        Power (Watts)
------------------------------------------------------------------------
Sequential           2.735593e-03 1.139934e-03 6.223059e-09 3.875533e-03  28.7%
Combinational        2.936243e-03 4.990275e-03 1.431656e-08 7.926531e-03  58.7%
Clock                8.015882e-04 9.094822e-04 4.347808e-08 1.711114e-03  12.7%
Macro                0.000000e+00 0.000000e+00 0.000000e+00 0.000000e+00   0.0%
Pad                  0.000000e+00 0.000000e+00 0.000000e+00 0.000000e+00   0.0%
------------------------------------------------------------------------
Total                6.473433e-03 7.039691e-03 6.401595e-08 1.351319e-02 100.0%
                            47.9%        52.1%         0.0%

