Reading technology LEF file at '/.volare/volare/sky130/versions/bdc9412b3e468c102d01b7cf6337be06ec6e9c9a/sky130A/libs.ref/sky130_fd_sc_hd/techlef/sky130_fd_sc_hd__nom.tlef'…
[INFO ODB-0227] LEF file: /.volare/volare/sky130/versions/bdc9412b3e468c102d01b7cf6337be06ec6e9c9a/sky130A/libs.ref/sky130_fd_sc_hd/techlef/sky130_fd_sc_hd__nom.tlef, created 13 layers, 25 vias
Reading cell LEF file at '/.volare/volare/sky130/versions/bdc9412b3e468c102d01b7cf6337be06ec6e9c9a/sky130A/libs.ref/sky130_fd_sc_hd/lef/sky130_fd_sc_hd.lef'…
[WARNING ODB-0220] WARNING (LEFPARS-2008): NOWIREEXTENSIONATPIN statement is obsolete in version 5.6 or later.
The NOWIREEXTENSIONATPIN statement will be ignored. See file /.volare/volare/sky130/versions/bdc9412b3e468c102d01b7cf6337be06ec6e9c9a/sky130A/libs.ref/sky130_fd_sc_hd/lef/sky130_fd_sc_hd.lef at line 2.

[INFO ODB-0227] LEF file: /.volare/volare/sky130/versions/bdc9412b3e468c102d01b7cf6337be06ec6e9c9a/sky130A/libs.ref/sky130_fd_sc_hd/lef/sky130_fd_sc_hd.lef, created 437 library cells
Reading cell LEF file at '/.volare/volare/sky130/versions/bdc9412b3e468c102d01b7cf6337be06ec6e9c9a/sky130A/libs.ref/sky130_fd_sc_hd/lef/sky130_ef_sc_hd.lef'…
[WARNING ODB-0220] WARNING (LEFPARS-2008): NOWIREEXTENSIONATPIN statement is obsolete in version 5.6 or later.
The NOWIREEXTENSIONATPIN statement will be ignored. See file /.volare/volare/sky130/versions/bdc9412b3e468c102d01b7cf6337be06ec6e9c9a/sky130A/libs.ref/sky130_fd_sc_hd/lef/sky130_ef_sc_hd.lef at line 2.

[INFO ODB-0227] LEF file: /.volare/volare/sky130/versions/bdc9412b3e468c102d01b7cf6337be06ec6e9c9a/sky130A/libs.ref/sky130_fd_sc_hd/lef/sky130_ef_sc_hd.lef, created 4 library cells
[INFO ODB-0127] Reading DEF file: /work/openlane/runs/RUN_2026-08-28_23-34-40/49-openroad-fillinsertion/axi4lite_arbiter_top.def
[INFO ODB-0128] Design: axi4lite_arbiter_top
[INFO ODB-0130]     Created 949 pins.
[INFO ODB-0131]     Created 82216 components and 323253 component-terminals.
[INFO ODB-0132]     Created 2 special nets and 306832 connections.
[INFO ODB-0133]     Created 5973 nets and 16420 connections.
[INFO ODB-0134] Finished DEF file: /work/openlane/runs/RUN_2026-08-28_23-34-40/49-openroad-fillinsertion/axi4lite_arbiter_top.def
Using RCX ruleset '/.volare/volare/sky130/versions/bdc9412b3e468c102d01b7cf6337be06ec6e9c9a/sky130A/libs.tech/openlane/rules.openrcx.sky130A.nom.calibre'…
[INFO RCX-0431] Defined process_corner CURRENT_CORNER with ext_model_index 0
[INFO RCX-0029] Defined extraction corner CURRENT_CORNER
[INFO RCX-0008] extracting parasitics of axi4lite_arbiter_top ...
[INFO RCX-0435] Reading extraction model file /.volare/volare/sky130/versions/bdc9412b3e468c102d01b7cf6337be06ec6e9c9a/sky130A/libs.tech/openlane/rules.openrcx.sky130A.nom.calibre ...
[INFO RCX-0436] RC segment generation axi4lite_arbiter_top (max_merge_res 50.0) ...
[INFO RCX-0040] Final 19599 rc segments
[INFO RCX-0439] Coupling Cap extraction axi4lite_arbiter_top ...
[INFO RCX-0440] Coupling threshhold is 0.1000 fF, coupling capacitance less than 0.1000 fF will be grounded.
[INFO RCX-0043] 37764 wires to be extracted
[INFO RCX-0442] 55% completion -- 20818 wires have been extracted
[INFO RCX-0442] 100% completion -- 37764 wires have been extracted
[INFO RCX-0045] Extract 5973 nets, 25565 rsegs, 25565 caps, 38966 ccs
[INFO RCX-0015] Finished extracting axi4lite_arbiter_top.
Setting global connections for newly added cells…
[INFO] Setting global connections...
Writing extracted parasitics to '/work/openlane/runs/RUN_2026-08-28_23-34-40/50-openroad-rcx/nom/axi4lite_arbiter_top.nom.spef'…
[INFO RCX-0016] Writing SPEF ...
[INFO RCX-0443] 5973 nets finished
[INFO RCX-0017] Finished writing SPEF ...
