
===========================================================================
 report_power
============================================================================
======================= max_ff_n40C_1v95 Corner ===================================

Group                    Internal    Switching      Leakage        Total
                            Power        Power        Power        Power (Watts)
------------------------------------------------------------------------
Sequential           3.583907e-03 1.216270e-03 8.907456e-09 4.800186e-03  30.3%
Combinational        3.153658e-03 5.481954e-03 2.890519e-08 8.635641e-03  54.6%
Clock                1.114856e-03 1.271324e-03 5.295162e-08 2.386232e-03  15.1%
Macro                0.000000e+00 0.000000e+00 0.000000e+00 0.000000e+00   0.0%
Pad                  0.000000e+00 0.000000e+00 0.000000e+00 0.000000e+00   0.0%
------------------------------------------------------------------------
Total                7.852423e-03 7.969545e-03 9.076650e-08 1.582206e-02 100.0%
                            49.6%        50.4%         0.0%

