Starting…
Running 'Verilator.Lint'…
Logging subprocess to [repr.filename][link=file:///work/openlane/runs/RUN_2026-08-29_00-36-26/01-verilator-lint/verilator-lint.log]work/openlane/runs/RUN_2026-08-29_00-36-26/01-verilator-lint/verilator-lint.log[/link][/repr.filename]…
Running 'Checker.LintTimingConstructs'…
Check for Lint Timing Errors clear.
Running 'Checker.LintErrors'…
Check for Lint errors clear.
Running 'Checker.LintWarnings'…
40 Lint warnings found.
Running 'Yosys.JsonHeader'…
Logging subprocess to [repr.filename][link=file:///work/openlane/runs/RUN_2026-08-29_00-36-26/05-yosys-jsonheader/yosys-jsonheader.log]work/openlane/runs/RUN_2026-08-29_00-36-26/05-yosys-jsonheader/yosys-jsonheader.log[/link][/repr.filename]…
Running 'Yosys.Synthesis'…
Logging subprocess to [repr.filename][link=file:///work/openlane/runs/RUN_2026-08-29_00-36-26/06-yosys-synthesis/yosys-synthesis.log]work/openlane/runs/RUN_2026-08-29_00-36-26/06-yosys-synthesis/yosys-synthesis.log[/link][/repr.filename]…
Parsing synthesis checks…
Running 'Checker.YosysUnmappedCells'…
Check for Unmapped Yosys instances clear.
Running 'Checker.YosysSynthChecks'…
Check for Yosys check errors clear.
Running 'OpenROAD.CheckSDCFiles'…
'PNR_SDC_FILE' is not defined. Using generic fallback SDC for OpenROAD PnR steps.
'SIGNOFF_SDC_FILE' is not defined. Using generic fallback SDC for OpenROAD PnR steps.
Running 'OpenROAD.CheckMacroInstances'…
No macros found, skipping instance check…
Running 'OpenROAD.STAPrePNR'…
Starting STA for the nom_tt_025C_1v80 timing corner…
Starting STA for the nom_ss_100C_1v60 timing corner…
Starting STA for the nom_ff_n40C_1v95 timing corner…
Skipping corner min_tt_025C_1v80 for STA (identical to nom_tt_025C_1v80 at this stage)…
Skipping corner min_ss_100C_1v60 for STA (identical to nom_ss_100C_1v60 at this stage)…
Skipping corner min_ff_n40C_1v95 for STA (identical to nom_ff_n40C_1v95 at this stage)…
Skipping corner max_tt_025C_1v80 for STA (identical to nom_tt_025C_1v80 at this stage)…
Skipping corner max_ss_100C_1v60 for STA (identical to nom_ss_100C_1v60 at this stage)…
Skipping corner max_ff_n40C_1v95 for STA (identical to nom_ff_n40C_1v95 at this stage)…
Logging subprocess to [repr.filename][link=file:///work/openlane/runs/RUN_2026-08-29_00-36-26/11-openroad-staprepnr/nom_tt_025C_1v80/sta.log]work/openlane/runs/RUN_2026-08-29_00-36-26/11-openroad-staprepnr/nom_tt_025C_1v80/sta.log[/link][/repr.filename]…
Logging subprocess to [repr.filename][link=file:///work/openlane/runs/RUN_2026-08-29_00-36-26/11-openroad-staprepnr/nom_ss_100C_1v60/sta.log]work/openlane/runs/RUN_2026-08-29_00-36-26/11-openroad-staprepnr/nom_ss_100C_1v60/sta.log[/link][/repr.filename]…
Logging subprocess to [repr.filename][link=file:///work/openlane/runs/RUN_2026-08-29_00-36-26/11-openroad-staprepnr/nom_ff_n40C_1v95/sta.log]work/openlane/runs/RUN_2026-08-29_00-36-26/11-openroad-staprepnr/nom_ff_n40C_1v95/sta.log[/link][/repr.filename]…
Finished STA for the nom_ss_100C_1v60 timing corner.
Finished STA for the nom_tt_025C_1v80 timing corner.
Finished STA for the nom_ff_n40C_1v95 timing corner.
Running 'OpenROAD.Floorplan'…
Logging subprocess to [repr.filename][link=file:///work/openlane/runs/RUN_2026-08-29_00-36-26/12-openroad-floorplan/openroad-floorplan.log]work/openlane/runs/RUN_2026-08-29_00-36-26/12-openroad-floorplan/openroad-floorplan.log[/link][/repr.filename]…
Running 'Odb.CheckMacroAntennaProperties'…
No cells provided, skipping…
Running 'Odb.SetPowerConnections'…
Logging subprocess to [repr.filename][link=file:///work/openlane/runs/RUN_2026-08-29_00-36-26/14-odb-setpowerconnections/odb-setpowerconnections.log]work/openlane/runs/RUN_2026-08-29_00-36-26/14-odb-setpowerconnections/odb-setpowerconnections.log[/link][/repr.filename]…
Running 'Odb.ManualMacroPlacement'…
No instances found, skipping 'Odb.ManualMacroPlacement'…
Running 'OpenROAD.CutRows'…
Logging subprocess to [repr.filename][link=file:///work/openlane/runs/RUN_2026-08-29_00-36-26/16-openroad-cutrows/openroad-cutrows.log]work/openlane/runs/RUN_2026-08-29_00-36-26/16-openroad-cutrows/openroad-cutrows.log[/link][/repr.filename]…
Running 'OpenROAD.TapEndcapInsertion'…
Logging subprocess to [repr.filename][link=file:///work/openlane/runs/RUN_2026-08-29_00-36-26/17-openroad-tapendcapinsertion/openroad-tapendcapinsertion.log]work/openlane/runs/RUN_2026-08-29_00-36-26/17-openroad-tapendcapinsertion/openroad-tapendcapinsertion.log[/link][/repr.filename]…
Running 'Odb.AddPDNObstructions'…
'PDN_OBSTRUCTIONS' is not defined. Skipping 'Odb.AddPDNObstructions'…
Running 'OpenROAD.GeneratePDN'…
'FP_PDN_CFG' not explicitly set, setting it to /nix/store/hwxq78ix5dm1zxacgmyfrlkgn2vq15hz-python3-3.11.6-env/lib/python3.11/site-packages/openlane/scripts/openroad/common/pdn_cfg.tcl…
Logging subprocess to [repr.filename][link=file:///work/openlane/runs/RUN_2026-08-29_00-36-26/19-openroad-generatepdn/openroad-generatepdn.log]work/openlane/runs/RUN_2026-08-29_00-36-26/19-openroad-generatepdn/openroad-generatepdn.log[/link][/repr.filename]…
Running 'Odb.RemovePDNObstructions'…
'PDN_OBSTRUCTIONS' is not defined. Skipping 'Odb.RemovePDNObstructions'…
Running 'Odb.AddRoutingObstructions'…
'ROUTING_OBSTRUCTIONS' is not defined. Skipping 'Odb.AddRoutingObstructions'…
Running 'OpenROAD.GlobalPlacementSkipIO'…
Logging subprocess to [repr.filename][link=file:///work/openlane/runs/RUN_2026-08-29_00-36-26/22-openroad-globalplacementskipio/openroad-globalplacementskipio.log]work/openlane/runs/RUN_2026-08-29_00-36-26/22-openroad-globalplacementskipio/openroad-globalplacementskipio.log[/link][/repr.filename]…
Running 'OpenROAD.IOPlacement'…
Logging subprocess to [repr.filename][link=file:///work/openlane/runs/RUN_2026-08-29_00-36-26/23-openroad-ioplacement/openroad-ioplacement.log]work/openlane/runs/RUN_2026-08-29_00-36-26/23-openroad-ioplacement/openroad-ioplacement.log[/link][/repr.filename]…
Running 'Odb.CustomIOPlacement'…
No custom floorplan file configured, skipping…
Running 'Odb.ApplyDEFTemplate'…
No DEF template provided, skipping…
Running 'OpenROAD.GlobalPlacement'…
Logging subprocess to [repr.filename][link=file:///work/openlane/runs/RUN_2026-08-29_00-36-26/26-openroad-globalplacement/openroad-globalplacement.log]work/openlane/runs/RUN_2026-08-29_00-36-26/26-openroad-globalplacement/openroad-globalplacement.log[/link][/repr.filename]…
Running 'Odb.WriteVerilogHeader'…
Logging subprocess to [repr.filename][link=file:///work/openlane/runs/RUN_2026-08-29_00-36-26/27-odb-writeverilogheader/odb-writeverilogheader.log]work/openlane/runs/RUN_2026-08-29_00-36-26/27-odb-writeverilogheader/odb-writeverilogheader.log[/link][/repr.filename]…
Running 'Checker.PowerGridViolations'…
Check for power grid violations (as reported by OpenROAD PSM- you may ignore these if LVS passes) clear.
Running 'OpenROAD.STAMidPNR'…
Logging subprocess to [repr.filename][link=file:///work/openlane/runs/RUN_2026-08-29_00-36-26/29-openroad-stamidpnr/openroad-stamidpnr.log]work/openlane/runs/RUN_2026-08-29_00-36-26/29-openroad-stamidpnr/openroad-stamidpnr.log[/link][/repr.filename]…
Running 'OpenROAD.RepairDesignPostGPL'…
Logging subprocess to [repr.filename][link=file:///work/openlane/runs/RUN_2026-08-29_00-36-26/30-openroad-repairdesignpostgpl/openroad-repairdesignpostgpl.log]work/openlane/runs/RUN_2026-08-29_00-36-26/30-openroad-repairdesignpostgpl/openroad-repairdesignpostgpl.log[/link][/repr.filename]…
Running 'OpenROAD.DetailedPlacement'…
Logging subprocess to [repr.filename][link=file:///work/openlane/runs/RUN_2026-08-29_00-36-26/31-openroad-detailedplacement/openroad-detailedplacement.log]work/openlane/runs/RUN_2026-08-29_00-36-26/31-openroad-detailedplacement/openroad-detailedplacement.log[/link][/repr.filename]…
Running 'OpenROAD.CTS'…
Logging subprocess to [repr.filename][link=file:///work/openlane/runs/RUN_2026-08-29_00-36-26/32-openroad-cts/openroad-cts.log]work/openlane/runs/RUN_2026-08-29_00-36-26/32-openroad-cts/openroad-cts.log[/link][/repr.filename]…
Running 'OpenROAD.STAMidPNR-1'…
Logging subprocess to [repr.filename][link=file:///work/openlane/runs/RUN_2026-08-29_00-36-26/33-openroad-stamidpnr-1/openroad-stamidpnr-1.log]work/openlane/runs/RUN_2026-08-29_00-36-26/33-openroad-stamidpnr-1/openroad-stamidpnr-1.log[/link][/repr.filename]…
Running 'OpenROAD.ResizerTimingPostCTS'…
Logging subprocess to [repr.filename][link=file:///work/openlane/runs/RUN_2026-08-29_00-36-26/34-openroad-resizertimingpostcts/openroad-resizertimingpostcts.log]work/openlane/runs/RUN_2026-08-29_00-36-26/34-openroad-resizertimingpostcts/openroad-resizertimingpostcts.log[/link][/repr.filename]…
Running 'OpenROAD.STAMidPNR-2'…
Logging subprocess to [repr.filename][link=file:///work/openlane/runs/RUN_2026-08-29_00-36-26/35-openroad-stamidpnr-2/openroad-stamidpnr-2.log]work/openlane/runs/RUN_2026-08-29_00-36-26/35-openroad-stamidpnr-2/openroad-stamidpnr-2.log[/link][/repr.filename]…
Running 'OpenROAD.GlobalRouting'…
Logging subprocess to [repr.filename][link=file:///work/openlane/runs/RUN_2026-08-29_00-36-26/36-openroad-globalrouting/openroad-globalrouting.log]work/openlane/runs/RUN_2026-08-29_00-36-26/36-openroad-globalrouting/openroad-globalrouting.log[/link][/repr.filename]…
Running 'OpenROAD.CheckAntennas'…
Logging subprocess to [repr.filename][link=file:///work/openlane/runs/RUN_2026-08-29_00-36-26/37-openroad-checkantennas/openroad-checkantennas.log]work/openlane/runs/RUN_2026-08-29_00-36-26/37-openroad-checkantennas/openroad-checkantennas.log[/link][/repr.filename]…
Gating variable for step 'OpenROAD.RepairDesignPostGRT' set to 'False'- the step will be skipped.
Skipping step 'Repair Design (Post-Global Routing)'…
Running 'Odb.DiodesOnPorts'…
'DIODE_ON_PORTS' is set to 'none': skipping…
Gating variable for step 'Odb.HeuristicDiodeInsertion' set to 'False'- the step will be skipped.
Skipping step 'Heuristic Diode Insertion'…
Running 'OpenROAD.RepairAntennas'…
Running 'DiodeInsertion'…
Logging subprocess to [repr.filename][link=file:///work/openlane/runs/RUN_2026-08-29_00-36-26/39-openroad-repairantennas/1-diodeinsertion/diodeinsertion.log]work/openlane/runs/RUN_2026-08-29_00-36-26/39-openroad-repairantennas/1-diodeinsertion/diodeinsertion.log[/link][/repr.filename]…
[ANT-0009] Net net190 requires more than 10 diodes per gate to repair violations.
[ANT-0009] Net net511 requires more than 10 diodes per gate to repair violations.
Running 'OpenROAD.CheckAntennas'…
Logging subprocess to [repr.filename][link=file:///work/openlane/runs/RUN_2026-08-29_00-36-26/39-openroad-repairantennas/2-openroad-checkantennas/openroad-checkantennas.log]work/openlane/runs/RUN_2026-08-29_00-36-26/39-openroad-repairantennas/2-openroad-checkantennas/openroad-checkantennas.log[/link][/repr.filename]…
Gating variable for step 'OpenROAD.ResizerTimingPostGRT' set to 'False'- the step will be skipped.
Skipping step 'Resizer Timing Optimizations (Post-Global Routing)'…
Running 'OpenROAD.STAMidPNR-3'…
Logging subprocess to [repr.filename][link=file:///work/openlane/runs/RUN_2026-08-29_00-36-26/40-openroad-stamidpnr-3/openroad-stamidpnr-3.log]work/openlane/runs/RUN_2026-08-29_00-36-26/40-openroad-stamidpnr-3/openroad-stamidpnr-3.log[/link][/repr.filename]…
Running 'OpenROAD.DetailedRouting'…
Running TritonRoute with 24 threads…
Logging subprocess to [repr.filename][link=file:///work/openlane/runs/RUN_2026-08-29_00-36-26/41-openroad-detailedrouting/openroad-detailedrouting.log]work/openlane/runs/RUN_2026-08-29_00-36-26/41-openroad-detailedrouting/openroad-detailedrouting.log[/link][/repr.filename]…
[DRT-0349] LEF58_ENCLOSURE with no CUTCLASS is not supported. Skipping for layer mcon
[DRT-0349] LEF58_ENCLOSURE with no CUTCLASS is not supported. Skipping for layer mcon
[DRT-0349] LEF58_ENCLOSURE with no CUTCLASS is not supported. Skipping for layer via
[DRT-0349] LEF58_ENCLOSURE with no CUTCLASS is not supported. Skipping for layer via
[DRT-0349] LEF58_ENCLOSURE with no CUTCLASS is not supported. Skipping for layer via2
[DRT-0349] LEF58_ENCLOSURE with no CUTCLASS is not supported. Skipping for layer via2
[DRT-0349] LEF58_ENCLOSURE with no CUTCLASS is not supported. Skipping for layer via3
[DRT-0349] LEF58_ENCLOSURE with no CUTCLASS is not supported. Skipping for layer via3
[DRT-0349] LEF58_ENCLOSURE with no CUTCLASS is not supported. Skipping for layer via4
[DRT-0349] LEF58_ENCLOSURE with no CUTCLASS is not supported. Skipping for layer via4
Running 'Odb.RemoveRoutingObstructions'…
'ROUTING_OBSTRUCTIONS' is not defined. Skipping 'Odb.RemoveRoutingObstructions'…
Running 'OpenROAD.CheckAntennas-1'…
Logging subprocess to [repr.filename][link=file:///work/openlane/runs/RUN_2026-08-29_00-36-26/43-openroad-checkantennas-1/openroad-checkantennas-1.log]work/openlane/runs/RUN_2026-08-29_00-36-26/43-openroad-checkantennas-1/openroad-checkantennas-1.log[/link][/repr.filename]…
Running 'Checker.TrDRC'…
Check for Routing DRC errors clear.
Running 'Odb.ReportDisconnectedPins'…
Logging subprocess to [repr.filename][link=file:///work/openlane/runs/RUN_2026-08-29_00-36-26/45-odb-reportdisconnectedpins/odb-reportdisconnectedpins.log]work/openlane/runs/RUN_2026-08-29_00-36-26/45-odb-reportdisconnectedpins/odb-reportdisconnectedpins.log[/link][/repr.filename]…
Running 'Checker.DisconnectedPins'…
Check for critical disconnected pins clear.
Running 'Odb.ReportWireLength'…
Logging subprocess to [repr.filename][link=file:///work/openlane/runs/RUN_2026-08-29_00-36-26/47-odb-reportwirelength/odb-reportwirelength.log]work/openlane/runs/RUN_2026-08-29_00-36-26/47-odb-reportwirelength/odb-reportwirelength.log[/link][/repr.filename]…
Running 'Checker.WireLength'…
Threshold for Threshold-surpassing long wires is not set. The checker will be skipped.
Running 'OpenROAD.FillInsertion'…
Logging subprocess to [repr.filename][link=file:///work/openlane/runs/RUN_2026-08-29_00-36-26/49-openroad-fillinsertion/openroad-fillinsertion.log]work/openlane/runs/RUN_2026-08-29_00-36-26/49-openroad-fillinsertion/openroad-fillinsertion.log[/link][/repr.filename]…
Running 'OpenROAD.RCX'…
Running RCX for corners matching nom_* (/work/openlane/runs/RUN_2026-08-29_00-36-26/50-openroad-rcx/nom/rcx.log)…
Running RCX for corners matching max_* (/work/openlane/runs/RUN_2026-08-29_00-36-26/50-openroad-rcx/max/rcx.log)…
Running RCX for corners matching min_* (/work/openlane/runs/RUN_2026-08-29_00-36-26/50-openroad-rcx/min/rcx.log)…
Logging subprocess to [repr.filename][link=file:///work/openlane/runs/RUN_2026-08-29_00-36-26/50-openroad-rcx/nom/rcx.log]work/openlane/runs/RUN_2026-08-29_00-36-26/50-openroad-rcx/nom/rcx.log[/link][/repr.filename]…
Logging subprocess to [repr.filename][link=file:///work/openlane/runs/RUN_2026-08-29_00-36-26/50-openroad-rcx/max/rcx.log]work/openlane/runs/RUN_2026-08-29_00-36-26/50-openroad-rcx/max/rcx.log[/link][/repr.filename]…
Logging subprocess to [repr.filename][link=file:///work/openlane/runs/RUN_2026-08-29_00-36-26/50-openroad-rcx/min/rcx.log]work/openlane/runs/RUN_2026-08-29_00-36-26/50-openroad-rcx/min/rcx.log[/link][/repr.filename]…
Finished RCX for corners matching nom_*.
Finished RCX for corners matching min_*.
Finished RCX for corners matching max_*.
Running 'OpenROAD.STAPostPNR'…
Starting STA for the nom_tt_025C_1v80 timing corner…
Starting STA for the nom_ss_100C_1v60 timing corner…
Starting STA for the nom_ff_n40C_1v95 timing corner…
Starting STA for the min_tt_025C_1v80 timing corner…
Starting STA for the min_ss_100C_1v60 timing corner…
Starting STA for the min_ff_n40C_1v95 timing corner…
Logging subprocess to [repr.filename][link=file:///work/openlane/runs/RUN_2026-08-29_00-36-26/51-openroad-stapostpnr/nom_tt_025C_1v80/sta.log]work/openlane/runs/RUN_2026-08-29_00-36-26/51-openroad-stapostpnr/nom_tt_025C_1v80/sta.log[/link][/repr.filename]…
Starting STA for the max_tt_025C_1v80 timing corner…
Starting STA for the max_ss_100C_1v60 timing corner…
Logging subprocess to [repr.filename][link=file:///work/openlane/runs/RUN_2026-08-29_00-36-26/51-openroad-stapostpnr/nom_ff_n40C_1v95/sta.log]work/openlane/runs/RUN_2026-08-29_00-36-26/51-openroad-stapostpnr/nom_ff_n40C_1v95/sta.log[/link][/repr.filename]…
Starting STA for the max_ff_n40C_1v95 timing corner…
Logging subprocess to [repr.filename][link=file:///work/openlane/runs/RUN_2026-08-29_00-36-26/51-openroad-stapostpnr/nom_ss_100C_1v60/sta.log]work/openlane/runs/RUN_2026-08-29_00-36-26/51-openroad-stapostpnr/nom_ss_100C_1v60/sta.log[/link][/repr.filename]…
Logging subprocess to [repr.filename][link=file:///work/openlane/runs/RUN_2026-08-29_00-36-26/51-openroad-stapostpnr/min_ss_100C_1v60/sta.log]work/openlane/runs/RUN_2026-08-29_00-36-26/51-openroad-stapostpnr/min_ss_100C_1v60/sta.log[/link][/repr.filename]…
Logging subprocess to [repr.filename][link=file:///work/openlane/runs/RUN_2026-08-29_00-36-26/51-openroad-stapostpnr/min_tt_025C_1v80/sta.log]work/openlane/runs/RUN_2026-08-29_00-36-26/51-openroad-stapostpnr/min_tt_025C_1v80/sta.log[/link][/repr.filename]…
Logging subprocess to [repr.filename][link=file:///work/openlane/runs/RUN_2026-08-29_00-36-26/51-openroad-stapostpnr/min_ff_n40C_1v95/sta.log]work/openlane/runs/RUN_2026-08-29_00-36-26/51-openroad-stapostpnr/min_ff_n40C_1v95/sta.log[/link][/repr.filename]…
Logging subprocess to [repr.filename][link=file:///work/openlane/runs/RUN_2026-08-29_00-36-26/51-openroad-stapostpnr/max_ss_100C_1v60/sta.log]work/openlane/runs/RUN_2026-08-29_00-36-26/51-openroad-stapostpnr/max_ss_100C_1v60/sta.log[/link][/repr.filename]…
Logging subprocess to [repr.filename][link=file:///work/openlane/runs/RUN_2026-08-29_00-36-26/51-openroad-stapostpnr/max_tt_025C_1v80/sta.log]work/openlane/runs/RUN_2026-08-29_00-36-26/51-openroad-stapostpnr/max_tt_025C_1v80/sta.log[/link][/repr.filename]…
Logging subprocess to [repr.filename][link=file:///work/openlane/runs/RUN_2026-08-29_00-36-26/51-openroad-stapostpnr/max_ff_n40C_1v95/sta.log]work/openlane/runs/RUN_2026-08-29_00-36-26/51-openroad-stapostpnr/max_ff_n40C_1v95/sta.log[/link][/repr.filename]…
Finished STA for the min_tt_025C_1v80 timing corner.
Logging subprocess to [repr.filename][link=file:///work/openlane/runs/RUN_2026-08-29_00-36-26/51-openroad-stapostpnr/min_tt_025C_1v80/filter_unannotated.log]work/openlane/runs/RUN_2026-08-29_00-36-26/51-openroad-stapostpnr/min_tt_025C_1v80/filter_unannotated.log[/link][/repr.filename]…
Finished STA for the nom_tt_025C_1v80 timing corner.
Logging subprocess to [repr.filename][link=file:///work/openlane/runs/RUN_2026-08-29_00-36-26/51-openroad-stapostpnr/nom_tt_025C_1v80/filter_unannotated.log]work/openlane/runs/RUN_2026-08-29_00-36-26/51-openroad-stapostpnr/nom_tt_025C_1v80/filter_unannotated.log[/link][/repr.filename]…
Finished STA for the max_tt_025C_1v80 timing corner.
Logging subprocess to [repr.filename][link=file:///work/openlane/runs/RUN_2026-08-29_00-36-26/51-openroad-stapostpnr/max_tt_025C_1v80/filter_unannotated.log]work/openlane/runs/RUN_2026-08-29_00-36-26/51-openroad-stapostpnr/max_tt_025C_1v80/filter_unannotated.log[/link][/repr.filename]…
Finished STA for the nom_ss_100C_1v60 timing corner.
Logging subprocess to [repr.filename][link=file:///work/openlane/runs/RUN_2026-08-29_00-36-26/51-openroad-stapostpnr/nom_ss_100C_1v60/filter_unannotated.log]work/openlane/runs/RUN_2026-08-29_00-36-26/51-openroad-stapostpnr/nom_ss_100C_1v60/filter_unannotated.log[/link][/repr.filename]…
Finished STA for the max_ss_100C_1v60 timing corner.
Logging subprocess to [repr.filename][link=file:///work/openlane/runs/RUN_2026-08-29_00-36-26/51-openroad-stapostpnr/max_ss_100C_1v60/filter_unannotated.log]work/openlane/runs/RUN_2026-08-29_00-36-26/51-openroad-stapostpnr/max_ss_100C_1v60/filter_unannotated.log[/link][/repr.filename]…
Finished STA for the min_ss_100C_1v60 timing corner.
Logging subprocess to [repr.filename][link=file:///work/openlane/runs/RUN_2026-08-29_00-36-26/51-openroad-stapostpnr/min_ss_100C_1v60/filter_unannotated.log]work/openlane/runs/RUN_2026-08-29_00-36-26/51-openroad-stapostpnr/min_ss_100C_1v60/filter_unannotated.log[/link][/repr.filename]…
Finished STA for the nom_ff_n40C_1v95 timing corner.
Logging subprocess to [repr.filename][link=file:///work/openlane/runs/RUN_2026-08-29_00-36-26/51-openroad-stapostpnr/nom_ff_n40C_1v95/filter_unannotated.log]work/openlane/runs/RUN_2026-08-29_00-36-26/51-openroad-stapostpnr/nom_ff_n40C_1v95/filter_unannotated.log[/link][/repr.filename]…
Finished STA for the min_ff_n40C_1v95 timing corner.
Finished STA for the max_ff_n40C_1v95 timing corner.
Logging subprocess to [repr.filename][link=file:///work/openlane/runs/RUN_2026-08-29_00-36-26/51-openroad-stapostpnr/min_ff_n40C_1v95/filter_unannotated.log]work/openlane/runs/RUN_2026-08-29_00-36-26/51-openroad-stapostpnr/min_ff_n40C_1v95/filter_unannotated.log[/link][/repr.filename]…
Logging subprocess to [repr.filename][link=file:///work/openlane/runs/RUN_2026-08-29_00-36-26/51-openroad-stapostpnr/max_ff_n40C_1v95/filter_unannotated.log]work/openlane/runs/RUN_2026-08-29_00-36-26/51-openroad-stapostpnr/max_ff_n40C_1v95/filter_unannotated.log[/link][/repr.filename]…
Running 'OpenROAD.IRDropReport'…
'VSRC_LOC_FILES' was not given a value, which may make the results of IR drop analysis inaccurate. If you are not integrating a top-level chip for manufacture, you may ignore this warning, otherwise, see the documentation for 'VSRC_LOC_FILES'.
Logging subprocess to [repr.filename][link=file:///work/openlane/runs/RUN_2026-08-29_00-36-26/52-openroad-irdropreport/openroad-irdropreport.log]work/openlane/runs/RUN_2026-08-29_00-36-26/52-openroad-irdropreport/openroad-irdropreport.log[/link][/repr.filename]…
[INFO PSM-0040] All shapes on net VPWR are connected.
########## IR report #################
Net              : VPWR
Corner           : nom_tt_025C_1v80
Supply voltage   : 1.80e+00 V
Worstcase voltage: 1.80e+00 V
Average voltage  : 1.80e+00 V
Average IR drop  : 4.72e-05 V
Worstcase IR drop: 1.04e-03 V
Percentage drop  : 0.06 %
######################################
[INFO PSM-0040] All shapes on net VGND are connected.
########## IR report #################
Net              : VGND
Corner           : nom_tt_025C_1v80
Supply voltage   : 0.00e+00 V
Worstcase voltage: 9.98e-04 V
Average voltage  : 4.58e-05 V
Average IR drop  : 4.58e-05 V
Worstcase IR drop: 9.98e-04 V
Percentage drop  : 0.06 %
######################################

Running 'Magic.StreamOut'…
Logging subprocess to [repr.filename][link=file:///work/openlane/runs/RUN_2026-08-29_00-36-26/53-magic-streamout/magic-streamout.log]work/openlane/runs/RUN_2026-08-29_00-36-26/53-magic-streamout/magic-streamout.log[/link][/repr.filename]…
Running 'KLayout.StreamOut'…
Logging subprocess to [repr.filename][link=file:///work/openlane/runs/RUN_2026-08-29_00-36-26/54-klayout-streamout/klayout-streamout.log]work/openlane/runs/RUN_2026-08-29_00-36-26/54-klayout-streamout/klayout-streamout.log[/link][/repr.filename]…
Running 'Magic.WriteLEF'…
Logging subprocess to [repr.filename][link=file:///work/openlane/runs/RUN_2026-08-29_00-36-26/55-magic-writelef/magic-writelef.log]work/openlane/runs/RUN_2026-08-29_00-36-26/55-magic-writelef/magic-writelef.log[/link][/repr.filename]…
Running 'Odb.CheckDesignAntennaProperties'…
Logging subprocess to [repr.filename][link=file:///work/openlane/runs/RUN_2026-08-29_00-36-26/56-odb-checkdesignantennaproperties/odb-checkdesignantennaproperties.log]work/openlane/runs/RUN_2026-08-29_00-36-26/56-odb-checkdesignantennaproperties/odb-checkdesignantennaproperties.log[/link][/repr.filename]…
Cell 'axi4lite_arbiter_top' has (4) input pin(s) without antenna gate information. They might not be connected to a gate.
Running 'KLayout.XOR'…
Running XOR with 24 threads…
Logging subprocess to [repr.filename][link=file:///work/openlane/runs/RUN_2026-08-29_00-36-26/57-klayout-xor/klayout-xor.log]work/openlane/runs/RUN_2026-08-29_00-36-26/57-klayout-xor/klayout-xor.log[/link][/repr.filename]…
Running 'Checker.XOR'…
Check for XOR differences clear.
Running 'Magic.DRC'…
Logging subprocess to [repr.filename][link=file:///work/openlane/runs/RUN_2026-08-29_00-36-26/59-magic-drc/magic-drc.log]work/openlane/runs/RUN_2026-08-29_00-36-26/59-magic-drc/magic-drc.log[/link][/repr.filename]…
Running 'KLayout.DRC'…
Running KLayout DRC with 24 threads…
Logging subprocess to [repr.filename][link=file:///work/openlane/runs/RUN_2026-08-29_00-36-26/60-klayout-drc/klayout-drc.log]work/openlane/runs/RUN_2026-08-29_00-36-26/60-klayout-drc/klayout-drc.log[/link][/repr.filename]…
