┏━━━━━━━┳━━━━━━━━━┳━━━━━━━━━━┳━━━━━━━━━━━━━━━━━━━━━━━━━━━┳━━━━━━━━━━━━━┳━━━━━━━┓
┃ P / R ┃ Partial ┃ Required ┃ Net                       ┃ Pin         ┃ Layer ┃
┡━━━━━━━╇━━━━━━━━━╇━━━━━━━━━━╇━━━━━━━━━━━━━━━━━━━━━━━━━━━╇━━━━━━━━━━━━━╇━━━━━━━┩
│ 3.69  │ 1477.38 │ 400.00   │ _1523_                    │ _4463_/A    │ met1  │
│ 2.97  │ 1186.35 │ 400.00   │ _1491_                    │ _4411_/A    │ met1  │
│ 2.89  │ 1157.26 │ 400.00   │ net893                    │ output893/A │ met1  │
│ 2.84  │ 1137.99 │ 400.00   │ net11                     │ _3395_/A    │ met1  │
│ 2.26  │ 904.22  │ 400.00   │ _1878_                    │ _5141_/B    │ met1  │
│ 1.75  │ 700.62  │ 400.00   │ _1256_                    │ _5530_/B    │ met1  │
│ 1.68  │ 673.47  │ 400.00   │ net654                    │ _7220_/A    │ met3  │
│ 1.68  │ 673.47  │ 400.00   │ net654                    │ output654/A │ met3  │
│ 1.67  │ 669.85  │ 400.00   │ _2133_                    │ _5189_/A1   │ met1  │
│ 1.33  │ 3884.70 │ 2918.08  │ net535                    │ _5556_/A0   │ met4  │
│ 1.27  │ 508.67  │ 400.00   │ _2677_                    │ _5929_/S    │ met1  │
│ 1.20  │ 481.37  │ 400.00   │ _1990_                    │ _5088_/B1   │ met1  │
│ 1.16  │ 462.71  │ 400.00   │ _1991_                    │ _5002_/B2   │ met1  │
│ 1.06  │ 424.78  │ 400.00   │ u_read_arbiter.r_target_… │ _4601_/C    │ met1  │
│ 1.05  │ 421.92  │ 400.00   │ _1989_                    │ _5283_/C    │ met1  │
│ 1.03  │ 411.56  │ 400.00   │ net488                    │ _5886_/A0   │ met1  │
│ 1.03  │ 2822.60 │ 2753.36  │ net491                    │ _5892_/A0   │ met4  │
└───────┴─────────┴──────────┴───────────────────────────┴─────────────┴───────┘
