61. Printing statistics.

=== axi4lite_arbiter_top ===

   Number of wires:               3704
   Number of wire bits:           4604
   Number of public wires:         456
   Number of public wire bits:    1356
   Number of memories:               0
   Number of memory bits:            0
   Number of processes:              0
   Number of cells:               4043
     sky130_fd_sc_hd__a211o_2       23
     sky130_fd_sc_hd__a21bo_2        7
     sky130_fd_sc_hd__a21boi_2       4
     sky130_fd_sc_hd__a21o_2        97
     sky130_fd_sc_hd__a21oi_2       28
     sky130_fd_sc_hd__a221o_2        4
     sky130_fd_sc_hd__a22o_2        21
     sky130_fd_sc_hd__a22oi_2        5
     sky130_fd_sc_hd__a2bb2o_2       2
     sky130_fd_sc_hd__a311o_2        1
     sky130_fd_sc_hd__a31o_2        54
     sky130_fd_sc_hd__a31oi_2        2
     sky130_fd_sc_hd__a32o_2         3
     sky130_fd_sc_hd__a41o_2         2
     sky130_fd_sc_hd__and2_2        47
     sky130_fd_sc_hd__and2b_2        1
     sky130_fd_sc_hd__and3_2        38
     sky130_fd_sc_hd__and3b_2        1
     sky130_fd_sc_hd__and4_2         1
     sky130_fd_sc_hd__buf_1        408
     sky130_fd_sc_hd__buf_2        159
     sky130_fd_sc_hd__buf_4         17
     sky130_fd_sc_hd__buf_6         16
     sky130_fd_sc_hd__buf_8          2
     sky130_fd_sc_hd__dfrtp_2      508
     sky130_fd_sc_hd__dfstp_2       11
     sky130_fd_sc_hd__inv_2        280
     sky130_fd_sc_hd__inv_4          6
     sky130_fd_sc_hd__mux2_2       335
     sky130_fd_sc_hd__nand2_2      711
     sky130_fd_sc_hd__nand2_4        7
     sky130_fd_sc_hd__nand2b_2       2
     sky130_fd_sc_hd__nand3_2      184
     sky130_fd_sc_hd__nand3_4        1
     sky130_fd_sc_hd__nand3b_2      82
     sky130_fd_sc_hd__nor2_2       363
     sky130_fd_sc_hd__nor2_4         4
     sky130_fd_sc_hd__nor2_8         1
     sky130_fd_sc_hd__nor3_2         6
     sky130_fd_sc_hd__nor3_4         1
     sky130_fd_sc_hd__nor3b_2        1
     sky130_fd_sc_hd__o2111a_2       9
     sky130_fd_sc_hd__o2111ai_2      1
     sky130_fd_sc_hd__o211a_2       77
     sky130_fd_sc_hd__o211ai_2       6
     sky130_fd_sc_hd__o21a_2        23
     sky130_fd_sc_hd__o21ai_2      187
     sky130_fd_sc_hd__o21ai_4       31
     sky130_fd_sc_hd__o21ba_2       16
     sky130_fd_sc_hd__o21bai_2       1
     sky130_fd_sc_hd__o221a_2        6
     sky130_fd_sc_hd__o221a_4        2
     sky130_fd_sc_hd__o22a_2        16
     sky130_fd_sc_hd__o22ai_2        3
     sky130_fd_sc_hd__o2bb2a_2       3
     sky130_fd_sc_hd__o2bb2ai_2      1
     sky130_fd_sc_hd__o311a_2       10
     sky130_fd_sc_hd__o31a_2        12
     sky130_fd_sc_hd__o31ai_2        1
     sky130_fd_sc_hd__or2_2        157
     sky130_fd_sc_hd__or2_4         12
     sky130_fd_sc_hd__or2b_2         5
     sky130_fd_sc_hd__or3_2         10
     sky130_fd_sc_hd__or3b_2         4
     sky130_fd_sc_hd__or4b_2         1
     sky130_fd_sc_hd__xnor2_2        1
     sky130_fd_sc_hd__xor2_2         2

   Chip area for module '\axi4lite_arbiter_top': 39315.206400

