
===========================================================================
report_checks -unconstrained
===========================================================================
======================= nom_tt_025C_1v80 Corner ===================================

Startpoint: m_axi_arready[1] (input port clocked by aclk)
Endpoint: s_axi_arready[3] (output port clocked by aclk)
Path Group: aclk
Path Type: max

Fanout         Cap        Slew       Delay        Time   Description
---------------------------------------------------------------------------------------------
                                  0.000000    0.000000   clock aclk (rise edge)
                                  0.000000    0.000000   clock network delay (propagated)
                                  3.000000    3.000000 ^ input external delay
     1    0.003195    0.000000    0.000000    3.000000 ^ m_axi_arready[1] (in)
                                                         m_axi_arready[1] (net)
                      0.000043    0.000022    3.000021 ^ input32/A (sky130_fd_sc_hd__clkbuf_1)
     1    0.002915    0.045306    0.065937    3.065959 ^ input32/X (sky130_fd_sc_hd__clkbuf_1)
                                                         net32 (net)
                      0.045306    0.000015    3.065974 ^ _4257_/B (sky130_fd_sc_hd__nand2_1)
     1    0.004960    0.107311    0.059255    3.125229 v _4257_/Y (sky130_fd_sc_hd__nand2_1)
                                                         _1447_ (net)
                      0.107311    0.000043    3.125272 v _4260_/A2 (sky130_fd_sc_hd__o211a_4)
     2    0.053343    0.095877    0.317413    3.442684 v _4260_/X (sky130_fd_sc_hd__o211a_4)
                                                         _1450_ (net)
                      0.099988    0.015344    3.458028 v _4261_/B (sky130_fd_sc_hd__nor2_4)
     4    0.052832    0.333309    0.291290    3.749319 ^ _4261_/Y (sky130_fd_sc_hd__nor2_4)
                                                         _1451_ (net)
                      0.333313    0.001050    3.750369 ^ _4268_/A (sky130_fd_sc_hd__inv_2)
     2    0.011486    0.082428    0.093034    3.843403 v _4268_/Y (sky130_fd_sc_hd__inv_2)
                                                         _1455_ (net)
                      0.082428    0.000062    3.843464 v _4269_/B (sky130_fd_sc_hd__nor2_4)
     1    0.047198    0.301015    0.261716    4.105181 ^ _4269_/Y (sky130_fd_sc_hd__nor2_4)
                                                         net782 (net)
                      0.301826    0.012680    4.117861 ^ output782/A (sky130_fd_sc_hd__buf_1)
     1    0.000453    0.024908    0.104882    4.222743 ^ output782/X (sky130_fd_sc_hd__buf_1)
                                                         s_axi_arready[3] (net)
                      0.024908    0.000001    4.222744 ^ s_axi_arready[3] (out)
                                              4.222744   data arrival time

                                 12.000000   12.000000   clock aclk (rise edge)
                                  0.000000   12.000000   clock network delay (propagated)
                                 -0.300000   11.700000   clock uncertainty
                                  0.000000   11.700000   clock reconvergence pessimism
                                 -3.000000    8.699999   output external delay
                                              8.699999   data required time
---------------------------------------------------------------------------------------------
                                              8.699999   data required time
                                             -4.222744   data arrival time
---------------------------------------------------------------------------------------------
                                              4.477255   slack (MET)




===========================================================================
report_checks --slack_max -0.01
============================================================================
======================= nom_tt_025C_1v80 Corner ===================================

No paths found.


===========================================================================
 report_check_types -max_slew -max_cap -max_fanout -violators
============================================================================
======================= nom_tt_025C_1v80 Corner ===================================



===========================================================================
report_parasitic_annotation -report_unannotated
============================================================================
Found 107 unannotated drivers.
 aclk
 cfg_weight_m0[0]
 cfg_weight_m0[1]
 cfg_weight_m0[2]
 cfg_weight_m0[3]
 _6631__949/HI
 clkbuf_0_aclk/X
 clkbuf_2_0_0_aclk/X
 clkbuf_2_1_0_aclk/X
 clkbuf_2_2_0_aclk/X
 clkbuf_2_3_0_aclk/X
 clkbuf_3_0__f_aclk/X
 clkbuf_3_1__f_aclk/X
 clkbuf_3_2__f_aclk/X
 clkbuf_3_3__f_aclk/X
 clkbuf_3_4__f_aclk/X
 clkbuf_3_5__f_aclk/X
 clkbuf_3_6__f_aclk/X
 clkbuf_3_7__f_aclk/X
 clkbuf_leaf_0_aclk/X
 clkbuf_leaf_10_aclk/X
 clkbuf_leaf_11_aclk/X
 clkbuf_leaf_12_aclk/X
 clkbuf_leaf_13_aclk/X
 clkbuf_leaf_14_aclk/X
 clkbuf_leaf_17_aclk/X
 clkbuf_leaf_18_aclk/X
 clkbuf_leaf_19_aclk/X
 clkbuf_leaf_1_aclk/X
 clkbuf_leaf_20_aclk/X
 clkbuf_leaf_21_aclk/X
 clkbuf_leaf_23_aclk/X
 clkbuf_leaf_24_aclk/X
 clkbuf_leaf_25_aclk/X
 clkbuf_leaf_27_aclk/X
 clkbuf_leaf_28_aclk/X
 clkbuf_leaf_29_aclk/X
 clkbuf_leaf_2_aclk/X
 clkbuf_leaf_30_aclk/X
 clkbuf_leaf_31_aclk/X
 clkbuf_leaf_32_aclk/X
 clkbuf_leaf_33_aclk/X
 clkbuf_leaf_34_aclk/X
 clkbuf_leaf_35_aclk/X
 clkbuf_leaf_36_aclk/X
 clkbuf_leaf_38_aclk/X
 clkbuf_leaf_39_aclk/X
 clkbuf_leaf_3_aclk/X
 clkbuf_leaf_40_aclk/X
 clkbuf_leaf_43_aclk/X
 clkbuf_leaf_45_aclk/X
 clkbuf_leaf_46_aclk/X
 clkbuf_leaf_47_aclk/X
 clkbuf_leaf_48_aclk/X
 clkbuf_leaf_49_aclk/X
 clkbuf_leaf_4_aclk/X
 clkbuf_leaf_50_aclk/X
 clkbuf_leaf_51_aclk/X
 clkbuf_leaf_52_aclk/X
 clkbuf_leaf_53_aclk/X
 clkbuf_leaf_54_aclk/X
 clkbuf_leaf_55_aclk/X
 clkbuf_leaf_56_aclk/X
 clkbuf_leaf_57_aclk/X
 clkbuf_leaf_58_aclk/X
 clkbuf_leaf_59_aclk/X
 clkbuf_leaf_5_aclk/X
 clkbuf_leaf_60_aclk/X
 clkbuf_leaf_61_aclk/X
 clkbuf_leaf_62_aclk/X
 clkbuf_leaf_63_aclk/X
 clkbuf_leaf_64_aclk/X
 clkbuf_leaf_65_aclk/X
 clkbuf_leaf_66_aclk/X
 clkbuf_leaf_67_aclk/X
 clkbuf_leaf_69_aclk/X
 clkbuf_leaf_70_aclk/X
 clkbuf_leaf_71_aclk/X
 clkbuf_leaf_72_aclk/X
 clkbuf_leaf_73_aclk/X
 clkbuf_leaf_74_aclk/X
 clkbuf_leaf_75_aclk/X
 clkbuf_leaf_76_aclk/X
 clkbuf_leaf_77_aclk/X
 clkbuf_leaf_78_aclk/X
 clkbuf_leaf_79_aclk/X
 clkbuf_leaf_7_aclk/X
 clkbuf_leaf_80_aclk/X
 clkbuf_leaf_82_aclk/X
 clkbuf_leaf_83_aclk/X
 clkbuf_leaf_84_aclk/X
 clkbuf_leaf_85_aclk/X
 clkbuf_leaf_86_aclk/X
 clkbuf_leaf_87_aclk/X
 clkbuf_leaf_88_aclk/X
 clkbuf_leaf_89_aclk/X
 clkbuf_leaf_90_aclk/X
 clkbuf_leaf_91_aclk/X
 clkbuf_leaf_92_aclk/X
 clkbuf_leaf_93_aclk/X
 clkbuf_leaf_94_aclk/X
 clkbuf_leaf_95_aclk/X
 clkbuf_leaf_96_aclk/X
 clkbuf_leaf_97_aclk/X
 clkbuf_leaf_98_aclk/X
 clkbuf_leaf_99_aclk/X
 clkbuf_leaf_9_aclk/X
Found 0 partially unannotated drivers.

===========================================================================
max slew violation count 0
Writing metric design__max_slew_violation__count__corner:nom_tt_025C_1v80: 0
max fanout violation count 0
Writing metric design__max_fanout_violation__count__corner:nom_tt_025C_1v80: 0
max cap violation count 0
Writing metric design__max_cap_violation__count__corner:nom_tt_025C_1v80: 0
============================================================================

===========================================================================
check_setup -verbose -unconstrained_endpoints -multiple_clock -no_clock -no_input_delay -loops -generated_clocks
===========================================================================
Warning: There is 1 input port missing set_input_delay.
  aresetn
Warning: There is 1 unconstrained endpoint.
  _6631_/D
