
===========================================================================
 report_power
============================================================================
======================= nom_tt_025C_1v80 Corner ===================================

Group                    Internal    Switching      Leakage        Total
                            Power        Power        Power        Power (Watts)
------------------------------------------------------------------------
Sequential           2.736790e-03 7.525110e-04 6.223059e-09 3.489307e-03  32.1%
Combinational        2.856898e-03 3.354526e-03 1.305149e-08 6.211437e-03  57.1%
Clock                7.881807e-04 3.824242e-04 2.858965e-09 1.170608e-03  10.8%
Macro                0.000000e+00 0.000000e+00 0.000000e+00 0.000000e+00   0.0%
Pad                  0.000000e+00 0.000000e+00 0.000000e+00 0.000000e+00   0.0%
------------------------------------------------------------------------
Total                6.381878e-03 4.489456e-03 2.213363e-08 1.087136e-02 100.0%
                            58.7%        41.3%         0.0%
Writing metric power__internal__total: 0.006381878163665533
Writing metric power__switching__total: 0.004489456303417683
Writing metric power__leakage__total: 2.2133630039888885e-8
Writing metric power__total: 0.01087135635316372

