
===========================================================================
 report_power
============================================================================
======================= min_tt_025C_1v80 Corner ===================================

Group                    Internal    Switching      Leakage        Total
                            Power        Power        Power        Power (Watts)
------------------------------------------------------------------------
Sequential           3.095384e-03 9.256984e-04 6.273851e-09 4.021089e-03  31.0%
Combinational        2.832767e-03 4.160608e-03 1.411856e-08 6.993389e-03  54.0%
Clock                9.763558e-04 9.648365e-04 4.287403e-08 1.941235e-03  15.0%
Macro                0.000000e+00 0.000000e+00 0.000000e+00 0.000000e+00   0.0%
Pad                  0.000000e+00 0.000000e+00 0.000000e+00 0.000000e+00   0.0%
------------------------------------------------------------------------
Total                6.904517e-03 6.051140e-03 6.326487e-08 1.295572e-02 100.0%
                            53.3%        46.7%         0.0%

