
===========================================================================
report_checks -unconstrained
===========================================================================
======================= min_ss_100C_1v60 Corner ===================================

Startpoint: _6748_ (rising edge-triggered flip-flop clocked by aclk)
Endpoint: _6649_ (rising edge-triggered flip-flop clocked by aclk)
Path Group: aclk
Path Type: max

Fanout         Cap        Slew       Delay        Time   Description
---------------------------------------------------------------------------------------------
                                  0.000000    0.000000   clock aclk (rise edge)
                                  0.000000    0.000000   clock source latency
     1    0.084088    0.000000    0.000000    0.000000 ^ aclk (in)
                                                         aclk (net)
                      0.030598    0.015299    0.015299 ^ clkbuf_0_aclk/A (sky130_fd_sc_hd__clkbuf_16)
     5    0.126920    0.214968    0.322693    0.337992 ^ clkbuf_0_aclk/X (sky130_fd_sc_hd__clkbuf_16)
                                                         clknet_0_aclk (net)
                      0.215575    0.009282    0.347274 ^ clkbuf_2_0_0_aclk/A (sky130_fd_sc_hd__clkbuf_8)
     2    0.044794    0.141685    0.351806    0.699080 ^ clkbuf_2_0_0_aclk/X (sky130_fd_sc_hd__clkbuf_8)
                                                         clknet_2_0_0_aclk (net)
                      0.141855    0.004380    0.703460 ^ clkbuf_3_1__f_aclk/A (sky130_fd_sc_hd__clkbuf_16)
    15    0.166149    0.271495    0.413175    1.116635 ^ clkbuf_3_1__f_aclk/X (sky130_fd_sc_hd__clkbuf_16)
                                                         clknet_3_1__leaf_aclk (net)
                      0.273169    0.017259    1.133894 ^ clkbuf_leaf_82_aclk/A (sky130_fd_sc_hd__clkbuf_8)
     6    0.018025    0.079947    0.322705    1.456599 ^ clkbuf_leaf_82_aclk/X (sky130_fd_sc_hd__clkbuf_8)
                                                         clknet_leaf_82_aclk (net)
                      0.079947    0.000065    1.456664 ^ _6748_/CLK (sky130_fd_sc_hd__dfrtp_4)
     5    0.031990    0.180610    1.090787    2.547451 v _6748_/Q (sky130_fd_sc_hd__dfrtp_4)
                                                         u_write_arbiter.w_state[0] (net)
                      0.180610    0.000393    2.547844 v _3335_/A (sky130_fd_sc_hd__nor2_8)
     6    0.105927    0.617776    0.588684    3.136528 ^ _3335_/Y (sky130_fd_sc_hd__nor2_8)
                                                         _0617_ (net)
                      0.619341    0.025513    3.162042 ^ _3346_/A (sky130_fd_sc_hd__nor2_4)
     3    0.041962    0.189364    0.338232    3.500274 v _3346_/Y (sky130_fd_sc_hd__nor2_4)
                                                         _0626_ (net)
                      0.189364    0.000260    3.500534 v _3875_/C (sky130_fd_sc_hd__nor3_4)
     2    0.074676    1.226908    1.002862    4.503396 ^ _3875_/Y (sky130_fd_sc_hd__nor3_4)
                                                         _1132_ (net)
                      1.227227    0.016485    4.519881 ^ _3876_/A (sky130_fd_sc_hd__buf_2)
    10    0.042252    0.337753    0.767185    5.287065 ^ _3876_/X (sky130_fd_sc_hd__buf_2)
                                                         _1133_ (net)
                      0.337753    0.000881    5.287946 ^ _4758_/C (sky130_fd_sc_hd__nand3_1)
     4    0.013618    0.362255    0.441797    5.729743 v _4758_/Y (sky130_fd_sc_hd__nand3_1)
                                                         _1782_ (net)
                      0.362255    0.000326    5.730069 v _4763_/B (sky130_fd_sc_hd__nor2_1)
     3    0.009366    0.320527    0.396385    6.126454 ^ _4763_/Y (sky130_fd_sc_hd__nor2_1)
                                                         _1787_ (net)
                      0.320527    0.000131    6.126585 ^ _4797_/A_N (sky130_fd_sc_hd__nand3b_2)
     2    0.015193    0.184133    0.373696    6.500281 ^ _4797_/Y (sky130_fd_sc_hd__nand3b_2)
                                                         _1821_ (net)
                      0.184133    0.000305    6.500587 ^ _4798_/C (sky130_fd_sc_hd__nand3_4)
     7    0.102780    0.704311    0.623567    7.124154 v _4798_/Y (sky130_fd_sc_hd__nand3_4)
                                                         _1822_ (net)
                      0.706134    0.029517    7.153670 v _4799_/A (sky130_fd_sc_hd__nand2_4)
     4    0.046756    0.300007    0.493437    7.647107 ^ _4799_/Y (sky130_fd_sc_hd__nand2_4)
                                                         _1823_ (net)
                      0.300008    0.001318    7.648425 ^ _4800_/A (sky130_fd_sc_hd__clkinv_8)
     4    0.125032    0.255158    0.296797    7.945222 v _4800_/Y (sky130_fd_sc_hd__clkinv_8)
                                                         _1824_ (net)
                      0.255164    0.001206    7.946429 v _4801_/A (sky130_fd_sc_hd__clkbuf_16)
    12    0.185188    0.205136    0.478358    8.424787 v _4801_/X (sky130_fd_sc_hd__clkbuf_16)
                                                         _1825_ (net)
                      0.208166    0.019727    8.444513 v _4802_/A (sky130_fd_sc_hd__buf_12)
    12    0.217252    0.198851    0.412634    8.857147 v _4802_/X (sky130_fd_sc_hd__buf_12)
                                                         _1826_ (net)
                      0.201856    0.019800    8.876947 v _4844_/B (sky130_fd_sc_hd__or2_1)
     1    0.011750    0.176823    0.606693    9.483641 v _4844_/X (sky130_fd_sc_hd__or2_1)
                                                         _1867_ (net)
                      0.176823    0.000639    9.484280 v _4846_/A1 (sky130_fd_sc_hd__a31o_1)
     1    0.022597    0.221175    0.513235    9.997514 v _4846_/X (sky130_fd_sc_hd__a31o_1)
                                                         _1869_ (net)
                      0.221186    0.001854    9.999368 v _4847_/B2 (sky130_fd_sc_hd__o22a_1)
     1    0.002462    0.082318    0.362195   10.361563 v _4847_/X (sky130_fd_sc_hd__o22a_1)
                                                         _0094_ (net)
                      0.082318    0.000023   10.361586 v _6649_/D (sky130_fd_sc_hd__dfrtp_1)
                                             10.361586   data arrival time

                                 12.000000   12.000000   clock aclk (rise edge)
                                  0.000000   12.000000   clock source latency
     1    0.084088    0.000000    0.000000   12.000000 ^ aclk (in)
                                                         aclk (net)
                      0.030598    0.015299   12.015299 ^ clkbuf_0_aclk/A (sky130_fd_sc_hd__clkbuf_16)
     5    0.126920    0.214968    0.322693   12.337992 ^ clkbuf_0_aclk/X (sky130_fd_sc_hd__clkbuf_16)
                                                         clknet_0_aclk (net)
                      0.215575    0.009282   12.347274 ^ clkbuf_2_0_0_aclk/A (sky130_fd_sc_hd__clkbuf_8)
     2    0.044794    0.141685    0.351806   12.699080 ^ clkbuf_2_0_0_aclk/X (sky130_fd_sc_hd__clkbuf_8)
                                                         clknet_2_0_0_aclk (net)
                      0.141858    0.004406   12.703485 ^ clkbuf_3_0__f_aclk/A (sky130_fd_sc_hd__clkbuf_16)
    16    0.185665    0.295590    0.435576   13.139062 ^ clkbuf_3_0__f_aclk/X (sky130_fd_sc_hd__clkbuf_16)
                                                         clknet_3_0__leaf_aclk (net)
                      0.296840    0.015496   13.154558 ^ _6649_/CLK (sky130_fd_sc_hd__dfrtp_1)
                                 -0.300000   12.854558   clock uncertainty
                                  0.000000   12.854558   clock reconvergence pessimism
                                 -0.221228   12.633329   library setup time
                                             12.633329   data required time
---------------------------------------------------------------------------------------------
                                             12.633329   data required time
                                            -10.361586   data arrival time
---------------------------------------------------------------------------------------------
                                              2.271744   slack (MET)




===========================================================================
report_checks --slack_max -0.01
============================================================================
======================= min_ss_100C_1v60 Corner ===================================

No paths found.


===========================================================================
 report_check_types -max_slew -max_cap -max_fanout -violators
============================================================================
======================= min_ss_100C_1v60 Corner ===================================

max slew

Pin                                        Limit        Slew       Slack
------------------------------------------------------------------------
_4371_/Y                                1.497941    1.902452   -0.404511 (VIOLATED)
_4412_/A                                1.500000    1.903182   -0.403182 (VIOLATED)
ANTENNA_45/DIODE                        1.500000    1.903171   -0.403171 (VIOLATED)
_4448_/A                                1.500000    1.903171   -0.403171 (VIOLATED)
_4484_/A                                1.500000    1.903027   -0.403027 (VIOLATED)
ANTENNA_44/DIODE                        1.500000    1.903027   -0.403027 (VIOLATED)
ANTENNA_43/DIODE                        1.500000    1.903026   -0.403026 (VIOLATED)
_4372_/A                                1.500000    1.903026   -0.403026 (VIOLATED)
_4295_/Y                                1.497941    1.881924   -0.383983 (VIOLATED)
_4296_/A                                1.500000    1.882958   -0.382958 (VIOLATED)
_4422_/A                                1.500000    1.882954   -0.382954 (VIOLATED)
ANTENNA_12/DIODE                        1.500000    1.882954   -0.382954 (VIOLATED)
_4386_/A                                1.500000    1.881930   -0.381930 (VIOLATED)
_4458_/A                                1.500000    1.881929   -0.381929 (VIOLATED)
_4362_/Y                                1.497941    1.864076   -0.366135 (VIOLATED)
_4409_/A                                1.500000    1.864768   -0.364768 (VIOLATED)
_4445_/A                                1.500000    1.864752   -0.364752 (VIOLATED)
ANTENNA_40/DIODE                        1.500000    1.864751   -0.364751 (VIOLATED)
_4481_/A                                1.500000    1.864700   -0.364700 (VIOLATED)
ANTENNA_477/DIODE                       1.500000    1.864663   -0.364663 (VIOLATED)
_4363_/A                                1.500000    1.864664   -0.364664 (VIOLATED)
_4286_/Y                                1.497941    1.847527   -0.349586 (VIOLATED)
_4283_/Y                                1.497941    1.846539   -0.348598 (VIOLATED)
_4419_/A                                1.500000    1.848327   -0.348327 (VIOLATED)
_4455_/A                                1.500000    1.848275   -0.348275 (VIOLATED)
ANTENNA_9/DIODE                         1.500000    1.848274   -0.348274 (VIOLATED)
_4418_/A                                1.500000    1.847765   -0.347766 (VIOLATED)
_4287_/A                                1.500000    1.847758   -0.347759 (VIOLATED)
ANTENNA_10/DIODE                        1.500000    1.847747   -0.347747 (VIOLATED)
_4383_/A                                1.500000    1.847747   -0.347747 (VIOLATED)
_4454_/A                                1.500000    1.847705   -0.347705 (VIOLATED)
ANTENNA_7/DIODE                         1.500000    1.847704   -0.347704 (VIOLATED)
_4382_/A                                1.500000    1.847040   -0.347040 (VIOLATED)
ANTENNA_8/DIODE                         1.500000    1.846995   -0.346996 (VIOLATED)
_4284_/A                                1.500000    1.846996   -0.346996 (VIOLATED)
_4377_/Y                                1.497941    1.830574   -0.332633 (VIOLATED)
ANTENNA_47/DIODE                        1.500000    1.831658   -0.331658 (VIOLATED)
_4450_/A                                1.500000    1.831659   -0.331659 (VIOLATED)
_4414_/A                                1.500000    1.831658   -0.331658 (VIOLATED)
ANTENNA_46/DIODE                        1.500000    1.831658   -0.331658 (VIOLATED)
_4378_/A                                1.500000    1.830625   -0.330625 (VIOLATED)
_4486_/A                                1.500000    1.830622   -0.330623 (VIOLATED)
_4301_/Y                                1.497941    1.810716   -0.312775 (VIOLATED)
_4302_/A                                1.500000    1.812080   -0.312080 (VIOLATED)
ANTENNA_470/DIODE                       1.500000    1.812080   -0.312080 (VIOLATED)
_4424_/A                                1.500000    1.812040   -0.312040 (VIOLATED)
ANTENNA_472/DIODE                       1.500000    1.812037   -0.312037 (VIOLATED)
ANTENNA_474/DIODE                       1.500000    1.812037   -0.312037 (VIOLATED)
ANTENNA_471/DIODE                       1.500000    1.810722   -0.310722 (VIOLATED)
ANTENNA_473/DIODE                       1.500000    1.810722   -0.310722 (VIOLATED)
_4388_/A                                1.500000    1.810722   -0.310722 (VIOLATED)
_4460_/A                                1.500000    1.810722   -0.310722 (VIOLATED)
_4307_/Y                                1.497941    1.733929   -0.235988 (VIOLATED)
_4308_/A                                1.500000    1.734707   -0.234707 (VIOLATED)
_4426_/A                                1.500000    1.734696   -0.234696 (VIOLATED)
ANTENNA_475/DIODE                       1.500000    1.734695   -0.234695 (VIOLATED)
_4390_/A                                1.500000    1.733991   -0.233991 (VIOLATED)
ANTENNA_14/DIODE                        1.500000    1.733981   -0.233981 (VIOLATED)
_4462_/A                                1.500000    1.733981   -0.233981 (VIOLATED)
_4350_/Y                                1.497941    1.727494   -0.229553 (VIOLATED)
_4477_/A                                1.500000    1.728400   -0.228400 (VIOLATED)
_4351_/A                                1.500000    1.728326   -0.228326 (VIOLATED)
ANTENNA_32/DIODE                        1.500000    1.728288   -0.228288 (VIOLATED)
_4405_/A                                1.500000    1.728288   -0.228288 (VIOLATED)
ANTENNA_33/DIODE                        1.500000    1.727756   -0.227756 (VIOLATED)
_4441_/A                                1.500000    1.727756   -0.227756 (VIOLATED)
_4353_/Y                                1.497941    1.723826   -0.225885 (VIOLATED)
_4354_/A                                1.500000    1.724715   -0.224715 (VIOLATED)
_4406_/A                                1.500000    1.724697   -0.224697 (VIOLATED)
ANTENNA_35/DIODE                        1.500000    1.724678   -0.224678 (VIOLATED)
_4478_/A                                1.500000    1.724678   -0.224678 (VIOLATED)
_4442_/A                                1.500000    1.724546   -0.224546 (VIOLATED)
ANTENNA_34/DIODE                        1.500000    1.724546   -0.224546 (VIOLATED)
_4347_/Y                                1.497941    1.714373   -0.216432 (VIOLATED)
_4440_/A                                1.500000    1.715088   -0.215089 (VIOLATED)
ANTENNA_476/DIODE                       1.500000    1.715088   -0.215088 (VIOLATED)
_4404_/A                                1.500000    1.714872   -0.214872 (VIOLATED)
_4348_/A                                1.500000    1.714864   -0.214865 (VIOLATED)
ANTENNA_25/DIODE                        1.500000    1.714782   -0.214782 (VIOLATED)
ANTENNA_27/DIODE                        1.500000    1.714782   -0.214782 (VIOLATED)
ANTENNA_31/DIODE                        1.500000    1.714782   -0.214782 (VIOLATED)
_4476_/A                                1.500000    1.714782   -0.214782 (VIOLATED)
ANTENNA_26/DIODE                        1.500000    1.714782   -0.214782 (VIOLATED)
ANTENNA_30/DIODE                        1.500000    1.714782   -0.214782 (VIOLATED)
ANTENNA_23/DIODE                        1.500000    1.714373   -0.214373 (VIOLATED)
ANTENNA_24/DIODE                        1.500000    1.714373   -0.214373 (VIOLATED)
ANTENNA_28/DIODE                        1.500000    1.714373   -0.214373 (VIOLATED)
ANTENNA_29/DIODE                        1.500000    1.714373   -0.214373 (VIOLATED)
_4374_/Y                                1.497941    1.708210   -0.210269 (VIOLATED)
_4449_/A                                1.500000    1.708436   -0.208436 (VIOLATED)
_4413_/A                                1.500000    1.708436   -0.208436 (VIOLATED)
_4485_/A                                1.500000    1.708264   -0.208264 (VIOLATED)
_4375_/A                                1.500000    1.708242   -0.208242 (VIOLATED)
_4359_/Y                                1.497941    1.682858   -0.184917 (VIOLATED)
_4444_/A                                1.500000    1.683666   -0.183666 (VIOLATED)
ANTENNA_39/DIODE                        1.500000    1.683646   -0.183646 (VIOLATED)
_4408_/A                                1.500000    1.683642   -0.183642 (VIOLATED)
_4480_/A                                1.500000    1.683440   -0.183440 (VIOLATED)
ANTENNA_38/DIODE                        1.500000    1.683434   -0.183435 (VIOLATED)
_4360_/A                                1.500000    1.683433   -0.183433 (VIOLATED)
_4298_/Y                                1.497941    1.660863   -0.162922 (VIOLATED)
_4423_/A                                1.500000    1.661862   -0.161862 (VIOLATED)
_4299_/A                                1.500000    1.661824   -0.161824 (VIOLATED)
_4387_/A                                1.500000    1.660876   -0.160876 (VIOLATED)
_4459_/A                                1.500000    1.660874   -0.160875 (VIOLATED)
_4304_/Y                                1.497941    1.651887   -0.153946 (VIOLATED)
_4425_/A                                1.500000    1.652962   -0.152962 (VIOLATED)
_4305_/A                                1.500000    1.652958   -0.152958 (VIOLATED)
ANTENNA_13/DIODE                        1.500000    1.652957   -0.152958 (VIOLATED)
_4389_/A                                1.500000    1.651896   -0.151896 (VIOLATED)
_4461_/A                                1.500000    1.651895   -0.151895 (VIOLATED)
_4365_/Y                                1.497941    1.594646   -0.096705 (VIOLATED)
_4446_/A                                1.500000    1.596066   -0.096066 (VIOLATED)
_4410_/A                                1.500000    1.596045   -0.096045 (VIOLATED)
_4366_/A                                1.500000    1.595543   -0.095543 (VIOLATED)
ANTENNA_41/DIODE                        1.500000    1.595455   -0.095455 (VIOLATED)
_4482_/A                                1.500000    1.595453   -0.095453 (VIOLATED)
_4368_/Y                                1.497941    1.583599   -0.085658 (VIOLATED)
_4411_/A                                1.500000    1.584395   -0.084395 (VIOLATED)
_4447_/A                                1.500000    1.584393   -0.084393 (VIOLATED)
ANTENNA_42/DIODE                        1.500000    1.584393   -0.084393 (VIOLATED)
_4483_/A                                1.500000    1.583819   -0.083819 (VIOLATED)
_4369_/A                                1.500000    1.583783   -0.083783 (VIOLATED)
_4278_/Y                                1.497941    1.572802   -0.074861 (VIOLATED)
_4453_/A                                1.500000    1.573390   -0.073391 (VIOLATED)
_4417_/A                                1.500000    1.573376   -0.073376 (VIOLATED)
ANTENNA_5/DIODE                         1.500000    1.573374   -0.073374 (VIOLATED)
_4281_/A                                1.500000    1.573210   -0.073210 (VIOLATED)
ANTENNA_4/DIODE                         1.500000    1.573208   -0.073208 (VIOLATED)
_4381_/A                                1.500000    1.573208   -0.073208 (VIOLATED)
_4333_/Y                                1.497941    1.556374   -0.058433 (VIOLATED)
_4471_/A                                1.500000    1.557075   -0.057075 (VIOLATED)
_4399_/A                                1.500000    1.557045   -0.057045 (VIOLATED)
ANTENNA_19/DIODE                        1.500000    1.556910   -0.056910 (VIOLATED)
_4334_/A                                1.500000    1.556910   -0.056910 (VIOLATED)
_4435_/A                                1.500000    1.556613   -0.056613 (VIOLATED)
_4324_/Y                                1.497941    1.548360   -0.050419 (VIOLATED)
_4432_/A                                1.500000    1.548471   -0.048471 (VIOLATED)
_4468_/A                                1.500000    1.548405   -0.048405 (VIOLATED)
_4396_/A                                1.500000    1.548402   -0.048402 (VIOLATED)
_4325_/A                                1.500000    1.548376   -0.048376 (VIOLATED)
_4356_/Y                                1.497941    1.545986   -0.048045 (VIOLATED)
_4479_/A                                1.500000    1.546605   -0.046605 (VIOLATED)
_4357_/A                                1.500000    1.546551   -0.046551 (VIOLATED)
ANTENNA_36/DIODE                        1.500000    1.546520   -0.046520 (VIOLATED)
_4407_/A                                1.500000    1.546519   -0.046519 (VIOLATED)
_4443_/A                                1.500000    1.546358   -0.046358 (VIOLATED)
ANTENNA_37/DIODE                        1.500000    1.546358   -0.046358 (VIOLATED)
_4289_/Y                                1.497941    1.512778   -0.014837 (VIOLATED)
_4456_/A                                1.500000    1.513844   -0.013844 (VIOLATED)
ANTENNA_469/DIODE                       1.500000    1.513844   -0.013844 (VIOLATED)
_4420_/A                                1.500000    1.513844   -0.013844 (VIOLATED)
ANTENNA_468/DIODE                       1.500000    1.513843   -0.013843 (VIOLATED)
_4384_/A                                1.500000    1.512792   -0.012792 (VIOLATED)
_4290_/A                                1.500000    1.512792   -0.012792 (VIOLATED)
_4321_/Y                                1.497941    1.505270   -0.007329 (VIOLATED)
_4322_/A                                1.500000    1.505724   -0.005724 (VIOLATED)
_4395_/A                                1.500000    1.505671   -0.005671 (VIOLATED)
_4467_/A                                1.500000    1.505646   -0.005646 (VIOLATED)
ANTENNA_16/DIODE                        1.500000    1.505646   -0.005646 (VIOLATED)
_4431_/A                                1.500000    1.505353   -0.005353 (VIOLATED)

max capacitance

Pin                                        Limit         Cap       Slack
------------------------------------------------------------------------
_4371_/Y                                0.137339    0.179415   -0.042076 (VIOLATED)
_4295_/Y                                0.137339    0.177517   -0.040178 (VIOLATED)
_4362_/Y                                0.137339    0.175604   -0.038265 (VIOLATED)
_4286_/Y                                0.137339    0.174062   -0.036723 (VIOLATED)
_4283_/Y                                0.137339    0.173813   -0.036474 (VIOLATED)
_4377_/Y                                0.137339    0.172415   -0.035076 (VIOLATED)
_4301_/Y                                0.137339    0.170341   -0.033002 (VIOLATED)
_4307_/Y                                0.137339    0.162850   -0.025511 (VIOLATED)
_4350_/Y                                0.137339    0.162090   -0.024751 (VIOLATED)
_4353_/Y                                0.137339    0.161666   -0.024327 (VIOLATED)
_4347_/Y                                0.137339    0.160822   -0.023483 (VIOLATED)
_4374_/Y                                0.137339    0.160457   -0.023118 (VIOLATED)
_4359_/Y                                0.137339    0.157657   -0.020318 (VIOLATED)
_4298_/Y                                0.137339    0.155558   -0.018219 (VIOLATED)
_4304_/Y                                0.137339    0.154729   -0.017390 (VIOLATED)
_4365_/Y                                0.137339    0.149417   -0.012078 (VIOLATED)
_4368_/Y                                0.137339    0.147742   -0.010403 (VIOLATED)
_4278_/Y                                0.137339    0.146653   -0.009314 (VIOLATED)
_4333_/Y                                0.137339    0.145067   -0.007728 (VIOLATED)
_4324_/Y                                0.137339    0.144520   -0.007181 (VIOLATED)
_4356_/Y                                0.137339    0.144075   -0.006736 (VIOLATED)
_4289_/Y                                0.137339    0.140705   -0.003366 (VIOLATED)
_4321_/Y                                0.137339    0.140086   -0.002747 (VIOLATED)
_4343_/Y                                0.137339    0.138549   -0.001210 (VIOLATED)
_4311_/Y                                0.137339    0.137951   -0.000612 (VIOLATED)
_4327_/Y                                0.137339    0.137596   -0.000257 (VIOLATED)



===========================================================================
report_parasitic_annotation -report_unannotated
============================================================================
Found 5 unannotated drivers.
 cfg_weight_m0[0]
 cfg_weight_m0[1]
 cfg_weight_m0[2]
 cfg_weight_m0[3]
 _6631__949/HI
Found 0 partially unannotated drivers.

===========================================================================
max slew violation count 161
max fanout violation count 0
max cap violation count 26
============================================================================

===========================================================================
check_setup -verbose -unconstrained_endpoints -multiple_clock -no_clock -no_input_delay -loops -generated_clocks
===========================================================================
Warning: There is 1 input port missing set_input_delay.
  aresetn
Warning: There is 1 unconstrained endpoint.
  _6631_/D
