
===========================================================================
 report_power
============================================================================
======================= min_ss_100C_1v60 Corner ===================================

Group                    Internal    Switching      Leakage        Total
                            Power        Power        Power        Power (Watts)
------------------------------------------------------------------------
Sequential           2.132049e-03 8.023733e-04 9.936714e-06 2.944359e-03  28.9%
Combinational        2.409735e-03 3.511813e-03 2.120004e-05 5.942747e-03  58.4%
Clock                6.535980e-04 6.359695e-04 1.204502e-06 1.290772e-03  12.7%
Macro                0.000000e+00 0.000000e+00 0.000000e+00 0.000000e+00   0.0%
Pad                  0.000000e+00 0.000000e+00 0.000000e+00 0.000000e+00   0.0%
------------------------------------------------------------------------
Total                5.195381e-03 4.950154e-03 3.234191e-05 1.017788e-02 100.0%
                            51.0%        48.6%         0.3%

