
14. Executing PROC_DLATCH pass (convert process syncs to latches).
No latch inferred for signal `$paramod$70e768f93198a4a8c4f7d958f2c0abe528626c73\axi4lite_write_arbiter.\m_axi_wdata' from process `$paramod$70e768f93198a4a8c4f7d958f2c0abe528626c73\axi4lite_write_arbiter.$proc$/work/openlane/axi4lite_arbiter_top_sv2v.v:815$1028'.
No latch inferred for signal `$paramod$70e768f93198a4a8c4f7d958f2c0abe528626c73\axi4lite_write_arbiter.\m_axi_wstrb' from process `$paramod$70e768f93198a4a8c4f7d958f2c0abe528626c73\axi4lite_write_arbiter.$proc$/work/openlane/axi4lite_arbiter_top_sv2v.v:815$1028'.
No latch inferred for signal `$paramod$70e768f93198a4a8c4f7d958f2c0abe528626c73\axi4lite_write_arbiter.\m_axi_wvalid' from process `$paramod$70e768f93198a4a8c4f7d958f2c0abe528626c73\axi4lite_write_arbiter.$proc$/work/openlane/axi4lite_arbiter_top_sv2v.v:815$1028'.
No latch inferred for signal `$paramod$70e768f93198a4a8c4f7d958f2c0abe528626c73\axi4lite_write_arbiter.\sv2v_autoblock_8.s' from process `$paramod$70e768f93198a4a8c4f7d958f2c0abe528626c73\axi4lite_write_arbiter.$proc$/work/openlane/axi4lite_arbiter_top_sv2v.v:815$1028'.
No latch inferred for signal `$paramod$70e768f93198a4a8c4f7d958f2c0abe528626c73\axi4lite_write_arbiter.\m_axi_awaddr' from process `$paramod$70e768f93198a4a8c4f7d958f2c0abe528626c73\axi4lite_write_arbiter.$proc$/work/openlane/axi4lite_arbiter_top_sv2v.v:798$1024'.
No latch inferred for signal `$paramod$70e768f93198a4a8c4f7d958f2c0abe528626c73\axi4lite_write_arbiter.\m_axi_awprot' from process `$paramod$70e768f93198a4a8c4f7d958f2c0abe528626c73\axi4lite_write_arbiter.$proc$/work/openlane/axi4lite_arbiter_top_sv2v.v:798$1024'.
No latch inferred for signal `$paramod$70e768f93198a4a8c4f7d958f2c0abe528626c73\axi4lite_write_arbiter.\m_axi_awvalid' from process `$paramod$70e768f93198a4a8c4f7d958f2c0abe528626c73\axi4lite_write_arbiter.$proc$/work/openlane/axi4lite_arbiter_top_sv2v.v:798$1024'.
No latch inferred for signal `$paramod$70e768f93198a4a8c4f7d958f2c0abe528626c73\axi4lite_write_arbiter.\sv2v_autoblock_7.s' from process `$paramod$70e768f93198a4a8c4f7d958f2c0abe528626c73\axi4lite_write_arbiter.$proc$/work/openlane/axi4lite_arbiter_top_sv2v.v:798$1024'.
No latch inferred for signal `$paramod$70e768f93198a4a8c4f7d958f2c0abe528626c73\axi4lite_write_arbiter.\write_eligible' from process `$paramod$70e768f93198a4a8c4f7d958f2c0abe528626c73\axi4lite_write_arbiter.$proc$/work/openlane/axi4lite_arbiter_top_sv2v.v:717$943'.
No latch inferred for signal `$paramod$70e768f93198a4a8c4f7d958f2c0abe528626c73\axi4lite_write_arbiter.\sv2v_autoblock_3.m' from process `$paramod$70e768f93198a4a8c4f7d958f2c0abe528626c73\axi4lite_write_arbiter.$proc$/work/openlane/axi4lite_arbiter_top_sv2v.v:717$943'.
No latch inferred for signal `$paramod$70e768f93198a4a8c4f7d958f2c0abe528626c73\axi4lite_write_arbiter.\s_axi_awready' from process `$paramod$70e768f93198a4a8c4f7d958f2c0abe528626c73\axi4lite_write_arbiter.$proc$/work/openlane/axi4lite_arbiter_top_sv2v.v:709$918'.
No latch inferred for signal `$paramod$70e768f93198a4a8c4f7d958f2c0abe528626c73\axi4lite_write_arbiter.\s_axi_wready' from process `$paramod$70e768f93198a4a8c4f7d958f2c0abe528626c73\axi4lite_write_arbiter.$proc$/work/openlane/axi4lite_arbiter_top_sv2v.v:709$918'.
No latch inferred for signal `$paramod$70e768f93198a4a8c4f7d958f2c0abe528626c73\axi4lite_write_arbiter.\sv2v_autoblock_2.m' from process `$paramod$70e768f93198a4a8c4f7d958f2c0abe528626c73\axi4lite_write_arbiter.$proc$/work/openlane/axi4lite_arbiter_top_sv2v.v:709$918'.
No latch inferred for signal `$paramod$70e768f93198a4a8c4f7d958f2c0abe528626c73\axi4lite_write_arbiter.\buf_locked' from process `$paramod$70e768f93198a4a8c4f7d958f2c0abe528626c73\axi4lite_write_arbiter.$proc$/work/openlane/axi4lite_arbiter_top_sv2v.v:704$905'.
No latch inferred for signal `$paramod$70e768f93198a4a8c4f7d958f2c0abe528626c73\axi4lite_write_arbiter.\sv2v_autoblock_1.m' from process `$paramod$70e768f93198a4a8c4f7d958f2c0abe528626c73\axi4lite_write_arbiter.$proc$/work/openlane/axi4lite_arbiter_top_sv2v.v:704$905'.
No latch inferred for signal `$paramod$70e768f93198a4a8c4f7d958f2c0abe528626c73\axi4lite_write_arbiter.\decode_addr' from process `$paramod$70e768f93198a4a8c4f7d958f2c0abe528626c73\axi4lite_write_arbiter.$proc$/work/openlane/axi4lite_arbiter_top_sv2v.v:683$901'.
No latch inferred for signal `$paramod$81ce42896b6420f5b5e2661c2ae9db4347cc4ddf\axi4lite_read_arbiter.\m_axi_araddr' from process `$paramod$81ce42896b6420f5b5e2661c2ae9db4347cc4ddf\axi4lite_read_arbiter.$proc$/work/openlane/axi4lite_arbiter_top_sv2v.v:1000$890'.
No latch inferred for signal `$paramod$81ce42896b6420f5b5e2661c2ae9db4347cc4ddf\axi4lite_read_arbiter.\m_axi_arprot' from process `$paramod$81ce42896b6420f5b5e2661c2ae9db4347cc4ddf\axi4lite_read_arbiter.$proc$/work/openlane/axi4lite_arbiter_top_sv2v.v:1000$890'.
No latch inferred for signal `$paramod$81ce42896b6420f5b5e2661c2ae9db4347cc4ddf\axi4lite_read_arbiter.\m_axi_arvalid' from process `$paramod$81ce42896b6420f5b5e2661c2ae9db4347cc4ddf\axi4lite_read_arbiter.$proc$/work/openlane/axi4lite_arbiter_top_sv2v.v:1000$890'.
No latch inferred for signal `$paramod$81ce42896b6420f5b5e2661c2ae9db4347cc4ddf\axi4lite_read_arbiter.\sv2v_autoblock_1.s' from process `$paramod$81ce42896b6420f5b5e2661c2ae9db4347cc4ddf\axi4lite_read_arbiter.$proc$/work/openlane/axi4lite_arbiter_top_sv2v.v:1000$890'.
No latch inferred for signal `$paramod$81ce42896b6420f5b5e2661c2ae9db4347cc4ddf\axi4lite_read_arbiter.\s_axi_arready' from process `$paramod$81ce42896b6420f5b5e2661c2ae9db4347cc4ddf\axi4lite_read_arbiter.$proc$/work/openlane/axi4lite_arbiter_top_sv2v.v:989$855'.
No latch inferred for signal `$paramod$81ce42896b6420f5b5e2661c2ae9db4347cc4ddf\axi4lite_read_arbiter.$bitselwrite$pos$/work/openlane/axi4lite_arbiter_top_sv2v.v:993$838' from process `$paramod$81ce42896b6420f5b5e2661c2ae9db4347cc4ddf\axi4lite_read_arbiter.$proc$/work/openlane/axi4lite_arbiter_top_sv2v.v:989$855'.
No latch inferred for signal `$paramod$81ce42896b6420f5b5e2661c2ae9db4347cc4ddf\axi4lite_read_arbiter.$bitselwrite$pos$/work/openlane/axi4lite_arbiter_top_sv2v.v:995$839' from process `$paramod$81ce42896b6420f5b5e2661c2ae9db4347cc4ddf\axi4lite_read_arbiter.$proc$/work/openlane/axi4lite_arbiter_top_sv2v.v:989$855'.
No latch inferred for signal `$paramod$81ce42896b6420f5b5e2661c2ae9db4347cc4ddf\axi4lite_read_arbiter.$bitselwrite$pos$/work/openlane/axi4lite_arbiter_top_sv2v.v:997$840' from process `$paramod$81ce42896b6420f5b5e2661c2ae9db4347cc4ddf\axi4lite_read_arbiter.$proc$/work/openlane/axi4lite_arbiter_top_sv2v.v:989$855'.
No latch inferred for signal `$paramod$81ce42896b6420f5b5e2661c2ae9db4347cc4ddf\axi4lite_read_arbiter.\target_arready' from process `$paramod$81ce42896b6420f5b5e2661c2ae9db4347cc4ddf\axi4lite_read_arbiter.$proc$/work/openlane/axi4lite_arbiter_top_sv2v.v:943$845'.
No latch inferred for signal `$paramod$81ce42896b6420f5b5e2661c2ae9db4347cc4ddf\axi4lite_read_arbiter.\decode_addr' from process `$paramod$81ce42896b6420f5b5e2661c2ae9db4347cc4ddf\axi4lite_read_arbiter.$proc$/work/openlane/axi4lite_arbiter_top_sv2v.v:925$841'.
No latch inferred for signal `$paramod$b358acc07f1df1ca7668b3eda652fc0a3794bba8\axi4lite_response_router.\s_rready' from process `$paramod$b358acc07f1df1ca7668b3eda652fc0a3794bba8\axi4lite_response_router.$proc$/work/openlane/axi4lite_arbiter_top_sv2v.v:528$781'.
No latch inferred for signal `$paramod$b358acc07f1df1ca7668b3eda652fc0a3794bba8\axi4lite_response_router.\m_rdata' from process `$paramod$b358acc07f1df1ca7668b3eda652fc0a3794bba8\axi4lite_response_router.$proc$/work/openlane/axi4lite_arbiter_top_sv2v.v:528$781'.
No latch inferred for signal `$paramod$b358acc07f1df1ca7668b3eda652fc0a3794bba8\axi4lite_response_router.\m_rresp' from process `$paramod$b358acc07f1df1ca7668b3eda652fc0a3794bba8\axi4lite_response_router.$proc$/work/openlane/axi4lite_arbiter_top_sv2v.v:528$781'.
No latch inferred for signal `$paramod$b358acc07f1df1ca7668b3eda652fc0a3794bba8\axi4lite_response_router.\m_rvalid' from process `$paramod$b358acc07f1df1ca7668b3eda652fc0a3794bba8\axi4lite_response_router.$proc$/work/openlane/axi4lite_arbiter_top_sv2v.v:528$781'.
No latch inferred for signal `$paramod$b358acc07f1df1ca7668b3eda652fc0a3794bba8\axi4lite_response_router.\r_resp_handshake' from process `$paramod$b358acc07f1df1ca7668b3eda652fc0a3794bba8\axi4lite_response_router.$proc$/work/openlane/axi4lite_arbiter_top_sv2v.v:528$781'.
No latch inferred for signal `$paramod$b358acc07f1df1ca7668b3eda652fc0a3794bba8\axi4lite_response_router.\r_owner_rready' from process `$paramod$b358acc07f1df1ca7668b3eda652fc0a3794bba8\axi4lite_response_router.$proc$/work/openlane/axi4lite_arbiter_top_sv2v.v:528$781'.
No latch inferred for signal `$paramod$b358acc07f1df1ca7668b3eda652fc0a3794bba8\axi4lite_response_router.\sv2v_autoblock_3.i' from process `$paramod$b358acc07f1df1ca7668b3eda652fc0a3794bba8\axi4lite_response_router.$proc$/work/openlane/axi4lite_arbiter_top_sv2v.v:528$781'.
No latch inferred for signal `$paramod$b358acc07f1df1ca7668b3eda652fc0a3794bba8\axi4lite_response_router.\sv2v_autoblock_4.i' from process `$paramod$b358acc07f1df1ca7668b3eda652fc0a3794bba8\axi4lite_response_router.$proc$/work/openlane/axi4lite_arbiter_top_sv2v.v:528$781'.
No latch inferred for signal `$paramod$b358acc07f1df1ca7668b3eda652fc0a3794bba8\axi4lite_response_router.$bitselwrite$rvalue$/work/openlane/axi4lite_arbiter_top_sv2v.v:548$734' from process `$paramod$b358acc07f1df1ca7668b3eda652fc0a3794bba8\axi4lite_response_router.$proc$/work/openlane/axi4lite_arbiter_top_sv2v.v:528$781'.
No latch inferred for signal `$paramod$b358acc07f1df1ca7668b3eda652fc0a3794bba8\axi4lite_response_router.$bitselwrite$rvalue$/work/openlane/axi4lite_arbiter_top_sv2v.v:549$735' from process `$paramod$b358acc07f1df1ca7668b3eda652fc0a3794bba8\axi4lite_response_router.$proc$/work/openlane/axi4lite_arbiter_top_sv2v.v:528$781'.
No latch inferred for signal `$paramod$b358acc07f1df1ca7668b3eda652fc0a3794bba8\axi4lite_response_router.$bitselwrite$rvalue$/work/openlane/axi4lite_arbiter_top_sv2v.v:550$736' from process `$paramod$b358acc07f1df1ca7668b3eda652fc0a3794bba8\axi4lite_response_router.$proc$/work/openlane/axi4lite_arbiter_top_sv2v.v:528$781'.
No latch inferred for signal `$paramod$b358acc07f1df1ca7668b3eda652fc0a3794bba8\axi4lite_response_router.$bitselwrite$rvalue$/work/openlane/axi4lite_arbiter_top_sv2v.v:554$737' from process `$paramod$b358acc07f1df1ca7668b3eda652fc0a3794bba8\axi4lite_response_router.$proc$/work/openlane/axi4lite_arbiter_top_sv2v.v:528$781'.
No latch inferred for signal `$paramod$b358acc07f1df1ca7668b3eda652fc0a3794bba8\axi4lite_response_router.$bitselwrite$rvalue$/work/openlane/axi4lite_arbiter_top_sv2v.v:555$738' from process `$paramod$b358acc07f1df1ca7668b3eda652fc0a3794bba8\axi4lite_response_router.$proc$/work/openlane/axi4lite_arbiter_top_sv2v.v:528$781'.
No latch inferred for signal `$paramod$b358acc07f1df1ca7668b3eda652fc0a3794bba8\axi4lite_response_router.$bitselwrite$rvalue$/work/openlane/axi4lite_arbiter_top_sv2v.v:556$739' from process `$paramod$b358acc07f1df1ca7668b3eda652fc0a3794bba8\axi4lite_response_router.$proc$/work/openlane/axi4lite_arbiter_top_sv2v.v:528$781'.
No latch inferred for signal `$paramod$b358acc07f1df1ca7668b3eda652fc0a3794bba8\axi4lite_response_router.$bitselwrite$rvalue$/work/openlane/axi4lite_arbiter_top_sv2v.v:561$740' from process `$paramod$b358acc07f1df1ca7668b3eda652fc0a3794bba8\axi4lite_response_router.$proc$/work/openlane/axi4lite_arbiter_top_sv2v.v:528$781'.
No latch inferred for signal `$paramod$b358acc07f1df1ca7668b3eda652fc0a3794bba8\axi4lite_response_router.$bitselwrite$rvalue$/work/openlane/axi4lite_arbiter_top_sv2v.v:562$741' from process `$paramod$b358acc07f1df1ca7668b3eda652fc0a3794bba8\axi4lite_response_router.$proc$/work/openlane/axi4lite_arbiter_top_sv2v.v:528$781'.
No latch inferred for signal `$paramod$b358acc07f1df1ca7668b3eda652fc0a3794bba8\axi4lite_response_router.$bitselwrite$rvalue$/work/openlane/axi4lite_arbiter_top_sv2v.v:563$742' from process `$paramod$b358acc07f1df1ca7668b3eda652fc0a3794bba8\axi4lite_response_router.$proc$/work/openlane/axi4lite_arbiter_top_sv2v.v:528$781'.
No latch inferred for signal `$paramod$b358acc07f1df1ca7668b3eda652fc0a3794bba8\axi4lite_response_router.\s_bready' from process `$paramod$b358acc07f1df1ca7668b3eda652fc0a3794bba8\axi4lite_response_router.$proc$/work/openlane/axi4lite_arbiter_top_sv2v.v:493$743'.
No latch inferred for signal `$paramod$b358acc07f1df1ca7668b3eda652fc0a3794bba8\axi4lite_response_router.\m_bresp' from process `$paramod$b358acc07f1df1ca7668b3eda652fc0a3794bba8\axi4lite_response_router.$proc$/work/openlane/axi4lite_arbiter_top_sv2v.v:493$743'.
No latch inferred for signal `$paramod$b358acc07f1df1ca7668b3eda652fc0a3794bba8\axi4lite_response_router.\m_bvalid' from process `$paramod$b358acc07f1df1ca7668b3eda652fc0a3794bba8\axi4lite_response_router.$proc$/work/openlane/axi4lite_arbiter_top_sv2v.v:493$743'.
No latch inferred for signal `$paramod$b358acc07f1df1ca7668b3eda652fc0a3794bba8\axi4lite_response_router.\w_resp_handshake' from process `$paramod$b358acc07f1df1ca7668b3eda652fc0a3794bba8\axi4lite_response_router.$proc$/work/openlane/axi4lite_arbiter_top_sv2v.v:493$743'.
No latch inferred for signal `$paramod$b358acc07f1df1ca7668b3eda652fc0a3794bba8\axi4lite_response_router.\sv2v_autoblock_1.i' from process `$paramod$b358acc07f1df1ca7668b3eda652fc0a3794bba8\axi4lite_response_router.$proc$/work/openlane/axi4lite_arbiter_top_sv2v.v:493$743'.
No latch inferred for signal `$paramod$b358acc07f1df1ca7668b3eda652fc0a3794bba8\axi4lite_response_router.\sv2v_autoblock_2.i' from process `$paramod$b358acc07f1df1ca7668b3eda652fc0a3794bba8\axi4lite_response_router.$proc$/work/openlane/axi4lite_arbiter_top_sv2v.v:493$743'.
No latch inferred for signal `$paramod$b358acc07f1df1ca7668b3eda652fc0a3794bba8\axi4lite_response_router.$bitselwrite$rvalue$/work/openlane/axi4lite_arbiter_top_sv2v.v:510$728' from process `$paramod$b358acc07f1df1ca7668b3eda652fc0a3794bba8\axi4lite_response_router.$proc$/work/openlane/axi4lite_arbiter_top_sv2v.v:493$743'.
No latch inferred for signal `$paramod$b358acc07f1df1ca7668b3eda652fc0a3794bba8\axi4lite_response_router.$bitselwrite$rvalue$/work/openlane/axi4lite_arbiter_top_sv2v.v:511$729' from process `$paramod$b358acc07f1df1ca7668b3eda652fc0a3794bba8\axi4lite_response_router.$proc$/work/openlane/axi4lite_arbiter_top_sv2v.v:493$743'.
No latch inferred for signal `$paramod$b358acc07f1df1ca7668b3eda652fc0a3794bba8\axi4lite_response_router.$bitselwrite$rvalue$/work/openlane/axi4lite_arbiter_top_sv2v.v:515$730' from process `$paramod$b358acc07f1df1ca7668b3eda652fc0a3794bba8\axi4lite_response_router.$proc$/work/openlane/axi4lite_arbiter_top_sv2v.v:493$743'.
No latch inferred for signal `$paramod$b358acc07f1df1ca7668b3eda652fc0a3794bba8\axi4lite_response_router.$bitselwrite$rvalue$/work/openlane/axi4lite_arbiter_top_sv2v.v:516$731' from process `$paramod$b358acc07f1df1ca7668b3eda652fc0a3794bba8\axi4lite_response_router.$proc$/work/openlane/axi4lite_arbiter_top_sv2v.v:493$743'.
No latch inferred for signal `$paramod$b358acc07f1df1ca7668b3eda652fc0a3794bba8\axi4lite_response_router.$bitselwrite$rvalue$/work/openlane/axi4lite_arbiter_top_sv2v.v:521$732' from process `$paramod$b358acc07f1df1ca7668b3eda652fc0a3794bba8\axi4lite_response_router.$proc$/work/openlane/axi4lite_arbiter_top_sv2v.v:493$743'.
No latch inferred for signal `$paramod$b358acc07f1df1ca7668b3eda652fc0a3794bba8\axi4lite_response_router.$bitselwrite$rvalue$/work/openlane/axi4lite_arbiter_top_sv2v.v:522$733' from process `$paramod$b358acc07f1df1ca7668b3eda652fc0a3794bba8\axi4lite_response_router.$proc$/work/openlane/axi4lite_arbiter_top_sv2v.v:493$743'.
No latch inferred for signal `$paramod\axi4lite_qos_scheduler\NUM_MASTERS=s32'00000000000000000000000000000100.\grant' from process `$paramod\axi4lite_qos_scheduler\NUM_MASTERS=s32'00000000000000000000000000000100.$proc$/work/openlane/axi4lite_arbiter_top_sv2v.v:421$708'.
No latch inferred for signal `$paramod\axi4lite_qos_scheduler\NUM_MASTERS=s32'00000000000000000000000000000100.\master_id' from process `$paramod\axi4lite_qos_scheduler\NUM_MASTERS=s32'00000000000000000000000000000100.$proc$/work/openlane/axi4lite_arbiter_top_sv2v.v:421$708'.
No latch inferred for signal `$paramod\axi4lite_qos_scheduler\NUM_MASTERS=s32'00000000000000000000000000000100.\grant_valid' from process `$paramod\axi4lite_qos_scheduler\NUM_MASTERS=s32'00000000000000000000000000000100.$proc$/work/openlane/axi4lite_arbiter_top_sv2v.v:421$708'.
No latch inferred for signal `$paramod\axi4lite_qos_scheduler\NUM_MASTERS=s32'00000000000000000000000000000100.$bitselwrite$pos$/work/openlane/axi4lite_arbiter_top_sv2v.v:426$609' from process `$paramod\axi4lite_qos_scheduler\NUM_MASTERS=s32'00000000000000000000000000000100.$proc$/work/openlane/axi4lite_arbiter_top_sv2v.v:421$708'.
No latch inferred for signal `$paramod\axi4lite_qos_scheduler\NUM_MASTERS=s32'00000000000000000000000000000100.$bitselwrite$pos$/work/openlane/axi4lite_arbiter_top_sv2v.v:431$610' from process `$paramod\axi4lite_qos_scheduler\NUM_MASTERS=s32'00000000000000000000000000000100.$proc$/work/openlane/axi4lite_arbiter_top_sv2v.v:421$708'.
No latch inferred for signal `$paramod\axi4lite_qos_scheduler\NUM_MASTERS=s32'00000000000000000000000000000100.\next_cand' from process `$paramod\axi4lite_qos_scheduler\NUM_MASTERS=s32'00000000000000000000000000000100.$proc$/work/openlane/axi4lite_arbiter_top_sv2v.v:171$643'.
No latch inferred for signal `$paramod\axi4lite_qos_scheduler\NUM_MASTERS=s32'00000000000000000000000000000100.\cand_valid' from process `$paramod\axi4lite_qos_scheduler\NUM_MASTERS=s32'00000000000000000000000000000100.$proc$/work/openlane/axi4lite_arbiter_top_sv2v.v:171$643'.
No latch inferred for signal `$paramod\axi4lite_qos_scheduler\NUM_MASTERS=s32'00000000000000000000000000000100.\eff_b1' from process `$paramod\axi4lite_qos_scheduler\NUM_MASTERS=s32'00000000000000000000000000000100.$proc$/work/openlane/axi4lite_arbiter_top_sv2v.v:137$635'.
No latch inferred for signal `$paramod\axi4lite_qos_scheduler\NUM_MASTERS=s32'00000000000000000000000000000100.\eff_b2' from process `$paramod\axi4lite_qos_scheduler\NUM_MASTERS=s32'00000000000000000000000000000100.$proc$/work/openlane/axi4lite_arbiter_top_sv2v.v:137$635'.
No latch inferred for signal `$paramod\axi4lite_qos_scheduler\NUM_MASTERS=s32'00000000000000000000000000000100.\eff_b3' from process `$paramod\axi4lite_qos_scheduler\NUM_MASTERS=s32'00000000000000000000000000000100.$proc$/work/openlane/axi4lite_arbiter_top_sv2v.v:137$635'.
No latch inferred for signal `$paramod\axi4lite_qos_scheduler\NUM_MASTERS=s32'00000000000000000000000000000100.\eff_rr_ptr' from process `$paramod\axi4lite_qos_scheduler\NUM_MASTERS=s32'00000000000000000000000000000100.$proc$/work/openlane/axi4lite_arbiter_top_sv2v.v:137$635'.
No latch inferred for signal `$paramod\axi4lite_qos_scheduler\NUM_MASTERS=s32'00000000000000000000000000000100.\m1_aged' from process `$paramod\axi4lite_qos_scheduler\NUM_MASTERS=s32'00000000000000000000000000000100.$proc$/work/openlane/axi4lite_arbiter_top_sv2v.v:120$625'.
No latch inferred for signal `$paramod\axi4lite_qos_scheduler\NUM_MASTERS=s32'00000000000000000000000000000100.\m2_aged' from process `$paramod\axi4lite_qos_scheduler\NUM_MASTERS=s32'00000000000000000000000000000100.$proc$/work/openlane/axi4lite_arbiter_top_sv2v.v:120$625'.
No latch inferred for signal `$paramod\axi4lite_qos_scheduler\NUM_MASTERS=s32'00000000000000000000000000000100.\m3_aged' from process `$paramod\axi4lite_qos_scheduler\NUM_MASTERS=s32'00000000000000000000000000000100.$proc$/work/openlane/axi4lite_arbiter_top_sv2v.v:120$625'.
No latch inferred for signal `$paramod\axi4lite_qos_scheduler\NUM_MASTERS=s32'00000000000000000000000000000100.\any_aged' from process `$paramod\axi4lite_qos_scheduler\NUM_MASTERS=s32'00000000000000000000000000000100.$proc$/work/openlane/axi4lite_arbiter_top_sv2v.v:120$625'.
No latch inferred for signal `$paramod\axi4lite_qos_scheduler\NUM_MASTERS=s32'00000000000000000000000000000100.\age_thresh' from process `$paramod\axi4lite_qos_scheduler\NUM_MASTERS=s32'00000000000000000000000000000100.$proc$/work/openlane/axi4lite_arbiter_top_sv2v.v:92$618'.
No latch inferred for signal `$paramod\axi4lite_qos_scheduler\NUM_MASTERS=s32'00000000000000000000000000000100.\burst_limit' from process `$paramod\axi4lite_qos_scheduler\NUM_MASTERS=s32'00000000000000000000000000000100.$proc$/work/openlane/axi4lite_arbiter_top_sv2v.v:92$618'.
No latch inferred for signal `$paramod\axi4lite_qos_scheduler\NUM_MASTERS=s32'00000000000000000000000000000100.\w1' from process `$paramod\axi4lite_qos_scheduler\NUM_MASTERS=s32'00000000000000000000000000000100.$proc$/work/openlane/axi4lite_arbiter_top_sv2v.v:85$611'.
No latch inferred for signal `$paramod\axi4lite_qos_scheduler\NUM_MASTERS=s32'00000000000000000000000000000100.\w2' from process `$paramod\axi4lite_qos_scheduler\NUM_MASTERS=s32'00000000000000000000000000000100.$proc$/work/openlane/axi4lite_arbiter_top_sv2v.v:85$611'.
No latch inferred for signal `$paramod\axi4lite_qos_scheduler\NUM_MASTERS=s32'00000000000000000000000000000100.\w3' from process `$paramod\axi4lite_qos_scheduler\NUM_MASTERS=s32'00000000000000000000000000000100.$proc$/work/openlane/axi4lite_arbiter_top_sv2v.v:85$611'.
No latch inferred for signal `$paramod$8607e6e28e9a0ecf78b5ef5ea17d8b714c8188a1\axi4lite_address_decoder.\slave_sel' from process `$paramod$8607e6e28e9a0ecf78b5ef5ea17d8b714c8188a1\axi4lite_address_decoder.$proc$/work/openlane/axi4lite_arbiter_top_sv2v.v:22$534'.
No latch inferred for signal `$paramod$8607e6e28e9a0ecf78b5ef5ea17d8b714c8188a1\axi4lite_address_decoder.\valid_addr' from process `$paramod$8607e6e28e9a0ecf78b5ef5ea17d8b714c8188a1\axi4lite_address_decoder.$proc$/work/openlane/axi4lite_arbiter_top_sv2v.v:22$534'.
No latch inferred for signal `$paramod$8607e6e28e9a0ecf78b5ef5ea17d8b714c8188a1\axi4lite_address_decoder.\invalid_addr' from process `$paramod$8607e6e28e9a0ecf78b5ef5ea17d8b714c8188a1\axi4lite_address_decoder.$proc$/work/openlane/axi4lite_arbiter_top_sv2v.v:22$534'.
No latch inferred for signal `$paramod$8607e6e28e9a0ecf78b5ef5ea17d8b714c8188a1\axi4lite_address_decoder.\match_s0' from process `$paramod$8607e6e28e9a0ecf78b5ef5ea17d8b714c8188a1\axi4lite_address_decoder.$proc$/work/openlane/axi4lite_arbiter_top_sv2v.v:22$534'.
No latch inferred for signal `$paramod$8607e6e28e9a0ecf78b5ef5ea17d8b714c8188a1\axi4lite_address_decoder.\match_s1' from process `$paramod$8607e6e28e9a0ecf78b5ef5ea17d8b714c8188a1\axi4lite_address_decoder.$proc$/work/openlane/axi4lite_arbiter_top_sv2v.v:22$534'.
No latch inferred for signal `$paramod$8607e6e28e9a0ecf78b5ef5ea17d8b714c8188a1\axi4lite_address_decoder.\sv2v_cast_64$func$/work/openlane/axi4lite_arbiter_top_sv2v.v:23$524.$result' from process `$paramod$8607e6e28e9a0ecf78b5ef5ea17d8b714c8188a1\axi4lite_address_decoder.$proc$/work/openlane/axi4lite_arbiter_top_sv2v.v:22$534'.
No latch inferred for signal `$paramod$8607e6e28e9a0ecf78b5ef5ea17d8b714c8188a1\axi4lite_address_decoder.\sv2v_cast_64$func$/work/openlane/axi4lite_arbiter_top_sv2v.v:23$524.inp' from process `$paramod$8607e6e28e9a0ecf78b5ef5ea17d8b714c8188a1\axi4lite_address_decoder.$proc$/work/openlane/axi4lite_arbiter_top_sv2v.v:22$534'.
No latch inferred for signal `$paramod$8607e6e28e9a0ecf78b5ef5ea17d8b714c8188a1\axi4lite_address_decoder.\sv2v_cast_64$func$/work/openlane/axi4lite_arbiter_top_sv2v.v:23$526.$result' from process `$paramod$8607e6e28e9a0ecf78b5ef5ea17d8b714c8188a1\axi4lite_address_decoder.$proc$/work/openlane/axi4lite_arbiter_top_sv2v.v:22$534'.
No latch inferred for signal `$paramod$8607e6e28e9a0ecf78b5ef5ea17d8b714c8188a1\axi4lite_address_decoder.\sv2v_cast_64$func$/work/openlane/axi4lite_arbiter_top_sv2v.v:23$526.inp' from process `$paramod$8607e6e28e9a0ecf78b5ef5ea17d8b714c8188a1\axi4lite_address_decoder.$proc$/work/openlane/axi4lite_arbiter_top_sv2v.v:22$534'.
No latch inferred for signal `$paramod$8607e6e28e9a0ecf78b5ef5ea17d8b714c8188a1\axi4lite_address_decoder.\sv2v_cast_64$func$/work/openlane/axi4lite_arbiter_top_sv2v.v:27$529.$result' from process `$paramod$8607e6e28e9a0ecf78b5ef5ea17d8b714c8188a1\axi4lite_address_decoder.$proc$/work/openlane/axi4lite_arbiter_top_sv2v.v:22$534'.
No latch inferred for signal `$paramod$8607e6e28e9a0ecf78b5ef5ea17d8b714c8188a1\axi4lite_address_decoder.\sv2v_cast_64$func$/work/openlane/axi4lite_arbiter_top_sv2v.v:27$529.inp' from process `$paramod$8607e6e28e9a0ecf78b5ef5ea17d8b714c8188a1\axi4lite_address_decoder.$proc$/work/openlane/axi4lite_arbiter_top_sv2v.v:22$534'.
No latch inferred for signal `$paramod$8607e6e28e9a0ecf78b5ef5ea17d8b714c8188a1\axi4lite_address_decoder.\sv2v_cast_64$func$/work/openlane/axi4lite_arbiter_top_sv2v.v:27$531.$result' from process `$paramod$8607e6e28e9a0ecf78b5ef5ea17d8b714c8188a1\axi4lite_address_decoder.$proc$/work/openlane/axi4lite_arbiter_top_sv2v.v:22$534'.
No latch inferred for signal `$paramod$8607e6e28e9a0ecf78b5ef5ea17d8b714c8188a1\axi4lite_address_decoder.\sv2v_cast_64$func$/work/openlane/axi4lite_arbiter_top_sv2v.v:27$531.inp' from process `$paramod$8607e6e28e9a0ecf78b5ef5ea17d8b714c8188a1\axi4lite_address_decoder.$proc$/work/openlane/axi4lite_arbiter_top_sv2v.v:22$534'.
