61. Printing statistics.

=== axi4lite_arbiter_top ===

   Number of wires:               3685
   Number of wire bits:           4585
   Number of public wires:         456
   Number of public wire bits:    1356
   Number of memories:               0
   Number of memory bits:            0
   Number of processes:              0
   Number of cells:               4024
     sky130_fd_sc_hd__a2111o_2       2
     sky130_fd_sc_hd__a211o_2       12
     sky130_fd_sc_hd__a211oi_2       1
     sky130_fd_sc_hd__a21bo_2        8
     sky130_fd_sc_hd__a21boi_2       2
     sky130_fd_sc_hd__a21o_2       121
     sky130_fd_sc_hd__a21oi_2       48
     sky130_fd_sc_hd__a221o_2        5
     sky130_fd_sc_hd__a22o_2        22
     sky130_fd_sc_hd__a22oi_2        5
     sky130_fd_sc_hd__a2bb2o_2       1
     sky130_fd_sc_hd__a311o_2        5
     sky130_fd_sc_hd__a31o_2        88
     sky130_fd_sc_hd__a32o_2        20
     sky130_fd_sc_hd__a41o_2         2
     sky130_fd_sc_hd__and2_2        39
     sky130_fd_sc_hd__and2_4         3
     sky130_fd_sc_hd__and2b_2        3
     sky130_fd_sc_hd__and3_2        37
     sky130_fd_sc_hd__and4_2         1
     sky130_fd_sc_hd__buf_1        416
     sky130_fd_sc_hd__buf_2        174
     sky130_fd_sc_hd__buf_4         13
     sky130_fd_sc_hd__buf_6         20
     sky130_fd_sc_hd__buf_8          1
     sky130_fd_sc_hd__dfrtp_2      508
     sky130_fd_sc_hd__dfstp_2       11
     sky130_fd_sc_hd__inv_2        290
     sky130_fd_sc_hd__inv_4         10
     sky130_fd_sc_hd__inv_6          1
     sky130_fd_sc_hd__mux2_2       323
     sky130_fd_sc_hd__mux2_4        16
     sky130_fd_sc_hd__nand2_2      684
     sky130_fd_sc_hd__nand2_4        8
     sky130_fd_sc_hd__nand2b_2       1
     sky130_fd_sc_hd__nand3_2      191
     sky130_fd_sc_hd__nand3_4        3
     sky130_fd_sc_hd__nand3b_2      76
     sky130_fd_sc_hd__nand3b_4       1
     sky130_fd_sc_hd__nor2_2       341
     sky130_fd_sc_hd__nor2_4        11
     sky130_fd_sc_hd__nor2_8         6
     sky130_fd_sc_hd__nor2b_2        1
     sky130_fd_sc_hd__nor3_2        11
     sky130_fd_sc_hd__nor3_4         1
     sky130_fd_sc_hd__nor3b_2        2
     sky130_fd_sc_hd__o2111a_2       8
     sky130_fd_sc_hd__o211a_2       55
     sky130_fd_sc_hd__o211ai_2       6
     sky130_fd_sc_hd__o21a_2        19
     sky130_fd_sc_hd__o21ai_2      121
     sky130_fd_sc_hd__o21ai_4       13
     sky130_fd_sc_hd__o21ba_2       16
     sky130_fd_sc_hd__o21bai_2       5
     sky130_fd_sc_hd__o22a_2        37
     sky130_fd_sc_hd__o22a_4         6
     sky130_fd_sc_hd__o22ai_2        3
     sky130_fd_sc_hd__o311a_2       10
     sky130_fd_sc_hd__o31a_2        14
     sky130_fd_sc_hd__or2_2        141
     sky130_fd_sc_hd__or2_4          8
     sky130_fd_sc_hd__or2b_2         1
     sky130_fd_sc_hd__or3_2         10
     sky130_fd_sc_hd__or3_4          2
     sky130_fd_sc_hd__or3b_2         2
     sky130_fd_sc_hd__xnor2_2        1
     sky130_fd_sc_hd__xor2_2         1

   Chip area for module '\axi4lite_arbiter_top': 39252.646400

