
===========================================================================
report_checks -unconstrained
===========================================================================
======================= nom_ff_n40C_1v95 Corner ===================================

Startpoint: m_axi_bresp[0] (input port clocked by aclk)
Endpoint: s_axi_bresp[2] (output port clocked by aclk)
Path Group: aclk
Path Type: max

Fanout         Cap        Slew       Delay        Time   Description
---------------------------------------------------------------------------------------------
                      0.000000    0.000000    0.000000   clock aclk (rise edge)
                                  0.000000    0.000000   clock network delay (ideal)
                                  3.000000    3.000000 v input external delay
     1    0.001506    0.000000    0.000000    3.000000 v m_axi_bresp[0] (in)
                                                         m_axi_bresp[0] (net)
                      0.000000    0.000000    3.000000 v _4564_/A (sky130_fd_sc_hd__or2_2)
     4    0.009048    0.050482    0.178263    3.178263 v _4564_/X (sky130_fd_sc_hd__or2_2)
                                                         _1583_ (net)
                      0.050482    0.000000    3.178263 v _4571_/A2 (sky130_fd_sc_hd__a31o_2)
     1    0.001495    0.024967    0.143368    3.321630 v _4571_/X (sky130_fd_sc_hd__a31o_2)
                                                         _1588_ (net)
                      0.024967    0.000000    3.321630 v _4573_/A (sky130_fd_sc_hd__and3_2)
     1    0.002070    0.026289    0.098820    3.420450 v _4573_/X (sky130_fd_sc_hd__and3_2)
                                                         _1590_ (net)
                      0.026289    0.000000    3.420450 v _4574_/A (sky130_fd_sc_hd__buf_1)
     1    0.000000    0.008522    0.043011    3.463461 v _4574_/X (sky130_fd_sc_hd__buf_1)
                                                         s_axi_bresp[2] (net)
                      0.008522    0.000000    3.463461 v s_axi_bresp[2] (out)
                                              3.463461   data arrival time

                      0.000000   10.000000   10.000000   clock aclk (rise edge)
                                  0.000000   10.000000   clock network delay (ideal)
                                 -0.300000    9.700000   clock uncertainty
                                  0.000000    9.700000   clock reconvergence pessimism
                                 -3.000000    6.700000   output external delay
                                              6.700000   data required time
---------------------------------------------------------------------------------------------
                                              6.700000   data required time
                                             -3.463461   data arrival time
---------------------------------------------------------------------------------------------
                                              3.236539   slack (MET)




===========================================================================
report_checks --slack_max -0.01
============================================================================
======================= nom_ff_n40C_1v95 Corner ===================================

No paths found.


===========================================================================
 report_check_types -max_slew -max_cap -max_fanout -violators
============================================================================
======================= nom_ff_n40C_1v95 Corner ===================================



===========================================================================
report_parasitic_annotation -report_unannotated
============================================================================
Found 4604 unannotated drivers.
 aclk
 aresetn
 cfg_age_threshold[0]
 cfg_age_threshold[1]
 cfg_age_threshold[2]
 cfg_age_threshold[3]
 cfg_age_threshold[4]
 cfg_age_threshold[5]
 cfg_age_threshold[6]
 cfg_age_threshold[7]
 cfg_master0_burst_limit[0]
 cfg_master0_burst_limit[1]
 cfg_master0_burst_limit[2]
 cfg_master0_burst_limit[3]
 cfg_master0_burst_limit[4]
 cfg_master0_burst_limit[5]
 cfg_master0_burst_limit[6]
 cfg_master0_burst_limit[7]
 cfg_master0_priority
 cfg_weight_m0[0]
 cfg_weight_m0[1]
 cfg_weight_m0[2]
 cfg_weight_m0[3]
 cfg_weight_m1[0]
 cfg_weight_m1[1]
 cfg_weight_m1[2]
 cfg_weight_m1[3]
 cfg_weight_m2[0]
 cfg_weight_m2[1]
 cfg_weight_m2[2]
 cfg_weight_m2[3]
 cfg_weight_m3[0]
 cfg_weight_m3[1]
 cfg_weight_m3[2]
 cfg_weight_m3[3]
 m_axi_arready[0]
 m_axi_arready[1]
 m_axi_awready[0]
 m_axi_awready[1]
 m_axi_bresp[0]
 m_axi_bresp[1]
 m_axi_bresp[2]
 m_axi_bresp[3]
 m_axi_bvalid[0]
 m_axi_bvalid[1]
 m_axi_rdata[0]
 m_axi_rdata[10]
 m_axi_rdata[11]
 m_axi_rdata[12]
 m_axi_rdata[13]
 m_axi_rdata[14]
 m_axi_rdata[15]
 m_axi_rdata[16]
 m_axi_rdata[17]
 m_axi_rdata[18]
 m_axi_rdata[19]
 m_axi_rdata[1]
 m_axi_rdata[20]
 m_axi_rdata[21]
 m_axi_rdata[22]
 m_axi_rdata[23]
 m_axi_rdata[24]
 m_axi_rdata[25]
 m_axi_rdata[26]
 m_axi_rdata[27]
 m_axi_rdata[28]
 m_axi_rdata[29]
 m_axi_rdata[2]
 m_axi_rdata[30]
 m_axi_rdata[31]
 m_axi_rdata[32]
 m_axi_rdata[33]
 m_axi_rdata[34]
 m_axi_rdata[35]
 m_axi_rdata[36]
 m_axi_rdata[37]
 m_axi_rdata[38]
 m_axi_rdata[39]
 m_axi_rdata[3]
 m_axi_rdata[40]
 m_axi_rdata[41]
 m_axi_rdata[42]
 m_axi_rdata[43]
 m_axi_rdata[44]
 m_axi_rdata[45]
 m_axi_rdata[46]
 m_axi_rdata[47]
 m_axi_rdata[48]
 m_axi_rdata[49]
 m_axi_rdata[4]
 m_axi_rdata[50]
 m_axi_rdata[51]
 m_axi_rdata[52]
 m_axi_rdata[53]
 m_axi_rdata[54]
 m_axi_rdata[55]
 m_axi_rdata[56]
 m_axi_rdata[57]
 m_axi_rdata[58]
 m_axi_rdata[59]
 m_axi_rdata[5]
 m_axi_rdata[60]
 m_axi_rdata[61]
 m_axi_rdata[62]
 m_axi_rdata[63]
 m_axi_rdata[6]
 m_axi_rdata[7]
 m_axi_rdata[8]
 m_axi_rdata[9]
 m_axi_rresp[0]
 m_axi_rresp[1]
 m_axi_rresp[2]
 m_axi_rresp[3]
 m_axi_rvalid[0]
 m_axi_rvalid[1]
 m_axi_wready[0]
 m_axi_wready[1]
 s_axi_araddr[0]
 s_axi_araddr[100]
 s_axi_araddr[101]
 s_axi_araddr[102]
 s_axi_araddr[103]
 s_axi_araddr[104]
 s_axi_araddr[105]
 s_axi_araddr[106]
 s_axi_araddr[107]
 s_axi_araddr[108]
 s_axi_araddr[109]
 s_axi_araddr[10]
 s_axi_araddr[110]
 s_axi_araddr[111]
 s_axi_araddr[112]
 s_axi_araddr[113]
 s_axi_araddr[114]
 s_axi_araddr[115]
 s_axi_araddr[116]
 s_axi_araddr[117]
 s_axi_araddr[118]
 s_axi_araddr[119]
 s_axi_araddr[11]
 s_axi_araddr[120]
 s_axi_araddr[121]
 s_axi_araddr[122]
 s_axi_araddr[123]
 s_axi_araddr[124]
 s_axi_araddr[125]
 s_axi_araddr[126]
 s_axi_araddr[127]
 s_axi_araddr[12]
 s_axi_araddr[13]
 s_axi_araddr[14]
 s_axi_araddr[15]
 s_axi_araddr[16]
 s_axi_araddr[17]
 s_axi_araddr[18]
 s_axi_araddr[19]
 s_axi_araddr[1]
 s_axi_araddr[20]
 s_axi_araddr[21]
 s_axi_araddr[22]
 s_axi_araddr[23]
 s_axi_araddr[24]
 s_axi_araddr[25]
 s_axi_araddr[26]
 s_axi_araddr[27]
 s_axi_araddr[28]
 s_axi_araddr[29]
 s_axi_araddr[2]
 s_axi_araddr[30]
 s_axi_araddr[31]
 s_axi_araddr[32]
 s_axi_araddr[33]
 s_axi_araddr[34]
 s_axi_araddr[35]
 s_axi_araddr[36]
 s_axi_araddr[37]
 s_axi_araddr[38]
 s_axi_araddr[39]
 s_axi_araddr[3]
 s_axi_araddr[40]
 s_axi_araddr[41]
 s_axi_araddr[42]
 s_axi_araddr[43]
 s_axi_araddr[44]
 s_axi_araddr[45]
 s_axi_araddr[46]
 s_axi_araddr[47]
 s_axi_araddr[48]
 s_axi_araddr[49]
 s_axi_araddr[4]
 s_axi_araddr[50]
 s_axi_araddr[51]
 s_axi_araddr[52]
 s_axi_araddr[53]
 s_axi_araddr[54]
 s_axi_araddr[55]
 s_axi_araddr[56]
 s_axi_araddr[57]
 s_axi_araddr[58]
 s_axi_araddr[59]
 s_axi_araddr[5]
 s_axi_araddr[60]
 s_axi_araddr[61]
 s_axi_araddr[62]
 s_axi_araddr[63]
 s_axi_araddr[64]
 s_axi_araddr[65]
 s_axi_araddr[66]
 s_axi_araddr[67]
 s_axi_araddr[68]
 s_axi_araddr[69]
 s_axi_araddr[6]
 s_axi_araddr[70]
 s_axi_araddr[71]
 s_axi_araddr[72]
 s_axi_araddr[73]
 s_axi_araddr[74]
 s_axi_araddr[75]
 s_axi_araddr[76]
 s_axi_araddr[77]
 s_axi_araddr[78]
 s_axi_araddr[79]
 s_axi_araddr[7]
 s_axi_araddr[80]
 s_axi_araddr[81]
 s_axi_araddr[82]
 s_axi_araddr[83]
 s_axi_araddr[84]
 s_axi_araddr[85]
 s_axi_araddr[86]
 s_axi_araddr[87]
 s_axi_araddr[88]
 s_axi_araddr[89]
 s_axi_araddr[8]
 s_axi_araddr[90]
 s_axi_araddr[91]
 s_axi_araddr[92]
 s_axi_araddr[93]
 s_axi_araddr[94]
 s_axi_araddr[95]
 s_axi_araddr[96]
 s_axi_araddr[97]
 s_axi_araddr[98]
 s_axi_araddr[99]
 s_axi_araddr[9]
 s_axi_arprot[0]
 s_axi_arprot[10]
 s_axi_arprot[11]
 s_axi_arprot[1]
 s_axi_arprot[2]
 s_axi_arprot[3]
 s_axi_arprot[4]
 s_axi_arprot[5]
 s_axi_arprot[6]
 s_axi_arprot[7]
 s_axi_arprot[8]
 s_axi_arprot[9]
 s_axi_arvalid[0]
 s_axi_arvalid[1]
 s_axi_arvalid[2]
 s_axi_arvalid[3]
 s_axi_awaddr[0]
 s_axi_awaddr[100]
 s_axi_awaddr[101]
 s_axi_awaddr[102]
 s_axi_awaddr[103]
 s_axi_awaddr[104]
 s_axi_awaddr[105]
 s_axi_awaddr[106]
 s_axi_awaddr[107]
 s_axi_awaddr[108]
 s_axi_awaddr[109]
 s_axi_awaddr[10]
 s_axi_awaddr[110]
 s_axi_awaddr[111]
 s_axi_awaddr[112]
 s_axi_awaddr[113]
 s_axi_awaddr[114]
 s_axi_awaddr[115]
 s_axi_awaddr[116]
 s_axi_awaddr[117]
 s_axi_awaddr[118]
 s_axi_awaddr[119]
 s_axi_awaddr[11]
 s_axi_awaddr[120]
 s_axi_awaddr[121]
 s_axi_awaddr[122]
 s_axi_awaddr[123]
 s_axi_awaddr[124]
 s_axi_awaddr[125]
 s_axi_awaddr[126]
 s_axi_awaddr[127]
 s_axi_awaddr[12]
 s_axi_awaddr[13]
 s_axi_awaddr[14]
 s_axi_awaddr[15]
 s_axi_awaddr[16]
 s_axi_awaddr[17]
 s_axi_awaddr[18]
 s_axi_awaddr[19]
 s_axi_awaddr[1]
 s_axi_awaddr[20]
 s_axi_awaddr[21]
 s_axi_awaddr[22]
 s_axi_awaddr[23]
 s_axi_awaddr[24]
 s_axi_awaddr[25]
 s_axi_awaddr[26]
 s_axi_awaddr[27]
 s_axi_awaddr[28]
 s_axi_awaddr[29]
 s_axi_awaddr[2]
 s_axi_awaddr[30]
 s_axi_awaddr[31]
 s_axi_awaddr[32]
 s_axi_awaddr[33]
 s_axi_awaddr[34]
 s_axi_awaddr[35]
 s_axi_awaddr[36]
 s_axi_awaddr[37]
 s_axi_awaddr[38]
 s_axi_awaddr[39]
 s_axi_awaddr[3]
 s_axi_awaddr[40]
 s_axi_awaddr[41]
 s_axi_awaddr[42]
 s_axi_awaddr[43]
 s_axi_awaddr[44]
 s_axi_awaddr[45]
 s_axi_awaddr[46]
 s_axi_awaddr[47]
 s_axi_awaddr[48]
 s_axi_awaddr[49]
 s_axi_awaddr[4]
 s_axi_awaddr[50]
 s_axi_awaddr[51]
 s_axi_awaddr[52]
 s_axi_awaddr[53]
 s_axi_awaddr[54]
 s_axi_awaddr[55]
 s_axi_awaddr[56]
 s_axi_awaddr[57]
 s_axi_awaddr[58]
 s_axi_awaddr[59]
 s_axi_awaddr[5]
 s_axi_awaddr[60]
 s_axi_awaddr[61]
 s_axi_awaddr[62]
 s_axi_awaddr[63]
 s_axi_awaddr[64]
 s_axi_awaddr[65]
 s_axi_awaddr[66]
 s_axi_awaddr[67]
 s_axi_awaddr[68]
 s_axi_awaddr[69]
 s_axi_awaddr[6]
 s_axi_awaddr[70]
 s_axi_awaddr[71]
 s_axi_awaddr[72]
 s_axi_awaddr[73]
 s_axi_awaddr[74]
 s_axi_awaddr[75]
 s_axi_awaddr[76]
 s_axi_awaddr[77]
 s_axi_awaddr[78]
 s_axi_awaddr[79]
 s_axi_awaddr[7]
 s_axi_awaddr[80]
 s_axi_awaddr[81]
 s_axi_awaddr[82]
 s_axi_awaddr[83]
 s_axi_awaddr[84]
 s_axi_awaddr[85]
 s_axi_awaddr[86]
 s_axi_awaddr[87]
 s_axi_awaddr[88]
 s_axi_awaddr[89]
 s_axi_awaddr[8]
 s_axi_awaddr[90]
 s_axi_awaddr[91]
 s_axi_awaddr[92]
 s_axi_awaddr[93]
 s_axi_awaddr[94]
 s_axi_awaddr[95]
 s_axi_awaddr[96]
 s_axi_awaddr[97]
 s_axi_awaddr[98]
 s_axi_awaddr[99]
 s_axi_awaddr[9]
 s_axi_awprot[0]
 s_axi_awprot[10]
 s_axi_awprot[11]
 s_axi_awprot[1]
 s_axi_awprot[2]
 s_axi_awprot[3]
 s_axi_awprot[4]
 s_axi_awprot[5]
 s_axi_awprot[6]
 s_axi_awprot[7]
 s_axi_awprot[8]
 s_axi_awprot[9]
 s_axi_awvalid[0]
 s_axi_awvalid[1]
 s_axi_awvalid[2]
 s_axi_awvalid[3]
 s_axi_bready[0]
 s_axi_bready[1]
 s_axi_bready[2]
 s_axi_bready[3]
 s_axi_rready[0]
 s_axi_rready[1]
 s_axi_rready[2]
 s_axi_rready[3]
 s_axi_wdata[0]
 s_axi_wdata[100]
 s_axi_wdata[101]
 s_axi_wdata[102]
 s_axi_wdata[103]
 s_axi_wdata[104]
 s_axi_wdata[105]
 s_axi_wdata[106]
 s_axi_wdata[107]
 s_axi_wdata[108]
 s_axi_wdata[109]
 s_axi_wdata[10]
 s_axi_wdata[110]
 s_axi_wdata[111]
 s_axi_wdata[112]
 s_axi_wdata[113]
 s_axi_wdata[114]
 s_axi_wdata[115]
 s_axi_wdata[116]
 s_axi_wdata[117]
 s_axi_wdata[118]
 s_axi_wdata[119]
 s_axi_wdata[11]
 s_axi_wdata[120]
 s_axi_wdata[121]
 s_axi_wdata[122]
 s_axi_wdata[123]
 s_axi_wdata[124]
 s_axi_wdata[125]
 s_axi_wdata[126]
 s_axi_wdata[127]
 s_axi_wdata[12]
 s_axi_wdata[13]
 s_axi_wdata[14]
 s_axi_wdata[15]
 s_axi_wdata[16]
 s_axi_wdata[17]
 s_axi_wdata[18]
 s_axi_wdata[19]
 s_axi_wdata[1]
 s_axi_wdata[20]
 s_axi_wdata[21]
 s_axi_wdata[22]
 s_axi_wdata[23]
 s_axi_wdata[24]
 s_axi_wdata[25]
 s_axi_wdata[26]
 s_axi_wdata[27]
 s_axi_wdata[28]
 s_axi_wdata[29]
 s_axi_wdata[2]
 s_axi_wdata[30]
 s_axi_wdata[31]
 s_axi_wdata[32]
 s_axi_wdata[33]
 s_axi_wdata[34]
 s_axi_wdata[35]
 s_axi_wdata[36]
 s_axi_wdata[37]
 s_axi_wdata[38]
 s_axi_wdata[39]
 s_axi_wdata[3]
 s_axi_wdata[40]
 s_axi_wdata[41]
 s_axi_wdata[42]
 s_axi_wdata[43]
 s_axi_wdata[44]
 s_axi_wdata[45]
 s_axi_wdata[46]
 s_axi_wdata[47]
 s_axi_wdata[48]
 s_axi_wdata[49]
 s_axi_wdata[4]
 s_axi_wdata[50]
 s_axi_wdata[51]
 s_axi_wdata[52]
 s_axi_wdata[53]
 s_axi_wdata[54]
 s_axi_wdata[55]
 s_axi_wdata[56]
 s_axi_wdata[57]
 s_axi_wdata[58]
 s_axi_wdata[59]
 s_axi_wdata[5]
 s_axi_wdata[60]
 s_axi_wdata[61]
 s_axi_wdata[62]
 s_axi_wdata[63]
 s_axi_wdata[64]
 s_axi_wdata[65]
 s_axi_wdata[66]
 s_axi_wdata[67]
 s_axi_wdata[68]
 s_axi_wdata[69]
 s_axi_wdata[6]
 s_axi_wdata[70]
 s_axi_wdata[71]
 s_axi_wdata[72]
 s_axi_wdata[73]
 s_axi_wdata[74]
 s_axi_wdata[75]
 s_axi_wdata[76]
 s_axi_wdata[77]
 s_axi_wdata[78]
 s_axi_wdata[79]
 s_axi_wdata[7]
 s_axi_wdata[80]
 s_axi_wdata[81]
 s_axi_wdata[82]
 s_axi_wdata[83]
 s_axi_wdata[84]
 s_axi_wdata[85]
 s_axi_wdata[86]
 s_axi_wdata[87]
 s_axi_wdata[88]
 s_axi_wdata[89]
 s_axi_wdata[8]
 s_axi_wdata[90]
 s_axi_wdata[91]
 s_axi_wdata[92]
 s_axi_wdata[93]
 s_axi_wdata[94]
 s_axi_wdata[95]
 s_axi_wdata[96]
 s_axi_wdata[97]
 s_axi_wdata[98]
 s_axi_wdata[99]
 s_axi_wdata[9]
 s_axi_wstrb[0]
 s_axi_wstrb[10]
 s_axi_wstrb[11]
 s_axi_wstrb[12]
 s_axi_wstrb[13]
 s_axi_wstrb[14]
 s_axi_wstrb[15]
 s_axi_wstrb[1]
 s_axi_wstrb[2]
 s_axi_wstrb[3]
 s_axi_wstrb[4]
 s_axi_wstrb[5]
 s_axi_wstrb[6]
 s_axi_wstrb[7]
 s_axi_wstrb[8]
 s_axi_wstrb[9]
 s_axi_wvalid[0]
 s_axi_wvalid[1]
 s_axi_wvalid[2]
 s_axi_wvalid[3]
 _3248_/Y
 _3249_/Y
 _3250_/Y
 _3251_/Y
 _3252_/Y
 _3253_/Y
 _3254_/Y
 _3255_/Y
 _3256_/Y
 _3257_/Y
 _3258_/Y
 _3259_/Y
 _3260_/Y
 _3261_/Y
 _3262_/Y
 _3263_/Y
 _3264_/Y
 _3265_/Y
 _3266_/Y
 _3267_/Y
 _3268_/Y
 _3269_/Y
 _3270_/X
 _3271_/Y
 _3272_/Y
 _3273_/Y
 _3274_/Y
 _3275_/Y
 _3276_/Y
 _3277_/Y
 _3278_/X
 _3279_/X
 _3280_/Y
 _3281_/Y
 _3282_/Y
 _3283_/Y
 _3284_/X
 _3285_/X
 _3286_/X
 _3287_/X
 _3288_/X
 _3289_/X
 _3290_/X
 _3291_/X
 _3292_/Y
 _3293_/Y
 _3294_/Y
 _3295_/Y
 _3296_/Y
 _3297_/Y
 _3298_/Y
 _3299_/Y
 _3300_/Y
 _3301_/Y
 _3302_/Y
 _3303_/Y
 _3304_/Y
 _3305_/Y
 _3306_/Y
 _3307_/Y
 _3308_/Y
 _3309_/X
 _3310_/Y
 _3311_/Y
 _3312_/Y
 _3313_/Y
 _3314_/Y
 _3315_/Y
 _3316_/Y
 _3317_/Y
 _3318_/Y
 _3319_/Y
 _3320_/Y
 _3321_/Y
 _3322_/Y
 _3323_/Y
 _3324_/Y
 _3325_/Y
 _3326_/X
 _3327_/X
 _3328_/Y
 _3329_/Y
 _3330_/Y
 _3331_/Y
 _3332_/Y
 _3333_/X
 _3334_/X
 _3335_/X
 _3336_/Y
 _3337_/X
 _3338_/X
 _3339_/Y
 _3340_/Y
 _3341_/X
 _3342_/X
 _3343_/X
 _3344_/X
 _3345_/X
 _3346_/Y
 _3347_/Y
 _3348_/Y
 _3349_/Y
 _3350_/Y
 _3351_/Y
 _3352_/Y
 _3353_/Y
 _3354_/Y
 _3355_/Y
 _3356_/Y
 _3357_/Y
 _3358_/Y
 _3359_/Y
 _3360_/Y
 _3361_/Y
 _3362_/Y
 _3363_/Y
 _3364_/Y
 _3365_/Y
 _3366_/Y
 _3367_/Y
 _3368_/Y
 _3369_/Y
 _3370_/X
 _3371_/X
 _3372_/Y
 _3373_/Y
 _3374_/Y
 _3375_/Y
 _3376_/X
 _3377_/X
 _3378_/Y
 _3379_/X
 _3380_/Y
 _3381_/Y
 _3382_/X
 _3383_/X
 _3384_/Y
 _3385_/Y
 _3386_/Y
 _3387_/Y
 _3388_/Y
 _3389_/Y
 _3390_/Y
 _3391_/Y
 _3392_/Y
 _3393_/Y
 _3394_/Y
 _3395_/Y
 _3396_/Y
 _3397_/Y
 _3398_/Y
 _3399_/X
 _3400_/Y
 _3401_/Y
 _3402_/Y
 _3403_/Y
 _3404_/Y
 _3405_/Y
 _3406_/Y
 _3407_/Y
 _3408_/Y
 _3409_/Y
 _3410_/Y
 _3411_/Y
 _3412_/Y
 _3413_/Y
 _3414_/Y
 _3415_/Y
 _3416_/Y
 _3417_/Y
 _3418_/Y
 _3419_/Y
 _3420_/Y
 _3421_/Y
 _3422_/Y
 _3423_/Y
 _3424_/Y
 _3425_/Y
 _3426_/Y
 _3427_/Y
 _3428_/Y
 _3429_/Y
 _3430_/Y
 _3431_/Y
 _3432_/Y
 _3433_/Y
 _3434_/Y
 _3435_/Y
 _3436_/Y
 _3437_/Y
 _3438_/X
 _3439_/X
 _3440_/Y
 _3441_/Y
 _3442_/Y
 _3443_/Y
 _3444_/Y
 _3445_/Y
 _3446_/Y
 _3447_/Y
 _3448_/Y
 _3449_/Y
 _3450_/Y
 _3451_/Y
 _3452_/Y
 _3453_/Y
 _3454_/Y
 _3455_/Y
 _3456_/X
 _3457_/Y
 _3458_/Y
 _3459_/X
 _3460_/Y
 _3461_/X
 _3462_/Y
 _3463_/Y
 _3464_/Y
 _3465_/Y
 _3466_/Y
 _3467_/Y
 _3468_/Y
 _3469_/Y
 _3470_/Y
 _3471_/Y
 _3472_/Y
 _3473_/Y
 _3474_/X
 _3475_/Y
 _3476_/Y
 _3477_/X
 _3478_/Y
 _3479_/Y
 _3480_/Y
 _3481_/Y
 _3482_/Y
 _3483_/Y
 _3484_/Y
 _3485_/Y
 _3486_/Y
 _3487_/Y
 _3488_/Y
 _3489_/Y
 _3490_/Y
 _3491_/Y
 _3492_/Y
 _3493_/Y
 _3494_/X
 _3495_/Y
 _3496_/Y
 _3497_/Y
 _3498_/X
 _3499_/Y
 _3500_/Y
 _3501_/Y
 _3502_/Y
 _3503_/Y
 _3504_/Y
 _3505_/Y
 _3506_/Y
 _3507_/Y
 _3508_/Y
 _3509_/Y
 _3510_/Y
 _3511_/Y
 _3512_/Y
 _3513_/Y
 _3514_/Y
 _3515_/Y
 _3516_/Y
 _3517_/Y
 _3518_/Y
 _3519_/Y
 _3520_/Y
 _3521_/Y
 _3522_/Y
 _3523_/Y
 _3524_/Y
 _3525_/Y
 _3526_/Y
 _3527_/Y
 _3528_/Y
 _3529_/Y
 _3530_/Y
 _3531_/X
 _3532_/Y
 _3533_/Y
 _3534_/Y
 _3535_/Y
 _3536_/Y
 _3537_/Y
 _3538_/X
 _3539_/Y
 _3540_/Y
 _3541_/Y
 _3542_/Y
 _3543_/Y
 _3544_/Y
 _3545_/Y
 _3546_/Y
 _3547_/Y
 _3548_/Y
 _3549_/Y
 _3550_/Y
 _3551_/Y
 _3552_/Y
 _3553_/Y
 _3554_/Y
 _3555_/Y
 _3556_/Y
 _3557_/Y
 _3558_/Y
 _3559_/Y
 _3560_/Y
 _3561_/Y
 _3562_/Y
 _3563_/Y
 _3564_/Y
 _3565_/Y
 _3566_/Y
 _3567_/X
 _3568_/Y
 _3569_/Y
 _3570_/Y
 _3571_/Y
 _3572_/Y
 _3573_/Y
 _3574_/Y
 _3575_/Y
 _3576_/Y
 _3577_/Y
 _3578_/Y
 _3579_/Y
 _3580_/Y
 _3581_/Y
 _3582_/Y
 _3583_/Y
 _3584_/Y
 _3585_/Y
 _3586_/Y
 _3587_/Y
 _3588_/Y
 _3589_/Y
 _3590_/Y
 _3591_/Y
 _3592_/Y
 _3593_/Y
 _3594_/Y
 _3595_/Y
 _3596_/Y
 _3597_/Y
 _3598_/X
 _3599_/Y
 _3600_/Y
 _3601_/Y
 _3602_/Y
 _3603_/X
 _3604_/Y
 _3605_/Y
 _3606_/Y
 _3607_/X
 _3608_/Y
 _3609_/Y
 _3610_/Y
 _3611_/Y
 _3612_/Y
 _3613_/Y
 _3614_/Y
 _3615_/Y
 _3616_/X
 _3617_/Y
 _3618_/Y
 _3619_/Y
 _3620_/Y
 _3621_/Y
 _3622_/Y
 _3623_/Y
 _3624_/X
 _3625_/Y
 _3626_/Y
 _3627_/Y
 _3628_/X
 _3629_/Y
 _3630_/Y
 _3631_/Y
 _3632_/Y
 _3633_/Y
 _3634_/Y
 _3635_/Y
 _3636_/Y
 _3637_/Y
 _3638_/Y
 _3639_/Y
 _3640_/Y
 _3641_/Y
 _3642_/Y
 _3643_/Y
 _3644_/Y
 _3645_/Y
 _3646_/Y
 _3647_/Y
 _3648_/X
 _3649_/Y
 _3650_/Y
 _3651_/Y
 _3652_/Y
 _3653_/Y
 _3654_/Y
 _3655_/Y
 _3656_/Y
 _3657_/Y
 _3658_/Y
 _3659_/Y
 _3660_/Y
 _3661_/Y
 _3662_/Y
 _3663_/Y
 _3664_/Y
 _3665_/Y
 _3666_/Y
 _3667_/X
 _3668_/Y
 _3669_/Y
 _3670_/Y
 _3671_/Y
 _3672_/Y
 _3673_/Y
 _3674_/Y
 _3675_/Y
 _3676_/Y
 _3677_/Y
 _3678_/Y
 _3679_/Y
 _3680_/Y
 _3681_/Y
 _3682_/Y
 _3683_/Y
 _3684_/Y
 _3685_/Y
 _3686_/Y
 _3687_/Y
 _3688_/Y
 _3689_/Y
 _3690_/Y
 _3691_/Y
 _3692_/Y
 _3693_/Y
 _3694_/Y
 _3695_/Y
 _3696_/Y
 _3697_/Y
 _3698_/Y
 _3699_/Y
 _3700_/Y
 _3701_/Y
 _3702_/Y
 _3703_/Y
 _3704_/Y
 _3705_/Y
 _3706_/X
 _3707_/Y
 _3708_/Y
 _3709_/X
 _3710_/Y
 _3711_/Y
 _3712_/Y
 _3713_/Y
 _3714_/Y
 _3715_/Y
 _3716_/Y
 _3717_/Y
 _3718_/Y
 _3719_/Y
 _3720_/Y
 _3721_/Y
 _3722_/Y
 _3723_/Y
 _3724_/Y
 _3725_/Y
 _3726_/Y
 _3727_/Y
 _3728_/X
 _3729_/X
 _3730_/Y
 _3731_/Y
 _3732_/Y
 _3733_/Y
 _3734_/Y
 _3735_/Y
 _3736_/Y
 _3737_/Y
 _3738_/Y
 _3739_/Y
 _3740_/Y
 _3741_/Y
 _3742_/Y
 _3743_/Y
 _3744_/Y
 _3745_/Y
 _3746_/Y
 _3747_/Y
 _3748_/Y
 _3749_/Y
 _3750_/Y
 _3751_/Y
 _3752_/Y
 _3753_/Y
 _3754_/Y
 _3755_/Y
 _3756_/Y
 _3757_/Y
 _3758_/Y
 _3759_/Y
 _3760_/Y
 _3761_/Y
 _3762_/Y
 _3763_/Y
 _3764_/Y
 _3765_/Y
 _3766_/X
 _3767_/Y
 _3768_/Y
 _3769_/Y
 _3770_/Y
 _3771_/Y
 _3772_/Y
 _3773_/X
 _3774_/Y
 _3775_/Y
 _3776_/X
 _3777_/X
 _3778_/Y
 _3779_/Y
 _3780_/Y
 _3781_/Y
 _3782_/Y
 _3783_/Y
 _3784_/Y
 _3785_/Y
 _3786_/X
 _3787_/Y
 _3788_/Y
 _3789_/Y
 _3790_/Y
 _3791_/Y
 _3792_/Y
 _3793_/Y
 _3794_/X
 _3795_/Y
 _3796_/Y
 _3797_/X
 _3798_/X
 _3799_/Y
 _3800_/Y
 _3801_/Y
 _3802_/X
 _3803_/X
 _3804_/Y
 _3805_/X
 _3806_/X
 _3807_/Y
 _3808_/X
 _3809_/X
 _3810_/X
 _3811_/X
 _3812_/Y
 _3813_/X
 _3814_/X
 _3815_/X
 _3816_/X
 _3817_/X
 _3818_/Y
 _3819_/Y
 _3820_/Y
 _3821_/Y
 _3822_/Y
 _3823_/Y
 _3824_/Y
 _3825_/Y
 _3826_/Y
 _3827_/Y
 _3828_/Y
 _3829_/Y
 _3830_/Y
 _3831_/Y
 _3832_/Y
 _3833_/X
 _3834_/Y
 _3835_/Y
 _3836_/Y
 _3837_/Y
 _3838_/Y
 _3839_/Y
 _3840_/Y
 _3841_/X
 _3842_/X
 _3843_/X
 _3844_/X
 _3845_/Y
 _3846_/X
 _3847_/X
 _3848_/Y
 _3849_/X
 _3850_/Y
 _3851_/X
 _3852_/X
 _3853_/X
 _3854_/X
 _3855_/X
 _3856_/Y
 _3857_/X
 _3858_/X
 _3859_/X
 _3860_/X
 _3861_/X
 _3862_/Y
 _3863_/X
 _3864_/Y
 _3865_/Y
 _3866_/Y
 _3867_/X
 _3868_/Y
 _3869_/Y
 _3870_/Y
 _3871_/Y
 _3872_/Y
 _3873_/Y
 _3874_/X
 _3875_/Y
 _3876_/Y
 _3877_/Y
 _3878_/Y
 _3879_/Y
 _3880_/Y
 _3881_/Y
 _3882_/X
 _3883_/Y
 _3884_/Y
 _3885_/Y
 _3886_/X
 _3887_/X
 _3888_/Y
 _3889_/X
 _3890_/X
 _3891_/Y
 _3892_/X
 _3893_/Y
 _3894_/X
 _3895_/X
 _3896_/X
 _3897_/X
 _3898_/X
 _3899_/Y
 _3900_/X
 _3901_/X
 _3902_/X
 _3903_/X
 _3904_/X
 _3905_/Y
 _3906_/X
 _3907_/Y
 _3908_/Y
 _3909_/Y
 _3910_/Y
 _3911_/Y
 _3912_/Y
 _3913_/Y
 _3914_/Y
 _3915_/X
 _3916_/Y
 _3917_/Y
 _3918_/Y
 _3919_/Y
 _3920_/Y
 _3921_/Y
 _3922_/Y
 _3923_/Y
 _3924_/X
 _3925_/X
 _3926_/Y
 _3927_/Y
 _3928_/Y
 _3929_/Y
 _3930_/Y
 _3931_/Y
 _3932_/Y
 _3933_/Y
 _3934_/Y
 _3935_/X
 _3936_/Y
 _3937_/Y
 _3938_/Y
 _3939_/Y
 _3940_/Y
 _3941_/Y
 _3942_/Y
 _3943_/Y
 _3944_/Y
 _3945_/Y
 _3946_/Y
 _3947_/Y
 _3948_/Y
 _3949_/Y
 _3950_/Y
 _3951_/Y
 _3952_/Y
 _3953_/X
 _3954_/Y
 _3955_/X
 _3956_/Y
 _3957_/Y
 _3958_/Y
 _3959_/Y
 _3960_/Y
 _3961_/Y
 _3962_/Y
 _3963_/Y
 _3964_/Y
 _3965_/Y
 _3966_/Y
 _3967_/Y
 _3968_/Y
 _3969_/Y
 _3970_/Y
 _3971_/Y
 _3972_/Y
 _3973_/X
 _3974_/Y
 _3975_/Y
 _3976_/Y
 _3977_/Y
 _3978_/Y
 _3979_/Y
 _3980_/Y
 _3981_/X
 _3982_/X
 _3983_/Y
 _3984_/Y
 _3985_/Y
 _3986_/Y
 _3987_/Y
 _3988_/Y
 _3989_/Y
 _3990_/X
 _3991_/X
 _3992_/Y
 _3993_/Y
 _3994_/Y
 _3995_/Y
 _3996_/Y
 _3997_/Y
 _3998_/Y
 _3999_/Y
 _4000_/Y
 _4001_/Y
 _4002_/X
 _4003_/Y
 _4004_/Y
 _4005_/Y
 _4006_/Y
 _4007_/Y
 _4008_/Y
 _4009_/Y
 _4010_/Y
 _4011_/Y
 _4012_/Y
 _4013_/Y
 _4014_/Y
 _4015_/X
 _4016_/X
 _4017_/Y
 _4018_/Y
 _4019_/Y
 _4020_/Y
 _4021_/Y
 _4022_/Y
 _4023_/Y
 _4024_/Y
 _4025_/Y
 _4026_/Y
 _4027_/X
 _4028_/X
 _4029_/Y
 _4030_/Y
 _4031_/Y
 _4032_/Y
 _4033_/Y
 _4034_/Y
 _4035_/Y
 _4036_/X
 _4037_/Y
 _4038_/Y
 _4039_/Y
 _4040_/X
 _4041_/Y
 _4042_/X
 _4043_/Y
 _4044_/Y
 _4045_/X
 _4046_/X
 _4047_/Y
 _4048_/Y
 _4049_/X
 _4050_/Y
 _4051_/X
 _4052_/X
 _4053_/Y
 _4054_/Y
 _4055_/X
 _4056_/Y
 _4057_/Y
 _4058_/Y
 _4059_/Y
 _4060_/Y
 _4061_/Y
 _4062_/X
 _4063_/Y
 _4064_/Y
 _4065_/X
 _4066_/X
 _4067_/Y
 _4068_/Y
 _4069_/X
 _4070_/X
 _4071_/Y
 _4072_/Y
 _4073_/Y
 _4074_/X
 _4075_/X
 _4076_/Y
 _4077_/Y
 _4078_/Y
 _4079_/X
 _4080_/X
 _4081_/Y
 _4082_/Y
 _4083_/X
 _4084_/X
 _4085_/Y
 _4086_/Y
 _4087_/X
 _4088_/X
 _4089_/Y
 _4090_/Y
 _4091_/Y
 _4092_/X
 _4093_/X
 _4094_/Y
 _4095_/Y
 _4096_/Y
 _4097_/Y
 _4098_/Y
 _4099_/Y
 _4100_/Y
 _4101_/Y
 _4102_/Y
 _4103_/Y
 _4104_/Y
 _4105_/Y
 _4106_/Y
 _4107_/X
 _4108_/Y
 _4109_/X
 _4110_/X
 _4111_/Y
 _4112_/Y
 _4113_/X
 _4114_/X
 _4115_/Y
 _4116_/X
 _4117_/X
 _4118_/X
 _4119_/X
 _4120_/Y
 _4121_/X
 _4122_/Y
 _4123_/Y
 _4124_/X
 _4125_/Y
 _4126_/X
 _4127_/Y
 _4128_/Y
 _4129_/X
 _4130_/Y
 _4131_/X
 _4132_/X
 _4133_/X
 _4134_/Y
 _4135_/X
 _4136_/X
 _4137_/Y
 _4138_/Y
 _4139_/Y
 _4140_/Y
 _4141_/X
 _4142_/Y
 _4143_/Y
 _4144_/Y
 _4145_/Y
 _4146_/Y
 _4147_/Y
 _4148_/Y
 _4149_/Y
 _4150_/Y
 _4151_/X
 _4152_/Y
 _4153_/Y
 _4154_/X
 _4155_/X
 _4156_/Y
 _4157_/Y
 _4158_/Y
 _4159_/X
 _4160_/X
 _4161_/Y
 _4162_/X
 _4163_/Y
 _4164_/X
 _4165_/X
 _4166_/Y
 _4167_/X
 _4168_/Y
 _4169_/X
 _4170_/X
 _4171_/Y
 _4172_/X
 _4173_/X
 _4174_/X
 _4175_/Y
 _4176_/Y
 _4177_/X
 _4178_/Y
 _4179_/X
 _4180_/X
 _4181_/Y
 _4182_/X
 _4183_/Y
 _4184_/Y
 _4185_/Y
 _4186_/Y
 _4187_/Y
 _4188_/Y
 _4189_/Y
 _4190_/Y
 _4191_/Y
 _4192_/Y
 _4193_/Y
 _4194_/X
 _4195_/X
 _4196_/Y
 _4197_/Y
 _4198_/Y
 _4199_/X
 _4200_/X
 _4201_/Y
 _4202_/X
 _4203_/X
 _4204_/X
 _4205_/X
 _4206_/Y
 _4207_/Y
 _4208_/X
 _4209_/X
 _4210_/Y
 _4211_/X
 _4212_/Y
 _4213_/X
 _4214_/X
 _4215_/Y
 _4216_/X
 _4217_/Y
 _4218_/X
 _4219_/X
 _4220_/Y
 _4221_/Y
 _4222_/Y
 _4223_/Y
 _4224_/X
 _4225_/X
 _4226_/Y
 _4227_/X
 _4228_/Y
 _4229_/X
 _4230_/X
 _4231_/Y
 _4232_/Y
 _4233_/X
 _4234_/X
 _4235_/Y
 _4236_/Y
 _4237_/X
 _4238_/X
 _4239_/X
 _4240_/X
 _4241_/X
 _4242_/Y
 _4243_/X
 _4244_/X
 _4245_/Y
 _4246_/X
 _4247_/X
 _4248_/Y
 _4249_/X
 _4250_/Y
 _4251_/Y
 _4252_/X
 _4253_/X
 _4254_/Y
 _4255_/X
 _4256_/X
 _4257_/X
 _4258_/Y
 _4259_/Y
 _4260_/Y
 _4261_/X
 _4262_/Y
 _4263_/Y
 _4264_/X
 _4265_/X
 _4266_/X
 _4267_/Y
 _4268_/X
 _4269_/X
 _4270_/Y
 _4271_/Y
 _4272_/Y
 _4273_/Y
 _4274_/X
 _4275_/Y
 _4276_/Y
 _4277_/Y
 _4278_/X
 _4279_/X
 _4280_/Y
 _4281_/Y
 _4282_/Y
 _4283_/Y
 _4284_/Y
 _4285_/Y
 _4286_/Y
 _4287_/Y
 _4288_/Y
 _4289_/Y
 _4290_/X
 _4291_/X
 _4292_/Y
 _4293_/Y
 _4294_/X
 _4295_/Y
 _4296_/X
 _4297_/Y
 _4298_/Y
 _4299_/X
 _4300_/Y
 _4301_/Y
 _4302_/X
 _4303_/Y
 _4304_/Y
 _4305_/X
 _4306_/Y
 _4307_/Y
 _4308_/X
 _4309_/Y
 _4310_/Y
 _4311_/X
 _4312_/Y
 _4313_/Y
 _4314_/X
 _4315_/Y
 _4316_/Y
 _4317_/X
 _4318_/Y
 _4319_/Y
 _4320_/X
 _4321_/Y
 _4322_/Y
 _4323_/X
 _4324_/X
 _4325_/Y
 _4326_/X
 _4327_/Y
 _4328_/X
 _4329_/Y
 _4330_/Y
 _4331_/X
 _4332_/Y
 _4333_/Y
 _4334_/X
 _4335_/Y
 _4336_/Y
 _4337_/X
 _4338_/Y
 _4339_/Y
 _4340_/X
 _4341_/Y
 _4342_/Y
 _4343_/X
 _4344_/Y
 _4345_/Y
 _4346_/X
 _4347_/Y
 _4348_/Y
 _4349_/X
 _4350_/Y
 _4351_/Y
 _4352_/X
 _4353_/Y
 _4354_/Y
 _4355_/X
 _4356_/X
 _4357_/Y
 _4358_/X
 _4359_/Y
 _4360_/X
 _4361_/Y
 _4362_/Y
 _4363_/X
 _4364_/Y
 _4365_/Y
 _4366_/X
 _4367_/Y
 _4368_/Y
 _4369_/X
 _4370_/Y
 _4371_/Y
 _4372_/X
 _4373_/Y
 _4374_/Y
 _4375_/X
 _4376_/Y
 _4377_/Y
 _4378_/X
 _4379_/Y
 _4380_/Y
 _4381_/X
 _4382_/Y
 _4383_/Y
 _4384_/X
 _4385_/Y
 _4386_/Y
 _4387_/X
 _4388_/Y
 _4389_/Y
 _4390_/X
 _4391_/Y
 _4392_/Y
 _4393_/Y
 _4394_/X
 _4395_/Y
 _4396_/Y
 _4397_/Y
 _4398_/Y
 _4399_/Y
 _4400_/Y
 _4401_/Y
 _4402_/Y
 _4403_/Y
 _4404_/Y
 _4405_/X
 _4406_/Y
 _4407_/Y
 _4408_/Y
 _4409_/Y
 _4410_/Y
 _4411_/Y
 _4412_/Y
 _4413_/Y
 _4414_/Y
 _4415_/Y
 _4416_/X
 _4417_/Y
 _4418_/Y
 _4419_/Y
 _4420_/Y
 _4421_/Y
 _4422_/Y
 _4423_/Y
 _4424_/Y
 _4425_/Y
 _4426_/Y
 _4427_/Y
 _4428_/Y
 _4429_/Y
 _4430_/X
 _4431_/Y
 _4432_/Y
 _4433_/Y
 _4434_/Y
 _4435_/Y
 _4436_/Y
 _4437_/Y
 _4438_/Y
 _4439_/Y
 _4440_/Y
 _4441_/X
 _4442_/Y
 _4443_/Y
 _4444_/Y
 _4445_/Y
 _4446_/Y
 _4447_/Y
 _4448_/Y
 _4449_/Y
 _4450_/Y
 _4451_/Y
 _4452_/X
 _4453_/Y
 _4454_/Y
 _4455_/Y
 _4456_/Y
 _4457_/Y
 _4458_/Y
 _4459_/Y
 _4460_/Y
 _4461_/Y
 _4462_/Y
 _4463_/Y
 _4464_/Y
 _4465_/Y
 _4466_/X
 _4467_/Y
 _4468_/Y
 _4469_/Y
 _4470_/Y
 _4471_/Y
 _4472_/Y
 _4473_/Y
 _4474_/Y
 _4475_/Y
 _4476_/Y
 _4477_/X
 _4478_/Y
 _4479_/Y
 _4480_/Y
 _4481_/Y
 _4482_/Y
 _4483_/Y
 _4484_/Y
 _4485_/Y
 _4486_/Y
 _4487_/Y
 _4488_/X
 _4489_/Y
 _4490_/Y
 _4491_/Y
 _4492_/Y
 _4493_/Y
 _4494_/Y
 _4495_/Y
 _4496_/Y
 _4497_/Y
 _4498_/Y
 _4499_/Y
 _4500_/Y
 _4501_/X
 _4502_/X
 _4503_/X
 _4504_/Y
 _4505_/X
 _4506_/X
 _4507_/X
 _4508_/X
 _4509_/X
 _4510_/X
 _4511_/X
 _4512_/X
 _4513_/Y
 _4514_/X
 _4515_/X
 _4516_/X
 _4517_/X
 _4518_/X
 _4519_/X
 _4520_/Y
 _4521_/X
 _4522_/X
 _4523_/X
 _4524_/X
 _4525_/X
 _4526_/X
 _4527_/Y
 _4528_/X
 _4529_/X
 _4530_/X
 _4531_/X
 _4532_/X
 _4533_/X
 _4534_/X
 _4535_/X
 _4536_/X
 _4537_/X
 _4538_/X
 _4539_/X
 _4540_/X
 _4541_/X
 _4542_/X
 _4543_/X
 _4544_/X
 _4545_/X
 _4546_/X
 _4547_/Y
 _4548_/X
 _4549_/X
 _4550_/X
 _4551_/X
 _4552_/X
 _4553_/X
 _4554_/X
 _4555_/X
 _4556_/X
 _4557_/X
 _4558_/X
 _4559_/X
 _4560_/X
 _4561_/Y
 _4562_/X
 _4563_/Y
 _4564_/X
 _4565_/X
 _4566_/X
 _4567_/X
 _4568_/X
 _4569_/X
 _4570_/X
 _4571_/X
 _4572_/Y
 _4573_/X
 _4574_/X
 _4575_/X
 _4576_/X
 _4577_/X
 _4578_/X
 _4579_/Y
 _4580_/X
 _4581_/X
 _4582_/X
 _4583_/X
 _4584_/X
 _4585_/X
 _4586_/Y
 _4587_/X
 _4588_/X
 _4589_/X
 _4590_/X
 _4591_/X
 _4592_/Y
 _4593_/Y
 _4594_/Y
 _4595_/Y
 _4596_/Y
 _4597_/X
 _4598_/Y
 _4599_/Y
 _4600_/Y
 _4601_/X
 _4602_/X
 _4603_/X
 _4604_/X
 _4605_/Y
 _4606_/Y
 _4607_/X
 _4608_/Y
 _4609_/Y
 _4610_/X
 _4611_/Y
 _4612_/Y
 _4613_/X
 _4614_/Y
 _4615_/Y
 _4616_/Y
 _4617_/Y
 _4618_/X
 _4619_/Y
 _4620_/Y
 _4621_/Y
 _4622_/Y
 _4623_/Y
 _4624_/Y
 _4625_/Y
 _4626_/Y
 _4627_/Y
 _4628_/Y
 _4629_/Y
 _4630_/Y
 _4631_/X
 _4632_/Y
 _4633_/Y
 _4634_/Y
 _4635_/Y
 _4636_/X
 _4637_/Y
 _4638_/Y
 _4639_/Y
 _4640_/Y
 _4641_/Y
 _4642_/Y
 _4643_/Y
 _4644_/X
 _4645_/Y
 _4646_/Y
 _4647_/Y
 _4648_/Y
 _4649_/Y
 _4650_/Y
 _4651_/Y
 _4652_/Y
 _4653_/Y
 _4654_/Y
 _4655_/Y
 _4656_/X
 _4657_/Y
 _4658_/X
 _4659_/Y
 _4660_/Y
 _4661_/Y
 _4662_/Y
 _4663_/Y
 _4664_/Y
 _4665_/Y
 _4666_/Y
 _4667_/Y
 _4668_/Y
 _4669_/Y
 _4670_/Y
 _4671_/X
 _4672_/Y
 _4673_/Y
 _4674_/X
 _4675_/X
 _4676_/Y
 _4677_/Y
 _4678_/X
 _4679_/Y
 _4680_/Y
 _4681_/Y
 _4682_/Y
 _4683_/Y
 _4684_/X
 _4685_/Y
 _4686_/Y
 _4687_/Y
 _4688_/Y
 _4689_/Y
 _4690_/Y
 _4691_/Y
 _4692_/Y
 _4693_/Y
 _4694_/Y
 _4695_/Y
 _4696_/Y
 _4697_/Y
 _4698_/Y
 _4699_/Y
 _4700_/Y
 _4701_/Y
 _4702_/Y
 _4703_/Y
 _4704_/Y
 _4705_/Y
 _4706_/Y
 _4707_/Y
 _4708_/Y
 _4709_/Y
 _4710_/Y
 _4711_/Y
 _4712_/Y
 _4713_/Y
 _4714_/Y
 _4715_/Y
 _4716_/Y
 _4717_/Y
 _4718_/Y
 _4719_/Y
 _4720_/Y
 _4721_/Y
 _4722_/Y
 _4723_/Y
 _4724_/Y
 _4725_/Y
 _4726_/Y
 _4727_/Y
 _4728_/Y
 _4729_/Y
 _4730_/Y
 _4731_/Y
 _4732_/Y
 _4733_/Y
 _4734_/X
 _4735_/Y
 _4736_/Y
 _4737_/Y
 _4738_/Y
 _4739_/Y
 _4740_/Y
 _4741_/Y
 _4742_/Y
 _4743_/Y
 _4744_/Y
 _4745_/Y
 _4746_/Y
 _4747_/Y
 _4748_/Y
 _4749_/Y
 _4750_/Y
 _4751_/Y
 _4752_/Y
 _4753_/Y
 _4754_/Y
 _4755_/Y
 _4756_/Y
 _4757_/Y
 _4758_/Y
 _4759_/Y
 _4760_/Y
 _4761_/Y
 _4762_/Y
 _4763_/Y
 _4764_/X
 _4765_/Y
 _4766_/Y
 _4767_/Y
 _4768_/Y
 _4769_/Y
 _4770_/Y
 _4771_/Y
 _4772_/Y
 _4773_/Y
 _4774_/Y
 _4775_/Y
 _4776_/Y
 _4777_/X
 _4778_/Y
 _4779_/Y
 _4780_/Y
 _4781_/Y
 _4782_/X
 _4783_/Y
 _4784_/Y
 _4785_/Y
 _4786_/Y
 _4787_/Y
 _4788_/Y
 _4789_/Y
 _4790_/Y
 _4791_/Y
 _4792_/Y
 _4793_/Y
 _4794_/Y
 _4795_/Y
 _4796_/Y
 _4797_/Y
 _4798_/Y
 _4799_/Y
 _4800_/X
 _4801_/Y
 _4802_/Y
 _4803_/X
 _4804_/Y
 _4805_/Y
 _4806_/Y
 _4807_/Y
 _4808_/Y
 _4809_/Y
 _4810_/Y
 _4811_/Y
 _4812_/Y
 _4813_/Y
 _4814_/Y
 _4815_/Y
 _4816_/Y
 _4817_/Y
 _4818_/Y
 _4819_/Y
 _4820_/Y
 _4821_/X
 _4822_/X
 _4823_/X
 _4824_/Y
 _4825_/Y
 _4826_/Y
 _4827_/Y
 _4828_/Y
 _4829_/Y
 _4830_/Y
 _4831_/Y
 _4832_/Y
 _4833_/Y
 _4834_/Y
 _4835_/Y
 _4836_/Y
 _4837_/Y
 _4838_/Y
 _4839_/Y
 _4840_/Y
 _4841_/Y
 _4842_/Y
 _4843_/Y
 _4844_/Y
 _4845_/Y
 _4846_/Y
 _4847_/Y
 _4848_/Y
 _4849_/X
 _4850_/X
 _4851_/X
 _4852_/X
 _4853_/Y
 _4854_/Y
 _4855_/Y
 _4856_/Y
 _4857_/Y
 _4858_/Y
 _4859_/X
 _4860_/X
 _4861_/X
 _4862_/X
 _4863_/Y
 _4864_/Y
 _4865_/Y
 _4866_/Y
 _4867_/X
 _4868_/Y
 _4869_/Y
 _4870_/Y
 _4871_/X
 _4872_/X
 _4873_/X
 _4874_/X
 _4875_/X
 _4876_/X
 _4877_/X
 _4878_/X
 _4879_/X
 _4880_/X
 _4881_/X
 _4882_/X
 _4883_/X
 _4884_/X
 _4885_/X
 _4886_/X
 _4887_/X
 _4888_/Y
 _4889_/X
 _4890_/X
 _4891_/X
 _4892_/Y
 _4893_/Y
 _4894_/X
 _4895_/X
 _4896_/X
 _4897_/X
 _4898_/X
 _4899_/X
 _4900_/X
 _4901_/X
 _4902_/X
 _4903_/X
 _4904_/X
 _4905_/X
 _4906_/X
 _4907_/X
 _4908_/X
 _4909_/X
 _4910_/X
 _4911_/X
 _4912_/X
 _4913_/X
 _4914_/X
 _4915_/X
 _4916_/X
 _4917_/Y
 _4918_/Y
 _4919_/Y
 _4920_/X
 _4921_/X
 _4922_/X
 _4923_/X
 _4924_/X
 _4925_/X
 _4926_/X
 _4927_/X
 _4928_/X
 _4929_/X
 _4930_/X
 _4931_/Y
 _4932_/Y
 _4933_/Y
 _4934_/X
 _4935_/X
 _4936_/X
 _4937_/X
 _4938_/Y
 _4939_/Y
 _4940_/Y
 _4941_/X
 _4942_/X
 _4943_/X
 _4944_/X
 _4945_/X
 _4946_/X
 _4947_/X
 _4948_/X
 _4949_/X
 _4950_/X
 _4951_/X
 _4952_/Y
 _4953_/Y
 _4954_/Y
 _4955_/X
 _4956_/X
 _4957_/X
 _4958_/X
 _4959_/X
 _4960_/Y
 _4961_/Y
 _4962_/Y
 _4963_/X
 _4964_/X
 _4965_/X
 _4966_/X
 _4967_/X
 _4968_/Y
 _4969_/Y
 _4970_/Y
 _4971_/X
 _4972_/X
 _4973_/X
 _4974_/X
 _4975_/X
 _4976_/Y
 _4977_/X
 _4978_/Y
 _4979_/Y
 _4980_/X
 _4981_/X
 _4982_/X
 _4983_/X
 _4984_/Y
 _4985_/Y
 _4986_/Y
 _4987_/X
 _4988_/X
 _4989_/X
 _4990_/X
 _4991_/X
 _4992_/Y
 _4993_/Y
 _4994_/Y
 _4995_/X
 _4996_/X
 _4997_/X
 _4998_/X
 _4999_/X
 _5000_/X
 _5001_/X
 _5002_/X
 _5003_/X
 _5004_/X
 _5005_/X
 _5006_/X
 _5007_/X
 _5008_/X
 _5009_/Y
 _5010_/Y
 _5011_/Y
 _5012_/X
 _5013_/X
 _5014_/X
 _5015_/X
 _5016_/X
 _5017_/X
 _5018_/X
 _5019_/X
 _5020_/X
 _5021_/X
 _5022_/X
 _5023_/Y
 _5024_/Y
 _5025_/Y
 _5026_/X
 _5027_/X
 _5028_/X
 _5029_/X
 _5030_/Y
 _5031_/Y
 _5032_/Y
 _5033_/X
 _5034_/X
 _5035_/X
 _5036_/X
 _5037_/Y
 _5038_/Y
 _5039_/Y
 _5040_/X
 _5041_/X
 _5042_/X
 _5043_/X
 _5044_/Y
 _5045_/Y
 _5046_/Y
 _5047_/X
 _5048_/X
 _5049_/X
 _5050_/X
 _5051_/X
 _5052_/X
 _5053_/X
 _5054_/X
 _5055_/X
 _5056_/X
 _5057_/X
 _5058_/X
 _5059_/X
 _5060_/X
 _5061_/X
 _5062_/X
 _5063_/X
 _5064_/Y
 _5065_/Y
 _5066_/Y
 _5067_/X
 _5068_/X
 _5069_/X
 _5070_/X
 _5071_/X
 _5072_/Y
 _5073_/Y
 _5074_/Y
 _5075_/X
 _5076_/X
 _5077_/X
 _5078_/X
 _5079_/X
 _5080_/Y
 _5081_/X
 _5082_/Y
 _5083_/Y
 _5084_/X
 _5085_/X
 _5086_/X
 _5087_/X
 _5088_/X
 _5089_/X
 _5090_/X
 _5091_/X
 _5092_/X
 _5093_/X
 _5094_/Y
 _5095_/Y
 _5096_/Y
 _5097_/X
 _5098_/X
 _5099_/X
 _5100_/X
 _5101_/X
 _5102_/X
 _5103_/X
 _5104_/X
 _5105_/X
 _5106_/X
 _5107_/X
 _5108_/X
 _5109_/Y
 _5110_/Y
 _5111_/Y
 _5112_/X
 _5113_/X
 _5114_/X
 _5115_/X
 _5116_/Y
 _5117_/Y
 _5118_/Y
 _5119_/X
 _5120_/X
 _5121_/X
 _5122_/X
 _5123_/Y
 _5124_/Y
 _5125_/Y
 _5126_/X
 _5127_/X
 _5128_/X
 _5129_/X
 _5130_/Y
 _5131_/Y
 _5132_/Y
 _5133_/X
 _5134_/X
 _5135_/X
 _5136_/X
 _5137_/X
 _5138_/X
 _5139_/X
 _5140_/X
 _5141_/X
 _5142_/X
 _5143_/X
 _5144_/X
 _5145_/X
 _5146_/X
 _5147_/X
 _5148_/X
 _5149_/Y
 _5150_/Y
 _5151_/Y
 _5152_/X
 _5153_/X
 _5154_/X
 _5155_/X
 _5156_/X
 _5157_/X
 _5158_/X
 _5159_/X
 _5160_/X
 _5161_/X
 _5162_/Y
 _5163_/Y
 _5164_/Y
 _5165_/X
 _5166_/X
 _5167_/X
 _5168_/X
 _5169_/X
 _5170_/X
 _5171_/X
 _5172_/X
 _5173_/X
 _5174_/X
 _5175_/X
 _5176_/X
 _5177_/X
 _5178_/X
 _5179_/X
 _5180_/X
 _5181_/X
 _5182_/X
 _5183_/X
 _5184_/X
 _5185_/X
 _5186_/X
 _5187_/X
 _5188_/X
 _5189_/X
 _5190_/X
 _5191_/X
 _5192_/X
 _5193_/X
 _5194_/X
 _5195_/X
 _5196_/X
 _5197_/X
 _5198_/X
 _5199_/X
 _5200_/X
 _5201_/X
 _5202_/X
 _5203_/X
 _5204_/X
 _5205_/X
 _5206_/X
 _5207_/X
 _5208_/X
 _5209_/X
 _5210_/X
 _5211_/X
 _5212_/X
 _5213_/X
 _5214_/X
 _5215_/X
 _5216_/X
 _5217_/X
 _5218_/X
 _5219_/X
 _5220_/X
 _5221_/X
 _5222_/X
 _5223_/X
 _5224_/X
 _5225_/X
 _5226_/X
 _5227_/X
 _5228_/X
 _5229_/X
 _5230_/X
 _5231_/X
 _5232_/X
 _5233_/X
 _5234_/X
 _5235_/X
 _5236_/X
 _5237_/X
 _5238_/X
 _5239_/X
 _5240_/X
 _5241_/X
 _5242_/X
 _5243_/X
 _5244_/X
 _5245_/X
 _5246_/X
 _5247_/X
 _5248_/X
 _5249_/X
 _5250_/X
 _5251_/X
 _5252_/X
 _5253_/X
 _5254_/X
 _5255_/X
 _5256_/X
 _5257_/X
 _5258_/X
 _5259_/X
 _5260_/X
 _5261_/X
 _5262_/X
 _5263_/X
 _5264_/Y
 _5265_/Y
 _5266_/Y
 _5267_/Y
 _5268_/Y
 _5269_/X
 _5270_/X
 _5271_/X
 _5272_/X
 _5273_/X
 _5274_/Y
 _5275_/X
 _5276_/X
 _5277_/X
 _5278_/X
 _5279_/X
 _5280_/X
 _5281_/X
 _5282_/Y
 _5283_/Y
 _5284_/Y
 _5285_/Y
 _5286_/Y
 _5287_/Y
 _5288_/X
 _5289_/X
 _5290_/Y
 _5291_/X
 _5292_/X
 _5293_/Y
 _5294_/Y
 _5295_/Y
 _5296_/Y
 _5297_/X
 _5298_/Y
 _5299_/Y
 _5300_/Y
 _5301_/X
 _5302_/X
 _5303_/X
 _5304_/Y
 _5305_/X
 _5306_/Y
 _5307_/Y
 _5308_/Y
 _5309_/Y
 _5310_/Y
 _5311_/Y
 _5312_/Y
 _5313_/X
 _5314_/X
 _5315_/Y
 _5316_/Y
 _5317_/Y
 _5318_/Y
 _5319_/Y
 _5320_/Y
 _5321_/Y
 _5322_/X
 _5323_/X
 _5324_/Y
 _5325_/Y
 _5326_/Y
 _5327_/Y
 _5328_/Y
 _5329_/Y
 _5330_/Y
 _5331_/X
 _5332_/X
 _5333_/Y
 _5334_/Y
 _5335_/Y
 _5336_/Y
 _5337_/Y
 _5338_/Y
 _5339_/Y
 _5340_/X
 _5341_/X
 _5342_/Y
 _5343_/Y
 _5344_/Y
 _5345_/Y
 _5346_/Y
 _5347_/Y
 _5348_/Y
 _5349_/Y
 _5350_/X
 _5351_/X
 _5352_/Y
 _5353_/Y
 _5354_/Y
 _5355_/Y
 _5356_/Y
 _5357_/Y
 _5358_/Y
 _5359_/Y
 _5360_/X
 _5361_/X
 _5362_/Y
 _5363_/Y
 _5364_/Y
 _5365_/Y
 _5366_/Y
 _5367_/Y
 _5368_/Y
 _5369_/X
 _5370_/X
 _5371_/Y
 _5372_/Y
 _5373_/Y
 _5374_/Y
 _5375_/Y
 _5376_/Y
 _5377_/Y
 _5378_/Y
 _5379_/X
 _5380_/X
 _5381_/Y
 _5382_/Y
 _5383_/Y
 _5384_/Y
 _5385_/Y
 _5386_/Y
 _5387_/Y
 _5388_/Y
 _5389_/X
 _5390_/X
 _5391_/Y
 _5392_/Y
 _5393_/Y
 _5394_/Y
 _5395_/Y
 _5396_/Y
 _5397_/Y
 _5398_/X
 _5399_/X
 _5400_/Y
 _5401_/Y
 _5402_/Y
 _5403_/Y
 _5404_/Y
 _5405_/Y
 _5406_/Y
 _5407_/Y
 _5408_/Y
 _5409_/Y
 _5410_/Y
 _5411_/Y
 _5412_/Y
 _5413_/Y
 _5414_/Y
 _5415_/Y
 _5416_/Y
 _5417_/Y
 _5418_/Y
 _5419_/Y
 _5420_/Y
 _5421_/Y
 _5422_/Y
 _5423_/Y
 _5424_/Y
 _5425_/X
 _5426_/X
 _5427_/Y
 _5428_/Y
 _5429_/Y
 _5430_/Y
 _5431_/Y
 _5432_/Y
 _5433_/Y
 _5434_/Y
 _5435_/Y
 _5436_/Y
 _5437_/Y
 _5438_/Y
 _5439_/Y
 _5440_/Y
 _5441_/Y
 _5442_/Y
 _5443_/Y
 _5444_/Y
 _5445_/Y
 _5446_/Y
 _5447_/Y
 _5448_/Y
 _5449_/Y
 _5450_/Y
 _5451_/Y
 _5452_/Y
 _5453_/Y
 _5454_/Y
 _5455_/Y
 _5456_/Y
 _5457_/Y
 _5458_/Y
 _5459_/Y
 _5460_/Y
 _5461_/Y
 _5462_/Y
 _5463_/Y
 _5464_/Y
 _5465_/Y
 _5466_/Y
 _5467_/Y
 _5468_/Y
 _5469_/Y
 _5470_/Y
 _5471_/Y
 _5472_/Y
 _5473_/Y
 _5474_/Y
 _5475_/Y
 _5476_/Y
 _5477_/Y
 _5478_/Y
 _5479_/Y
 _5480_/Y
 _5481_/Y
 _5482_/Y
 _5483_/Y
 _5484_/Y
 _5485_/Y
 _5486_/Y
 _5487_/Y
 _5488_/Y
 _5489_/Y
 _5490_/Y
 _5491_/Y
 _5492_/Y
 _5493_/Y
 _5494_/Y
 _5495_/Y
 _5496_/Y
 _5497_/Y
 _5498_/Y
 _5499_/Y
 _5500_/Y
 _5501_/Y
 _5502_/Y
 _5503_/Y
 _5504_/Y
 _5505_/Y
 _5506_/Y
 _5507_/Y
 _5508_/Y
 _5509_/Y
 _5510_/Y
 _5511_/Y
 _5512_/Y
 _5513_/Y
 _5514_/Y
 _5515_/Y
 _5516_/Y
 _5517_/Y
 _5518_/Y
 _5519_/Y
 _5520_/Y
 _5521_/Y
 _5522_/Y
 _5523_/Y
 _5524_/Y
 _5525_/Y
 _5526_/Y
 _5527_/X
 _5528_/X
 _5529_/X
 _5530_/X
 _5531_/Y
 _5532_/X
 _5533_/X
 _5534_/X
 _5535_/X
 _5536_/Y
 _5537_/Y
 _5538_/Y
 _5539_/Y
 _5540_/Y
 _5541_/X
 _5542_/X
 _5543_/X
 _5544_/X
 _5545_/X
 _5546_/X
 _5547_/X
 _5548_/X
 _5549_/X
 _5550_/X
 _5551_/X
 _5552_/X
 _5553_/X
 _5554_/X
 _5555_/X
 _5556_/X
 _5557_/X
 _5558_/X
 _5559_/X
 _5560_/X
 _5561_/X
 _5562_/X
 _5563_/X
 _5564_/X
 _5565_/X
 _5566_/X
 _5567_/X
 _5568_/X
 _5569_/X
 _5570_/X
 _5571_/X
 _5572_/X
 _5573_/X
 _5574_/X
 _5575_/X
 _5576_/X
 _5577_/X
 _5578_/X
 _5579_/X
 _5580_/X
 _5581_/X
 _5582_/X
 _5583_/X
 _5584_/X
 _5585_/X
 _5586_/X
 _5587_/X
 _5588_/X
 _5589_/X
 _5590_/X
 _5591_/X
 _5592_/X
 _5593_/X
 _5594_/X
 _5595_/X
 _5596_/X
 _5597_/X
 _5598_/X
 _5599_/X
 _5600_/X
 _5601_/X
 _5602_/X
 _5603_/X
 _5604_/X
 _5605_/X
 _5606_/X
 _5607_/X
 _5608_/X
 _5609_/X
 _5610_/X
 _5611_/X
 _5612_/X
 _5613_/X
 _5614_/X
 _5615_/X
 _5616_/X
 _5617_/X
 _5618_/X
 _5619_/X
 _5620_/X
 _5621_/X
 _5622_/X
 _5623_/X
 _5624_/X
 _5625_/X
 _5626_/X
 _5627_/X
 _5628_/X
 _5629_/X
 _5630_/X
 _5631_/X
 _5632_/X
 _5633_/X
 _5634_/X
 _5635_/X
 _5636_/X
 _5637_/X
 _5638_/X
 _5639_/X
 _5640_/X
 _5641_/X
 _5642_/X
 _5643_/X
 _5644_/X
 _5645_/X
 _5646_/X
 _5647_/X
 _5648_/X
 _5649_/X
 _5650_/X
 _5651_/X
 _5652_/X
 _5653_/X
 _5654_/X
 _5655_/X
 _5656_/X
 _5657_/X
 _5658_/X
 _5659_/X
 _5660_/X
 _5661_/X
 _5662_/X
 _5663_/X
 _5664_/X
 _5665_/X
 _5666_/X
 _5667_/X
 _5668_/X
 _5669_/X
 _5670_/X
 _5671_/X
 _5672_/X
 _5673_/X
 _5674_/X
 _5675_/X
 _5676_/X
 _5677_/X
 _5678_/X
 _5679_/X
 _5680_/X
 _5681_/X
 _5682_/X
 _5683_/X
 _5684_/X
 _5685_/X
 _5686_/X
 _5687_/X
 _5688_/Y
 _5689_/X
 _5690_/Y
 _5691_/Y
 _5692_/Y
 _5693_/X
 _5694_/X
 _5695_/Y
 _5696_/Y
 _5697_/X
 _5698_/Y
 _5699_/Y
 _5700_/X
 _5701_/Y
 _5702_/Y
 _5703_/Y
 _5704_/Y
 _5705_/Y
 _5706_/Y
 _5707_/Y
 _5708_/Y
 _5709_/X
 _5710_/X
 _5711_/Y
 _5712_/Y
 _5713_/X
 _5714_/Y
 _5715_/Y
 _5716_/Y
 _5717_/Y
 _5718_/X
 _5719_/Y
 _5720_/Y
 _5721_/Y
 _5722_/X
 _5723_/Y
 _5724_/Y
 _5725_/X
 _5726_/X
 _5727_/Y
 _5728_/Y
 _5729_/X
 _5730_/X
 _5731_/X
 _5732_/X
 _5733_/Y
 _5734_/X
 _5735_/X
 _5736_/X
 _5737_/Y
 _5738_/Y
 _5739_/Y
 _5740_/X
 _5741_/Y
 _5742_/X
 _5743_/X
 _5744_/Y
 _5745_/Y
 _5746_/X
 _5747_/X
 _5748_/X
 _5749_/X
 _5750_/X
 _5751_/X
 _5752_/X
 _5753_/X
 _5754_/X
 _5755_/X
 _5756_/X
 _5757_/X
 _5758_/X
 _5759_/X
 _5760_/X
 _5761_/X
 _5762_/X
 _5763_/X
 _5764_/X
 _5765_/X
 _5766_/X
 _5767_/X
 _5768_/X
 _5769_/X
 _5770_/X
 _5771_/X
 _5772_/X
 _5773_/X
 _5774_/X
 _5775_/X
 _5776_/X
 _5777_/X
 _5778_/X
 _5779_/X
 _5780_/X
 _5781_/X
 _5782_/X
 _5783_/X
 _5784_/X
 _5785_/X
 _5786_/X
 _5787_/X
 _5788_/X
 _5789_/X
 _5790_/X
 _5791_/X
 _5792_/X
 _5793_/X
 _5794_/X
 _5795_/X
 _5796_/X
 _5797_/X
 _5798_/X
 _5799_/X
 _5800_/X
 _5801_/X
 _5802_/X
 _5803_/X
 _5804_/X
 _5805_/X
 _5806_/X
 _5807_/X
 _5808_/X
 _5809_/X
 _5810_/X
 _5811_/X
 _5812_/X
 _5813_/X
 _5814_/X
 _5815_/X
 _5816_/X
 _5817_/X
 _5818_/X
 _5819_/X
 _5820_/X
 _5821_/X
 _5822_/X
 _5823_/X
 _5824_/X
 _5825_/X
 _5826_/X
 _5827_/X
 _5828_/X
 _5829_/X
 _5830_/X
 _5831_/X
 _5832_/X
 _5833_/X
 _5834_/X
 _5835_/X
 _5836_/X
 _5837_/X
 _5838_/X
 _5839_/X
 _5840_/X
 _5841_/X
 _5842_/X
 _5843_/X
 _5844_/X
 _5845_/X
 _5846_/X
 _5847_/X
 _5848_/X
 _5849_/X
 _5850_/X
 _5851_/X
 _5852_/X
 _5853_/X
 _5854_/X
 _5855_/X
 _5856_/X
 _5857_/X
 _5858_/X
 _5859_/X
 _5860_/X
 _5861_/X
 _5862_/X
 _5863_/X
 _5864_/X
 _5865_/X
 _5866_/X
 _5867_/X
 _5868_/X
 _5869_/X
 _5870_/X
 _5871_/X
 _5872_/X
 _5873_/X
 _5874_/X
 _5875_/X
 _5876_/X
 _5877_/X
 _5878_/X
 _5879_/X
 _5880_/X
 _5881_/X
 _5882_/X
 _5883_/X
 _5884_/X
 _5885_/X
 _5886_/X
 _5887_/X
 _5888_/X
 _5889_/X
 _5890_/X
 _5891_/X
 _5892_/X
 _5893_/X
 _5894_/X
 _5895_/X
 _5896_/X
 _5897_/X
 _5898_/X
 _5899_/X
 _5900_/X
 _5901_/X
 _5902_/X
 _5903_/X
 _5904_/X
 _5905_/X
 _5906_/X
 _5907_/X
 _5908_/X
 _5909_/X
 _5910_/X
 _5911_/X
 _5912_/X
 _5913_/X
 _5914_/X
 _5915_/X
 _5916_/X
 _5917_/X
 _5918_/X
 _5919_/X
 _5920_/X
 _5921_/X
 _5922_/X
 _5923_/X
 _5924_/X
 _5925_/X
 _5926_/X
 _5927_/X
 _5928_/X
 _5929_/X
 _5930_/X
 _5931_/X
 _5932_/X
 _5933_/X
 _5934_/X
 _5935_/X
 _5936_/X
 _5937_/X
 _5938_/X
 _5939_/X
 _5940_/X
 _5941_/X
 _5942_/X
 _5943_/X
 _5944_/X
 _5945_/X
 _5946_/X
 _5947_/X
 _5948_/X
 _5949_/X
 _5950_/X
 _5951_/X
 _5952_/X
 _5953_/X
 _5954_/X
 _5955_/X
 _5956_/X
 _5957_/X
 _5958_/X
 _5959_/X
 _5960_/X
 _5961_/X
 _5962_/X
 _5963_/X
 _5964_/X
 _5965_/X
 _5966_/X
 _5967_/X
 _5968_/X
 _5969_/X
 _5970_/X
 _5971_/X
 _5972_/X
 _5973_/X
 _5974_/X
 _5975_/X
 _5976_/X
 _5977_/X
 _5978_/X
 _5979_/X
 _5980_/X
 _5981_/X
 _5982_/X
 _5983_/X
 _5984_/X
 _5985_/X
 _5986_/X
 _5987_/X
 _5988_/X
 _5989_/X
 _5990_/X
 _5991_/X
 _5992_/X
 _5993_/X
 _5994_/X
 _5995_/X
 _5996_/X
 _5997_/X
 _5998_/X
 _5999_/X
 _6000_/X
 _6001_/X
 _6002_/X
 _6003_/X
 _6004_/X
 _6005_/X
 _6006_/X
 _6007_/X
 _6008_/X
 _6009_/X
 _6010_/X
 _6011_/X
 _6012_/X
 _6013_/X
 _6014_/X
 _6015_/X
 _6016_/X
 _6017_/X
 _6018_/X
 _6019_/X
 _6020_/X
 _6021_/X
 _6022_/X
 _6023_/X
 _6024_/X
 _6025_/X
 _6026_/X
 _6027_/X
 _6028_/X
 _6029_/X
 _6030_/X
 _6031_/X
 _6032_/X
 _6033_/X
 _6034_/X
 _6035_/X
 _6036_/X
 _6037_/X
 _6038_/X
 _6039_/X
 _6040_/X
 _6041_/X
 _6042_/X
 _6043_/X
 _6044_/X
 _6045_/X
 _6046_/X
 _6047_/X
 _6048_/X
 _6049_/X
 _6050_/X
 _6051_/X
 _6052_/X
 _6053_/X
 _6054_/X
 _6055_/X
 _6056_/X
 _6057_/X
 _6058_/X
 _6059_/X
 _6060_/X
 _6061_/X
 _6062_/X
 _6063_/X
 _6064_/X
 _6065_/X
 _6066_/X
 _6067_/X
 _6068_/X
 _6069_/X
 _6070_/X
 _6071_/X
 _6072_/X
 _6073_/X
 _6074_/X
 _6075_/X
 _6076_/X
 _6077_/X
 _6078_/X
 _6079_/X
 _6080_/X
 _6081_/X
 _6082_/X
 _6083_/X
 _6084_/X
 _6085_/X
 _6086_/X
 _6087_/X
 _6088_/X
 _6089_/X
 _6090_/X
 _6091_/X
 _6092_/X
 _6093_/X
 _6094_/X
 _6095_/X
 _6096_/X
 _6097_/X
 _6098_/X
 _6099_/X
 _6100_/X
 _6101_/X
 _6102_/X
 _6103_/X
 _6104_/X
 _6105_/X
 _6106_/X
 _6107_/X
 _6108_/X
 _6109_/X
 _6110_/X
 _6111_/X
 _6112_/X
 _6113_/X
 _6114_/X
 _6115_/X
 _6116_/X
 _6117_/X
 _6118_/X
 _6119_/X
 _6120_/X
 _6121_/X
 _6122_/X
 _6123_/X
 _6124_/X
 _6125_/X
 _6126_/X
 _6127_/X
 _6128_/X
 _6129_/X
 _6130_/X
 _6131_/X
 _6132_/X
 _6133_/X
 _6134_/X
 _6135_/X
 _6136_/X
 _6137_/X
 _6138_/X
 _6139_/X
 _6140_/X
 _6141_/X
 _6142_/X
 _6143_/X
 _6144_/X
 _6145_/X
 _6146_/X
 _6147_/X
 _6148_/X
 _6149_/X
 _6150_/X
 _6151_/X
 _6152_/X
 _6153_/X
 _6154_/X
 _6155_/X
 _6156_/X
 _6157_/X
 _6158_/X
 _6159_/X
 _6160_/X
 _6161_/X
 _6162_/X
 _6163_/X
 _6164_/X
 _6165_/X
 _6166_/X
 _6167_/X
 _6168_/X
 _6169_/X
 _6170_/X
 _6171_/X
 _6172_/X
 _6173_/X
 _6174_/X
 _6175_/X
 _6176_/X
 _6177_/X
 _6178_/X
 _6179_/X
 _6180_/X
 _6181_/X
 _6182_/X
 _6183_/X
 _6184_/Y
 _6185_/Y
 _6186_/X
 _6187_/Y
 _6188_/Y
 _6189_/Y
 _6190_/X
 _6191_/Y
 _6192_/Y
 _6193_/X
 _6194_/Y
 _6195_/X
 _6196_/X
 _6197_/Y
 _6198_/X
 _6199_/Y
 _6200_/X
 _6201_/Y
 _6202_/Y
 _6203_/Y
 _6204_/Y
 _6205_/Y
 _6206_/Y
 _6207_/X
 _6208_/Y
 _6209_/Y
 _6210_/X
 _6211_/Y
 _6212_/X
 _6213_/Y
 _6214_/X
 _6215_/X
 _6216_/X
 _6217_/Y
 _6218_/Y
 _6219_/Y
 _6220_/X
 _6221_/X
 _6222_/X
 _6223_/Y
 _6224_/Y
 _6225_/X
 _6226_/X
 _6227_/X
 _6228_/X
 _6229_/Y
 _6230_/Y
 _6231_/X
 _6232_/Y
 _6233_/Y
 _6234_/Y
 _6235_/X
 _6236_/X
 _6237_/X
 _6238_/Y
 _6239_/Y
 _6240_/X
 _6241_/Y
 _6242_/X
 _6243_/X
 _6244_/Y
 _6245_/X
 _6246_/X
 _6247_/X
 _6248_/Y
 _6249_/X
 _6250_/X
 _6251_/X
 _6252_/Y
 _6253_/Y
 _6254_/X
 _6255_/X
 _6256_/X
 _6257_/X
 _6258_/Y
 _6259_/Y
 _6260_/X
 _6261_/Y
 _6262_/X
 _6263_/X
 _6264_/Y
 _6265_/X
 _6266_/Y
 _6267_/Y
 _6268_/X
 _6269_/Y
 _6270_/X
 _6271_/Y
 _6272_/X
 _6273_/Y
 _6274_/Y
 _6275_/Y
 _6276_/X
 _6277_/Y
 _6278_/X
 _6279_/Y
 _6280_/X
 _6281_/Y
 _6282_/X
 _6283_/Y
 _6284_/Y
 _6285_/Y
 _6286_/X
 _6287_/Y
 _6288_/Y
 _6289_/X
 _6290_/Y
 _6291_/X
 _6292_/Y
 _6293_/Y
 _6294_/Y
 _6295_/Y
 _6296_/Y
 _6297_/Y
 _6298_/Y
 _6299_/Y
 _6300_/Y
 _6301_/Y
 _6302_/Y
 _6303_/Y
 _6304_/Y
 _6305_/Y
 _6306_/Y
 _6307_/Y
 _6308_/Y
 _6309_/Y
 _6310_/Y
 _6311_/X
 _6312_/X
 _6313_/Y
 _6314_/Y
 _6315_/Y
 _6316_/Y
 _6317_/Y
 _6318_/Y
 _6319_/Y
 _6320_/Y
 _6321_/Y
 _6322_/Y
 _6323_/Y
 _6324_/Y
 _6325_/Y
 _6326_/Y
 _6327_/Y
 _6328_/Y
 _6329_/Y
 _6330_/Y
 _6331_/Y
 _6332_/Y
 _6333_/Y
 _6334_/Y
 _6335_/Y
 _6336_/Y
 _6337_/Y
 _6338_/Y
 _6339_/Y
 _6340_/Y
 _6341_/Y
 _6342_/Y
 _6343_/Y
 _6344_/Y
 _6345_/X
 _6346_/Y
 _6347_/Y
 _6348_/Y
 _6349_/Y
 _6350_/Y
 _6351_/Y
 _6352_/Y
 _6353_/Y
 _6354_/Y
 _6355_/Y
 _6356_/X
 _6357_/Y
 _6358_/Y
 _6359_/Y
 _6360_/Y
 _6361_/Y
 _6362_/Y
 _6363_/Y
 _6364_/Y
 _6365_/Y
 _6366_/Y
 _6367_/Y
 _6368_/Y
 _6369_/Y
 _6370_/Y
 _6371_/Y
 _6372_/Y
 _6373_/Y
 _6374_/Y
 _6375_/Y
 _6376_/Y
 _6377_/Y
 _6378_/Y
 _6379_/Y
 _6380_/Y
 _6381_/Y
 _6382_/Y
 _6383_/Y
 _6384_/Y
 _6385_/Y
 _6386_/Y
 _6387_/Y
 _6388_/Y
 _6389_/Y
 _6390_/Y
 _6391_/X
 _6392_/Y
 _6393_/Y
 _6394_/Y
 _6395_/Y
 _6396_/Y
 _6397_/Y
 _6398_/Y
 _6399_/Y
 _6400_/Y
 _6401_/Y
 _6402_/Y
 _6403_/Y
 _6404_/Y
 _6405_/Y
 _6406_/Y
 _6407_/Y
 _6408_/Y
 _6409_/Y
 _6410_/Y
 _6411_/Y
 _6412_/Y
 _6413_/Y
 _6414_/Y
 _6415_/Y
 _6416_/Y
 _6417_/Y
 _6418_/Y
 _6419_/Y
 _6420_/Y
 _6421_/Y
 _6422_/Y
 _6423_/Y
 _6424_/Y
 _6425_/Y
 _6426_/Y
 _6427_/Y
 _6428_/Y
 _6429_/Y
 _6430_/Y
 _6431_/Y
 _6432_/Y
 _6433_/Y
 _6434_/Y
 _6435_/Y
 _6436_/Y
 _6437_/Y
 _6438_/Y
 _6439_/Y
 _6440_/Y
 _6441_/Y
 _6442_/Y
 _6443_/Y
 _6444_/Y
 _6445_/Y
 _6446_/Y
 _6447_/Y
 _6448_/Y
 _6449_/Y
 _6450_/Y
 _6451_/Y
 _6452_/Y
 _6453_/Y
 _6454_/Y
 _6455_/Y
 _6456_/Y
 _6457_/Y
 _6458_/Y
 _6459_/Y
 _6460_/Y
 _6461_/Y
 _6462_/Y
 _6463_/Y
 _6464_/Y
 _6465_/X
 _6466_/Y
 _6467_/X
 _6468_/Y
 _6469_/X
 _6470_/Y
 _6471_/Y
 _6472_/X
 _6473_/Y
 _6474_/X
 _6475_/Y
 _6476_/X
 _6477_/Y
 _6478_/Y
 _6479_/X
 _6480_/Y
 _6481_/X
 _6482_/Y
 _6483_/X
 _6484_/Y
 _6485_/Y
 _6486_/X
 _6487_/Y
 _6488_/X
 _6489_/Y
 _6490_/X
 _6491_/Y
 _6492_/Y
 _6493_/X
 _6494_/X
 _6495_/Y
 _6496_/X
 _6497_/Y
 _6498_/X
 _6499_/Y
 _6500_/Y
 _6501_/X
 _6502_/Y
 _6503_/X
 _6504_/Y
 _6505_/X
 _6506_/Y
 _6507_/Y
 _6508_/X
 _6509_/X
 _6510_/Y
 _6511_/X
 _6512_/Y
 _6513_/X
 _6514_/Y
 _6515_/Y
 _6516_/X
 _6517_/Y
 _6518_/X
 _6519_/X
 _6520_/Y
 _6521_/X
 _6522_/X
 _6523_/Y
 _6524_/Y
 _6525_/X
 _6526_/Y
 _6527_/X
 _6528_/Y
 _6529_/X
 _6530_/X
 _6531_/Y
 _6532_/Y
 _6533_/X
 _6534_/Y
 _6535_/X
 _6536_/Y
 _6537_/X
 _6538_/Y
 _6539_/Y
 _6540_/X
 _6541_/Y
 _6542_/X
 _6543_/Y
 _6544_/X
 _6545_/Y
 _6546_/Y
 _6547_/X
 _6548_/Y
 _6549_/X
 _6550_/Y
 _6551_/X
 _6552_/Y
 _6553_/Y
 _6554_/X
 _6555_/Y
 _6556_/X
 _6557_/Y
 _6558_/X
 _6559_/Y
 _6560_/Y
 _6561_/X
 _6562_/Y
 _6563_/X
 _6564_/Y
 _6565_/X
 _6566_/Y
 _6567_/Y
 _6568_/X
 _6569_/Y
 _6570_/X
 _6571_/Y
 _6572_/X
 _6573_/Y
 _6574_/Y
 _6575_/X
 _6576_/Y
 _6577_/X
 _6578_/Y
 _6579_/X
 _6580_/Y
 _6581_/Y
 _6582_/X
 _6583_/Y
 _6584_/X
 _6585_/Y
 _6586_/Y
 _6587_/Y
 _6588_/X
 _6589_/X
 _6590_/X
 _6591_/Y
 _6592_/Y
 _6593_/X
 _6594_/Y
 _6595_/Y
 _6596_/Y
 _6597_/Y
 _6598_/X
 _6599_/Y
 _6600_/Y
 _6601_/Y
 _6602_/Y
 _6603_/Y
 _6604_/Y
 _6605_/Y
 _6606_/Y
 _6607_/Y
 _6608_/Y
 _6609_/Y
 _6610_/Y
 _6611_/Y
 _6612_/Y
 _6613_/Y
 _6614_/Y
 _6615_/Y
 _6616_/Y
 _6617_/Y
 _6618_/Y
 _6619_/Y
 _6620_/Y
 _6621_/X
 _6622_/X
 _6623_/Y
 _6624_/Y
 _6625_/Y
 _6626_/Y
 _6627_/Y
 _6628_/Y
 _6629_/Y
 _6630_/Y
 _6631_/Y
 _6632_/Y
 _6633_/Y
 _6634_/Y
 _6635_/Y
 _6636_/Y
 _6637_/Y
 _6638_/Y
 _6639_/Y
 _6640_/Y
 _6641_/Y
 _6642_/Y
 _6643_/Y
 _6644_/Y
 _6645_/Y
 _6646_/Y
 _6647_/Y
 _6648_/Y
 _6649_/Y
 _6650_/Y
 _6651_/Y
 _6652_/Y
 _6653_/Y
 _6654_/Y
 _6655_/Y
 _6656_/Y
 _6657_/Y
 _6658_/Y
 _6659_/Y
 _6660_/Y
 _6661_/Y
 _6662_/Y
 _6663_/Y
 _6664_/Y
 _6665_/Y
 _6666_/Q
 _6667_/Q
 _6668_/Q
 _6669_/Q
 _6670_/Q
 _6671_/Q
 _6672_/Q
 _6673_/Q
 _6674_/Q
 _6675_/Q
 _6676_/Q
 _6677_/Q
 _6678_/Q
 _6679_/Q
 _6680_/Q
 _6681_/Q
 _6682_/Q
 _6683_/Q
 _6684_/Q
 _6685_/Q
 _6686_/Q
 _6687_/Q
 _6688_/Q
 _6689_/Q
 _6690_/Q
 _6691_/Q
 _6692_/Q
 _6693_/Q
 _6694_/Q
 _6695_/Q
 _6696_/Q
 _6697_/Q
 _6698_/Q
 _6699_/Q
 _6700_/Q
 _6701_/Q
 _6702_/Q
 _6703_/Q
 _6704_/Q
 _6705_/Q
 _6706_/Q
 _6707_/Q
 _6708_/Q
 _6709_/Q
 _6710_/Q
 _6711_/Q
 _6712_/Q
 _6713_/Q
 _6714_/Q
 _6715_/Q
 _6716_/Q
 _6717_/Q
 _6718_/Q
 _6719_/Q
 _6720_/Q
 _6721_/Q
 _6722_/Q
 _6723_/Q
 _6724_/Q
 _6725_/Q
 _6726_/Q
 _6727_/Q
 _6728_/Q
 _6729_/Q
 _6730_/Q
 _6731_/Q
 _6732_/Q
 _6733_/Q
 _6734_/Q
 _6735_/Q
 _6736_/Q
 _6737_/Q
 _6738_/Q
 _6739_/Q
 _6740_/Q
 _6741_/Q
 _6742_/Q
 _6743_/Q
 _6744_/Q
 _6745_/Q
 _6746_/Q
 _6747_/Q
 _6748_/Q
 _6749_/Q
 _6750_/Q
 _6751_/Q
 _6752_/Q
 _6753_/Q
 _6754_/Q
 _6755_/Q
 _6756_/Q
 _6757_/Q
 _6758_/Q
 _6759_/Q
 _6760_/Q
 _6761_/Q
 _6762_/Q
 _6763_/Q
 _6764_/Q
 _6765_/Q
 _6766_/Q
 _6767_/Q
 _6768_/Q
 _6769_/Q
 _6770_/Q
 _6771_/Q
 _6772_/Q
 _6773_/Q
 _6774_/Q
 _6775_/Q
 _6776_/Q
 _6777_/Q
 _6778_/Q
 _6779_/Q
 _6780_/Q
 _6781_/Q
 _6782_/Q
 _6783_/Q
 _6784_/Q
 _6785_/Q
 _6786_/Q
 _6787_/Q
 _6788_/Q
 _6789_/Q
 _6790_/Q
 _6791_/Q
 _6792_/Q
 _6793_/Q
 _6794_/Q
 _6795_/Q
 _6796_/Q
 _6797_/Q
 _6798_/Q
 _6799_/Q
 _6800_/Q
 _6801_/Q
 _6802_/Q
 _6803_/Q
 _6804_/Q
 _6805_/Q
 _6806_/Q
 _6807_/Q
 _6808_/Q
 _6809_/Q
 _6810_/Q
 _6811_/Q
 _6812_/Q
 _6813_/Q
 _6814_/Q
 _6815_/Q
 _6816_/Q
 _6817_/Q
 _6818_/Q
 _6819_/Q
 _6820_/Q
 _6821_/Q
 _6822_/Q
 _6823_/Q
 _6824_/Q
 _6825_/Q
 _6826_/Q
 _6827_/Q
 _6828_/Q
 _6829_/Q
 _6830_/Q
 _6831_/Q
 _6832_/Q
 _6833_/Q
 _6834_/Q
 _6835_/Q
 _6836_/Q
 _6837_/Q
 _6838_/Q
 _6839_/Q
 _6840_/Q
 _6841_/Q
 _6842_/Q
 _6843_/Q
 _6844_/Q
 _6845_/Q
 _6846_/Q
 _6847_/Q
 _6848_/Q
 _6849_/Q
 _6850_/Q
 _6851_/Q
 _6852_/Q
 _6853_/Q
 _6854_/Q
 _6855_/Q
 _6856_/Q
 _6857_/Q
 _6858_/Q
 _6859_/Q
 _6860_/Q
 _6861_/Q
 _6862_/Q
 _6863_/Q
 _6864_/Q
 _6865_/Q
 _6866_/Q
 _6867_/Q
 _6868_/Q
 _6869_/Q
 _6870_/Q
 _6871_/Q
 _6872_/Q
 _6873_/Q
 _6874_/Q
 _6875_/Q
 _6876_/Q
 _6877_/Q
 _6878_/Q
 _6879_/Q
 _6880_/Q
 _6881_/Q
 _6882_/Q
 _6883_/Q
 _6884_/Q
 _6885_/Q
 _6886_/Q
 _6887_/Q
 _6888_/Q
 _6889_/Q
 _6890_/Q
 _6891_/Q
 _6892_/Q
 _6893_/Q
 _6894_/Q
 _6895_/Q
 _6896_/Q
 _6897_/Q
 _6898_/Q
 _6899_/Q
 _6900_/Q
 _6901_/Q
 _6902_/Q
 _6903_/Q
 _6904_/Q
 _6905_/Q
 _6906_/Q
 _6907_/Q
 _6908_/Q
 _6909_/Q
 _6910_/Q
 _6911_/Q
 _6912_/Q
 _6913_/Q
 _6914_/Q
 _6915_/Q
 _6916_/Q
 _6917_/Q
 _6918_/Q
 _6919_/Q
 _6920_/Q
 _6921_/Q
 _6922_/Q
 _6923_/Q
 _6924_/Q
 _6925_/Q
 _6926_/Q
 _6927_/Q
 _6928_/Q
 _6929_/Q
 _6930_/Q
 _6931_/Q
 _6932_/Q
 _6933_/Q
 _6934_/Q
 _6935_/Q
 _6936_/Q
 _6937_/Q
 _6938_/Q
 _6939_/Q
 _6940_/Q
 _6941_/Q
 _6942_/Q
 _6943_/Q
 _6944_/Q
 _6945_/Q
 _6946_/Q
 _6947_/Q
 _6948_/Q
 _6949_/Q
 _6950_/Q
 _6951_/Q
 _6952_/Q
 _6953_/Q
 _6954_/Q
 _6955_/Q
 _6956_/Q
 _6957_/Q
 _6958_/Q
 _6959_/Q
 _6960_/Q
 _6961_/Q
 _6962_/Q
 _6963_/Q
 _6964_/Q
 _6965_/Q
 _6966_/Q
 _6967_/Q
 _6968_/Q
 _6969_/Q
 _6970_/Q
 _6971_/Q
 _6972_/Q
 _6973_/Q
 _6974_/Q
 _6975_/Q
 _6976_/Q
 _6977_/Q
 _6978_/Q
 _6979_/Q
 _6980_/Q
 _6981_/Q
 _6982_/Q
 _6983_/Q
 _6984_/Q
 _6985_/Q
 _6986_/Q
 _6987_/Q
 _6988_/Q
 _6989_/Q
 _6990_/Q
 _6991_/Q
 _6992_/Q
 _6993_/Q
 _6994_/Q
 _6995_/Q
 _6996_/Q
 _6997_/Q
 _6998_/Q
 _6999_/Q
 _7000_/Q
 _7001_/Q
 _7002_/Q
 _7003_/Q
 _7004_/Q
 _7005_/Q
 _7006_/Q
 _7007_/Q
 _7008_/Q
 _7009_/Q
 _7010_/Q
 _7011_/Q
 _7012_/Q
 _7013_/Q
 _7014_/Q
 _7015_/Q
 _7016_/Q
 _7017_/Q
 _7018_/Q
 _7019_/Q
 _7020_/Q
 _7021_/Q
 _7022_/Q
 _7023_/Q
 _7024_/Q
 _7025_/Q
 _7026_/Q
 _7027_/Q
 _7028_/Q
 _7029_/Q
 _7030_/Q
 _7031_/Q
 _7032_/Q
 _7033_/Q
 _7034_/Q
 _7035_/Q
 _7036_/Q
 _7037_/Q
 _7038_/Q
 _7039_/Q
 _7040_/Q
 _7041_/Q
 _7042_/Q
 _7043_/Q
 _7044_/Q
 _7045_/Q
 _7046_/Q
 _7047_/Q
 _7048_/Q
 _7049_/Q
 _7050_/Q
 _7051_/Q
 _7052_/Q
 _7053_/Q
 _7054_/Q
 _7055_/Q
 _7056_/Q
 _7057_/Q
 _7058_/Q
 _7059_/Q
 _7060_/Q
 _7061_/Q
 _7062_/Q
 _7063_/Q
 _7064_/Q
 _7065_/Q
 _7066_/Q
 _7067_/Q
 _7068_/Q
 _7069_/Q
 _7070_/Q
 _7071_/Q
 _7072_/Q
 _7073_/Q
 _7074_/Q
 _7075_/Q
 _7076_/Q
 _7077_/Q
 _7078_/Q
 _7079_/Q
 _7080_/Q
 _7081_/Q
 _7082_/Q
 _7083_/Q
 _7084_/Q
 _7085_/Q
 _7086_/Q
 _7087_/Q
 _7088_/Q
 _7089_/Q
 _7090_/Q
 _7091_/Q
 _7092_/Q
 _7093_/Q
 _7094_/Q
 _7095_/Q
 _7096_/Q
 _7097_/Q
 _7098_/Q
 _7099_/Q
 _7100_/Q
 _7101_/Q
 _7102_/Q
 _7103_/Q
 _7104_/Q
 _7105_/Q
 _7106_/Q
 _7107_/Q
 _7108_/Q
 _7109_/Q
 _7110_/Q
 _7111_/Q
 _7112_/Q
 _7113_/Q
 _7114_/Q
 _7115_/Q
 _7116_/Q
 _7117_/Q
 _7118_/Q
 _7119_/Q
 _7120_/Q
 _7121_/Q
 _7122_/Q
 _7123_/Q
 _7124_/Q
 _7125_/Q
 _7126_/Q
 _7127_/Q
 _7128_/Q
 _7129_/Q
 _7130_/Q
 _7131_/Q
 _7132_/Q
 _7133_/Q
 _7134_/Q
 _7135_/Q
 _7136_/Q
 _7137_/Q
 _7138_/Q
 _7139_/Q
 _7140_/Q
 _7141_/Q
 _7142_/Q
 _7143_/Q
 _7144_/Q
 _7145_/Q
 _7146_/Q
 _7147_/Q
 _7148_/Q
 _7149_/Q
 _7150_/Q
 _7151_/Q
 _7152_/Q
 _7153_/Q
 _7154_/Q
 _7155_/Q
 _7156_/Q
 _7157_/Q
 _7158_/Q
 _7159_/Q
 _7160_/Q
 _7161_/Q
 _7162_/Q
 _7163_/Q
 _7164_/Q
 _7165_/Q
 _7166_/Q
 _7167_/Q
 _7168_/Q
 _7169_/Q
 _7170_/Q
 _7171_/Q
 _7172_/Q
 _7173_/Q
 _7174_/Q
 _7175_/Q
 _7176_/Q
 _7177_/Q
 _7178_/Q
 _7179_/Q
 _7180_/Q
 _7181_/Q
 _7182_/Q
 _7183_/Q
 _7184_/Q
 _7185_/X
 _7186_/X
 _7187_/X
 _7188_/X
 _7189_/X
 _7190_/X
 _7191_/X
 _7192_/X
 _7193_/X
 _7194_/X
 _7195_/X
 _7196_/X
 _7197_/X
 _7198_/X
 _7199_/X
 _7200_/X
 _7201_/X
 _7202_/X
 _7203_/X
 _7204_/X
 _7205_/X
 _7206_/X
 _7207_/X
 _7208_/X
 _7209_/X
 _7210_/X
 _7211_/X
 _7212_/X
 _7213_/X
 _7214_/X
 _7215_/X
 _7216_/X
 _7217_/X
 _7218_/X
 _7219_/X
 _7220_/X
 _7221_/X
 _7222_/X
 _7223_/X
 _7224_/X
 _7225_/X
 _7226_/X
 _7227_/X
 _7228_/X
 _7229_/X
 _7230_/X
 _7231_/X
 _7232_/X
 _7233_/X
 _7234_/X
 _7235_/X
 _7236_/X
 _7237_/X
 _7238_/X
 _7239_/X
 _7240_/X
 _7241_/X
 _7242_/X
 _7243_/X
 _7244_/X
 _7245_/X
 _7246_/X
 _7247_/X
 _7248_/X
 _7249_/X
 _7250_/X
 _7251_/X
 _7252_/X
 _7253_/X
 _7254_/X
 _7255_/X
 _7256_/X
 _7257_/X
 _7258_/X
 _7259_/X
 _7260_/X
 _7261_/X
 _7262_/X
 _7263_/X
 _7264_/X
 _7265_/X
 _7266_/X
 _7267_/X
 _7268_/X
 _7269_/X
 _7270_/X
 _7271_/X
 _7272_/X
 _7273_/X
 _7274_/X
 _7275_/X
 _7276_/X
 _7277_/X
 _7278_/X
 _7279_/X
 _7280_/X
 _7281_/X
 _7282_/X
 _7283_/X
 _7284_/X
 _7285_/X
 _7286_/X
 _7287_/X
 _7288_/X
 _7289_/X
 _7290_/X
Found 0 partially unannotated drivers.

===========================================================================
max slew violation count 0
max fanout violation count 0
max cap violation count 0
============================================================================

===========================================================================
check_setup -verbose -unconstrained_endpoints -multiple_clock -no_clock -no_input_delay -loops -generated_clocks
===========================================================================
Warning: There is 1 input port missing set_input_delay.
  aresetn
Warning: There is 1 unconstrained endpoint.
  _6669_/D
