
===========================================================================
report_checks -unconstrained
===========================================================================
======================= nom_tt_025C_1v80 Corner ===================================

Startpoint: m_axi_rdata[29] (input port clocked by aclk)
Endpoint: s_axi_rdata[61] (output port clocked by aclk)
Path Group: aclk
Path Type: max

Fanout         Cap        Slew       Delay        Time   Description
---------------------------------------------------------------------------------------------
                                  0.000000    0.000000   clock aclk (rise edge)
                                  0.000000    0.000000   clock network delay (propagated)
                                  3.000000    3.000000 v input external delay
     1    0.004035    0.000000    0.000000    3.000000 v m_axi_rdata[29] (in)
                                                         m_axi_rdata[29] (net)
                      0.000135    0.000068    3.000068 v input62/A (sky130_fd_sc_hd__buf_1)
     1    0.008517    0.056306    0.095236    3.095304 v input62/X (sky130_fd_sc_hd__buf_1)
                                                         net62 (net)
                      0.056307    0.000260    3.095563 v _4385_/A2 (sky130_fd_sc_hd__o21ai_4)
     4    0.185119    1.234251    0.871625    3.967189 ^ _4385_/Y (sky130_fd_sc_hd__o21ai_4)
                                                         _1521_ (net)
                      1.248615    0.107454    4.074643 ^ _4426_/A (sky130_fd_sc_hd__nor2_1)
     1    0.022911    0.306054    0.341368    4.416010 v _4426_/Y (sky130_fd_sc_hd__nor2_1)
                                                         net884 (net)
                      0.306083    0.002427    4.418437 v output884/A (sky130_fd_sc_hd__buf_1)
     1    0.000509    0.021656    0.162886    4.581323 v output884/X (sky130_fd_sc_hd__buf_1)
                                                         s_axi_rdata[61] (net)
                      0.021656    0.000006    4.581329 v s_axi_rdata[61] (out)
                                              4.581329   data arrival time

                                 10.000000   10.000000   clock aclk (rise edge)
                                  0.000000   10.000000   clock network delay (propagated)
                                 -0.300000    9.700000   clock uncertainty
                                  0.000000    9.700000   clock reconvergence pessimism
                                 -3.000000    6.700000   output external delay
                                              6.700000   data required time
---------------------------------------------------------------------------------------------
                                              6.700000   data required time
                                             -4.581329   data arrival time
---------------------------------------------------------------------------------------------
                                              2.118671   slack (MET)




===========================================================================
report_checks --slack_max -0.01
============================================================================
======================= nom_tt_025C_1v80 Corner ===================================

No paths found.


===========================================================================
 report_check_types -max_slew -max_cap -max_fanout -violators
============================================================================
======================= nom_tt_025C_1v80 Corner ===================================



===========================================================================
report_parasitic_annotation -report_unannotated
============================================================================
Found 5 unannotated drivers.
 cfg_weight_m0[0]
 cfg_weight_m0[1]
 cfg_weight_m0[2]
 cfg_weight_m0[3]
 _6669__951/HI
Found 0 partially unannotated drivers.

===========================================================================
max slew violation count 0
max fanout violation count 0
max cap violation count 0
============================================================================

===========================================================================
check_setup -verbose -unconstrained_endpoints -multiple_clock -no_clock -no_input_delay -loops -generated_clocks
===========================================================================
Warning: There is 1 input port missing set_input_delay.
  aresetn
Warning: There is 1 unconstrained endpoint.
  _6669_/D
