
===========================================================================
 report_power
============================================================================
======================= nom_tt_025C_1v80 Corner ===================================

Group                    Internal    Switching      Leakage        Total
                            Power        Power        Power        Power (Watts)
------------------------------------------------------------------------
Sequential           3.095314e-03 9.792151e-04 6.273851e-09 4.074535e-03  30.6%
Combinational        2.833243e-03 4.413073e-03 1.411856e-08 7.246330e-03  54.4%
Clock                9.768306e-04 1.017537e-03 4.287403e-08 1.994411e-03  15.0%
Macro                0.000000e+00 0.000000e+00 0.000000e+00 0.000000e+00   0.0%
Pad                  0.000000e+00 0.000000e+00 0.000000e+00 0.000000e+00   0.0%
------------------------------------------------------------------------
Total                6.905395e-03 6.409821e-03 6.326487e-08 1.331528e-02 100.0%
                            51.9%        48.1%         0.0%

