Starting…
Running 'Verilator.Lint'…
Logging subprocess to [repr.filename][link=file:///work/openlane/runs/RUN_2026-08-28_23-33-37/01-verilator-lint/verilator-lint.log]work/openlane/runs/RUN_2026-08-28_23-33-37/01-verilator-lint/verilator-lint.log[/link][/repr.filename]…
Running 'Checker.LintTimingConstructs'…
Check for Lint Timing Errors clear.
Running 'Checker.LintErrors'…
Check for Lint errors clear.
Running 'Checker.LintWarnings'…
42 Lint warnings found.
Running 'Yosys.JsonHeader'…
Logging subprocess to [repr.filename][link=file:///work/openlane/runs/RUN_2026-08-28_23-33-37/05-yosys-jsonheader/yosys-jsonheader.log]work/openlane/runs/RUN_2026-08-28_23-33-37/05-yosys-jsonheader/yosys-jsonheader.log[/link][/repr.filename]…
Running 'Yosys.Synthesis'…
Logging subprocess to [repr.filename][link=file:///work/openlane/runs/RUN_2026-08-28_23-33-37/06-yosys-synthesis/yosys-synthesis.log]work/openlane/runs/RUN_2026-08-28_23-33-37/06-yosys-synthesis/yosys-synthesis.log[/link][/repr.filename]…
Parsing synthesis checks…
Running 'Checker.YosysUnmappedCells'…
Check for Unmapped Yosys instances clear.
Running 'Checker.YosysSynthChecks'…
Check for Yosys check errors clear.
Running 'OpenROAD.CheckSDCFiles'…
'PNR_SDC_FILE' is not defined. Using generic fallback SDC for OpenROAD PnR steps.
'SIGNOFF_SDC_FILE' is not defined. Using generic fallback SDC for OpenROAD PnR steps.
Running 'OpenROAD.CheckMacroInstances'…
No macros found, skipping instance check…
Running 'OpenROAD.STAPrePNR'…
Starting STA for the nom_tt_025C_1v80 timing corner…
Starting STA for the nom_ss_100C_1v60 timing corner…
Starting STA for the nom_ff_n40C_1v95 timing corner…
Skipping corner min_tt_025C_1v80 for STA (identical to nom_tt_025C_1v80 at this stage)…
Skipping corner min_ss_100C_1v60 for STA (identical to nom_ss_100C_1v60 at this stage)…
Skipping corner min_ff_n40C_1v95 for STA (identical to nom_ff_n40C_1v95 at this stage)…
Skipping corner max_tt_025C_1v80 for STA (identical to nom_tt_025C_1v80 at this stage)…
Skipping corner max_ss_100C_1v60 for STA (identical to nom_ss_100C_1v60 at this stage)…
Skipping corner max_ff_n40C_1v95 for STA (identical to nom_ff_n40C_1v95 at this stage)…
Logging subprocess to [repr.filename][link=file:///work/openlane/runs/RUN_2026-08-28_23-33-37/11-openroad-staprepnr/nom_tt_025C_1v80/sta.log]work/openlane/runs/RUN_2026-08-28_23-33-37/11-openroad-staprepnr/nom_tt_025C_1v80/sta.log[/link][/repr.filename]…
Logging subprocess to [repr.filename][link=file:///work/openlane/runs/RUN_2026-08-28_23-33-37/11-openroad-staprepnr/nom_ss_100C_1v60/sta.log]work/openlane/runs/RUN_2026-08-28_23-33-37/11-openroad-staprepnr/nom_ss_100C_1v60/sta.log[/link][/repr.filename]…
Logging subprocess to [repr.filename][link=file:///work/openlane/runs/RUN_2026-08-28_23-33-37/11-openroad-staprepnr/nom_ff_n40C_1v95/sta.log]work/openlane/runs/RUN_2026-08-28_23-33-37/11-openroad-staprepnr/nom_ff_n40C_1v95/sta.log[/link][/repr.filename]…
Finished STA for the nom_tt_025C_1v80 timing corner.
Finished STA for the nom_ss_100C_1v60 timing corner.
Finished STA for the nom_ff_n40C_1v95 timing corner.
Running 'OpenROAD.Floorplan'…
Logging subprocess to [repr.filename][link=file:///work/openlane/runs/RUN_2026-08-28_23-33-37/12-openroad-floorplan/openroad-floorplan.log]work/openlane/runs/RUN_2026-08-28_23-33-37/12-openroad-floorplan/openroad-floorplan.log[/link][/repr.filename]…
Running 'Odb.CheckMacroAntennaProperties'…
No cells provided, skipping…
Running 'Odb.SetPowerConnections'…
Logging subprocess to [repr.filename][link=file:///work/openlane/runs/RUN_2026-08-28_23-33-37/14-odb-setpowerconnections/odb-setpowerconnections.log]work/openlane/runs/RUN_2026-08-28_23-33-37/14-odb-setpowerconnections/odb-setpowerconnections.log[/link][/repr.filename]…
Running 'Odb.ManualMacroPlacement'…
No instances found, skipping 'Odb.ManualMacroPlacement'…
Running 'OpenROAD.CutRows'…
Logging subprocess to [repr.filename][link=file:///work/openlane/runs/RUN_2026-08-28_23-33-37/16-openroad-cutrows/openroad-cutrows.log]work/openlane/runs/RUN_2026-08-28_23-33-37/16-openroad-cutrows/openroad-cutrows.log[/link][/repr.filename]…
Running 'OpenROAD.TapEndcapInsertion'…
Logging subprocess to [repr.filename][link=file:///work/openlane/runs/RUN_2026-08-28_23-33-37/17-openroad-tapendcapinsertion/openroad-tapendcapinsertion.log]work/openlane/runs/RUN_2026-08-28_23-33-37/17-openroad-tapendcapinsertion/openroad-tapendcapinsertion.log[/link][/repr.filename]…
Running 'Odb.AddPDNObstructions'…
'PDN_OBSTRUCTIONS' is not defined. Skipping 'Odb.AddPDNObstructions'…
Running 'OpenROAD.GeneratePDN'…
'FP_PDN_CFG' not explicitly set, setting it to /nix/store/hwxq78ix5dm1zxacgmyfrlkgn2vq15hz-python3-3.11.6-env/lib/python3.11/site-packages/openlane/scripts/openroad/common/pdn_cfg.tcl…
Logging subprocess to [repr.filename][link=file:///work/openlane/runs/RUN_2026-08-28_23-33-37/19-openroad-generatepdn/openroad-generatepdn.log]work/openlane/runs/RUN_2026-08-28_23-33-37/19-openroad-generatepdn/openroad-generatepdn.log[/link][/repr.filename]…
Running 'Odb.RemovePDNObstructions'…
'PDN_OBSTRUCTIONS' is not defined. Skipping 'Odb.RemovePDNObstructions'…
Running 'Odb.AddRoutingObstructions'…
'ROUTING_OBSTRUCTIONS' is not defined. Skipping 'Odb.AddRoutingObstructions'…
Running 'OpenROAD.GlobalPlacementSkipIO'…
Logging subprocess to [repr.filename][link=file:///work/openlane/runs/RUN_2026-08-28_23-33-37/22-openroad-globalplacementskipio/openroad-globalplacementskipio.log]work/openlane/runs/RUN_2026-08-28_23-33-37/22-openroad-globalplacementskipio/openroad-globalplacementskipio.log[/link][/repr.filename]…
Running 'OpenROAD.IOPlacement'…
Logging subprocess to [repr.filename][link=file:///work/openlane/runs/RUN_2026-08-28_23-33-37/23-openroad-ioplacement/openroad-ioplacement.log]work/openlane/runs/RUN_2026-08-28_23-33-37/23-openroad-ioplacement/openroad-ioplacement.log[/link][/repr.filename]…
[PPL-0024] Number of IO pins (947) exceeds maximum number of available positions (380). Increase the die perimeter from 1247.92um to 3219.80um.
