
===========================================================================
 report_power
============================================================================
======================= nom_ff_n40C_1v95 Corner ===================================

Group                    Internal    Switching      Leakage        Total
                            Power        Power        Power        Power (Watts)
------------------------------------------------------------------------
Sequential           3.166274e-03 1.289105e-03 8.745523e-09 4.455387e-03  29.2%
Combinational        3.251835e-03 5.614491e-03 2.969684e-08 8.866356e-03  58.1%
Clock                9.136957e-04 1.029199e-03 5.361279e-08 1.942948e-03  12.7%
Macro                0.000000e+00 0.000000e+00 0.000000e+00 0.000000e+00   0.0%
Pad                  0.000000e+00 0.000000e+00 0.000000e+00 0.000000e+00   0.0%
------------------------------------------------------------------------
Total                7.331804e-03 7.932790e-03 9.205750e-08 1.526469e-02 100.0%
                            48.0%        52.0%         0.0%

