
===========================================================================
report_checks -unconstrained
===========================================================================
======================= nom_tt_025C_1v80 Corner ===================================

Startpoint: m_axi_arready[1] (input port clocked by aclk)
Endpoint: s_axi_arready[3] (output port clocked by aclk)
Path Group: aclk
Path Type: max

Fanout         Cap        Slew       Delay        Time   Description
---------------------------------------------------------------------------------------------
                                  0.000000    0.000000   clock aclk (rise edge)
                                  0.000000    0.000000   clock network delay (propagated)
                                  3.000000    3.000000 ^ input external delay
     1    0.006264    0.000000    0.000000    3.000000 ^ m_axi_arready[1] (in)
                                                         m_axi_arready[1] (net)
                      0.000142    0.000071    3.000071 ^ _4257_/B (sky130_fd_sc_hd__nand2_2)
     1    0.002597    0.104722    0.028892    3.028963 v _4257_/Y (sky130_fd_sc_hd__nand2_2)
                                                         _1447_ (net)
                      0.104722    0.000012    3.028975 v _4260_/A2 (sky130_fd_sc_hd__o211a_2)
     2    0.049623    0.140136    0.367120    3.396095 v _4260_/X (sky130_fd_sc_hd__o211a_2)
                                                         _1450_ (net)
                      0.142273    0.013682    3.409777 v _4261_/B (sky130_fd_sc_hd__nor2_2)
     4    0.057434    0.614031    0.508586    3.918364 ^ _4261_/Y (sky130_fd_sc_hd__nor2_2)
                                                         _1451_ (net)
                      0.614034    0.001255    3.919619 ^ _4268_/A (sky130_fd_sc_hd__inv_2)
     2    0.009144    0.110973    0.095339    4.014958 v _4268_/Y (sky130_fd_sc_hd__inv_2)
                                                         _1455_ (net)
                      0.110973    0.000020    4.014977 v _4269_/B (sky130_fd_sc_hd__nor2_2)
     1    0.045803    0.496558    0.412351    4.427329 ^ _4269_/Y (sky130_fd_sc_hd__nor2_2)
                                                         s_axi_arready[3] (net)
                      0.496980    0.011992    4.439321 ^ s_axi_arready[3] (out)
                                              4.439321   data arrival time

                                 12.000000   12.000000   clock aclk (rise edge)
                                  0.000000   12.000000   clock network delay (propagated)
                                 -0.300000   11.700000   clock uncertainty
                                  0.000000   11.700000   clock reconvergence pessimism
                                 -3.000000    8.699999   output external delay
                                              8.699999   data required time
---------------------------------------------------------------------------------------------
                                              8.699999   data required time
                                             -4.439321   data arrival time
---------------------------------------------------------------------------------------------
                                              4.260679   slack (MET)




===========================================================================
report_checks --slack_max -0.01
============================================================================
======================= nom_tt_025C_1v80 Corner ===================================

No paths found.


===========================================================================
 report_check_types -max_slew -max_cap -max_fanout -violators
============================================================================
======================= nom_tt_025C_1v80 Corner ===================================

max slew

Pin                                        Limit        Slew       Slack
------------------------------------------------------------------------
_6916_/RESET_B                          1.500000    1.844957   -0.344957 (VIOLATED)
_6885_/RESET_B                          1.500000    1.844746   -0.344746 (VIOLATED)
_6917_/RESET_B                          1.500000    1.844640   -0.344640 (VIOLATED)
_6883_/RESET_B                          1.500000    1.844547   -0.344547 (VIOLATED)
_6892_/RESET_B                          1.500000    1.844292   -0.344292 (VIOLATED)
_6889_/RESET_B                          1.500000    1.844253   -0.344253 (VIOLATED)
_6891_/RESET_B                          1.500000    1.844247   -0.344247 (VIOLATED)
_6895_/RESET_B                          1.500000    1.844047   -0.344047 (VIOLATED)
_6893_/RESET_B                          1.500000    1.843978   -0.343978 (VIOLATED)
_6890_/RESET_B                          1.500000    1.843728   -0.343728 (VIOLATED)
_6925_/RESET_B                          1.500000    1.843624   -0.343624 (VIOLATED)
_6886_/RESET_B                          1.500000    1.843568   -0.343568 (VIOLATED)
_6761_/RESET_B                          1.500000    1.842855   -0.342855 (VIOLATED)
_6683_/RESET_B                          1.500000    1.842080   -0.342080 (VIOLATED)
_6681_/RESET_B                          1.500000    1.841644   -0.341644 (VIOLATED)
_6923_/RESET_B                          1.500000    1.841456   -0.341456 (VIOLATED)
_6924_/RESET_B                          1.500000    1.841422   -0.341422 (VIOLATED)
_6760_/RESET_B                          1.500000    1.841337   -0.341337 (VIOLATED)
_6682_/RESET_B                          1.500000    1.841244   -0.341244 (VIOLATED)
_6762_/RESET_B                          1.500000    1.841073   -0.341073 (VIOLATED)
_6684_/RESET_B                          1.500000    1.840800   -0.340800 (VIOLATED)
_6859_/RESET_B                          1.500000    1.840572   -0.340572 (VIOLATED)
_6685_/RESET_B                          1.500000    1.840131   -0.340131 (VIOLATED)
_6860_/RESET_B                          1.500000    1.839911   -0.339911 (VIOLATED)
_6861_/RESET_B                          1.500000    1.839866   -0.339866 (VIOLATED)
_6688_/RESET_B                          1.500000    1.839763   -0.339763 (VIOLATED)
_6686_/RESET_B                          1.500000    1.839585   -0.339585 (VIOLATED)
_6765_/RESET_B                          1.500000    1.838933   -0.338934 (VIOLATED)
_6687_/RESET_B                          1.500000    1.838796   -0.338796 (VIOLATED)
_6768_/RESET_B                          1.500000    1.838732   -0.338732 (VIOLATED)
_6767_/RESET_B                          1.500000    1.836922   -0.336922 (VIOLATED)
_6897_/RESET_B                          1.500000    1.836136   -0.336136 (VIOLATED)
_6928_/RESET_B                          1.500000    1.836121   -0.336121 (VIOLATED)
_6858_/RESET_B                          1.500000    1.836028   -0.336028 (VIOLATED)
_6927_/RESET_B                          1.500000    1.836024   -0.336024 (VIOLATED)
_6922_/RESET_B                          1.500000    1.836007   -0.336007 (VIOLATED)
_6856_/RESET_B                          1.500000    1.835939   -0.335939 (VIOLATED)
_6929_/RESET_B                          1.500000    1.835896   -0.335896 (VIOLATED)
_6759_/RESET_B                          1.500000    1.835790   -0.335790 (VIOLATED)
_6896_/RESET_B                          1.500000    1.835700   -0.335700 (VIOLATED)
_6857_/RESET_B                          1.500000    1.835588   -0.335589 (VIOLATED)
_6930_/RESET_B                          1.500000    1.835473   -0.335473 (VIOLATED)
_6763_/RESET_B                          1.500000    1.835038   -0.335038 (VIOLATED)
_6887_/RESET_B                          1.500000    1.834753   -0.334753 (VIOLATED)
_6689_/RESET_B                          1.500000    1.834601   -0.334601 (VIOLATED)
_6690_/RESET_B                          1.500000    1.834573   -0.334573 (VIOLATED)
_6766_/RESET_B                          1.500000    1.834484   -0.334484 (VIOLATED)
_6764_/RESET_B                          1.500000    1.834372   -0.334372 (VIOLATED)
_6936_/RESET_B                          1.500000    1.833841   -0.333841 (VIOLATED)
_6934_/RESET_B                          1.500000    1.833818   -0.333818 (VIOLATED)
_6901_/RESET_B                          1.500000    1.833731   -0.333731 (VIOLATED)
_6900_/RESET_B                          1.500000    1.833668   -0.333668 (VIOLATED)
_6920_/RESET_B                          1.500000    1.833514   -0.333514 (VIOLATED)
_6933_/RESET_B                          1.500000    1.833475   -0.333475 (VIOLATED)
_6903_/RESET_B                          1.500000    1.833271   -0.333271 (VIOLATED)
_6931_/RESET_B                          1.500000    1.832967   -0.332967 (VIOLATED)
_6937_/RESET_B                          1.500000    1.832772   -0.332772 (VIOLATED)
_6926_/RESET_B                          1.500000    1.832714   -0.332714 (VIOLATED)
_6935_/RESET_B                          1.500000    1.832531   -0.332531 (VIOLATED)
_6898_/RESET_B                          1.500000    1.832413   -0.332413 (VIOLATED)
_6921_/RESET_B                          1.500000    1.832178   -0.332178 (VIOLATED)
_6772_/RESET_B                          1.500000    1.831935   -0.331935 (VIOLATED)
_6932_/RESET_B                          1.500000    1.831823   -0.331823 (VIOLATED)
_6904_/RESET_B                          1.500000    1.831737   -0.331737 (VIOLATED)
_6773_/RESET_B                          1.500000    1.831329   -0.331330 (VIOLATED)
_6771_/RESET_B                          1.500000    1.831278   -0.331278 (VIOLATED)
_6894_/RESET_B                          1.500000    1.831238   -0.331238 (VIOLATED)
_6888_/RESET_B                          1.500000    1.831083   -0.331083 (VIOLATED)
_6905_/RESET_B                          1.500000    1.831023   -0.331023 (VIOLATED)
_6918_/RESET_B                          1.500000    1.830171   -0.330171 (VIOLATED)
_6694_/RESET_B                          1.500000    1.829406   -0.329406 (VIOLATED)
_6770_/RESET_B                          1.500000    1.829353   -0.329353 (VIOLATED)
_6902_/RESET_B                          1.500000    1.829188   -0.329188 (VIOLATED)
_6899_/RESET_B                          1.500000    1.829154   -0.329154 (VIOLATED)
_6906_/RESET_B                          1.500000    1.829055   -0.329055 (VIOLATED)
_6938_/RESET_B                          1.500000    1.828927   -0.328927 (VIOLATED)
_6693_/RESET_B                          1.500000    1.828611   -0.328611 (VIOLATED)
_6939_/RESET_B                          1.500000    1.827438   -0.327438 (VIOLATED)
_6884_/RESET_B                          1.500000    1.827382   -0.327382 (VIOLATED)
_6919_/RESET_B                          1.500000    1.827344   -0.327345 (VIOLATED)
_6915_/RESET_B                          1.500000    1.827277   -0.327277 (VIOLATED)
_6692_/RESET_B                          1.500000    1.826442   -0.326442 (VIOLATED)
_6907_/RESET_B                          1.500000    1.825120   -0.325120 (VIOLATED)
_6696_/RESET_B                          1.500000    1.824723   -0.324723 (VIOLATED)
_6774_/RESET_B                          1.500000    1.823793   -0.323793 (VIOLATED)
_6776_/RESET_B                          1.500000    1.823736   -0.323736 (VIOLATED)
_6775_/RESET_B                          1.500000    1.821666   -0.321666 (VIOLATED)
_6867_/RESET_B                          1.500000    1.819084   -0.319084 (VIOLATED)
_6866_/RESET_B                          1.500000    1.815104   -0.315104 (VIOLATED)
_6871_/RESET_B                          1.500000    1.814109   -0.314109 (VIOLATED)
_6778_/RESET_B                          1.500000    1.813587   -0.313587 (VIOLATED)
_6769_/RESET_B                          1.500000    1.813553   -0.313554 (VIOLATED)
_6777_/RESET_B                          1.500000    1.813513   -0.313513 (VIOLATED)
_6700_/RESET_B                          1.500000    1.811368   -0.311368 (VIOLATED)
_6699_/RESET_B                          1.500000    1.810000   -0.310000 (VIOLATED)
_6863_/RESET_B                          1.500000    1.808742   -0.308742 (VIOLATED)
_6862_/RESET_B                          1.500000    1.808699   -0.308699 (VIOLATED)
_6865_/RESET_B                          1.500000    1.808446   -0.308446 (VIOLATED)
_6864_/RESET_B                          1.500000    1.808293   -0.308294 (VIOLATED)
_6695_/RESET_B                          1.500000    1.807741   -0.307741 (VIOLATED)
_6691_/RESET_B                          1.500000    1.807630   -0.307630 (VIOLATED)
_6697_/RESET_B                          1.500000    1.807209   -0.307209 (VIOLATED)
_6698_/RESET_B                          1.500000    1.806828   -0.306828 (VIOLATED)
_6869_/RESET_B                          1.500000    1.806430   -0.306430 (VIOLATED)
_6870_/RESET_B                          1.500000    1.806289   -0.306289 (VIOLATED)
_6868_/RESET_B                          1.500000    1.805615   -0.305615 (VIOLATED)
_6873_/RESET_B                          1.500000    1.804732   -0.304732 (VIOLATED)
_6872_/RESET_B                          1.500000    1.804550   -0.304550 (VIOLATED)
_6874_/RESET_B                          1.500000    1.802675   -0.302675 (VIOLATED)
_6875_/RESET_B                          1.500000    1.802402   -0.302402 (VIOLATED)
_5042_/B                                1.500000    1.742254   -0.242254 (VIOLATED)
_5049_/B                                1.500000    1.742254   -0.242254 (VIOLATED)
_5055_/B                                1.500000    1.742252   -0.242252 (VIOLATED)
_5036_/B                                1.500000    1.740864   -0.240864 (VIOLATED)
_5001_/B                                1.500000    1.740732   -0.240732 (VIOLATED)
_5014_/B                                1.500000    1.740732   -0.240732 (VIOLATED)
_5029_/B                                1.500000    1.740731   -0.240732 (VIOLATED)
_5008_/B                                1.500000    1.740729   -0.240730 (VIOLATED)
_4994_/B                                1.500000    1.740728   -0.240728 (VIOLATED)
_5022_/B                                1.500000    1.740725   -0.240725 (VIOLATED)
_4993_/X                                1.506103    1.740632   -0.234529 (VIOLATED)
_4305_/B                                1.500000    1.671485   -0.171485 (VIOLATED)
_4296_/B                                1.500000    1.671480   -0.171481 (VIOLATED)
_4302_/B                                1.500000    1.671419   -0.171419 (VIOLATED)
_4308_/B                                1.500000    1.671384   -0.171384 (VIOLATED)
_4299_/B                                1.500000    1.671285   -0.171285 (VIOLATED)
_4281_/B                                1.500000    1.670871   -0.170871 (VIOLATED)
_4284_/B                                1.500000    1.670857   -0.170857 (VIOLATED)
_4287_/B                                1.500000    1.670853   -0.170853 (VIOLATED)
_4290_/B                                1.500000    1.670833   -0.170833 (VIOLATED)
_4293_/B                                1.500000    1.670829   -0.170829 (VIOLATED)
_4280_/X                                1.506103    1.670541   -0.164438 (VIOLATED)
_6855_/RESET_B                          1.500000    1.642783   -0.142783 (VIOLATED)
_6852_/RESET_B                          1.500000    1.642639   -0.142639 (VIOLATED)
_6780_/RESET_B                          1.500000    1.642377   -0.142377 (VIOLATED)
_6877_/RESET_B                          1.500000    1.641126   -0.141126 (VIOLATED)
_4408_/B                                1.500000    1.624288   -0.124288 (VIOLATED)
_4412_/B                                1.500000    1.624269   -0.124269 (VIOLATED)
_4409_/B                                1.500000    1.624233   -0.124234 (VIOLATED)
_4411_/B                                1.500000    1.624091   -0.124091 (VIOLATED)
_4410_/B                                1.500000    1.624043   -0.124043 (VIOLATED)
_4405_/B                                1.500000    1.621476   -0.121476 (VIOLATED)
_4406_/B                                1.500000    1.621473   -0.121473 (VIOLATED)
_4407_/B                                1.500000    1.621472   -0.121472 (VIOLATED)
_4403_/B                                1.500000    1.621471   -0.121471 (VIOLATED)
_4404_/B                                1.500000    1.621467   -0.121467 (VIOLATED)
_4402_/X                                1.506103    1.621467   -0.115364 (VIOLATED)
_6779_/RESET_B                          1.500000    1.602242   -0.102243 (VIOLATED)
_6876_/RESET_B                          1.500000    1.602230   -0.102230 (VIOLATED)
_6701_/RESET_B                          1.500000    1.602155   -0.102155 (VIOLATED)
_6908_/RESET_B                          1.500000    1.602105   -0.102106 (VIOLATED)
_5070_/B1                               1.500000    1.602054   -0.102054 (VIOLATED)
_5076_/B1                               1.500000    1.602053   -0.102053 (VIOLATED)
_5063_/B1                               1.500000    1.602051   -0.102051 (VIOLATED)
_5045_/B1                               1.500000    1.602039   -0.102039 (VIOLATED)
_5051_/B1                               1.500000    1.602039   -0.102039 (VIOLATED)
_5057_/B1                               1.500000    1.602033   -0.102034 (VIOLATED)
_6940_/RESET_B                          1.500000    1.602021   -0.102021 (VIOLATED)
_6782_/RESET_B                          1.500000    1.602015   -0.102015 (VIOLATED)
_5025_/B1                               1.500000    1.601861   -0.101861 (VIOLATED)
_5031_/B1                               1.500000    1.601859   -0.101860 (VIOLATED)
_6879_/RESET_B                          1.500000    1.601702   -0.101702 (VIOLATED)
_5038_/B1                               1.500000    1.601651   -0.101651 (VIOLATED)
_5082_/B1                               1.500000    1.601516   -0.101516 (VIOLATED)
_6880_/RESET_B                          1.500000    1.601298   -0.101298 (VIOLATED)
_6783_/RESET_B                          1.500000    1.600171   -0.100171 (VIOLATED)
_6705_/RESET_B                          1.500000    1.600115   -0.100115 (VIOLATED)
_6840_/RESET_B                          1.500000    1.597813   -0.097813 (VIOLATED)
_5024_/X                                1.506103    1.601499   -0.095396 (VIOLATED)
_6702_/RESET_B                          1.500000    1.571112   -0.071112 (VIOLATED)
_6854_/RESET_B                          1.500000    1.545043   -0.045043 (VIOLATED)
_6758_/RESET_B                          1.500000    1.545007   -0.045007 (VIOLATED)
_6680_/RESET_B                          1.500000    1.544992   -0.044992 (VIOLATED)
_6679_/RESET_B                          1.500000    1.544841   -0.044841 (VIOLATED)
_6853_/RESET_B                          1.500000    1.544834   -0.044834 (VIOLATED)
_6757_/RESET_B                          1.500000    1.544785   -0.044786 (VIOLATED)
_6756_/RESET_B                          1.500000    1.544669   -0.044669 (VIOLATED)
_6851_/RESET_B                          1.500000    1.544572   -0.044572 (VIOLATED)
_6755_/RESET_B                          1.500000    1.544516   -0.044517 (VIOLATED)
_6678_/RESET_B                          1.500000    1.544416   -0.044416 (VIOLATED)
_6677_/RESET_B                          1.500000    1.544364   -0.044364 (VIOLATED)
_6676_/RESET_B                          1.500000    1.544288   -0.044288 (VIOLATED)
_6754_/RESET_B                          1.500000    1.544142   -0.044142 (VIOLATED)
_6849_/RESET_B                          1.500000    1.543593   -0.043593 (VIOLATED)
_6650_/RESET_B                          1.500000    1.540904   -0.040904 (VIOLATED)
_6841_/RESET_B                          1.500000    1.540012   -0.040012 (VIOLATED)
_4456_/B                                1.500000    1.535252   -0.035252 (VIOLATED)
_4453_/B                                1.500000    1.535215   -0.035215 (VIOLATED)
_4454_/B                                1.500000    1.535191   -0.035191 (VIOLATED)
_4455_/B                                1.500000    1.535156   -0.035156 (VIOLATED)
_4458_/B                                1.500000    1.534990   -0.034990 (VIOLATED)
_4460_/B                                1.500000    1.534990   -0.034990 (VIOLATED)
_4457_/B                                1.500000    1.534990   -0.034990 (VIOLATED)
_4461_/B                                1.500000    1.534989   -0.034989 (VIOLATED)
_4459_/B                                1.500000    1.534985   -0.034985 (VIOLATED)
_4462_/B                                1.500000    1.534967   -0.034967 (VIOLATED)
_6649_/RESET_B                          1.500000    1.533622   -0.033622 (VIOLATED)
_6753_/RESET_B                          1.500000    1.533556   -0.033556 (VIOLATED)
_6750_/RESET_B                          1.500000    1.533520   -0.033520 (VIOLATED)
_6752_/RESET_B                          1.500000    1.533519   -0.033519 (VIOLATED)
_6751_/RESET_B                          1.500000    1.533414   -0.033414 (VIOLATED)
_6844_/RESET_B                          1.500000    1.533320   -0.033320 (VIOLATED)
_6846_/RESET_B                          1.500000    1.533285   -0.033285 (VIOLATED)
_6843_/RESET_B                          1.500000    1.532942   -0.032942 (VIOLATED)
_6845_/RESET_B                          1.500000    1.532728   -0.032728 (VIOLATED)
_6839_/RESET_B                          1.500000    1.531527   -0.031527 (VIOLATED)
_6850_/RESET_B                          1.500000    1.531021   -0.031021 (VIOLATED)
_6847_/RESET_B                          1.500000    1.531000   -0.031000 (VIOLATED)
_6648_/RESET_B                          1.500000    1.530970   -0.030970 (VIOLATED)
_6651_/RESET_B                          1.500000    1.529977   -0.029977 (VIOLATED)
_6806_/RESET_B                          1.500000    1.529929   -0.029930 (VIOLATED)
_6805_/RESET_B                          1.500000    1.529879   -0.029879 (VIOLATED)
_6968_/RESET_B                          1.500000    1.529773   -0.029773 (VIOLATED)
_6969_/RESET_B                          1.500000    1.529769   -0.029769 (VIOLATED)
_6726_/RESET_B                          1.500000    1.529706   -0.029706 (VIOLATED)
_6808_/RESET_B                          1.500000    1.529640   -0.029640 (VIOLATED)
_6807_/RESET_B                          1.500000    1.529637   -0.029637 (VIOLATED)
_6970_/RESET_B                          1.500000    1.529551   -0.029551 (VIOLATED)
_6842_/RESET_B                          1.500000    1.529433   -0.029433 (VIOLATED)
_6971_/RESET_B                          1.500000    1.529427   -0.029427 (VIOLATED)
_6948_/RESET_B                          1.500000    1.529352   -0.029352 (VIOLATED)
_6788_/RESET_B                          1.500000    1.528708   -0.028708 (VIOLATED)
_4452_/X                                1.506103    1.534684   -0.028581 (VIOLATED)
_6787_/RESET_B                          1.500000    1.528100   -0.028100 (VIOLATED)
_6848_/RESET_B                          1.500000    1.526928   -0.026928 (VIOLATED)
_6947_/RESET_B                          1.500000    1.526440   -0.026440 (VIOLATED)
_6949_/RESET_B                          1.500000    1.526392   -0.026392 (VIOLATED)
_6786_/RESET_B                          1.500000    1.524840   -0.024840 (VIOLATED)
_6953_/RESET_B                          1.500000    1.511102   -0.011102 (VIOLATED)
_6950_/RESET_B                          1.500000    1.509883   -0.009883 (VIOLATED)
_6708_/RESET_B                          1.500000    1.507650   -0.007650 (VIOLATED)

max capacitance

Pin                                        Limit         Cap       Slack
------------------------------------------------------------------------
_4993_/X                                0.130015    0.152344   -0.022329 (VIOLATED)
_4280_/X                                0.130015    0.145739   -0.015724 (VIOLATED)
_4402_/X                                0.130015    0.142296   -0.012281 (VIOLATED)
_5024_/X                                0.130015    0.140119   -0.010104 (VIOLATED)
_4452_/X                                0.130015    0.133869   -0.003854 (VIOLATED)



===========================================================================
report_parasitic_annotation -report_unannotated
============================================================================
Found 6 unannotated drivers.
 aclk
 cfg_weight_m0[0]
 cfg_weight_m0[1]
 cfg_weight_m0[2]
 cfg_weight_m0[3]
 TIE_ZERO_zero_/HI
Found 0 partially unannotated drivers.

===========================================================================
max slew violation count 231
Writing metric design__max_slew_violation__count__corner:nom_tt_025C_1v80: 231
max fanout violation count 0
Writing metric design__max_fanout_violation__count__corner:nom_tt_025C_1v80: 0
max cap violation count 5
Writing metric design__max_cap_violation__count__corner:nom_tt_025C_1v80: 5
============================================================================

===========================================================================
check_setup -verbose -unconstrained_endpoints -multiple_clock -no_clock -no_input_delay -loops -generated_clocks
===========================================================================
Warning: There is 1 input port missing set_input_delay.
  aresetn
Warning: There is 1 unconstrained endpoint.
  _6631_/D
