
===========================================================================
 report_power
============================================================================
======================= nom_tt_025C_1v80 Corner ===================================

Group                    Internal    Switching      Leakage        Total
                            Power        Power        Power        Power (Watts)
------------------------------------------------------------------------
Sequential           2.823677e-03 7.684811e-04 5.735610e-09 3.592164e-03  34.3%
Combinational        3.307038e-03 3.578551e-03 1.104357e-08 6.885599e-03  65.7%
Clock                0.000000e+00 0.000000e+00 2.086595e-09 2.086595e-09   0.0%
Macro                0.000000e+00 0.000000e+00 0.000000e+00 0.000000e+00   0.0%
Pad                  0.000000e+00 0.000000e+00 0.000000e+00 0.000000e+00   0.0%
------------------------------------------------------------------------
Total                6.130712e-03 4.347029e-03 1.886578e-08 1.047776e-02 100.0%
                            58.5%        41.5%         0.0%
Writing metric power__internal__total: 0.006130711641162634
Writing metric power__switching__total: 0.00434702867642045
Writing metric power__leakage__total: 1.8865776496568287e-8
Writing metric power__total: 0.010477758944034576

