
===========================================================================
 report_power
============================================================================
======================= nom_tt_025C_1v80 Corner ===================================

Group                    Internal    Switching      Leakage        Total
                            Power        Power        Power        Power (Watts)
------------------------------------------------------------------------
Sequential           2.735945e-03 1.089083e-03 6.223059e-09 3.825034e-03  29.0%
Combinational        2.935816e-03 4.752204e-03 1.431656e-08 7.688034e-03  58.3%
Clock                8.013364e-04 8.647999e-04 4.347808e-08 1.666180e-03  12.6%
Macro                0.000000e+00 0.000000e+00 0.000000e+00 0.000000e+00   0.0%
Pad                  0.000000e+00 0.000000e+00 0.000000e+00 0.000000e+00   0.0%
------------------------------------------------------------------------
Total                6.473111e-03 6.706084e-03 6.401595e-08 1.317926e-02 100.0%
                            49.1%        50.9%         0.0%

