
===========================================================================
 report_power
============================================================================
======================= nom_ss_100C_1v60 Corner ===================================

Group                    Internal    Switching      Leakage        Total
                            Power        Power        Power        Power (Watts)
------------------------------------------------------------------------
Sequential           2.226959e-03 3.416260e-04 1.008504e-05 2.578670e-03  36.8%
Combinational        2.694135e-03 1.715318e-03 1.590399e-05 4.425357e-03  63.2%
Clock                0.000000e+00 0.000000e+00 0.000000e+00 0.000000e+00   0.0%
Macro                0.000000e+00 0.000000e+00 0.000000e+00 0.000000e+00   0.0%
Pad                  0.000000e+00 0.000000e+00 0.000000e+00 0.000000e+00   0.0%
------------------------------------------------------------------------
Total                4.921074e-03 2.056949e-03 2.598890e-05 7.004011e-03 100.0%
                            70.3%        29.4%         0.4%

