
Magic 8.3 revision 466 - Compiled on Thu Mar 21 17:31:46 UTC 2024.
Starting magic under Tcl interpreter
Using the terminal as the console.
Using NULL graphics device.
Processing system .magicrc file
Sourcing design .magicrc for technology sky130A ...
2 Magic internal units = 1 Lambda
Input style sky130(): scaleFactor=2, multiplier=2
The following types are not handled by extraction and will be treated as non-electrical types:
    ubm 
Scaled tech values by 2 / 1 to match internal grid scaling
Loading sky130A Device Generator Menu ...
Loading "/nix/store/hwxq78ix5dm1zxacgmyfrlkgn2vq15hz-python3-3.11.6-env/lib/python3.11/site-packages/openlane/scripts/magic/wrapper.tcl" from command line.
> lef read /.volare/volare/sky130/versions/bdc9412b3e468c102d01b7cf6337be06ec6e9c9a/sky130A/libs.ref/sky130_fd_sc_hd/techlef/sky130_fd_sc_hd__nom.tlef
Reading LEF data from file /.volare/volare/sky130/versions/bdc9412b3e468c102d01b7cf6337be06ec6e9c9a/sky130A/libs.ref/sky130_fd_sc_hd/techlef/sky130_fd_sc_hd__nom.tlef.
This action cannot be undone.
LEF read, Line 78 (Message): Unknown keyword "ANTENNAMODEL" in LEF file; ignoring.
LEF read, Line 79 (Message): Unknown keyword "ANTENNADIFFSIDEAREARATIO" in LEF file; ignoring.
LEF read, Line 112 (Message): Unknown keyword "MINENCLOSEDAREA" in LEF file; ignoring.
LEF read, Line 114 (Message): Unknown keyword "ANTENNAMODEL" in LEF file; ignoring.
LEF read, Line 115 (Message): Unknown keyword "ANTENNADIFFSIDEAREARATIO" in LEF file; ignoring.
LEF read, Line 121 (Message): Unknown keyword "MAXIMUMDENSITY" in LEF file; ignoring.
LEF read, Line 122 (Message): Unknown keyword "DENSITYCHECKWINDOW" in LEF file; ignoring.
LEF read, Line 123 (Message): Unknown keyword "DENSITYCHECKSTEP" in LEF file; ignoring.
LEF read, Line 156 (Message): Unknown keyword "MINENCLOSEDAREA" in LEF file; ignoring.
LEF read, Line 164 (Message): Unknown keyword "ANTENNAMODEL" in LEF file; ignoring.
LEF read, Line 165 (Message): Unknown keyword "ANTENNADIFFSIDEAREARATIO" in LEF file; ignoring.
LEF read, Line 167 (Message): Unknown keyword "MAXIMUMDENSITY" in LEF file; ignoring.
LEF read, Line 168 (Message): Unknown keyword "DENSITYCHECKWINDOW" in LEF file; ignoring.
LEF read, Line 169 (Message): Unknown keyword "DENSITYCHECKSTEP" in LEF file; ignoring.
LEF read, Line 206 (Message): Unknown keyword "ANTENNAMODEL" in LEF file; ignoring.
LEF read, Line 207 (Message): Unknown keyword "ANTENNADIFFSIDEAREARATIO" in LEF file; ignoring.
LEF read, Line 209 (Message): Unknown keyword "MAXIMUMDENSITY" in LEF file; ignoring.
LEF read, Line 210 (Message): Unknown keyword "DENSITYCHECKWINDOW" in LEF file; ignoring.
LEF read, Line 211 (Message): Unknown keyword "DENSITYCHECKSTEP" in LEF file; ignoring.
LEF read, Line 248 (Message): Unknown keyword "ANTENNAMODEL" in LEF file; ignoring.
LEF read, Line 249 (Message): Unknown keyword "ANTENNADIFFSIDEAREARATIO" in LEF file; ignoring.
LEF read, Line 251 (Message): Unknown keyword "MAXIMUMDENSITY" in LEF file; ignoring.
LEF read, Line 252 (Message): Unknown keyword "DENSITYCHECKWINDOW" in LEF file; ignoring.
LEF read, Line 253 (Message): Unknown keyword "DENSITYCHECKSTEP" in LEF file; ignoring.
LEF read, Line 290 (Message): Unknown keyword "ANTENNAMODEL" in LEF file; ignoring.
LEF read, Line 291 (Message): Unknown keyword "ANTENNADIFFSIDEAREARATIO" in LEF file; ignoring.
LEF read: Processed 797 lines.
> lef read /.volare/volare/sky130/versions/bdc9412b3e468c102d01b7cf6337be06ec6e9c9a/sky130A/libs.ref/sky130_fd_sc_hd/lef/sky130_fd_sc_hd.lef
Reading LEF data from file /.volare/volare/sky130/versions/bdc9412b3e468c102d01b7cf6337be06ec6e9c9a/sky130A/libs.ref/sky130_fd_sc_hd/lef/sky130_fd_sc_hd.lef.
This action cannot be undone.
LEF read: Processed 56535 lines.
> lef read /.volare/volare/sky130/versions/bdc9412b3e468c102d01b7cf6337be06ec6e9c9a/sky130A/libs.ref/sky130_fd_sc_hd/lef/sky130_ef_sc_hd.lef
Reading LEF data from file /.volare/volare/sky130/versions/bdc9412b3e468c102d01b7cf6337be06ec6e9c9a/sky130A/libs.ref/sky130_fd_sc_hd/lef/sky130_ef_sc_hd.lef.
This action cannot be undone.
LEF read: Processed 278 lines.
> def read /work/openlane/runs/RUN_2026-08-28_23-34-40/49-openroad-fillinsertion/axi4lite_arbiter_top.def -noblockage -labels
Reading DEF data from file /work/openlane/runs/RUN_2026-08-28_23-34-40/49-openroad-fillinsertion/axi4lite_arbiter_top.def.
This action cannot be undone.
  Processed 4 vias total.
  Processed 82216 subcell instances total.
  Processed 949 pins total.
  Processed 2 special nets total.
  Processed 5973 nets total.
DEF read: Processed 169798 lines.
Moving label "_0009_" from metal1 to via1 in cell axi4lite_arbiter_top.
Moving label "_0404_" from metal1 to via1 in cell axi4lite_arbiter_top.
Moving label "_0444_" from metal1 to via1 in cell axi4lite_arbiter_top.
Moving label "_0462_" from metal1 to via1 in cell axi4lite_arbiter_top.
Moving label "_0534_" from metal1 to viali in cell axi4lite_arbiter_top.
Moving label "_0572_" from metal1 to viali in cell axi4lite_arbiter_top.
Moving label "_0622_" from metal1 to via1 in cell axi4lite_arbiter_top.
Moving label "_0704_" from metal2 to via2 in cell axi4lite_arbiter_top.
Moving label "_0737_" from metal2 to via2 in cell axi4lite_arbiter_top.
Moving label "_0749_" from metal1 to viali in cell axi4lite_arbiter_top.
Moving label "_0788_" from metal1 to via1 in cell axi4lite_arbiter_top.
Moving label "_0796_" from metal2 to via1 in cell axi4lite_arbiter_top.
Moving label "_0810_" from metal1 to via1 in cell axi4lite_arbiter_top.
Moving label "_0843_" from metal1 to viali in cell axi4lite_arbiter_top.
Moving label "_0913_" from metal1 to via1 in cell axi4lite_arbiter_top.
Moving label "_0957_" from metal2 to via2 in cell axi4lite_arbiter_top.
Moving label "_1037_" from metal1 to viali in cell axi4lite_arbiter_top.
Moving label "_1082_" from metal2 to via1 in cell axi4lite_arbiter_top.
Moving label "_1092_" from metal2 to via2 in cell axi4lite_arbiter_top.
Moving label "_1186_" from metal2 to via1 in cell axi4lite_arbiter_top.
Moving label "_1406_" from metal2 to via2 in cell axi4lite_arbiter_top.
Moving label "_1439_" from metal2 to via1 in cell axi4lite_arbiter_top.
Moving label "_1524_" from metal2 to via2 in cell axi4lite_arbiter_top.
Moving label "_1594_" from metal1 to via1 in cell axi4lite_arbiter_top.
Moving label "_1821_" from metal2 to via1 in cell axi4lite_arbiter_top.
Moving label "_1965_" from metal1 to viali in cell axi4lite_arbiter_top.
Moving label "_2105_" from metal2 to via1 in cell axi4lite_arbiter_top.
Moving label "_2108_" from metal1 to viali in cell axi4lite_arbiter_top.
Moving label "_2193_" from metal1 to viali in cell axi4lite_arbiter_top.
Moving label "_2194_" from metal1 to viali in cell axi4lite_arbiter_top.
Moving label "_2290_" from metal2 to via1 in cell axi4lite_arbiter_top.
Moving label "_2320_" from metal1 to viali in cell axi4lite_arbiter_top.
Moving label "_2379_" from metal1 to viali in cell axi4lite_arbiter_top.
Moving label "_2446_" from metal2 to via1 in cell axi4lite_arbiter_top.
Moving label "_2482_" from metal1 to via1 in cell axi4lite_arbiter_top.
Moving label "_2550_" from metal2 to via2 in cell axi4lite_arbiter_top.
Moving label "_2566_" from metal2 to via1 in cell axi4lite_arbiter_top.
Moving label "_2624_" from metal1 to viali in cell axi4lite_arbiter_top.
Moving label "_2817_" from metal1 to viali in cell axi4lite_arbiter_top.
Moving label "_2930_" from metal2 to via2 in cell axi4lite_arbiter_top.
Moving label "_2977_" from metal1 to viali in cell axi4lite_arbiter_top.
Moving label "_3103_" from metal2 to via2 in cell axi4lite_arbiter_top.
Moving label "_3152_" from metal1 to viali in cell axi4lite_arbiter_top.
Moving label "_3187_" from metal2 to via2 in cell axi4lite_arbiter_top.
Moving label "_3235_" from metal2 to via2 in cell axi4lite_arbiter_top.
Moving label "cfg_age_threshold[3]" from metal2 to via2 in cell axi4lite_arbiter_top.
Moving label "cfg_age_threshold[7]" from metal2 to via2 in cell axi4lite_arbiter_top.
Moving label "cfg_weight_m1[1]" from metal2 to via2 in cell axi4lite_arbiter_top.
Moving label "cfg_weight_m1[2]" from metal2 to via2 in cell axi4lite_arbiter_top.
Moving label "clknet_leaf_44_aclk" from metal1 to via1 in cell axi4lite_arbiter_top.
Moving label "m_axi_araddr[20]" from metal2 to via2 in cell axi4lite_arbiter_top.
Moving label "m_axi_araddr[21]" from metal2 to via2 in cell axi4lite_arbiter_top.
Moving label "m_axi_araddr[29]" from metal2 to via2 in cell axi4lite_arbiter_top.
Moving label "m_axi_araddr[31]" from metal2 to via2 in cell axi4lite_arbiter_top.
Moving label "m_axi_araddr[46]" from metal2 to via2 in cell axi4lite_arbiter_top.
Moving label "m_axi_araddr[47]" from metal2 to via2 in cell axi4lite_arbiter_top.
Moving label "m_axi_araddr[49]" from metal2 to via2 in cell axi4lite_arbiter_top.
Moving label "m_axi_araddr[52]" from metal2 to via2 in cell axi4lite_arbiter_top.
Moving label "m_axi_araddr[53]" from metal2 to via2 in cell axi4lite_arbiter_top.
Moving label "m_axi_araddr[54]" from metal2 to via2 in cell axi4lite_arbiter_top.
Moving label "m_axi_araddr[63]" from metal2 to via2 in cell axi4lite_arbiter_top.
Moving label "m_axi_araddr[8]" from metal2 to via2 in cell axi4lite_arbiter_top.
Moving label "m_axi_awaddr[53]" from metal2 to via2 in cell axi4lite_arbiter_top.
Moving label "m_axi_rvalid[1]" from metal1 to via1 in cell axi4lite_arbiter_top.
Moving label "m_axi_wdata[50]" from metal2 to via2 in cell axi4lite_arbiter_top.
Moving label "net1001" from metal2 to via2 in cell axi4lite_arbiter_top.
Moving label "net111" from metal2 to via2 in cell axi4lite_arbiter_top.
Moving label "net17" from metal1 to via1 in cell axi4lite_arbiter_top.
Moving label "net277" from metal1 to viali in cell axi4lite_arbiter_top.
Moving label "net299" from metal2 to via1 in cell axi4lite_arbiter_top.
Moving label "net40" from metal1 to via1 in cell axi4lite_arbiter_top.
Moving label "net535" from metal3 to via3 in cell axi4lite_arbiter_top.
Moving label "net552" from metal2 to via2 in cell axi4lite_arbiter_top.
Moving label "net64" from metal2 to via1 in cell axi4lite_arbiter_top.
Moving label "net77" from metal1 to via1 in cell axi4lite_arbiter_top.
Moving label "net773" from metal2 to via2 in cell axi4lite_arbiter_top.
Moving label "net776" from metal2 to via2 in cell axi4lite_arbiter_top.
Moving label "net85" from metal2 to via2 in cell axi4lite_arbiter_top.
Moving label "net892" from metal2 to via2 in cell axi4lite_arbiter_top.
Moving label "net894" from metal2 to via2 in cell axi4lite_arbiter_top.
Moving label "net895" from metal2 to via2 in cell axi4lite_arbiter_top.
Moving label "net945" from metal2 to via2 in cell axi4lite_arbiter_top.
Moving label "net997" from metal1 to viali in cell axi4lite_arbiter_top.
Moving label "s_axi_araddr[119]" from metal2 to via2 in cell axi4lite_arbiter_top.
Moving label "s_axi_araddr[27]" from metal2 to via2 in cell axi4lite_arbiter_top.
Moving label "s_axi_araddr[59]" from metal2 to via2 in cell axi4lite_arbiter_top.
Moving label "s_axi_araddr[88]" from metal2 to via2 in cell axi4lite_arbiter_top.
Moving label "s_axi_arprot[11]" from metal2 to via2 in cell axi4lite_arbiter_top.
Moving label "s_axi_arprot[6]" from metal2 to via2 in cell axi4lite_arbiter_top.
Moving label "s_axi_arvalid[2]" from metal2 to via2 in cell axi4lite_arbiter_top.
Moving label "s_axi_awaddr[21]" from metal2 to via2 in cell axi4lite_arbiter_top.
Moving label "s_axi_rdata[0]" from metal2 to via2 in cell axi4lite_arbiter_top.
Moving label "s_axi_rdata[101]" from metal2 to via2 in cell axi4lite_arbiter_top.
Moving label "s_axi_rdata[116]" from metal2 to via2 in cell axi4lite_arbiter_top.
Moving label "s_axi_rdata[123]" from metal2 to via2 in cell axi4lite_arbiter_top.
Moving label "s_axi_rdata[126]" from metal2 to via2 in cell axi4lite_arbiter_top.
Moving label "s_axi_rdata[24]" from metal2 to via2 in cell axi4lite_arbiter_top.
Moving label "s_axi_rdata[26]" from metal2 to via2 in cell axi4lite_arbiter_top.
Moving label "s_axi_rdata[27]" from metal2 to via2 in cell axi4lite_arbiter_top.
Moving label "s_axi_rdata[29]" from metal2 to via2 in cell axi4lite_arbiter_top.
Moving label "s_axi_rdata[39]" from metal2 to via2 in cell axi4lite_arbiter_top.
Moving label "s_axi_rdata[41]" from metal2 to via2 in cell axi4lite_arbiter_top.
Moving label "s_axi_rdata[52]" from metal2 to via2 in cell axi4lite_arbiter_top.
Moving label "s_axi_rdata[53]" from metal2 to via2 in cell axi4lite_arbiter_top.
Moving label "s_axi_rdata[58]" from metal2 to via2 in cell axi4lite_arbiter_top.
Moving label "s_axi_rdata[59]" from metal2 to via2 in cell axi4lite_arbiter_top.
Moving label "s_axi_rdata[60]" from metal2 to via2 in cell axi4lite_arbiter_top.
Moving label "s_axi_rdata[61]" from metal2 to via2 in cell axi4lite_arbiter_top.
Moving label "s_axi_rdata[62]" from metal2 to via2 in cell axi4lite_arbiter_top.
Moving label "s_axi_rdata[64]" from metal2 to via2 in cell axi4lite_arbiter_top.
Moving label "s_axi_rdata[66]" from metal2 to via2 in cell axi4lite_arbiter_top.
Moving label "s_axi_rdata[81]" from metal2 to via2 in cell axi4lite_arbiter_top.
Moving label "s_axi_rdata[84]" from metal2 to via2 in cell axi4lite_arbiter_top.
Moving label "s_axi_rdata[91]" from metal2 to via2 in cell axi4lite_arbiter_top.
Moving label "s_axi_rdata[9]" from metal2 to via2 in cell axi4lite_arbiter_top.
Moving label "s_axi_rready[1]" from metal2 to via2 in cell axi4lite_arbiter_top.
Moving label "s_axi_rready[2]" from metal2 to via2 in cell axi4lite_arbiter_top.
Moving label "s_axi_rresp[2]" from metal2 to via2 in cell axi4lite_arbiter_top.
Moving label "s_axi_rresp[3]" from metal2 to via2 in cell axi4lite_arbiter_top.
Moving label "s_axi_rresp[4]" from metal2 to via2 in cell axi4lite_arbiter_top.
Moving label "s_axi_rresp[5]" from metal2 to via2 in cell axi4lite_arbiter_top.
Moving label "s_axi_rvalid[1]" from metal2 to via2 in cell axi4lite_arbiter_top.
Moving label "s_axi_rvalid[2]" from metal2 to via2 in cell axi4lite_arbiter_top.
Moving label "s_axi_wready[2]" from metal2 to via2 in cell axi4lite_arbiter_top.
Moving label "s_axi_wstrb[0]" from metal2 to via2 in cell axi4lite_arbiter_top.
Moving label "s_axi_wstrb[5]" from metal2 to via2 in cell axi4lite_arbiter_top.
Moving label "u_write_arbiter.aw_buf_addr\[113\]" from metal1 to via1 in cell axi4lite_arbiter_top.
Moving label "u_write_arbiter.u_write_qos.age_m2\[6\]" from metal2 to via2 in cell axi4lite_arbiter_top.
Moving label "u_write_arbiter.w_buf_data\[46\]" from metal1 to viali in cell axi4lite_arbiter_top.
Processing axi4lite_arbiter_top
Extracting sky130_fd_sc_hd__fill_2 into sky130_fd_sc_hd__fill_2.ext:
Extracting sky130_ef_sc_hd__decap_12 into sky130_ef_sc_hd__decap_12.ext:
Extracting sky130_fd_sc_hd__decap_8 into sky130_fd_sc_hd__decap_8.ext:
Extracting sky130_fd_sc_hd__decap_3 into sky130_fd_sc_hd__decap_3.ext:
Extracting sky130_fd_sc_hd__clkbuf_1 into sky130_fd_sc_hd__clkbuf_1.ext:
Extracting sky130_fd_sc_hd__dlygate4sd3_1 into sky130_fd_sc_hd__dlygate4sd3_1.ext:
Extracting sky130_fd_sc_hd__buf_1 into sky130_fd_sc_hd__buf_1.ext:
Extracting sky130_fd_sc_hd__clkbuf_2 into sky130_fd_sc_hd__clkbuf_2.ext:
Extracting sky130_fd_sc_hd__tapvpwrvgnd_1 into sky130_fd_sc_hd__tapvpwrvgnd_1.ext:
Extracting sky130_fd_sc_hd__fill_1 into sky130_fd_sc_hd__fill_1.ext:
Extracting sky130_fd_sc_hd__decap_4 into sky130_fd_sc_hd__decap_4.ext:
Extracting sky130_fd_sc_hd__diode_2 into sky130_fd_sc_hd__diode_2.ext:
Extracting sky130_fd_sc_hd__buf_4 into sky130_fd_sc_hd__buf_4.ext:
Extracting sky130_fd_sc_hd__buf_2 into sky130_fd_sc_hd__buf_2.ext:
Extracting sky130_fd_sc_hd__decap_6 into sky130_fd_sc_hd__decap_6.ext:
Extracting sky130_fd_sc_hd__dlymetal6s2s_1 into sky130_fd_sc_hd__dlymetal6s2s_1.ext:
Extracting sky130_fd_sc_hd__clkbuf_4 into sky130_fd_sc_hd__clkbuf_4.ext:
Extracting sky130_fd_sc_hd__mux2_1 into sky130_fd_sc_hd__mux2_1.ext:
Extracting sky130_fd_sc_hd__dfrtp_1 into sky130_fd_sc_hd__dfrtp_1.ext:
Extracting sky130_fd_sc_hd__clkbuf_8 into sky130_fd_sc_hd__clkbuf_8.ext:
Extracting sky130_fd_sc_hd__nand2_8 into sky130_fd_sc_hd__nand2_8.ext:
Extracting sky130_fd_sc_hd__buf_6 into sky130_fd_sc_hd__buf_6.ext:
Extracting sky130_fd_sc_hd__nor2_1 into sky130_fd_sc_hd__nor2_1.ext:
Extracting sky130_fd_sc_hd__a211o_1 into sky130_fd_sc_hd__a211o_1.ext:
Extracting sky130_fd_sc_hd__and2_1 into sky130_fd_sc_hd__and2_1.ext:
Extracting sky130_fd_sc_hd__clkbuf_16 into sky130_fd_sc_hd__clkbuf_16.ext:
Extracting sky130_fd_sc_hd__o221a_1 into sky130_fd_sc_hd__o221a_1.ext:
Extracting sky130_fd_sc_hd__a21o_1 into sky130_fd_sc_hd__a21o_1.ext:
Extracting sky130_fd_sc_hd__a31o_1 into sky130_fd_sc_hd__a31o_1.ext:
Extracting sky130_fd_sc_hd__nand2_1 into sky130_fd_sc_hd__nand2_1.ext:
Extracting sky130_fd_sc_hd__inv_2 into sky130_fd_sc_hd__inv_2.ext:
Extracting sky130_fd_sc_hd__nand3_1 into sky130_fd_sc_hd__nand3_1.ext:
Extracting sky130_fd_sc_hd__buf_8 into sky130_fd_sc_hd__buf_8.ext:
Extracting sky130_fd_sc_hd__dfrtp_4 into sky130_fd_sc_hd__dfrtp_4.ext:
Extracting sky130_fd_sc_hd__dfrtp_2 into sky130_fd_sc_hd__dfrtp_2.ext:
Extracting sky130_fd_sc_hd__nand3b_1 into sky130_fd_sc_hd__nand3b_1.ext:
Extracting sky130_fd_sc_hd__o21ai_1 into sky130_fd_sc_hd__o21ai_1.ext:
Extracting sky130_fd_sc_hd__nand2_2 into sky130_fd_sc_hd__nand2_2.ext:
Extracting sky130_fd_sc_hd__buf_12 into sky130_fd_sc_hd__buf_12.ext:
Extracting sky130_fd_sc_hd__a21oi_1 into sky130_fd_sc_hd__a21oi_1.ext:
Extracting sky130_fd_sc_hd__or2_1 into sky130_fd_sc_hd__or2_1.ext:
Extracting sky130_fd_sc_hd__nand2_4 into sky130_fd_sc_hd__nand2_4.ext:
Extracting sky130_fd_sc_hd__nor2_4 into sky130_fd_sc_hd__nor2_4.ext:
Extracting sky130_fd_sc_hd__a31o_4 into sky130_fd_sc_hd__a31o_4.ext:
Extracting sky130_fd_sc_hd__a31o_2 into sky130_fd_sc_hd__a31o_2.ext:
Extracting sky130_fd_sc_hd__o21a_1 into sky130_fd_sc_hd__o21a_1.ext:
Extracting sky130_fd_sc_hd__o211a_1 into sky130_fd_sc_hd__o211a_1.ext:
Extracting sky130_fd_sc_hd__o22a_1 into sky130_fd_sc_hd__o22a_1.ext:
Extracting sky130_fd_sc_hd__a21o_2 into sky130_fd_sc_hd__a21o_2.ext:
Extracting sky130_fd_sc_hd__o211a_4 into sky130_fd_sc_hd__o211a_4.ext:
Extracting sky130_fd_sc_hd__a211o_2 into sky130_fd_sc_hd__a211o_2.ext:
Extracting sky130_fd_sc_hd__nand3_2 into sky130_fd_sc_hd__nand3_2.ext:
Extracting sky130_fd_sc_hd__o31a_1 into sky130_fd_sc_hd__o31a_1.ext:
Extracting sky130_fd_sc_hd__a21boi_1 into sky130_fd_sc_hd__a21boi_1.ext:
Extracting sky130_fd_sc_hd__or2b_1 into sky130_fd_sc_hd__or2b_1.ext:
Extracting sky130_fd_sc_hd__xor2_1 into sky130_fd_sc_hd__xor2_1.ext:
Extracting sky130_fd_sc_hd__o211a_2 into sky130_fd_sc_hd__o211a_2.ext:
Extracting sky130_fd_sc_hd__o311a_1 into sky130_fd_sc_hd__o311a_1.ext:
Extracting sky130_fd_sc_hd__o21ba_1 into sky130_fd_sc_hd__o21ba_1.ext:
Extracting sky130_fd_sc_hd__and3_1 into sky130_fd_sc_hd__and3_1.ext:
Extracting sky130_fd_sc_hd__o2111a_1 into sky130_fd_sc_hd__o2111a_1.ext:
Extracting sky130_fd_sc_hd__a21bo_1 into sky130_fd_sc_hd__a21bo_1.ext:
Extracting sky130_fd_sc_hd__or3_1 into sky130_fd_sc_hd__or3_1.ext:
Extracting sky130_fd_sc_hd__nor2_2 into sky130_fd_sc_hd__nor2_2.ext:
Extracting sky130_fd_sc_hd__a32o_1 into sky130_fd_sc_hd__a32o_1.ext:
Extracting sky130_fd_sc_hd__nor3_1 into sky130_fd_sc_hd__nor3_1.ext:
Extracting sky130_fd_sc_hd__nand2b_1 into sky130_fd_sc_hd__nand2b_1.ext:
Extracting sky130_fd_sc_hd__a311o_1 into sky130_fd_sc_hd__a311o_1.ext:
Extracting sky130_fd_sc_hd__o21ai_2 into sky130_fd_sc_hd__o21ai_2.ext:
Extracting sky130_fd_sc_hd__nor3b_1 into sky130_fd_sc_hd__nor3b_1.ext:
Extracting sky130_fd_sc_hd__and2b_1 into sky130_fd_sc_hd__and2b_1.ext:
Extracting sky130_fd_sc_hd__inv_4 into sky130_fd_sc_hd__inv_4.ext:
Extracting sky130_fd_sc_hd__a22o_1 into sky130_fd_sc_hd__a22o_1.ext:
Extracting sky130_fd_sc_hd__nand3_4 into sky130_fd_sc_hd__nand3_4.ext:
Extracting sky130_fd_sc_hd__o2111ai_2 into sky130_fd_sc_hd__o2111ai_2.ext:
Extracting sky130_fd_sc_hd__nor2_8 into sky130_fd_sc_hd__nor2_8.ext:
Extracting sky130_fd_sc_hd__o2bb2a_1 into sky130_fd_sc_hd__o2bb2a_1.ext:
Extracting sky130_fd_sc_hd__o22ai_1 into sky130_fd_sc_hd__o22ai_1.ext:
Extracting sky130_fd_sc_hd__nor3_4 into sky130_fd_sc_hd__nor3_4.ext:
Extracting sky130_fd_sc_hd__o211ai_1 into sky130_fd_sc_hd__o211ai_1.ext:
Extracting sky130_fd_sc_hd__dfstp_1 into sky130_fd_sc_hd__dfstp_1.ext:
Extracting sky130_fd_sc_hd__and3_4 into sky130_fd_sc_hd__and3_4.ext:
Extracting sky130_fd_sc_hd__o31ai_1 into sky130_fd_sc_hd__o31ai_1.ext:
Extracting sky130_fd_sc_hd__a2bb2o_1 into sky130_fd_sc_hd__a2bb2o_1.ext:
Extracting sky130_fd_sc_hd__a221o_1 into sky130_fd_sc_hd__a221o_1.ext:
Extracting sky130_fd_sc_hd__a41o_1 into sky130_fd_sc_hd__a41o_1.ext:
Extracting sky130_fd_sc_hd__a22oi_1 into sky130_fd_sc_hd__a22oi_1.ext:
Extracting sky130_fd_sc_hd__o21bai_1 into sky130_fd_sc_hd__o21bai_1.ext:
Extracting sky130_fd_sc_hd__and4_1 into sky130_fd_sc_hd__and4_1.ext:
Extracting sky130_fd_sc_hd__clkinv_4 into sky130_fd_sc_hd__clkinv_4.ext:
Extracting sky130_fd_sc_hd__o2bb2ai_1 into sky130_fd_sc_hd__o2bb2ai_1.ext:
Extracting sky130_fd_sc_hd__a31oi_1 into sky130_fd_sc_hd__a31oi_1.ext:
Extracting sky130_fd_sc_hd__o211ai_4 into sky130_fd_sc_hd__o211ai_4.ext:
Extracting sky130_fd_sc_hd__and3b_1 into sky130_fd_sc_hd__and3b_1.ext:
Extracting sky130_fd_sc_hd__or4b_1 into sky130_fd_sc_hd__or4b_1.ext:
Extracting sky130_fd_sc_hd__or3b_1 into sky130_fd_sc_hd__or3b_1.ext:
Extracting sky130_fd_sc_hd__a21oi_2 into sky130_fd_sc_hd__a21oi_2.ext:
Extracting sky130_fd_sc_hd__conb_1 into sky130_fd_sc_hd__conb_1.ext:
Extracting sky130_fd_sc_hd__a22oi_2 into sky130_fd_sc_hd__a22oi_2.ext:
Extracting sky130_fd_sc_hd__dfstp_4 into sky130_fd_sc_hd__dfstp_4.ext:
Extracting sky130_fd_sc_hd__xnor2_1 into sky130_fd_sc_hd__xnor2_1.ext:
Extracting sky130_fd_sc_hd__nor3_2 into sky130_fd_sc_hd__nor3_2.ext:
Extracting sky130_fd_sc_hd__or2_2 into sky130_fd_sc_hd__or2_2.ext:
Extracting sky130_fd_sc_hd__a221o_2 into sky130_fd_sc_hd__a221o_2.ext:
Extracting sky130_fd_sc_hd__mux2_4 into sky130_fd_sc_hd__mux2_4.ext:
Extracting sky130_fd_sc_hd__o21ai_4 into sky130_fd_sc_hd__o21ai_4.ext:
Extracting sky130_fd_sc_hd__inv_6 into sky130_fd_sc_hd__inv_6.ext:
Extracting axi4lite_arbiter_top into axi4lite_arbiter_top.ext:
exttospice finished.
Using technology "sky130A", version 1.0.466-0-gbdc9412
