
===========================================================================
report_checks -unconstrained
===========================================================================
======================= nom_ss_100C_1v60 Corner ===================================

Startpoint: _6748_ (rising edge-triggered flip-flop clocked by aclk)
Endpoint: _6649_ (rising edge-triggered flip-flop clocked by aclk)
Path Group: aclk
Path Type: max

Fanout         Cap        Slew       Delay        Time   Description
---------------------------------------------------------------------------------------------
                                  0.000000    0.000000   clock aclk (rise edge)
                                  0.000000    0.000000   clock source latency
     1    0.091444    0.000000    0.000000    0.000000 ^ aclk (in)
                                                         aclk (net)
                      0.040342    0.020171    0.020171 ^ clkbuf_0_aclk/A (sky130_fd_sc_hd__clkbuf_16)
     5    0.136353    0.228686    0.335011    0.355182 ^ clkbuf_0_aclk/X (sky130_fd_sc_hd__clkbuf_16)
                                                         clknet_0_aclk (net)
                      0.229805    0.012972    0.368154 ^ clkbuf_2_0_0_aclk/A (sky130_fd_sc_hd__clkbuf_8)
     2    0.047571    0.148593    0.362379    0.730533 ^ clkbuf_2_0_0_aclk/X (sky130_fd_sc_hd__clkbuf_8)
                                                         clknet_2_0_0_aclk (net)
                      0.149093    0.006128    0.736661 ^ clkbuf_3_1__f_aclk/A (sky130_fd_sc_hd__clkbuf_16)
    15    0.177042    0.288589    0.424265    1.160925 ^ clkbuf_3_1__f_aclk/X (sky130_fd_sc_hd__clkbuf_16)
                                                         clknet_3_1__leaf_aclk (net)
                      0.291907    0.024882    1.185807 ^ clkbuf_leaf_82_aclk/A (sky130_fd_sc_hd__clkbuf_8)
     6    0.018839    0.082147    0.332282    1.518089 ^ clkbuf_leaf_82_aclk/X (sky130_fd_sc_hd__clkbuf_8)
                                                         clknet_leaf_82_aclk (net)
                      0.082147    0.000249    1.518338 ^ _6748_/CLK (sky130_fd_sc_hd__dfrtp_4)
     5    0.032350    0.181275    1.092571    2.610909 v _6748_/Q (sky130_fd_sc_hd__dfrtp_4)
                                                         u_write_arbiter.w_state[0] (net)
                      0.181288    0.000930    2.611839 v _3335_/A (sky130_fd_sc_hd__nor2_8)
     6    0.112736    0.655530    0.610204    3.222043 ^ _3335_/Y (sky130_fd_sc_hd__nor2_8)
                                                         _0617_ (net)
                      0.658173    0.034036    3.256079 ^ _3346_/A (sky130_fd_sc_hd__nor2_4)
     3    0.042159    0.196477    0.348594    3.604673 v _3346_/Y (sky130_fd_sc_hd__nor2_4)
                                                         _0626_ (net)
                      0.196477    0.000679    3.605353 v _3875_/C (sky130_fd_sc_hd__nor3_4)
     2    0.082389    1.342942    1.087924    4.693277 ^ _3875_/Y (sky130_fd_sc_hd__nor3_4)
                                                         _1132_ (net)
                      1.343485    0.022494    4.715771 ^ _3876_/A (sky130_fd_sc_hd__buf_2)
    10    0.044064    0.351886    0.805875    5.521645 ^ _3876_/X (sky130_fd_sc_hd__buf_2)
                                                         _1133_ (net)
                      0.351890    0.001727    5.523372 ^ _4758_/C (sky130_fd_sc_hd__nand3_1)
     4    0.014280    0.377531    0.457504    5.980876 v _4758_/Y (sky130_fd_sc_hd__nand3_1)
                                                         _1782_ (net)
                      0.377531    0.000647    5.981523 v _4763_/B (sky130_fd_sc_hd__nor2_1)
     3    0.009728    0.331760    0.410110    6.391633 ^ _4763_/Y (sky130_fd_sc_hd__nor2_1)
                                                         _1787_ (net)
                      0.331760    0.000353    6.391985 ^ _4797_/A_N (sky130_fd_sc_hd__nand3b_2)
     2    0.015669    0.187957    0.380588    6.772574 ^ _4797_/Y (sky130_fd_sc_hd__nand3b_2)
                                                         _1821_ (net)
                      0.187957    0.000607    6.773180 ^ _4798_/C (sky130_fd_sc_hd__nand3_4)
     7    0.111757    0.762719    0.660493    7.433673 v _4798_/Y (sky130_fd_sc_hd__nand3_4)
                                                         _1822_ (net)
                      0.765880    0.040283    7.473957 v _4799_/A (sky130_fd_sc_hd__nand2_4)
     4    0.047669    0.314674    0.516415    7.990372 ^ _4799_/Y (sky130_fd_sc_hd__nand2_4)
                                                         _1823_ (net)
                      0.314683    0.002189    7.992561 ^ _4800_/A (sky130_fd_sc_hd__clkinv_8)
     4    0.134185    0.273900    0.306667    8.299229 v _4800_/Y (sky130_fd_sc_hd__clkinv_8)
                                                         _1824_ (net)
                      0.273930    0.002875    8.302103 v _4801_/A (sky130_fd_sc_hd__clkbuf_16)
    12    0.200867    0.221504    0.494573    8.796677 v _4801_/X (sky130_fd_sc_hd__clkbuf_16)
                                                         _1825_ (net)
                      0.227097    0.027709    8.824386 v _4802_/A (sky130_fd_sc_hd__buf_12)
    12    0.234612    0.203548    0.425726    9.250112 v _4802_/X (sky130_fd_sc_hd__buf_12)
                                                         _1826_ (net)
                      0.210637    0.029631    9.279742 v _4844_/B (sky130_fd_sc_hd__or2_1)
     1    0.012560    0.182155    0.618327    9.898069 v _4844_/X (sky130_fd_sc_hd__or2_1)
                                                         _1867_ (net)
                      0.182157    0.000941    9.899011 v _4846_/A1 (sky130_fd_sc_hd__a31o_1)
     1    0.024231    0.234324    0.525718   10.424729 v _4846_/X (sky130_fd_sc_hd__a31o_1)
                                                         _1869_ (net)
                      0.234351    0.002650   10.427380 v _4847_/B2 (sky130_fd_sc_hd__o22a_1)
     1    0.002545    0.080541    0.369092   10.796472 v _4847_/X (sky130_fd_sc_hd__o22a_1)
                                                         _0094_ (net)
                      0.080541    0.000074   10.796545 v _6649_/D (sky130_fd_sc_hd__dfrtp_1)
                                             10.796545   data arrival time

                                 12.000000   12.000000   clock aclk (rise edge)
                                  0.000000   12.000000   clock source latency
     1    0.091444    0.000000    0.000000   12.000000 ^ aclk (in)
                                                         aclk (net)
                      0.040342    0.020171   12.020170 ^ clkbuf_0_aclk/A (sky130_fd_sc_hd__clkbuf_16)
     5    0.136353    0.228686    0.335011   12.355182 ^ clkbuf_0_aclk/X (sky130_fd_sc_hd__clkbuf_16)
                                                         clknet_0_aclk (net)
                      0.229805    0.012973   12.368154 ^ clkbuf_2_0_0_aclk/A (sky130_fd_sc_hd__clkbuf_8)
     2    0.047571    0.148593    0.362379   12.730533 ^ clkbuf_2_0_0_aclk/X (sky130_fd_sc_hd__clkbuf_8)
                                                         clknet_2_0_0_aclk (net)
                      0.149097    0.006158   12.736691 ^ clkbuf_3_0__f_aclk/A (sky130_fd_sc_hd__clkbuf_16)
    16    0.198185    0.313492    0.448466   13.185157 ^ clkbuf_3_0__f_aclk/X (sky130_fd_sc_hd__clkbuf_16)
                                                         clknet_3_0__leaf_aclk (net)
                      0.315989    0.022482   13.207639 ^ _6649_/CLK (sky130_fd_sc_hd__dfrtp_1)
                                 -0.300000   12.907639   clock uncertainty
                                  0.000000   12.907639   clock reconvergence pessimism
                                 -0.215386   12.692253   library setup time
                                             12.692253   data required time
---------------------------------------------------------------------------------------------
                                             12.692253   data required time
                                            -10.796545   data arrival time
---------------------------------------------------------------------------------------------
                                              1.895708   slack (MET)




===========================================================================
report_checks --slack_max -0.01
============================================================================
======================= nom_ss_100C_1v60 Corner ===================================

No paths found.


===========================================================================
 report_check_types -max_slew -max_cap -max_fanout -violators
============================================================================
======================= nom_ss_100C_1v60 Corner ===================================

max slew

Pin                                        Limit        Slew       Slack
------------------------------------------------------------------------
_4371_/Y                                1.497941    2.068695   -0.570754 (VIOLATED)
_4412_/A                                1.500000    2.069973   -0.569973 (VIOLATED)
ANTENNA_45/DIODE                        1.500000    2.069937   -0.569937 (VIOLATED)
_4448_/A                                1.500000    2.069937   -0.569937 (VIOLATED)
_4484_/A                                1.500000    2.069698   -0.569698 (VIOLATED)
ANTENNA_44/DIODE                        1.500000    2.069696   -0.569697 (VIOLATED)
ANTENNA_43/DIODE                        1.500000    2.069694   -0.569694 (VIOLATED)
_4372_/A                                1.500000    2.069694   -0.569694 (VIOLATED)
_4295_/Y                                1.497941    2.055452   -0.557511 (VIOLATED)
_4296_/A                                1.500000    2.057317   -0.557317 (VIOLATED)
_4422_/A                                1.500000    2.057308   -0.557308 (VIOLATED)
ANTENNA_12/DIODE                        1.500000    2.057307   -0.557307 (VIOLATED)
_4386_/A                                1.500000    2.055479   -0.555479 (VIOLATED)
_4458_/A                                1.500000    2.055478   -0.555478 (VIOLATED)
_4286_/Y                                1.497941    2.043697   -0.545756 (VIOLATED)
_4419_/A                                1.500000    2.045074   -0.545074 (VIOLATED)
_4455_/A                                1.500000    2.044987   -0.544987 (VIOLATED)
ANTENNA_9/DIODE                         1.500000    2.044986   -0.544986 (VIOLATED)
_4287_/A                                1.500000    2.044131   -0.544131 (VIOLATED)
ANTENNA_10/DIODE                        1.500000    2.044111   -0.544111 (VIOLATED)
_4383_/A                                1.500000    2.044111   -0.544112 (VIOLATED)
_4362_/Y                                1.497941    2.028569   -0.530627 (VIOLATED)
_4409_/A                                1.500000    2.029799   -0.529799 (VIOLATED)
_4445_/A                                1.500000    2.029750   -0.529750 (VIOLATED)
ANTENNA_40/DIODE                        1.500000    2.029747   -0.529747 (VIOLATED)
_4481_/A                                1.500000    2.029656   -0.529656 (VIOLATED)
_4363_/A                                1.500000    2.029594   -0.529594 (VIOLATED)
ANTENNA_477/DIODE                       1.500000    2.029593   -0.529593 (VIOLATED)
_4418_/A                                1.500000    2.026033   -0.526033 (VIOLATED)
_4283_/Y                                1.497941    2.023887   -0.525946 (VIOLATED)
_4454_/A                                1.500000    2.025933   -0.525933 (VIOLATED)
ANTENNA_7/DIODE                         1.500000    2.025931   -0.525931 (VIOLATED)
_4382_/A                                1.500000    2.024784   -0.524784 (VIOLATED)
_4284_/A                                1.500000    2.024710   -0.524710 (VIOLATED)
ANTENNA_8/DIODE                         1.500000    2.024709   -0.524710 (VIOLATED)
_4302_/A                                1.500000    1.987963   -0.487963 (VIOLATED)
ANTENNA_470/DIODE                       1.500000    1.987961   -0.487961 (VIOLATED)
_4424_/A                                1.500000    1.987899   -0.487899 (VIOLATED)
ANTENNA_472/DIODE                       1.500000    1.987889   -0.487890 (VIOLATED)
ANTENNA_474/DIODE                       1.500000    1.987890   -0.487890 (VIOLATED)
_4301_/Y                                1.497941    1.985578   -0.487637 (VIOLATED)
_4377_/Y                                1.497941    1.985005   -0.487064 (VIOLATED)
_4414_/A                                1.500000    1.986778   -0.486778 (VIOLATED)
_4450_/A                                1.500000    1.986779   -0.486779 (VIOLATED)
ANTENNA_47/DIODE                        1.500000    1.986778   -0.486778 (VIOLATED)
ANTENNA_46/DIODE                        1.500000    1.986776   -0.486776 (VIOLATED)
ANTENNA_471/DIODE                       1.500000    1.985601   -0.485601 (VIOLATED)
ANTENNA_473/DIODE                       1.500000    1.985601   -0.485601 (VIOLATED)
_4388_/A                                1.500000    1.985601   -0.485601 (VIOLATED)
_4460_/A                                1.500000    1.985601   -0.485601 (VIOLATED)
_4378_/A                                1.500000    1.985125   -0.485125 (VIOLATED)
_4486_/A                                1.500000    1.985116   -0.485116 (VIOLATED)
_4307_/Y                                1.497941    1.886016   -0.388075 (VIOLATED)
_4308_/A                                1.500000    1.887336   -0.387336 (VIOLATED)
_4426_/A                                1.500000    1.887300   -0.387300 (VIOLATED)
ANTENNA_475/DIODE                       1.500000    1.887299   -0.387299 (VIOLATED)
_4390_/A                                1.500000    1.886152   -0.386152 (VIOLATED)
ANTENNA_14/DIODE                        1.500000    1.886134   -0.386134 (VIOLATED)
_4462_/A                                1.500000    1.886134   -0.386134 (VIOLATED)
_4350_/Y                                1.497941    1.864159   -0.366218 (VIOLATED)
_4477_/A                                1.500000    1.865738   -0.365738 (VIOLATED)
_4351_/A                                1.500000    1.865616   -0.365616 (VIOLATED)
_4405_/A                                1.500000    1.865517   -0.365517 (VIOLATED)
ANTENNA_32/DIODE                        1.500000    1.865516   -0.365516 (VIOLATED)
_4441_/A                                1.500000    1.864621   -0.364621 (VIOLATED)
ANTENNA_33/DIODE                        1.500000    1.864620   -0.364620 (VIOLATED)
_4353_/Y                                1.497941    1.860475   -0.362534 (VIOLATED)
_4354_/A                                1.500000    1.861994   -0.361994 (VIOLATED)
_4406_/A                                1.500000    1.861944   -0.361944 (VIOLATED)
_4478_/A                                1.500000    1.861910   -0.361910 (VIOLATED)
ANTENNA_35/DIODE                        1.500000    1.861910   -0.361910 (VIOLATED)
_4442_/A                                1.500000    1.861697   -0.361697 (VIOLATED)
ANTENNA_34/DIODE                        1.500000    1.861696   -0.361696 (VIOLATED)
_4347_/Y                                1.497941    1.839296   -0.341355 (VIOLATED)
_4440_/A                                1.500000    1.840537   -0.340537 (VIOLATED)
ANTENNA_476/DIODE                       1.500000    1.840535   -0.340535 (VIOLATED)
_4404_/A                                1.500000    1.840154   -0.340154 (VIOLATED)
_4348_/A                                1.500000    1.840139   -0.340139 (VIOLATED)
ANTENNA_25/DIODE                        1.500000    1.840000   -0.340000 (VIOLATED)
ANTENNA_27/DIODE                        1.500000    1.840000   -0.340000 (VIOLATED)
ANTENNA_31/DIODE                        1.500000    1.840001   -0.340001 (VIOLATED)
_4476_/A                                1.500000    1.840001   -0.340001 (VIOLATED)
ANTENNA_26/DIODE                        1.500000    1.840000   -0.340000 (VIOLATED)
ANTENNA_30/DIODE                        1.500000    1.840000   -0.340000 (VIOLATED)
ANTENNA_28/DIODE                        1.500000    1.839301   -0.339301 (VIOLATED)
ANTENNA_23/DIODE                        1.500000    1.839300   -0.339300 (VIOLATED)
ANTENNA_24/DIODE                        1.500000    1.839296   -0.339296 (VIOLATED)
ANTENNA_29/DIODE                        1.500000    1.839296   -0.339296 (VIOLATED)
_4374_/Y                                1.497941    1.828288   -0.330347 (VIOLATED)
_4449_/A                                1.500000    1.828735   -0.328735 (VIOLATED)
_4413_/A                                1.500000    1.828734   -0.328734 (VIOLATED)
_4485_/A                                1.500000    1.828410   -0.328410 (VIOLATED)
_4375_/A                                1.500000    1.828368   -0.328368 (VIOLATED)
_4298_/Y                                1.497941    1.812254   -0.314313 (VIOLATED)
_4423_/A                                1.500000    1.813995   -0.313995 (VIOLATED)
_4299_/A                                1.500000    1.813934   -0.313934 (VIOLATED)
_4387_/A                                1.500000    1.812293   -0.312293 (VIOLATED)
_4459_/A                                1.500000    1.812290   -0.312290 (VIOLATED)
_4304_/Y                                1.497941    1.797939   -0.299998 (VIOLATED)
_4425_/A                                1.500000    1.799697   -0.299697 (VIOLATED)
_4305_/A                                1.500000    1.799689   -0.299689 (VIOLATED)
ANTENNA_13/DIODE                        1.500000    1.799687   -0.299687 (VIOLATED)
_4389_/A                                1.500000    1.797968   -0.297968 (VIOLATED)
_4461_/A                                1.500000    1.797967   -0.297967 (VIOLATED)
_4359_/Y                                1.497941    1.784377   -0.286436 (VIOLATED)
_4444_/A                                1.500000    1.785730   -0.285730 (VIOLATED)
ANTENNA_39/DIODE                        1.500000    1.785673   -0.285673 (VIOLATED)
_4408_/A                                1.500000    1.785665   -0.285665 (VIOLATED)
_4480_/A                                1.500000    1.785390   -0.285390 (VIOLATED)
ANTENNA_38/DIODE                        1.500000    1.785370   -0.285370 (VIOLATED)
_4360_/A                                1.500000    1.785367   -0.285367 (VIOLATED)
_4446_/A                                1.500000    1.713315   -0.213316 (VIOLATED)
_4410_/A                                1.500000    1.713281   -0.213281 (VIOLATED)
_4365_/Y                                1.497941    1.710910   -0.212969 (VIOLATED)
_4366_/A                                1.500000    1.712415   -0.212415 (VIOLATED)
ANTENNA_41/DIODE                        1.500000    1.712271   -0.212271 (VIOLATED)
_4482_/A                                1.500000    1.712268   -0.212269 (VIOLATED)
_4278_/Y                                1.497941    1.707811   -0.209870 (VIOLATED)
_4453_/A                                1.500000    1.708812   -0.208813 (VIOLATED)
_4417_/A                                1.500000    1.708790   -0.208790 (VIOLATED)
ANTENNA_5/DIODE                         1.500000    1.708784   -0.208784 (VIOLATED)
_4281_/A                                1.500000    1.708537   -0.208538 (VIOLATED)
_4381_/A                                1.500000    1.708532   -0.208532 (VIOLATED)
ANTENNA_4/DIODE                         1.500000    1.708532   -0.208532 (VIOLATED)
_4368_/Y                                1.497941    1.694204   -0.196263 (VIOLATED)
_4411_/A                                1.500000    1.695542   -0.195542 (VIOLATED)
_4447_/A                                1.500000    1.695538   -0.195538 (VIOLATED)
ANTENNA_42/DIODE                        1.500000    1.695536   -0.195536 (VIOLATED)
_4483_/A                                1.500000    1.694614   -0.194614 (VIOLATED)
_4369_/A                                1.500000    1.694547   -0.194547 (VIOLATED)
_4324_/Y                                1.497941    1.679477   -0.181536 (VIOLATED)
_4333_/Y                                1.497941    1.679005   -0.181064 (VIOLATED)
_4471_/A                                1.500000    1.680214   -0.180214 (VIOLATED)
_4399_/A                                1.500000    1.680164   -0.180164 (VIOLATED)
_4334_/A                                1.500000    1.679938   -0.179938 (VIOLATED)
ANTENNA_19/DIODE                        1.500000    1.679937   -0.179938 (VIOLATED)
_4432_/A                                1.500000    1.679679   -0.179679 (VIOLATED)
_4468_/A                                1.500000    1.679582   -0.179582 (VIOLATED)
_4396_/A                                1.500000    1.679576   -0.179576 (VIOLATED)
_4325_/A                                1.500000    1.679524   -0.179524 (VIOLATED)
_4435_/A                                1.500000    1.679446   -0.179446 (VIOLATED)
_4356_/Y                                1.497941    1.659208   -0.161267 (VIOLATED)
_4479_/A                                1.500000    1.660271   -0.160271 (VIOLATED)
_4357_/A                                1.500000    1.660181   -0.160181 (VIOLATED)
ANTENNA_36/DIODE                        1.500000    1.660122   -0.160122 (VIOLATED)
_4407_/A                                1.500000    1.660121   -0.160121 (VIOLATED)
_4443_/A                                1.500000    1.659852   -0.159852 (VIOLATED)
ANTENNA_37/DIODE                        1.500000    1.659851   -0.159851 (VIOLATED)
_4321_/Y                                1.497941    1.633989   -0.136048 (VIOLATED)
_4322_/A                                1.500000    1.634793   -0.134793 (VIOLATED)
_4395_/A                                1.500000    1.634707   -0.134707 (VIOLATED)
_4467_/A                                1.500000    1.634666   -0.134666 (VIOLATED)
ANTENNA_16/DIODE                        1.500000    1.634665   -0.134665 (VIOLATED)
_4431_/A                                1.500000    1.634153   -0.134153 (VIOLATED)
_4289_/Y                                1.497941    1.618467   -0.120526 (VIOLATED)
_4456_/A                                1.500000    1.620303   -0.120303 (VIOLATED)
_4420_/A                                1.500000    1.620303   -0.120303 (VIOLATED)
ANTENNA_469/DIODE                       1.500000    1.620302   -0.120302 (VIOLATED)
ANTENNA_468/DIODE                       1.500000    1.620301   -0.120301 (VIOLATED)
_4384_/A                                1.500000    1.618510   -0.118510 (VIOLATED)
_4290_/A                                1.500000    1.618510   -0.118510 (VIOLATED)
_4311_/Y                                1.497941    1.613333   -0.115392 (VIOLATED)
_4392_/A                                1.500000    1.614962   -0.114962 (VIOLATED)
_4464_/A                                1.500000    1.614835   -0.114835 (VIOLATED)
_4313_/A                                1.500000    1.614678   -0.114678 (VIOLATED)
ANTENNA_15/DIODE                        1.500000    1.614677   -0.114677 (VIOLATED)
_4428_/A                                1.500000    1.613666   -0.113666 (VIOLATED)
_4327_/Y                                1.497941    1.597537   -0.099596 (VIOLATED)
_4397_/A                                1.500000    1.599545   -0.099545 (VIOLATED)
_4328_/A                                1.500000    1.599527   -0.099527 (VIOLATED)
ANTENNA_17/DIODE                        1.500000    1.599415   -0.099415 (VIOLATED)
_4469_/A                                1.500000    1.599413   -0.099413 (VIOLATED)
_4433_/A                                1.500000    1.598786   -0.098787 (VIOLATED)
_4343_/Y                                1.497941    1.596408   -0.098467 (VIOLATED)
_4439_/A                                1.500000    1.597758   -0.097758 (VIOLATED)
ANTENNA_22/DIODE                        1.500000    1.597756   -0.097756 (VIOLATED)
_4345_/A                                1.500000    1.597695   -0.097695 (VIOLATED)
_4475_/A                                1.500000    1.597670   -0.097670 (VIOLATED)
ANTENNA_21/DIODE                        1.500000    1.597632   -0.097632 (VIOLATED)
_4403_/A                                1.500000    1.597623   -0.097623 (VIOLATED)
_4292_/Y                                1.497941    1.590425   -0.092484 (VIOLATED)
_4421_/A                                1.500000    1.591152   -0.091152 (VIOLATED)
ANTENNA_11/DIODE                        1.500000    1.591151   -0.091151 (VIOLATED)
_4293_/A                                1.500000    1.590611   -0.090611 (VIOLATED)
_4457_/A                                1.500000    1.590604   -0.090604 (VIOLATED)
_4385_/A                                1.500000    1.590600   -0.090600 (VIOLATED)
_4465_/A                                1.500000    1.520974   -0.020974 (VIOLATED)
_4393_/A                                1.500000    1.520922   -0.020922 (VIOLATED)
_4316_/A                                1.500000    1.520910   -0.020910 (VIOLATED)
_4315_/Y                                1.497941    1.517124   -0.019183 (VIOLATED)
_4429_/A                                1.500000    1.518859   -0.018859 (VIOLATED)

max capacitance

Pin                                        Limit         Cap       Slack
------------------------------------------------------------------------
_4371_/Y                                0.137339    0.195722   -0.058383 (VIOLATED)
_4295_/Y                                0.137339    0.194548   -0.057209 (VIOLATED)
_4286_/Y                                0.137339    0.193351   -0.056012 (VIOLATED)
_4283_/Y                                0.137339    0.192180   -0.054841 (VIOLATED)
_4362_/Y                                0.137339    0.191737   -0.054398 (VIOLATED)
_4377_/Y                                0.137339    0.187574   -0.050235 (VIOLATED)
_4301_/Y                                0.137339    0.187498   -0.050159 (VIOLATED)
_4307_/Y                                0.137339    0.177798   -0.040459 (VIOLATED)
_4353_/Y                                0.137339    0.175951   -0.038612 (VIOLATED)
_4350_/Y                                0.137339    0.175488   -0.038149 (VIOLATED)
_4347_/Y                                0.137339    0.173063   -0.035724 (VIOLATED)
_4374_/Y                                0.137339    0.172233   -0.034894 (VIOLATED)
_4298_/Y                                0.137339    0.170419   -0.033080 (VIOLATED)
_4304_/Y                                0.137339    0.169093   -0.031754 (VIOLATED)
_4359_/Y                                0.137339    0.168399   -0.031060 (VIOLATED)
_4365_/Y                                0.137339    0.161077   -0.023738 (VIOLATED)
_4278_/Y                                0.137339    0.160095   -0.022756 (VIOLATED)
_4368_/Y                                0.137339    0.158725   -0.021386 (VIOLATED)
_4324_/Y                                0.137339    0.157589   -0.020250 (VIOLATED)
_4333_/Y                                0.137339    0.157216   -0.019877 (VIOLATED)
_4356_/Y                                0.137339    0.155294   -0.017955 (VIOLATED)
_4321_/Y                                0.137339    0.152684   -0.015345 (VIOLATED)
_4311_/Y                                0.137339    0.151265   -0.013926 (VIOLATED)
_4289_/Y                                0.137339    0.151008   -0.013669 (VIOLATED)
_4327_/Y                                0.137339    0.149660   -0.012321 (VIOLATED)
_4343_/Y                                0.137339    0.149578   -0.012239 (VIOLATED)
_4292_/Y                                0.137339    0.148455   -0.011116 (VIOLATED)
_4315_/Y                                0.137339    0.140583   -0.003244 (VIOLATED)
_4330_/Y                                0.137339    0.138689   -0.001350 (VIOLATED)



===========================================================================
report_parasitic_annotation -report_unannotated
============================================================================
Found 5 unannotated drivers.
 cfg_weight_m0[0]
 cfg_weight_m0[1]
 cfg_weight_m0[2]
 cfg_weight_m0[3]
 _6631__949/HI
Found 0 partially unannotated drivers.

===========================================================================
max slew violation count 191
max fanout violation count 0
max cap violation count 29
============================================================================

===========================================================================
check_setup -verbose -unconstrained_endpoints -multiple_clock -no_clock -no_input_delay -loops -generated_clocks
===========================================================================
Warning: There is 1 input port missing set_input_delay.
  aresetn
Warning: There is 1 unconstrained endpoint.
  _6631_/D
