
===========================================================================
 report_power
============================================================================
======================= nom_ss_100C_1v60 Corner ===================================

Group                    Internal    Switching      Leakage        Total
                            Power        Power        Power        Power (Watts)
------------------------------------------------------------------------
Sequential           2.131553e-03 8.541340e-04 9.936714e-06 2.995624e-03  28.6%
Combinational        2.410227e-03 3.729019e-03 2.120004e-05 6.160446e-03  58.8%
Clock                6.541563e-04 6.723162e-04 1.204502e-06 1.327677e-03  12.7%
Macro                0.000000e+00 0.000000e+00 0.000000e+00 0.000000e+00   0.0%
Pad                  0.000000e+00 0.000000e+00 0.000000e+00 0.000000e+00   0.0%
------------------------------------------------------------------------
Total                5.195925e-03 5.255474e-03 3.234191e-05 1.048374e-02 100.0%
                            49.6%        50.1%         0.3%

