
===========================================================================
 report_power
============================================================================
======================= max_ss_100C_1v60 Corner ===================================

Group                    Internal    Switching      Leakage        Total
                            Power        Power        Power        Power (Watts)
------------------------------------------------------------------------
Sequential           2.407320e-03 8.046341e-04 9.896111e-06 3.221850e-03  29.7%
Combinational        2.324216e-03 3.640940e-03 2.135217e-05 5.986508e-03  55.2%
Clock                7.982278e-04 8.310026e-04 1.224737e-06 1.630455e-03  15.0%
Macro                0.000000e+00 0.000000e+00 0.000000e+00 0.000000e+00   0.0%
Pad                  0.000000e+00 0.000000e+00 0.000000e+00 0.000000e+00   0.0%
------------------------------------------------------------------------
Total                5.529752e-03 5.276577e-03 3.247365e-05 1.083880e-02 100.0%
                            51.0%        48.7%         0.3%

