
===========================================================================
report_checks -unconstrained
===========================================================================
======================= nom_tt_025C_1v80 Corner ===================================

Startpoint: m_axi_rdata[22] (input port clocked by aclk)
Endpoint: s_axi_rdata[54] (output port clocked by aclk)
Path Group: aclk
Path Type: max

Fanout         Cap        Slew       Delay        Time   Description
---------------------------------------------------------------------------------------------
                                  0.000000    0.000000   clock aclk (rise edge)
                                  0.000000    0.000000   clock network delay (propagated)
                                  3.000000    3.000000 v input external delay
     1    0.009831    0.000000    0.000000    3.000000 v m_axi_rdata[22] (in)
                                                         m_axi_rdata[22] (net)
                      0.000633    0.000316    3.000316 v _4364_/A2 (sky130_fd_sc_hd__o21ai_2)
     4    0.122805    1.317470    0.933308    3.933625 ^ _4364_/Y (sky130_fd_sc_hd__o21ai_2)
                                                         _1507_ (net)
                      1.324938    0.080864    4.014488 ^ _4419_/A (sky130_fd_sc_hd__nor2_2)
     1    0.001825    0.139082    0.052399    4.066887 v _4419_/Y (sky130_fd_sc_hd__nor2_2)
                                                         s_axi_rdata[54] (net)
                      0.139082    0.000019    4.066906 v s_axi_rdata[54] (out)
                                              4.066906   data arrival time

                                 10.000000   10.000000   clock aclk (rise edge)
                                  0.000000   10.000000   clock network delay (propagated)
                                 -0.300000    9.700000   clock uncertainty
                                  0.000000    9.700000   clock reconvergence pessimism
                                 -3.000000    6.700000   output external delay
                                              6.700000   data required time
---------------------------------------------------------------------------------------------
                                              6.700000   data required time
                                             -4.066906   data arrival time
---------------------------------------------------------------------------------------------
                                              2.633094   slack (MET)




===========================================================================
report_checks --slack_max -0.01
============================================================================
======================= nom_tt_025C_1v80 Corner ===================================

No paths found.


===========================================================================
 report_check_types -max_slew -max_cap -max_fanout -violators
============================================================================
======================= nom_tt_025C_1v80 Corner ===================================

max slew

Pin                                        Limit        Slew       Slack
------------------------------------------------------------------------
_6929_/RESET_B                          1.500000    2.581277   -1.081277 (VIOLATED)
_6961_/RESET_B                          1.500000    2.581252   -1.081252 (VIOLATED)
_6729_/RESET_B                          1.500000    2.581206   -1.081206 (VIOLATED)
_6723_/RESET_B                          1.500000    2.581195   -1.081195 (VIOLATED)
_6963_/RESET_B                          1.500000    2.581130   -1.081130 (VIOLATED)
_6724_/RESET_B                          1.500000    2.581113   -1.081113 (VIOLATED)
_6928_/RESET_B                          1.500000    2.581101   -1.081101 (VIOLATED)
_6735_/RESET_B                          1.500000    2.580954   -1.080954 (VIOLATED)
_6726_/RESET_B                          1.500000    2.580952   -1.080952 (VIOLATED)
_6960_/RESET_B                          1.500000    2.580836   -1.080836 (VIOLATED)
_6931_/RESET_B                          1.500000    2.580782   -1.080782 (VIOLATED)
_6722_/RESET_B                          1.500000    2.580743   -1.080743 (VIOLATED)
_6731_/RESET_B                          1.500000    2.580643   -1.080643 (VIOLATED)
_6730_/RESET_B                          1.500000    2.580599   -1.080599 (VIOLATED)
_6734_/RESET_B                          1.500000    2.580430   -1.080430 (VIOLATED)
_6728_/RESET_B                          1.500000    2.580376   -1.080377 (VIOLATED)
_6894_/RESET_B                          1.500000    2.579799   -1.079799 (VIOLATED)
_6895_/RESET_B                          1.500000    2.579523   -1.079523 (VIOLATED)
_6935_/RESET_B                          1.500000    2.579057   -1.079057 (VIOLATED)
_6904_/RESET_B                          1.500000    2.578929   -1.078929 (VIOLATED)
_6905_/RESET_B                          1.500000    2.578912   -1.078912 (VIOLATED)
_6899_/RESET_B                          1.500000    2.578892   -1.078892 (VIOLATED)
_6811_/RESET_B                          1.500000    2.578880   -1.078880 (VIOLATED)
_6901_/RESET_B                          1.500000    2.578877   -1.078877 (VIOLATED)
_6942_/RESET_B                          1.500000    2.578846   -1.078846 (VIOLATED)
_6938_/RESET_B                          1.500000    2.578832   -1.078832 (VIOLATED)
_6968_/RESET_B                          1.500000    2.578827   -1.078827 (VIOLATED)
_6965_/RESET_B                          1.500000    2.578812   -1.078812 (VIOLATED)
_6967_/RESET_B                          1.500000    2.578784   -1.078784 (VIOLATED)
_6906_/RESET_B                          1.500000    2.578774   -1.078774 (VIOLATED)
_6806_/RESET_B                          1.500000    2.578706   -1.078706 (VIOLATED)
_6810_/RESET_B                          1.500000    2.578695   -1.078695 (VIOLATED)
_6805_/RESET_B                          1.500000    2.578634   -1.078634 (VIOLATED)
_6910_/RESET_B                          1.500000    2.578600   -1.078600 (VIOLATED)
_6903_/RESET_B                          1.500000    2.578531   -1.078531 (VIOLATED)
_6933_/RESET_B                          1.500000    2.578280   -1.078280 (VIOLATED)
_6945_/RESET_B                          1.500000    2.578262   -1.078262 (VIOLATED)
_6970_/RESET_B                          1.500000    2.577701   -1.077701 (VIOLATED)
_6908_/RESET_B                          1.500000    2.577602   -1.077602 (VIOLATED)
_6977_/RESET_B                          1.500000    2.577568   -1.077568 (VIOLATED)
_6902_/RESET_B                          1.500000    2.577510   -1.077510 (VIOLATED)
_6974_/RESET_B                          1.500000    2.577278   -1.077278 (VIOLATED)
_6973_/RESET_B                          1.500000    2.577249   -1.077249 (VIOLATED)
_6941_/RESET_B                          1.500000    2.577153   -1.077153 (VIOLATED)
_6809_/RESET_B                          1.500000    2.577042   -1.077042 (VIOLATED)
_6812_/RESET_B                          1.500000    2.576895   -1.076895 (VIOLATED)
_6816_/RESET_B                          1.500000    2.576501   -1.076501 (VIOLATED)
_6814_/RESET_B                          1.500000    2.576229   -1.076229 (VIOLATED)
_6900_/RESET_B                          1.500000    2.575879   -1.075879 (VIOLATED)
_6804_/RESET_B                          1.500000    2.575367   -1.075367 (VIOLATED)
_6813_/RESET_B                          1.500000    2.575309   -1.075309 (VIOLATED)
_6937_/RESET_B                          1.500000    2.575176   -1.075176 (VIOLATED)
_6975_/RESET_B                          1.500000    2.575169   -1.075169 (VIOLATED)
_6909_/RESET_B                          1.500000    2.575039   -1.075039 (VIOLATED)
_6911_/RESET_B                          1.500000    2.574963   -1.074963 (VIOLATED)
_6898_/RESET_B                          1.500000    2.574332   -1.074332 (VIOLATED)
_6807_/RESET_B                          1.500000    2.574169   -1.074169 (VIOLATED)
_6969_/RESET_B                          1.500000    2.574133   -1.074133 (VIOLATED)
_6808_/RESET_B                          1.500000    2.574107   -1.074107 (VIOLATED)
_6936_/RESET_B                          1.500000    2.574101   -1.074101 (VIOLATED)
_6943_/RESET_B                          1.500000    2.574043   -1.074043 (VIOLATED)
_6897_/RESET_B                          1.500000    2.573788   -1.073788 (VIOLATED)
_6802_/RESET_B                          1.500000    2.573496   -1.073496 (VIOLATED)
_6907_/RESET_B                          1.500000    2.573283   -1.073283 (VIOLATED)
_6896_/RESET_B                          1.500000    2.573025   -1.073025 (VIOLATED)
_6912_/RESET_B                          1.500000    2.572338   -1.072338 (VIOLATED)
_6800_/RESET_B                          1.500000    2.572241   -1.072241 (VIOLATED)
_6913_/RESET_B                          1.500000    2.572195   -1.072195 (VIOLATED)
_6799_/RESET_B                          1.500000    2.572066   -1.072066 (VIOLATED)
_6815_/RESET_B                          1.500000    2.571193   -1.071193 (VIOLATED)
_6930_/RESET_B                          1.500000    2.570944   -1.070944 (VIOLATED)
_6801_/RESET_B                          1.500000    2.570874   -1.070874 (VIOLATED)
_6721_/RESET_B                          1.500000    2.564779   -1.064779 (VIOLATED)
_6720_/RESET_B                          1.500000    2.533059   -1.033059 (VIOLATED)
_6920_/RESET_B                          1.500000    2.505358   -1.005358 (VIOLATED)
_6919_/RESET_B                          1.500000    2.499001   -0.999001 (VIOLATED)
_6798_/RESET_B                          1.500000    2.494662   -0.994662 (VIOLATED)
_6915_/RESET_B                          1.500000    2.485265   -0.985265 (VIOLATED)
_6914_/RESET_B                          1.500000    2.482921   -0.982921 (VIOLATED)
_6916_/RESET_B                          1.500000    2.475823   -0.975823 (VIOLATED)
_6934_/RESET_B                          1.500000    2.467499   -0.967499 (VIOLATED)
_6944_/RESET_B                          1.500000    2.462802   -0.962803 (VIOLATED)
_6737_/RESET_B                          1.500000    2.462781   -0.962781 (VIOLATED)
_6725_/RESET_B                          1.500000    2.462684   -0.962684 (VIOLATED)
_6803_/RESET_B                          1.500000    2.462548   -0.962548 (VIOLATED)
_6727_/RESET_B                          1.500000    2.462357   -0.962357 (VIOLATED)
_6966_/RESET_B                          1.500000    2.460466   -0.960466 (VIOLATED)
_6962_/RESET_B                          1.500000    2.451200   -0.951200 (VIOLATED)
_6959_/RESET_B                          1.500000    2.450554   -0.950554 (VIOLATED)
_6927_/RESET_B                          1.500000    2.450368   -0.950368 (VIOLATED)
_6964_/RESET_B                          1.500000    2.447370   -0.947370 (VIOLATED)
_6932_/RESET_B                          1.500000    2.447005   -0.947005 (VIOLATED)
_6886_/RESET_B                          1.500000    2.446797   -0.946797 (VIOLATED)
_6878_/RESET_B                          1.500000    2.446371   -0.946371 (VIOLATED)
_6882_/RESET_B                          1.500000    2.441828   -0.941828 (VIOLATED)
_6976_/RESET_B                          1.500000    2.440911   -0.940911 (VIOLATED)
_6918_/RESET_B                          1.500000    2.439600   -0.939600 (VIOLATED)
_6917_/RESET_B                          1.500000    2.439552   -0.939552 (VIOLATED)
_6891_/RESET_B                          1.500000    2.439399   -0.939399 (VIOLATED)
_6794_/RESET_B                          1.500000    2.439199   -0.939199 (VIOLATED)
_6719_/RESET_B                          1.500000    2.438312   -0.938312 (VIOLATED)
_6797_/RESET_B                          1.500000    2.438254   -0.938254 (VIOLATED)
_6687_/RESET_B                          1.500000    2.438161   -0.938161 (VIOLATED)
_6789_/RESET_B                          1.500000    2.438051   -0.938051 (VIOLATED)
_6716_/RESET_B                          1.500000    2.436411   -0.936411 (VIOLATED)
_6792_/RESET_B                          1.500000    2.435052   -0.935052 (VIOLATED)
_6714_/RESET_B                          1.500000    2.434529   -0.934529 (VIOLATED)
_6892_/RESET_B                          1.500000    2.433260   -0.933260 (VIOLATED)
_6889_/RESET_B                          1.500000    2.432525   -0.932525 (VIOLATED)
_6717_/RESET_B                          1.500000    2.431675   -0.931675 (VIOLATED)
_6893_/RESET_B                          1.500000    2.426930   -0.926930 (VIOLATED)
_6736_/RESET_B                          1.500000    2.424914   -0.924914 (VIOLATED)
_6732_/RESET_B                          1.500000    2.422518   -0.922518 (VIOLATED)
_6733_/RESET_B                          1.500000    2.422465   -0.922465 (VIOLATED)
_6795_/RESET_B                          1.500000    2.421070   -0.921070 (VIOLATED)
_6738_/RESET_B                          1.500000    2.419610   -0.919610 (VIOLATED)
_6740_/RESET_B                          1.500000    2.393579   -0.893579 (VIOLATED)
_6741_/RESET_B                          1.500000    2.387518   -0.887518 (VIOLATED)
_6743_/RESET_B                          1.500000    2.383108   -0.883108 (VIOLATED)
_6746_/RESET_B                          1.500000    2.372829   -0.872829 (VIOLATED)
_6824_/RESET_B                          1.500000    2.361340   -0.861340 (VIOLATED)
_6985_/RESET_B                          1.500000    2.355844   -0.855844 (VIOLATED)
_6818_/RESET_B                          1.500000    2.349336   -0.849336 (VIOLATED)
_6744_/RESET_B                          1.500000    2.349191   -0.849191 (VIOLATED)
_6822_/RESET_B                          1.500000    2.349046   -0.849046 (VIOLATED)
_6745_/RESET_B                          1.500000    2.348912   -0.848912 (VIOLATED)
_6823_/RESET_B                          1.500000    2.348726   -0.848726 (VIOLATED)
_6821_/RESET_B                          1.500000    2.348642   -0.848642 (VIOLATED)
_6987_/RESET_B                          1.500000    2.348178   -0.848178 (VIOLATED)
_6817_/RESET_B                          1.500000    2.348173   -0.848173 (VIOLATED)
_6739_/RESET_B                          1.500000    2.348136   -0.848136 (VIOLATED)
_6819_/RESET_B                          1.500000    2.346948   -0.846949 (VIOLATED)
_6825_/RESET_B                          1.500000    2.345152   -0.845152 (VIOLATED)
_6986_/RESET_B                          1.500000    2.345130   -0.845130 (VIOLATED)
_6748_/RESET_B                          1.500000    2.344644   -0.844644 (VIOLATED)
_6826_/RESET_B                          1.500000    2.343016   -0.843016 (VIOLATED)
_6988_/RESET_B                          1.500000    2.332658   -0.832658 (VIOLATED)
_6990_/RESET_B                          1.500000    2.331729   -0.831729 (VIOLATED)
_6993_/RESET_B                          1.500000    2.323730   -0.823730 (VIOLATED)
_6991_/RESET_B                          1.500000    2.316679   -0.816679 (VIOLATED)
_6820_/RESET_B                          1.500000    2.305384   -0.805384 (VIOLATED)
_6742_/RESET_B                          1.500000    2.304790   -0.804790 (VIOLATED)
_6829_/RESET_B                          1.500000    2.304746   -0.804746 (VIOLATED)
_6873_/RESET_B                          1.500000    2.304595   -0.804596 (VIOLATED)
_6786_/RESET_B                          1.500000    2.296856   -0.796856 (VIOLATED)
_6787_/RESET_B                          1.500000    2.291826   -0.791827 (VIOLATED)
_6989_/RESET_B                          1.500000    2.279927   -0.779927 (VIOLATED)
_6998_/RESET_B                          1.500000    2.270115   -0.770115 (VIOLATED)
_7061_/RESET_B                          1.500000    2.262142   -0.762142 (VIOLATED)
_6994_/RESET_B                          1.500000    2.255770   -0.755770 (VIOLATED)
_6831_/RESET_B                          1.500000    2.247679   -0.747679 (VIOLATED)
_7029_/RESET_B                          1.500000    2.240249   -0.740249 (VIOLATED)
_7059_/RESET_B                          1.500000    2.235247   -0.735247 (VIOLATED)
_6752_/RESET_B                          1.500000    2.235199   -0.735199 (VIOLATED)
_6785_/RESET_B                          1.500000    2.227275   -0.727275 (VIOLATED)
_6783_/RESET_B                          1.500000    2.220249   -0.720249 (VIOLATED)
_6874_/RESET_B                          1.500000    2.209449   -0.709449 (VIOLATED)
_6793_/RESET_B                          1.500000    2.204556   -0.704556 (VIOLATED)
_6715_/RESET_B                          1.500000    2.204531   -0.704532 (VIOLATED)
_6718_/RESET_B                          1.500000    2.204303   -0.704303 (VIOLATED)
_6796_/RESET_B                          1.500000    2.204071   -0.704071 (VIOLATED)
_6827_/RESET_B                          1.500000    2.203825   -0.703825 (VIOLATED)
_6713_/RESET_B                          1.500000    2.203816   -0.703817 (VIOLATED)
_6872_/RESET_B                          1.500000    2.203765   -0.703765 (VIOLATED)
_6871_/RESET_B                          1.500000    2.203754   -0.703754 (VIOLATED)
_6828_/RESET_B                          1.500000    2.203432   -0.703432 (VIOLATED)
_6830_/RESET_B                          1.500000    2.202798   -0.702798 (VIOLATED)
_6832_/RESET_B                          1.500000    2.191183   -0.691183 (VIOLATED)
_6997_/RESET_B                          1.500000    2.187954   -0.687954 (VIOLATED)
_6836_/RESET_B                          1.500000    2.170038   -0.670038 (VIOLATED)
_6781_/RESET_B                          1.500000    2.163378   -0.663378 (VIOLATED)
_6834_/RESET_B                          1.500000    2.163265   -0.663265 (VIOLATED)
_6833_/RESET_B                          1.500000    2.163169   -0.663170 (VIOLATED)
_6999_/RESET_B                          1.500000    2.163066   -0.663066 (VIOLATED)
_6996_/RESET_B                          1.500000    2.160856   -0.660856 (VIOLATED)
_6995_/RESET_B                          1.500000    2.148914   -0.648914 (VIOLATED)
_6784_/RESET_B                          1.500000    2.148875   -0.648876 (VIOLATED)
_6751_/RESET_B                          1.500000    2.148772   -0.648772 (VIOLATED)
_7028_/RESET_B                          1.500000    2.147224   -0.647224 (VIOLATED)
_7026_/RESET_B                          1.500000    2.134852   -0.634852 (VIOLATED)
_7058_/RESET_B                          1.500000    2.124170   -0.624170 (VIOLATED)
_7063_/RESET_B                          1.500000    2.116580   -0.616580 (VIOLATED)
_6754_/RESET_B                          1.500000    2.105551   -0.605551 (VIOLATED)
_6981_/RESET_B                          1.500000    2.103388   -0.603388 (VIOLATED)
_6949_/RESET_B                          1.500000    2.103376   -0.603376 (VIOLATED)
_6950_/RESET_B                          1.500000    2.103245   -0.603245 (VIOLATED)
_6947_/RESET_B                          1.500000    2.103216   -0.603216 (VIOLATED)
_6979_/RESET_B                          1.500000    2.103168   -0.603168 (VIOLATED)
_6982_/RESET_B                          1.500000    2.102969   -0.602969 (VIOLATED)
_6980_/RESET_B                          1.500000    2.102569   -0.602569 (VIOLATED)
_6750_/RESET_B                          1.500000    2.102453   -0.602453 (VIOLATED)
_6948_/RESET_B                          1.500000    2.102318   -0.602318 (VIOLATED)
_6939_/RESET_B                          1.500000    2.101897   -0.601897 (VIOLATED)
_6747_/RESET_B                          1.500000    2.101283   -0.601283 (VIOLATED)
_6749_/RESET_B                          1.500000    2.101192   -0.601192 (VIOLATED)
_6971_/RESET_B                          1.500000    2.101133   -0.601133 (VIOLATED)
_6972_/RESET_B                          1.500000    2.101069   -0.601069 (VIOLATED)
_6940_/RESET_B                          1.500000    2.100962   -0.600962 (VIOLATED)
_6835_/RESET_B                          1.500000    2.100630   -0.600630 (VIOLATED)
_6992_/RESET_B                          1.500000    2.100416   -0.600416 (VIOLATED)
_7060_/RESET_B                          1.500000    2.092736   -0.592736 (VIOLATED)
_7031_/RESET_B                          1.500000    2.076167   -0.576167 (VIOLATED)
_6887_/RESET_B                          1.500000    2.042655   -0.542655 (VIOLATED)
_6885_/RESET_B                          1.500000    2.034122   -0.534123 (VIOLATED)
_6877_/RESET_B                          1.500000    2.024935   -0.524935 (VIOLATED)
_6881_/RESET_B                          1.500000    2.009192   -0.509192 (VIOLATED)
_6791_/RESET_B                          1.500000    2.000183   -0.500183 (VIOLATED)
_6689_/RESET_B                          1.500000    2.000170   -0.500170 (VIOLATED)
_6686_/RESET_B                          1.500000    2.000033   -0.500033 (VIOLATED)
_6888_/RESET_B                          1.500000    1.991937   -0.491937 (VIOLATED)
_6884_/RESET_B                          1.500000    1.991914   -0.491914 (VIOLATED)
_6883_/RESET_B                          1.500000    1.991894   -0.491895 (VIOLATED)
_6880_/RESET_B                          1.500000    1.991856   -0.491856 (VIOLATED)
_6879_/RESET_B                          1.500000    1.991825   -0.491825 (VIOLATED)
_6788_/RESET_B                          1.500000    1.991767   -0.491767 (VIOLATED)
_6790_/RESET_B                          1.500000    1.991747   -0.491747 (VIOLATED)
_6688_/RESET_B                          1.500000    1.991515   -0.491515 (VIOLATED)
_6890_/RESET_B                          1.500000    1.929305   -0.429305 (VIOLATED)
_6765_/RESET_B                          1.500000    1.881049   -0.381049 (VIOLATED)
_6782_/RESET_B                          1.500000    1.881023   -0.381023 (VIOLATED)
_7006_/RESET_B                          1.500000    1.863860   -0.363860 (VIOLATED)
_7005_/RESET_B                          1.500000    1.863808   -0.363808 (VIOLATED)
_6842_/RESET_B                          1.500000    1.846989   -0.346989 (VIOLATED)
_6843_/RESET_B                          1.500000    1.846989   -0.346989 (VIOLATED)
_6841_/RESET_B                          1.500000    1.846851   -0.346851 (VIOLATED)
_7004_/RESET_B                          1.500000    1.846699   -0.346699 (VIOLATED)
_7000_/RESET_B                          1.500000    1.752568   -0.252568 (VIOLATED)
_6755_/RESET_B                          1.500000    1.742770   -0.242770 (VIOLATED)
_7027_/RESET_B                          1.500000    1.730336   -0.230336 (VIOLATED)
_6926_/RESET_B                          1.500000    1.729698   -0.229698 (VIOLATED)
_6958_/RESET_B                          1.500000    1.729589   -0.229589 (VIOLATED)
_6923_/RESET_B                          1.500000    1.727830   -0.227830 (VIOLATED)
_6921_/RESET_B                          1.500000    1.727809   -0.227809 (VIOLATED)
_6924_/RESET_B                          1.500000    1.727677   -0.227677 (VIOLATED)
_6956_/RESET_B                          1.500000    1.727515   -0.227515 (VIOLATED)
_6955_/RESET_B                          1.500000    1.727066   -0.227066 (VIOLATED)
_6953_/RESET_B                          1.500000    1.726918   -0.226918 (VIOLATED)
_6925_/RESET_B                          1.500000    1.716936   -0.216936 (VIOLATED)
_6922_/RESET_B                          1.500000    1.716936   -0.216936 (VIOLATED)
_6954_/RESET_B                          1.500000    1.713280   -0.213281 (VIOLATED)
_6957_/RESET_B                          1.500000    1.713247   -0.213247 (VIOLATED)
_6837_/RESET_B                          1.500000    1.690700   -0.190700 (VIOLATED)
_4480_/B                                1.500000    1.640602   -0.140602 (VIOLATED)
_4481_/B                                1.500000    1.640590   -0.140590 (VIOLATED)
_4485_/B                                1.500000    1.640567   -0.140567 (VIOLATED)
_4483_/B                                1.500000    1.640540   -0.140541 (VIOLATED)
_4478_/B                                1.500000    1.640432   -0.140432 (VIOLATED)
_4486_/B                                1.500000    1.640416   -0.140416 (VIOLATED)
_4484_/B                                1.500000    1.640007   -0.140007 (VIOLATED)
_4487_/B                                1.500000    1.639362   -0.139362 (VIOLATED)
_4479_/B                                1.500000    1.639158   -0.139158 (VIOLATED)
_4333_/B                                1.500000    1.638907   -0.138907 (VIOLATED)
_4348_/B                                1.500000    1.638904   -0.138904 (VIOLATED)
_4351_/B                                1.500000    1.638869   -0.138869 (VIOLATED)
_4354_/B                                1.500000    1.638815   -0.138815 (VIOLATED)
_4336_/B                                1.500000    1.638783   -0.138783 (VIOLATED)
_4345_/B                                1.500000    1.638687   -0.138687 (VIOLATED)
_4327_/B                                1.500000    1.638634   -0.138634 (VIOLATED)
_4330_/B                                1.500000    1.638461   -0.138461 (VIOLATED)
_4342_/B                                1.500000    1.638388   -0.138388 (VIOLATED)
_4482_/B                                1.500000    1.632856   -0.132857 (VIOLATED)
_4339_/B                                1.500000    1.630939   -0.130939 (VIOLATED)
_4477_/X                                1.506103    1.632856   -0.126753 (VIOLATED)
_4326_/X                                1.506103    1.630939   -0.124836 (VIOLATED)
_4408_/B                                1.500000    1.617202   -0.117202 (VIOLATED)
_4409_/B                                1.500000    1.617170   -0.117170 (VIOLATED)
_4413_/B                                1.500000    1.617157   -0.117157 (VIOLATED)
_4414_/B                                1.500000    1.617058   -0.117058 (VIOLATED)
_4406_/B                                1.500000    1.617035   -0.117035 (VIOLATED)
_4412_/B                                1.500000    1.616869   -0.116869 (VIOLATED)
_4411_/B                                1.500000    1.616808   -0.116808 (VIOLATED)
_4415_/B                                1.500000    1.615920   -0.115920 (VIOLATED)
_4407_/B                                1.500000    1.615787   -0.115787 (VIOLATED)
_4410_/B                                1.500000    1.609740   -0.109740 (VIOLATED)
_4405_/X                                1.506103    1.609740   -0.103637 (VIOLATED)
_4445_/B                                1.500000    1.586098   -0.086098 (VIOLATED)
_4444_/B                                1.500000    1.586097   -0.086097 (VIOLATED)
_4443_/B                                1.500000    1.586088   -0.086088 (VIOLATED)
_4442_/B                                1.500000    1.586080   -0.086080 (VIOLATED)
_4450_/B                                1.500000    1.585056   -0.085056 (VIOLATED)
_4449_/B                                1.500000    1.584747   -0.084747 (VIOLATED)
_4451_/B                                1.500000    1.584670   -0.084670 (VIOLATED)
_4448_/B                                1.500000    1.584392   -0.084392 (VIOLATED)
_4447_/B                                1.500000    1.584016   -0.084016 (VIOLATED)
_4446_/B                                1.500000    1.582027   -0.082027 (VIOLATED)
_4441_/X                                1.506103    1.582019   -0.075916 (VIOLATED)
_7042_/RESET_B                          1.500000    1.531731   -0.031731 (VIOLATED)
_5927_/S                                1.500000    1.523655   -0.023655 (VIOLATED)
_5917_/S                                1.500000    1.523631   -0.023631 (VIOLATED)
_5923_/S                                1.500000    1.523615   -0.023615 (VIOLATED)
_5919_/S                                1.500000    1.523607   -0.023607 (VIOLATED)
_5921_/S                                1.500000    1.523514   -0.023514 (VIOLATED)
_5915_/S                                1.500000    1.523339   -0.023339 (VIOLATED)
_5925_/S                                1.500000    1.522975   -0.022975 (VIOLATED)
_5931_/S                                1.500000    1.522533   -0.022534 (VIOLATED)
_5929_/S                                1.500000    1.522358   -0.022358 (VIOLATED)
_5913_/S                                1.500000    1.521351   -0.021351 (VIOLATED)
_6845_/RESET_B                          1.500000    1.521265   -0.021265 (VIOLATED)
_5912_/X                                1.506103    1.521349   -0.015246 (VIOLATED)
_5853_/S                                1.500000    1.511050   -0.011050 (VIOLATED)
_5851_/S                                1.500000    1.511048   -0.011048 (VIOLATED)
_5857_/S                                1.500000    1.511037   -0.011038 (VIOLATED)
_5865_/S                                1.500000    1.510985   -0.010986 (VIOLATED)
_5861_/S                                1.500000    1.510850   -0.010850 (VIOLATED)
_5855_/S                                1.500000    1.510774   -0.010774 (VIOLATED)
_5849_/S                                1.500000    1.510363   -0.010363 (VIOLATED)
_5859_/S                                1.500000    1.510308   -0.010308 (VIOLATED)
_5863_/S                                1.500000    1.510161   -0.010161 (VIOLATED)
_5847_/S                                1.500000    1.509183   -0.009183 (VIOLATED)
_6838_/RESET_B                          1.500000    1.508058   -0.008058 (VIOLATED)
_7062_/RESET_B                          1.500000    1.505893   -0.005893 (VIOLATED)
_6753_/RESET_B                          1.500000    1.505874   -0.005874 (VIOLATED)
_7030_/RESET_B                          1.500000    1.505783   -0.005783 (VIOLATED)
_6951_/RESET_B                          1.500000    1.505152   -0.005152 (VIOLATED)
_6983_/RESET_B                          1.500000    1.505030   -0.005030 (VIOLATED)
_6978_/RESET_B                          1.500000    1.504820   -0.004820 (VIOLATED)
_6946_/RESET_B                          1.500000    1.504732   -0.004732 (VIOLATED)
_6952_/RESET_B                          1.500000    1.504688   -0.004688 (VIOLATED)
_6984_/RESET_B                          1.500000    1.504552   -0.004552 (VIOLATED)
_5846_/X                                1.506103    1.509180   -0.003077 (VIOLATED)
_7071_/RESET_B                          1.500000    1.500828   -0.000828 (VIOLATED)
_7066_/RESET_B                          1.500000    1.500176   -0.000176 (VIOLATED)

max capacitance

Pin                                        Limit         Cap       Slack
------------------------------------------------------------------------
_4477_/X                                0.130015    0.142400   -0.012385 (VIOLATED)
_4326_/X                                0.130015    0.142265   -0.012250 (VIOLATED)
_4405_/X                                0.130015    0.140419   -0.010404 (VIOLATED)
_4441_/X                                0.130015    0.138096   -0.008081 (VIOLATED)
_5912_/X                                0.130015    0.133748   -0.003733 (VIOLATED)
_5846_/X                                0.130015    0.132664   -0.002649 (VIOLATED)



===========================================================================
report_parasitic_annotation -report_unannotated
============================================================================
Found 6 unannotated drivers.
 aclk
 cfg_weight_m0[0]
 cfg_weight_m0[1]
 cfg_weight_m0[2]
 cfg_weight_m0[3]
 TIE_ZERO_zero_/HI
Found 0 partially unannotated drivers.

===========================================================================
max slew violation count 322
Writing metric design__max_slew_violation__count__corner:nom_tt_025C_1v80: 322
max fanout violation count 0
Writing metric design__max_fanout_violation__count__corner:nom_tt_025C_1v80: 0
max cap violation count 6
Writing metric design__max_cap_violation__count__corner:nom_tt_025C_1v80: 6
============================================================================

===========================================================================
check_setup -verbose -unconstrained_endpoints -multiple_clock -no_clock -no_input_delay -loops -generated_clocks
===========================================================================
Warning: There is 1 input port missing set_input_delay.
  aresetn
Warning: There is 1 unconstrained endpoint.
  _6669_/D
