
===========================================================================
 report_power
============================================================================
======================= nom_tt_025C_1v80 Corner ===================================

Group                    Internal    Switching      Leakage        Total
                            Power        Power        Power        Power (Watts)
------------------------------------------------------------------------
Sequential           3.224297e-03 7.075011e-04 5.789861e-09 3.931804e-03  38.5%
Combinational        3.007014e-03 3.281584e-03 1.104096e-08 6.288609e-03  61.5%
Clock                0.000000e+00 0.000000e+00 2.086595e-09 2.086595e-09   0.0%
Macro                0.000000e+00 0.000000e+00 0.000000e+00 0.000000e+00   0.0%
Pad                  0.000000e+00 0.000000e+00 0.000000e+00 0.000000e+00   0.0%
------------------------------------------------------------------------
Total                6.231312e-03 3.989085e-03 1.891740e-08 1.022042e-02 100.0%
                            61.0%        39.0%         0.0%
Writing metric power__internal__total: 0.006231312174350023
Writing metric power__switching__total: 0.0039890846237540245
Writing metric power__leakage__total: 1.891739564996442e-8
Writing metric power__total: 0.010220415890216827

