
===========================================================================
 report_power
============================================================================
======================= nom_ff_n40C_1v95 Corner ===================================

Group                    Internal    Switching      Leakage        Total
                            Power        Power        Power        Power (Watts)
------------------------------------------------------------------------
Sequential           3.250530e-03 5.208062e-04 1.000508e-08 3.771346e-03  37.4%
Combinational        3.693874e-03 2.615495e-03 3.430028e-08 6.309404e-03  62.6%
Clock                0.000000e+00 0.000000e+00 0.000000e+00 0.000000e+00   0.0%
Macro                0.000000e+00 0.000000e+00 0.000000e+00 0.000000e+00   0.0%
Pad                  0.000000e+00 0.000000e+00 0.000000e+00 0.000000e+00   0.0%
------------------------------------------------------------------------
Total                6.944386e-03 3.136293e-03 4.430564e-08 1.008072e-02 100.0%
                            68.9%        31.1%         0.0%

