┏━━━━━━━┳━━━━━━━━━┳━━━━━━━━━━┳━━━━━━━━━━━━━━━━━━━━━━━━┳━━━━━━━━━━━━━━━━┳━━━━━━━┓
┃ P / R ┃ Partial ┃ Required ┃ Net                    ┃ Pin            ┃ Layer ┃
┡━━━━━━━╇━━━━━━━━━╇━━━━━━━━━━╇━━━━━━━━━━━━━━━━━━━━━━━━╇━━━━━━━━━━━━━━━━╇━━━━━━━┩
│ 3.83  │ 1533.78 │ 400.00   │ net616                 │ _6600_/A0      │ met1  │
│ 3.59  │ 1435.30 │ 400.00   │ _1518_                 │ _4408_/A       │ met1  │
│ 3.42  │ 1366.22 │ 400.00   │ net613                 │ _6592_/A0      │ met1  │
│ 2.73  │ 1093.64 │ 400.00   │ _1488_                 │ _4316_/A       │ met1  │
│ 2.65  │ 1059.25 │ 400.00   │ _1518_                 │ _4360_/A       │ met1  │
│ 2.47  │ 988.15  │ 400.00   │ _1507_                 │ _4403_/A       │ met1  │
│ 1.80  │ 718.40  │ 400.00   │ net759                 │ _7244_/A       │ met1  │
│ 1.75  │ 698.43  │ 400.00   │ net762                 │ output762/A    │ met1  │
│ 1.63  │ 652.67  │ 400.00   │ net948                 │ _7063_/RESET_B │ met1  │
│ 1.40  │ 559.66  │ 400.00   │ net596                 │ _6519_/B       │ met1  │
│ 1.35  │ 3746.54 │ 2778.20  │ net532                 │ _5492_/A0      │ met4  │
│ 1.28  │ 513.44  │ 400.00   │ net600                 │ _6544_/A0      │ met1  │
│ 1.28  │ 510.90  │ 400.00   │ _1869_                 │ _4847_/B2      │ met1  │
│ 1.26  │ 504.34  │ 400.00   │ _1522_                 │ _4410_/A       │ met1  │
│ 1.24  │ 3614.94 │ 2918.08  │ net933                 │ output933/A    │ met4  │
│ 1.24  │ 494.56  │ 400.00   │ _1308_                 │ _5695_/S       │ met1  │
│ 1.23  │ 491.96  │ 400.00   │ net756                 │ _7241_/A       │ met1  │
│ 1.21  │ 484.44  │ 400.00   │ net377                 │ _5989_/A0      │ met1  │
│ 1.18  │ 3441.52 │ 2918.08  │ net248                 │ _6213_/A1      │ met4  │
│ 1.08  │ 3554.78 │ 3295.52  │ net524                 │ _5765_/A0      │ met1  │
│ 1.05  │ 419.49  │ 400.00   │ net752                 │ _5004_/A1      │ met1  │
│ 1.01  │ 402.78  │ 400.00   │ u_write_arbiter.aw_bu… │ _5622_/A1      │ met1  │
└───────┴─────────┴──────────┴────────────────────────┴────────────────┴───────┘
