
===========================================================================
 report_power
============================================================================
======================= nom_tt_025C_1v80 Corner ===================================

Group                    Internal    Switching      Leakage        Total
                            Power        Power        Power        Power (Watts)
------------------------------------------------------------------------
Sequential           3.097554e-03 6.889805e-04 6.273851e-09 3.786540e-03  33.8%
Combinational        2.828920e-03 3.161815e-03 1.411856e-08 5.990748e-03  53.5%
Clock                9.621081e-04 4.616067e-04 2.873344e-09 1.423718e-03  12.7%
Macro                0.000000e+00 0.000000e+00 0.000000e+00 0.000000e+00   0.0%
Pad                  0.000000e+00 0.000000e+00 0.000000e+00 0.000000e+00   0.0%
------------------------------------------------------------------------
Total                6.888572e-03 4.312405e-03 2.326593e-08 1.120100e-02 100.0%
                            61.5%        38.5%         0.0%
Writing metric power__internal__total: 0.006888572126626968
Writing metric power__switching__total: 0.004312405362725258
Writing metric power__leakage__total: 2.3265931403670947e-8
Writing metric power__total: 0.011201000772416592

