SBY  3:58:22 [formal/arbiter_bmc] Removing directory '/tmp/sparkahead_formal_BoYARE/formal/arbiter_bmc'.
SBY  3:58:22 [formal/arbiter_bmc] Copy '/tmp/sparkahead_formal_BoYARE/src/rtl/axi4lite_pkg.sv' to '/tmp/sparkahead_formal_BoYARE/formal/arbiter_bmc/src/axi4lite_pkg.sv'.
SBY  3:58:22 [formal/arbiter_bmc] Copy '/tmp/sparkahead_formal_BoYARE/src/rtl/age_counter.sv' to '/tmp/sparkahead_formal_BoYARE/formal/arbiter_bmc/src/age_counter.sv'.
SBY  3:58:22 [formal/arbiter_bmc] Copy '/tmp/sparkahead_formal_BoYARE/src/rtl/write_mux.sv' to '/tmp/sparkahead_formal_BoYARE/formal/arbiter_bmc/src/write_mux.sv'.
SBY  3:58:22 [formal/arbiter_bmc] Copy '/tmp/sparkahead_formal_BoYARE/src/rtl/read_mux.sv' to '/tmp/sparkahead_formal_BoYARE/formal/arbiter_bmc/src/read_mux.sv'.
SBY  3:58:22 [formal/arbiter_bmc] Copy '/tmp/sparkahead_formal_BoYARE/src/rtl/default_slave.sv' to '/tmp/sparkahead_formal_BoYARE/formal/arbiter_bmc/src/default_slave.sv'.
SBY  3:58:22 [formal/arbiter_bmc] Copy '/tmp/sparkahead_formal_BoYARE/src/rtl/addr_decoder.sv' to '/tmp/sparkahead_formal_BoYARE/formal/arbiter_bmc/src/addr_decoder.sv'.
SBY  3:58:22 [formal/arbiter_bmc] Copy '/tmp/sparkahead_formal_BoYARE/src/rtl/wrr_scheduler.sv' to '/tmp/sparkahead_formal_BoYARE/formal/arbiter_bmc/src/wrr_scheduler.sv'.
SBY  3:58:22 [formal/arbiter_bmc] Copy '/tmp/sparkahead_formal_BoYARE/src/rtl/resp_demux.sv' to '/tmp/sparkahead_formal_BoYARE/formal/arbiter_bmc/src/resp_demux.sv'.
SBY  3:58:22 [formal/arbiter_bmc] Copy '/tmp/sparkahead_formal_BoYARE/src/rtl/write_arbiter.sv' to '/tmp/sparkahead_formal_BoYARE/formal/arbiter_bmc/src/write_arbiter.sv'.
SBY  3:58:22 [formal/arbiter_bmc] Copy '/tmp/sparkahead_formal_BoYARE/src/rtl/read_arbiter.sv' to '/tmp/sparkahead_formal_BoYARE/formal/arbiter_bmc/src/read_arbiter.sv'.
SBY  3:58:22 [formal/arbiter_bmc] Copy '/tmp/sparkahead_formal_BoYARE/src/rtl/axi4lite_arbiter_top.sv' to '/tmp/sparkahead_formal_BoYARE/formal/arbiter_bmc/src/axi4lite_arbiter_top.sv'.
SBY  3:58:22 [formal/arbiter_bmc] Copy '/tmp/sparkahead_formal_BoYARE/formal/arbiter_formal.sv' to '/tmp/sparkahead_formal_BoYARE/formal/arbiter_bmc/src/arbiter_formal.sv'.
SBY  3:58:22 [formal/arbiter_bmc] engine_0: smtbmc z3
SBY  3:58:22 [formal/arbiter_cover] Removing directory '/tmp/sparkahead_formal_BoYARE/formal/arbiter_cover'.
SBY  3:58:22 [formal/arbiter_cover] Copy '/tmp/sparkahead_formal_BoYARE/src/rtl/axi4lite_pkg.sv' to '/tmp/sparkahead_formal_BoYARE/formal/arbiter_cover/src/axi4lite_pkg.sv'.
SBY  3:58:22 [formal/arbiter_cover] Copy '/tmp/sparkahead_formal_BoYARE/src/rtl/age_counter.sv' to '/tmp/sparkahead_formal_BoYARE/formal/arbiter_cover/src/age_counter.sv'.
SBY  3:58:22 [formal/arbiter_cover] Copy '/tmp/sparkahead_formal_BoYARE/src/rtl/write_mux.sv' to '/tmp/sparkahead_formal_BoYARE/formal/arbiter_cover/src/write_mux.sv'.
SBY  3:58:22 [formal/arbiter_cover] Copy '/tmp/sparkahead_formal_BoYARE/src/rtl/read_mux.sv' to '/tmp/sparkahead_formal_BoYARE/formal/arbiter_cover/src/read_mux.sv'.
SBY  3:58:22 [formal/arbiter_cover] Copy '/tmp/sparkahead_formal_BoYARE/src/rtl/default_slave.sv' to '/tmp/sparkahead_formal_BoYARE/formal/arbiter_cover/src/default_slave.sv'.
SBY  3:58:22 [formal/arbiter_cover] Copy '/tmp/sparkahead_formal_BoYARE/src/rtl/addr_decoder.sv' to '/tmp/sparkahead_formal_BoYARE/formal/arbiter_cover/src/addr_decoder.sv'.
SBY  3:58:22 [formal/arbiter_cover] Copy '/tmp/sparkahead_formal_BoYARE/src/rtl/wrr_scheduler.sv' to '/tmp/sparkahead_formal_BoYARE/formal/arbiter_cover/src/wrr_scheduler.sv'.
SBY  3:58:22 [formal/arbiter_cover] Copy '/tmp/sparkahead_formal_BoYARE/src/rtl/resp_demux.sv' to '/tmp/sparkahead_formal_BoYARE/formal/arbiter_cover/src/resp_demux.sv'.
SBY  3:58:22 [formal/arbiter_cover] Copy '/tmp/sparkahead_formal_BoYARE/src/rtl/write_arbiter.sv' to '/tmp/sparkahead_formal_BoYARE/formal/arbiter_cover/src/write_arbiter.sv'.
SBY  3:58:22 [formal/arbiter_cover] Copy '/tmp/sparkahead_formal_BoYARE/src/rtl/read_arbiter.sv' to '/tmp/sparkahead_formal_BoYARE/formal/arbiter_cover/src/read_arbiter.sv'.
SBY  3:58:22 [formal/arbiter_cover] Copy '/tmp/sparkahead_formal_BoYARE/src/rtl/axi4lite_arbiter_top.sv' to '/tmp/sparkahead_formal_BoYARE/formal/arbiter_cover/src/axi4lite_arbiter_top.sv'.
SBY  3:58:22 [formal/arbiter_cover] Copy '/tmp/sparkahead_formal_BoYARE/formal/arbiter_formal.sv' to '/tmp/sparkahead_formal_BoYARE/formal/arbiter_cover/src/arbiter_formal.sv'.
SBY  3:58:22 [formal/arbiter_cover] engine_0: smtbmc z3
SBY  3:58:22 [formal/arbiter_bmc] base: starting process "cd formal/arbiter_bmc/src; yosys -ql ../model/design.log ../model/design.ys"
SBY  3:58:22 [formal/arbiter_cover] base: starting process "cd formal/arbiter_cover/src; yosys -ql ../model/design.log ../model/design.ys"
SBY  3:58:22 [formal/arbiter_bmc] base: arbiter_formal.sv:293: Warning: Identifier `\dut.w_resp_phase' is implicitly declared.
SBY  3:58:22 [formal/arbiter_bmc] base: arbiter_formal.sv:294: Warning: Identifier `\dut.w_target_invalid' is implicitly declared.
SBY  3:58:22 [formal/arbiter_bmc] base: arbiter_formal.sv:295: Warning: Identifier `\dut.w_owner_id' is implicitly declared.
SBY  3:58:22 [formal/arbiter_bmc] base: arbiter_formal.sv:304: Warning: Identifier `\dut.r_resp_phase' is implicitly declared.
SBY  3:58:22 [formal/arbiter_bmc] base: arbiter_formal.sv:305: Warning: Identifier `\dut.r_target_invalid' is implicitly declared.
SBY  3:58:22 [formal/arbiter_bmc] base: arbiter_formal.sv:306: Warning: Identifier `\dut.r_owner_id' is implicitly declared.
SBY  3:58:22 [formal/arbiter_cover] base: arbiter_formal.sv:293: Warning: Identifier `\dut.w_resp_phase' is implicitly declared.
SBY  3:58:22 [formal/arbiter_cover] base: arbiter_formal.sv:294: Warning: Identifier `\dut.w_target_invalid' is implicitly declared.
SBY  3:58:22 [formal/arbiter_cover] base: arbiter_formal.sv:295: Warning: Identifier `\dut.w_owner_id' is implicitly declared.
SBY  3:58:22 [formal/arbiter_cover] base: arbiter_formal.sv:304: Warning: Identifier `\dut.r_resp_phase' is implicitly declared.
SBY  3:58:22 [formal/arbiter_cover] base: arbiter_formal.sv:305: Warning: Identifier `\dut.r_target_invalid' is implicitly declared.
SBY  3:58:22 [formal/arbiter_cover] base: arbiter_formal.sv:306: Warning: Identifier `\dut.r_owner_id' is implicitly declared.
SBY  3:58:22 [formal/arbiter_cover] base: arbiter_formal.sv:485: Warning: Identifier `\dut.u_write_arbiter.arb_tx_done' is implicitly declared.
SBY  3:58:22 [formal/arbiter_cover] base: arbiter_formal.sv:492: Warning: Identifier `\dut.u_read_arbiter.arb_tx_done' is implicitly declared.
SBY  3:58:22 [formal/arbiter_bmc] base: arbiter_formal.sv:485: Warning: Identifier `\dut.u_write_arbiter.arb_tx_done' is implicitly declared.
SBY  3:58:22 [formal/arbiter_bmc] base: arbiter_formal.sv:492: Warning: Identifier `\dut.u_read_arbiter.arb_tx_done' is implicitly declared.
SBY  3:58:22 [formal/arbiter_cover] base: Warning: Wire arbiter_formal.\dut.r_target_invalid is used but has no driver.
SBY  3:58:22 [formal/arbiter_cover] base: Warning: Wire arbiter_formal.\dut.r_resp_phase is used but has no driver.
SBY  3:58:22 [formal/arbiter_cover] base: Warning: Wire arbiter_formal.\dut.w_target_invalid is used but has no driver.
SBY  3:58:22 [formal/arbiter_cover] base: Warning: Wire arbiter_formal.\dut.w_resp_phase is used but has no driver.
SBY  3:58:22 [formal/arbiter_cover] base: Warning: Wire arbiter_formal.\dut.u_read_arbiter.arb_tx_done is used but has no driver.
SBY  3:58:22 [formal/arbiter_cover] base: Warning: Wire arbiter_formal.\dut.u_write_arbiter.arb_tx_done is used but has no driver.
SBY  3:58:22 [formal/arbiter_cover] base: Warning: Wire arbiter_formal.\dut.r_owner_id is used but has no driver.
SBY  3:58:22 [formal/arbiter_cover] base: Warning: Wire arbiter_formal.\dut.w_owner_id is used but has no driver.
SBY  3:58:22 [formal/arbiter_bmc] base: Warning: Wire arbiter_formal.\dut.r_target_invalid is used but has no driver.
SBY  3:58:22 [formal/arbiter_bmc] base: Warning: Wire arbiter_formal.\dut.r_resp_phase is used but has no driver.
SBY  3:58:22 [formal/arbiter_bmc] base: Warning: Wire arbiter_formal.\dut.w_target_invalid is used but has no driver.
SBY  3:58:22 [formal/arbiter_bmc] base: Warning: Wire arbiter_formal.\dut.w_resp_phase is used but has no driver.
SBY  3:58:22 [formal/arbiter_bmc] base: Warning: Wire arbiter_formal.\dut.u_read_arbiter.arb_tx_done is used but has no driver.
SBY  3:58:22 [formal/arbiter_bmc] base: Warning: Wire arbiter_formal.\dut.u_write_arbiter.arb_tx_done is used but has no driver.
SBY  3:58:22 [formal/arbiter_bmc] base: Warning: Wire arbiter_formal.\dut.r_owner_id is used but has no driver.
SBY  3:58:22 [formal/arbiter_bmc] base: Warning: Wire arbiter_formal.\dut.w_owner_id is used but has no driver.
SBY  3:58:23 [formal/arbiter_bmc] base: finished (returncode=0)
SBY  3:58:23 [formal/arbiter_cover] base: finished (returncode=0)
SBY  3:58:23 [formal/arbiter_bmc] prep: starting process "cd formal/arbiter_bmc/model; yosys -ql design_prep.log design_prep.ys"
SBY  3:58:23 [formal/arbiter_cover] prep: starting process "cd formal/arbiter_cover/model; yosys -ql design_prep.log design_prep.ys"
SBY  3:58:23 [formal/arbiter_cover] prep: Warning: Wire arbiter_formal.\dut.r_owner_id is used but has no driver.
SBY  3:58:23 [formal/arbiter_cover] prep: Warning: Wire arbiter_formal.\dut.w_owner_id is used but has no driver.
SBY  3:58:23 [formal/arbiter_cover] prep: Warning: Wire arbiter_formal.\dut.u_write_arbiter.arb_tx_done is used but has no driver.
SBY  3:58:23 [formal/arbiter_cover] prep: Warning: Wire arbiter_formal.\dut.u_read_arbiter.arb_tx_done is used but has no driver.
SBY  3:58:23 [formal/arbiter_bmc] prep: Warning: Wire arbiter_formal.\dut.r_target_invalid is used but has no driver.
SBY  3:58:23 [formal/arbiter_bmc] prep: Warning: Wire arbiter_formal.\dut.r_resp_phase is used but has no driver.
SBY  3:58:23 [formal/arbiter_bmc] prep: Warning: Wire arbiter_formal.\dut.w_target_invalid is used but has no driver.
SBY  3:58:23 [formal/arbiter_bmc] prep: Warning: Wire arbiter_formal.\dut.w_resp_phase is used but has no driver.
SBY  3:58:23 [formal/arbiter_bmc] prep: Warning: Wire arbiter_formal.\dut.w_owner_id is used but has no driver.
SBY  3:58:23 [formal/arbiter_bmc] prep: Warning: Wire arbiter_formal.\dut.r_owner_id is used but has no driver.
SBY  3:58:23 [formal/arbiter_cover] prep: finished (returncode=0)
SBY  3:58:23 [formal/arbiter_cover] smt2: starting process "cd formal/arbiter_cover/model; yosys -ql design_smt2.log design_smt2.ys"
SBY  3:58:23 [formal/arbiter_bmc] prep: finished (returncode=0)
SBY  3:58:23 [formal/arbiter_bmc] smt2: starting process "cd formal/arbiter_bmc/model; yosys -ql design_smt2.log design_smt2.ys"
SBY  3:58:23 [formal/arbiter_cover] smt2: finished (returncode=0)
SBY  3:58:23 [formal/arbiter_cover] engine_0: starting process "cd formal/arbiter_cover; yosys-smtbmc -s z3 --presat -c --noprogress -t 40  --append 0 --dump-vcd engine_0/trace%.vcd --dump-yw engine_0/trace%.yw --dump-vlogtb engine_0/trace%_tb.v --dump-smtc engine_0/trace%.smtc model/design_smt2.smt2"
SBY  3:58:23 [formal/arbiter_bmc] smt2: finished (returncode=0)
SBY  3:58:23 [formal/arbiter_bmc] engine_0: starting process "cd formal/arbiter_bmc; yosys-smtbmc -s z3 --presat --noprogress -t 40  --append 0 --dump-vcd engine_0/trace.vcd --dump-yw engine_0/trace.yw --dump-vlogtb engine_0/trace_tb.v --dump-smtc engine_0/trace.smtc model/design_smt2.smt2"
SBY  3:58:23 [formal/arbiter_cover] engine_0: ##   0:00:00  Solver: z3
SBY  3:58:23 [formal/arbiter_bmc] engine_0: ##   0:00:00  Solver: z3
SBY  3:58:23 [formal/arbiter_cover] engine_0: ##   0:00:00  Checking cover reachability in step 0..
SBY  3:58:23 [formal/arbiter_bmc] engine_0: ##   0:00:00  Checking assumptions in step 0..
SBY  3:58:23 [formal/arbiter_cover] engine_0: ##   0:00:00  Checking cover reachability in step 1..
SBY  3:58:23 [formal/arbiter_cover] engine_0: ##   0:00:00  Checking cover reachability in step 2..
SBY  3:58:23 [formal/arbiter_cover] engine_0: ##   0:00:00  Checking cover reachability in step 3..
SBY  3:58:23 [formal/arbiter_bmc] engine_0: ##   0:00:00  Checking assertions in step 0..
SBY  3:58:23 [formal/arbiter_bmc] engine_0: ##   0:00:00  Checking assumptions in step 1..
SBY  3:58:23 [formal/arbiter_bmc] engine_0: ##   0:00:00  Checking assertions in step 1..
SBY  3:58:23 [formal/arbiter_bmc] engine_0: ##   0:00:00  Checking assumptions in step 2..
SBY  3:58:23 [formal/arbiter_bmc] engine_0: ##   0:00:00  Checking assertions in step 2..
SBY  3:58:23 [formal/arbiter_bmc] engine_0: ##   0:00:00  Checking assumptions in step 3..
SBY  3:58:23 [formal/arbiter_cover] engine_0: ##   0:00:00  Reached cover statement in step 3 at arbiter_formal: arbiter_formal.sv:492.13-492.51 (_witness_.check_cover_arbiter_formal_sv_492_282)
SBY  3:58:23 [formal/arbiter_cover] engine_0: ##   0:00:00  Reached cover statement in step 3 at arbiter_formal: arbiter_formal.sv:485.13-485.52 (_witness_.check_cover_arbiter_formal_sv_485_279)
SBY  3:58:23 [formal/arbiter_cover] engine_0: ##   0:00:00  Writing trace to VCD file: engine_0/trace0.vcd
SBY  3:58:23 [formal/arbiter_bmc] engine_0: ##   0:00:00  Checking assertions in step 3..
SBY  3:58:23 [formal/arbiter_cover] engine_0: ##   0:00:00  Writing trace to Verilog testbench: engine_0/trace0_tb.v
SBY  3:58:23 [formal/arbiter_cover] engine_0: ##   0:00:00  Writing trace to constraints file: engine_0/trace0.smtc
SBY  3:58:23 [formal/arbiter_cover] engine_0: ##   0:00:00  Writing trace to Yosys witness file: engine_0/trace0.yw
SBY  3:58:23 [formal/arbiter_bmc] engine_0: ##   0:00:00  BMC failed!
SBY  3:58:23 [formal/arbiter_bmc] engine_0: ##   0:00:00  Assert failed in arbiter_formal: arbiter_formal.sv:307.17-307.62 (_witness_.check_assert_arbiter_formal_sv_307_233)
SBY  3:58:23 [formal/arbiter_bmc] engine_0: ##   0:00:00  Assert failed in arbiter_formal: arbiter_formal.sv:306.17-306.54 (_witness_.check_assert_arbiter_formal_sv_306_231)
SBY  3:58:23 [formal/arbiter_bmc] engine_0: ##   0:00:00  Writing trace to VCD file: engine_0/trace.vcd
SBY  3:58:23 [formal/arbiter_cover] engine_0: ##   0:00:00  Checking cover reachability in step 3..
SBY  3:58:23 [formal/arbiter_cover] engine_0: ##   0:00:00  Checking cover reachability in step 4..
SBY  3:58:23 [formal/arbiter_cover] engine_0: ##   0:00:00  Checking cover reachability in step 5..
SBY  3:58:23 [formal/arbiter_bmc] engine_0: ##   0:00:00  Writing trace to Verilog testbench: engine_0/trace_tb.v
SBY  3:58:23 [formal/arbiter_bmc] engine_0: ##   0:00:00  Writing trace to constraints file: engine_0/trace.smtc
SBY  3:58:23 [formal/arbiter_bmc] engine_0: ##   0:00:00  Writing trace to Yosys witness file: engine_0/trace.yw
SBY  3:58:23 [formal/arbiter_bmc] engine_0: ##   0:00:00  Status: failed
SBY  3:58:23 [formal/arbiter_bmc] engine_0: finished (returncode=1)
SBY  3:58:23 [formal/arbiter_bmc] engine_0: Status returned by engine: FAIL
SBY  3:58:23 [formal/arbiter_bmc] summary: Elapsed clock time [H:MM:SS (secs)]: 0:00:00 (0)
SBY  3:58:23 [formal/arbiter_bmc] summary: Elapsed process time [H:MM:SS (secs)]: 0:00:01 (1)
SBY  3:58:23 [formal/arbiter_bmc] summary: engine_0 (smtbmc z3) returned FAIL
SBY  3:58:23 [formal/arbiter_bmc] summary: counterexample trace: formal/arbiter_bmc/engine_0/trace.vcd
SBY  3:58:23 [formal/arbiter_bmc] summary:   failed assertion arbiter_formal._witness_.check_assert_arbiter_formal_sv_306_231 at arbiter_formal.sv:306.17-306.54 step 3
SBY  3:58:23 [formal/arbiter_bmc] summary:   failed assertion arbiter_formal._witness_.check_assert_arbiter_formal_sv_307_233 at arbiter_formal.sv:307.17-307.62 step 3
SBY  3:58:23 [formal/arbiter_bmc] DONE (FAIL, rc=2)
SBY  3:58:23 [formal/arbiter_cover] engine_0: ##   0:00:00  Reached cover statement in step 5 at arbiter_formal: arbiter_formal.sv:473.13-474.37 (_witness_.check_cover_arbiter_formal_sv_473_275)
SBY  3:58:23 [formal/arbiter_cover] engine_0: ##   0:00:00  Writing trace to VCD file: engine_0/trace1.vcd
SBY  3:58:23 [formal/arbiter_cover] engine_0: ##   0:00:00  Writing trace to Verilog testbench: engine_0/trace1_tb.v
SBY  3:58:23 [formal/arbiter_cover] engine_0: ##   0:00:00  Writing trace to constraints file: engine_0/trace1.smtc
SBY  3:58:23 [formal/arbiter_cover] engine_0: ##   0:00:00  Writing trace to Yosys witness file: engine_0/trace1.yw
SBY  3:58:23 [formal/arbiter_cover] engine_0: ##   0:00:00  Checking cover reachability in step 5..
SBY  3:58:23 [formal/arbiter_cover] engine_0: ##   0:00:00  Reached cover statement in step 5 at arbiter_formal: arbiter_formal.sv:500.13-500.74 (_witness_.check_cover_arbiter_formal_sv_500_291)
SBY  3:58:23 [formal/arbiter_cover] engine_0: ##   0:00:00  Reached cover statement in step 5 at arbiter_formal: arbiter_formal.sv:326.13-326.68 (_witness_.check_cover_arbiter_formal_sv_326_250)
SBY  3:58:23 [formal/arbiter_cover] engine_0: ##   0:00:00  Writing trace to VCD file: engine_0/trace2.vcd
SBY  3:58:23 [formal/arbiter_cover] engine_0: ##   0:00:00  Writing trace to Verilog testbench: engine_0/trace2_tb.v
SBY  3:58:23 [formal/arbiter_cover] engine_0: ##   0:00:00  Writing trace to constraints file: engine_0/trace2.smtc
SBY  3:58:23 [formal/arbiter_cover] engine_0: ##   0:00:00  Writing trace to Yosys witness file: engine_0/trace2.yw
SBY  3:58:23 [formal/arbiter_cover] engine_0: ##   0:00:00  Checking cover reachability in step 5..
SBY  3:58:23 [formal/arbiter_cover] engine_0: ##   0:00:00  Checking cover reachability in step 6..
SBY  3:58:23 [formal/arbiter_cover] engine_0: ##   0:00:00  Checking cover reachability in step 7..
SBY  3:58:23 [formal/arbiter_cover] engine_0: ##   0:00:00  Reached cover statement in step 7 at arbiter_formal: arbiter_formal.sv:320.13-320.68 (_witness_.check_cover_arbiter_formal_sv_320_243)
SBY  3:58:23 [formal/arbiter_cover] engine_0: ##   0:00:00  Writing trace to VCD file: engine_0/trace3.vcd
SBY  3:58:23 [formal/arbiter_cover] engine_0: ##   0:00:00  Writing trace to Verilog testbench: engine_0/trace3_tb.v
SBY  3:58:23 [formal/arbiter_cover] engine_0: ##   0:00:00  Writing trace to constraints file: engine_0/trace3.smtc
SBY  3:58:23 [formal/arbiter_cover] engine_0: ##   0:00:00  Writing trace to Yosys witness file: engine_0/trace3.yw
SBY  3:58:23 [formal/arbiter_cover] engine_0: ##   0:00:00  Checking cover reachability in step 7..
SBY  3:58:24 [formal/arbiter_cover] engine_0: ##   0:00:00  Reached cover statement in step 7 at arbiter_formal: arbiter_formal.sv:499.13-499.74 (_witness_.check_cover_arbiter_formal_sv_499_285)
SBY  3:58:24 [formal/arbiter_cover] engine_0: ##   0:00:00  Reached cover statement in step 7 at arbiter_formal: arbiter_formal.sv:332.13-333.90 (_witness_.check_cover_arbiter_formal_sv_332_257)
SBY  3:58:24 [formal/arbiter_cover] engine_0: ##   0:00:00  Writing trace to VCD file: engine_0/trace4.vcd
SBY  3:58:24 [formal/arbiter_cover] engine_0: ##   0:00:00  Writing trace to Verilog testbench: engine_0/trace4_tb.v
SBY  3:58:24 [formal/arbiter_cover] engine_0: ##   0:00:00  Writing trace to constraints file: engine_0/trace4.smtc
SBY  3:58:24 [formal/arbiter_cover] engine_0: ##   0:00:00  Writing trace to Yosys witness file: engine_0/trace4.yw
SBY  3:58:24 [formal/arbiter_cover] engine_0: ##   0:00:00  Checking cover reachability in step 7..
SBY  3:58:24 [formal/arbiter_cover] engine_0: ##   0:00:01  Reached cover statement in step 7 at arbiter_formal: arbiter_formal.sv:339.13-339.51 (_witness_.check_cover_arbiter_formal_sv_339_269)
SBY  3:58:24 [formal/arbiter_cover] engine_0: ##   0:00:01  Writing trace to VCD file: engine_0/trace5.vcd
SBY  3:58:24 [formal/arbiter_cover] engine_0: ##   0:00:01  Writing trace to Verilog testbench: engine_0/trace5_tb.v
SBY  3:58:24 [formal/arbiter_cover] engine_0: ##   0:00:01  Writing trace to constraints file: engine_0/trace5.smtc
SBY  3:58:24 [formal/arbiter_cover] engine_0: ##   0:00:01  Writing trace to Yosys witness file: engine_0/trace5.yw
SBY  3:58:24 [formal/arbiter_cover] engine_0: ##   0:00:01  Status: passed
SBY  3:58:24 [formal/arbiter_cover] engine_0: finished (returncode=0)
SBY  3:58:24 [formal/arbiter_cover] engine_0: Status returned by engine: pass
SBY  3:58:24 [formal/arbiter_cover] summary: Elapsed clock time [H:MM:SS (secs)]: 0:00:01 (1)
SBY  3:58:24 [formal/arbiter_cover] summary: Elapsed process time [H:MM:SS (secs)]: 0:00:02 (2)
SBY  3:58:24 [formal/arbiter_cover] summary: engine_0 (smtbmc z3) returned pass
SBY  3:58:24 [formal/arbiter_cover] summary: cover trace: formal/arbiter_cover/engine_0/trace0.vcd
SBY  3:58:24 [formal/arbiter_cover] summary:   reached cover statement arbiter_formal._witness_.check_cover_arbiter_formal_sv_485_279 at arbiter_formal.sv:485.13-485.52 step 3
SBY  3:58:24 [formal/arbiter_cover] summary:   reached cover statement arbiter_formal._witness_.check_cover_arbiter_formal_sv_492_282 at arbiter_formal.sv:492.13-492.51 step 3
SBY  3:58:24 [formal/arbiter_cover] summary: cover trace: formal/arbiter_cover/engine_0/trace1.vcd
SBY  3:58:24 [formal/arbiter_cover] summary:   reached cover statement arbiter_formal._witness_.check_cover_arbiter_formal_sv_473_275 at arbiter_formal.sv:473.13-474.37 step 5
SBY  3:58:24 [formal/arbiter_cover] summary: cover trace: formal/arbiter_cover/engine_0/trace2.vcd
SBY  3:58:24 [formal/arbiter_cover] summary:   reached cover statement arbiter_formal._witness_.check_cover_arbiter_formal_sv_326_250 at arbiter_formal.sv:326.13-326.68 step 5
SBY  3:58:24 [formal/arbiter_cover] summary:   reached cover statement arbiter_formal._witness_.check_cover_arbiter_formal_sv_500_291 at arbiter_formal.sv:500.13-500.74 step 5
SBY  3:58:24 [formal/arbiter_cover] summary: cover trace: formal/arbiter_cover/engine_0/trace3.vcd
SBY  3:58:24 [formal/arbiter_cover] summary:   reached cover statement arbiter_formal._witness_.check_cover_arbiter_formal_sv_320_243 at arbiter_formal.sv:320.13-320.68 step 7
SBY  3:58:24 [formal/arbiter_cover] summary: cover trace: formal/arbiter_cover/engine_0/trace4.vcd
SBY  3:58:24 [formal/arbiter_cover] summary:   reached cover statement arbiter_formal._witness_.check_cover_arbiter_formal_sv_332_257 at arbiter_formal.sv:332.13-333.90 step 7
SBY  3:58:24 [formal/arbiter_cover] summary:   reached cover statement arbiter_formal._witness_.check_cover_arbiter_formal_sv_499_285 at arbiter_formal.sv:499.13-499.74 step 7
SBY  3:58:24 [formal/arbiter_cover] summary: and 1 further trace
SBY  3:58:24 [formal/arbiter_cover] summary: see formal/arbiter_cover/PASS for a complete summary
SBY  3:58:24 [formal/arbiter_cover] DONE (PASS, rc=0)
SBY  3:58:24 The following tasks failed: ['bmc']
