--- Simulation: sim_top=tb_axi4lite_arbiter (target=axi4lite_arbiter_top), 4 source file(s) ---
  /mnt/c/Users/Chand/Documents/New folder/SparkAhead-/SparkAhead-/src/rtl/addr_decoder.sv
  /mnt/c/Users/Chand/Documents/New folder/SparkAhead-/SparkAhead-/src/rtl/axi4lite_arbiter_top.sv
  /mnt/c/Users/Chand/Documents/New folder/SparkAhead-/SparkAhead-/src/rtl/qos_arbiter.sv
  /mnt/c/Users/Chand/Documents/New folder/SparkAhead-/SparkAhead-/tb/sim/tb_axi4lite_arbiter.sv
[INFO] Using Icarus Verilog for simulation compilation.
/mnt/c/Users/Chand/Documents/New folder/SparkAhead-/SparkAhead-/src/rtl/axi4lite_arbiter_top.sv:244: sorry: constant selects in always_* processes are not currently supported (all bits will be included).
/mnt/c/Users/Chand/Documents/New folder/SparkAhead-/SparkAhead-/src/rtl/axi4lite_arbiter_top.sv:244: sorry: constant selects in always_* processes are not currently supported (all bits will be included).
/mnt/c/Users/Chand/Documents/New folder/SparkAhead-/SparkAhead-/src/rtl/axi4lite_arbiter_top.sv:372: sorry: constant selects in always_* processes are not currently supported (all bits will be included).
/mnt/c/Users/Chand/Documents/New folder/SparkAhead-/SparkAhead-/src/rtl/axi4lite_arbiter_top.sv:372: sorry: constant selects in always_* processes are not currently supported (all bits will be included).
/mnt/c/Users/Chand/Documents/New folder/SparkAhead-/SparkAhead-/src/rtl/axi4lite_arbiter_top.sv:551: sorry: constant selects in always_* processes are not currently supported (all bits will be included).
/mnt/c/Users/Chand/Documents/New folder/SparkAhead-/SparkAhead-/src/rtl/axi4lite_arbiter_top.sv:551: sorry: constant selects in always_* processes are not currently supported (all bits will be included).
/mnt/c/Users/Chand/Documents/New folder/SparkAhead-/SparkAhead-/src/rtl/axi4lite_arbiter_top.sv:637: sorry: constant selects in always_* processes are not currently supported (all bits will be included).
/mnt/c/Users/Chand/Documents/New folder/SparkAhead-/SparkAhead-/src/rtl/axi4lite_arbiter_top.sv:637: sorry: constant selects in always_* processes are not currently supported (all bits will be included).
[INFO] Running simulation with vvp...
=============================================================================
 VELTRAXX'26 PS02 — Comprehensive Multi-Master AXI4-Lite Regression Suite
=============================================================================

--- Test 1: M1 writes to Slave 0 (0x0000_1000) ---
[PASS] Test 1: M1 write to Slave 0 returned OKAY

--- Test 2: M2 reads from Slave 1 (0x0001_4000) ---
[PASS] Test 2: M2 read from Slave 1 returned OKAY and 0xCAFEBABE

--- Test 3: Invalid Write to Unmapped Space (0x0002_0000) ---
[PASS] Test 3: Unmapped write returned DECERR (2'b11)
[PASS] Test 3: Slaves isolated from invalid write

--- Test 4: Invalid Read from Unmapped Space (0x0003_0000) ---
[PASS] Test 4: Unmapped read returned DECERR (2'b11)
[PASS] Test 4: DECERR read returned zero RDATA
[PASS] Test 4: Slaves isolated from invalid read

--- Test 5: Slave AW Backpressure (AWREADY held low 4 cycles) ---
[PASS] Test 5: AW backpressure handled correctly

--- Test 6: Slave W Backpressure (WREADY held low 4 cycles) ---
[PASS] Test 6: W backpressure handled correctly

--- Test 7: Master B Backpressure (BREADY delayed 4 cycles) ---
[PASS] Test 7: B response backpressure completed with OKAY

--- Test 8: Slave AR Backpressure (ARREADY held low 4 cycles) ---
[PASS] Test 8: AR backpressure handled correctly

--- Test 9: Master R Backpressure (RREADY delayed 4 cycles) ---
[PASS] Test 9: R response backpressure completed with OKAY

--- Test 10: Simultaneous M1/M2/M3 WRR Rotation (3:2:1 Quota Sequence) ---
[PASS] Test 10: M1 WRR beat 1/3 served
[PASS] Test 10: M1 WRR beat 2/3 served
[PASS] Test 10: M1 WRR beat 3/3 served
[PASS] Test 10: M2 WRR beat 1/2 served
[PASS] Test 10: M2 WRR beat 2/2 served
[PASS] Test 10: M3 WRR beat 1/1 served

--- Test 11: M0 Continuous Priority & Anti-Starvation Aging ---
[PASS] Test 11: M1 served successfully under anti-starvation policy

--- Test 12: Simultaneous Concurrent Read and Write Progress ---
[PASS] Test 12: Concurrent write finished with OKAY
[PASS] Test 12: Concurrent read finished with OKAY & valid data

--- Test 13: Reset During Idle ---
[PASS] Test 13: s_axi_awready is 0 after reset
[PASS] Test 13: s_axi_wready is 0 after reset
[PASS] Test 13: s_axi_bvalid is 0 after reset
[PASS] Test 13: s_axi_arready is 0 after reset
[PASS] Test 13: s_axi_rvalid is 0 after reset
[PASS] Test 13: m_axi_awvalid is 0 after reset
[PASS] Test 13: m_axi_wvalid is 0 after reset
[PASS] Test 13: m_axi_arvalid is 0 after reset

=============================================================================
 REGRESSION SUMMARY: 29 Passed, 0 Failed
=============================================================================
>> ALL 13 REGRESSION TESTS PASSED SUCCESSFULLY <<
--- Simulation (Icarus/vvp): PASSED ---
