┏━━━━━━━━━━━━━━━━━━━━━━┳━━━━━━━━━━┳━━━━━━━━━━┳━━━━━━━━━━┳━━━━━━━━━━┳━━━━━━━━━━━┳
┃                      ┃ Hold     ┃ Reg to   ┃          ┃          ┃ of which  ┃
┃                      ┃ Worst    ┃ Reg      ┃          ┃ Hold Vio ┃ reg to    ┃
┃ Corner/Group         ┃ Slack    ┃ Paths    ┃ Hold TNS ┃ Count    ┃ reg       ┃
┡━━━━━━━━━━━━━━━━━━━━━━╇━━━━━━━━━━╇━━━━━━━━━━╇━━━━━━━━━━╇━━━━━━━━━━╇━━━━━━━━━━━╇
│ Overall              │ -0.0307  │ 0.1999   │ -0.0465  │ 2        │ 0         │
│ nom_tt_025C_1v80     │ 0.0878   │ 0.4150   │ 0.0000   │ 0        │ 0         │
│ nom_ss_100C_1v60     │ 0.0055   │ 0.9393   │ 0.0000   │ 0        │ 0         │
│ nom_ff_n40C_1v95     │ 0.1304   │ 0.2013   │ 0.0000   │ 0        │ 0         │
│ min_tt_025C_1v80     │ 0.1084   │ 0.4126   │ 0.0000   │ 0        │ 0         │
│ min_ss_100C_1v60     │ 0.0306   │ 0.9331   │ 0.0000   │ 0        │ 0         │
│ min_ff_n40C_1v95     │ 0.1515   │ 0.1999   │ 0.0000   │ 0        │ 0         │
│ max_tt_025C_1v80     │ 0.0589   │ 0.4158   │ 0.0000   │ 0        │ 0         │
│ max_ss_100C_1v60     │ -0.0307  │ 0.9453   │ -0.0465  │ 2        │ 0         │
│ max_ff_n40C_1v95     │ 0.1075   │ 0.2016   │ 0.0000   │ 0        │ 0         │
└──────────────────────┴──────────┴──────────┴──────────┴──────────┴───────────┴
