
===========================================================================
 report_power
============================================================================
======================= nom_tt_025C_1v80 Corner ===================================

Group                    Internal    Switching      Leakage        Total
                            Power        Power        Power        Power (Watts)
------------------------------------------------------------------------
Sequential           2.736784e-03 7.524280e-04 6.223059e-09 3.489219e-03  31.8%
Combinational        2.930051e-03 3.371221e-03 1.431656e-08 6.301287e-03  57.5%
Clock                7.881807e-04 3.824242e-04 2.858965e-09 1.170608e-03  10.7%
Macro                0.000000e+00 0.000000e+00 0.000000e+00 0.000000e+00   0.0%
Pad                  0.000000e+00 0.000000e+00 0.000000e+00 0.000000e+00   0.0%
------------------------------------------------------------------------
Total                6.455029e-03 4.506078e-03 2.339870e-08 1.096113e-02 100.0%
                            58.9%        41.1%         0.0%
Writing metric power__internal__total: 0.006455028895288706
Writing metric power__switching__total: 0.004506077617406845
Writing metric power__leakage__total: 2.339870341927508e-8
Writing metric power__total: 0.010961129330098629

