Reading OpenROAD database at '/work/openlane/runs/RUN_2026-08-28_23-34-40/30-openroad-repairdesignpostgpl/axi4lite_arbiter_top.odb'…
Reading library file at '/.volare/volare/sky130/versions/bdc9412b3e468c102d01b7cf6337be06ec6e9c9a/sky130A/libs.ref/sky130_fd_sc_hd/lib/sky130_fd_sc_hd__tt_025C_1v80.lib'…
Reading design constraints file at '/work/constraints/timing.sdc'…
Placement Analysis
---------------------------------
total displacement          0.0 u
average displacement        0.0 u
max displacement            0.0 u
original HPWL          304559.5 u
legalized HPWL         307307.9 u
delta HPWL                    1 %

[INFO DPL-0020] Mirrored 2040 instances
[INFO DPL-0021] HPWL before          307307.9 u
[INFO DPL-0022] HPWL after           304559.5 u
[INFO DPL-0023] HPWL delta               -0.9 %
Setting global connections for newly added cells…
[INFO] Setting global connections...
Writing OpenROAD database to '/work/openlane/runs/RUN_2026-08-28_23-34-40/31-openroad-detailedplacement/axi4lite_arbiter_top.odb'…
Writing netlist to '/work/openlane/runs/RUN_2026-08-28_23-34-40/31-openroad-detailedplacement/axi4lite_arbiter_top.nl.v'…
Writing powered netlist to '/work/openlane/runs/RUN_2026-08-28_23-34-40/31-openroad-detailedplacement/axi4lite_arbiter_top.pnl.v'…
Writing layout to '/work/openlane/runs/RUN_2026-08-28_23-34-40/31-openroad-detailedplacement/axi4lite_arbiter_top.def'…
Writing timing constraints to '/work/openlane/runs/RUN_2026-08-28_23-34-40/31-openroad-detailedplacement/axi4lite_arbiter_top.sdc'…
