
===========================================================================
 report_power
============================================================================
======================= nom_ff_n40C_1v95 Corner ===================================

Group                    Internal    Switching      Leakage        Total
                            Power        Power        Power        Power (Watts)
------------------------------------------------------------------------
Sequential           3.583807e-03 1.160680e-03 8.907456e-09 4.744496e-03  30.7%
Combinational        3.149409e-03 5.215042e-03 2.890519e-08 8.364480e-03  54.2%
Clock                1.114345e-03 1.211397e-03 5.295162e-08 2.325794e-03  15.1%
Macro                0.000000e+00 0.000000e+00 0.000000e+00 0.000000e+00   0.0%
Pad                  0.000000e+00 0.000000e+00 0.000000e+00 0.000000e+00   0.0%
------------------------------------------------------------------------
Total                7.847567e-03 7.587118e-03 9.076650e-08 1.543478e-02 100.0%
                            50.8%        49.2%         0.0%

