
===========================================================================
 report_power
============================================================================
======================= nom_tt_025C_1v80 Corner ===================================

Group                    Internal    Switching      Leakage        Total
                            Power        Power        Power        Power (Watts)
------------------------------------------------------------------------
Sequential           3.097593e-03 6.898188e-04 6.273851e-09 3.787418e-03  34.2%
Combinational        2.727915e-03 3.140120e-03 1.279357e-08 5.868048e-03  53.0%
Clock                9.621081e-04 4.616067e-04 2.873344e-09 1.423718e-03  12.9%
Macro                0.000000e+00 0.000000e+00 0.000000e+00 0.000000e+00   0.0%
Pad                  0.000000e+00 0.000000e+00 0.000000e+00 0.000000e+00   0.0%
------------------------------------------------------------------------
Total                6.787629e-03 4.291545e-03 2.194094e-08 1.107920e-02 100.0%
                            61.3%        38.7%         0.0%
Writing metric power__internal__total: 0.0067876288667321205
Writing metric power__switching__total: 0.004291544668376446
Writing metric power__leakage__total: 2.1940936179021264e-8
Writing metric power__total: 0.011079195886850357

