
===========================================================================
 report_power
============================================================================
======================= nom_tt_025C_1v80 Corner ===================================

Group                    Internal    Switching      Leakage        Total
                            Power        Power        Power        Power (Watts)
------------------------------------------------------------------------
Sequential           3.208296e-03 4.281857e-04 5.789861e-09 3.636487e-03  42.4%
Combinational        2.991849e-03 1.943597e-03 1.103772e-08 4.935457e-03  57.6%
Clock                0.000000e+00 0.000000e+00 0.000000e+00 0.000000e+00   0.0%
Macro                0.000000e+00 0.000000e+00 0.000000e+00 0.000000e+00   0.0%
Pad                  0.000000e+00 0.000000e+00 0.000000e+00 0.000000e+00   0.0%
------------------------------------------------------------------------
Total                6.200134e-03 2.371772e-03 1.682755e-08 8.571923e-03 100.0%
                            72.3%        27.7%         0.0%

