
===========================================================================
 report_power
============================================================================
======================= min_tt_025C_1v80 Corner ===================================

Group                    Internal    Switching      Leakage        Total
                            Power        Power        Power        Power (Watts)
------------------------------------------------------------------------
Sequential           2.736005e-03 1.023573e-03 6.223059e-09 3.759584e-03  29.4%
Combinational        2.934846e-03 4.477305e-03 1.431656e-08 7.412165e-03  57.9%
Clock                8.009695e-04 8.187989e-04 4.347808e-08 1.619812e-03  12.7%
Macro                0.000000e+00 0.000000e+00 0.000000e+00 0.000000e+00   0.0%
Pad                  0.000000e+00 0.000000e+00 0.000000e+00 0.000000e+00   0.0%
------------------------------------------------------------------------
Total                6.471826e-03 6.319675e-03 6.401595e-08 1.279157e-02 100.0%
                            50.6%        49.4%         0.0%

