Reading OpenROAD database at '/work/openlane/runs/RUN_2026-08-29_00-36-26/36-openroad-globalrouting/axi4lite_arbiter_top.odb'…
Reading library file at '/.volare/volare/sky130/versions/bdc9412b3e468c102d01b7cf6337be06ec6e9c9a/sky130A/libs.ref/sky130_fd_sc_hd/lib/sky130_fd_sc_hd__tt_025C_1v80.lib'…
Reading design constraints file at '/work/constraints/timing.sdc'…
[INFO] Setting signal min routing layer to: met1 and clock min routing layer to met1. 
[INFO] Setting signal max routing layer to: met4 and clock max routing layer to met4. 
-congestion_iterations 50 -verbose
[INFO GRT-0020] Min routing layer: met1
[INFO GRT-0021] Max routing layer: met4
[INFO GRT-0022] Global adjustment: 30%
[INFO GRT-0023] Grid origin: (0, 0)
[INFO GRT-0043] No OR_DEFAULT vias defined.
[INFO GRT-0088] Layer li1     Track-Pitch = 0.4600  line-2-Via Pitch: 0.3400
[INFO GRT-0088] Layer met1    Track-Pitch = 0.3400  line-2-Via Pitch: 0.3400
[INFO GRT-0088] Layer met2    Track-Pitch = 0.4600  line-2-Via Pitch: 0.3500
[INFO GRT-0088] Layer met3    Track-Pitch = 0.6800  line-2-Via Pitch: 0.6150
[INFO GRT-0088] Layer met4    Track-Pitch = 0.9200  line-2-Via Pitch: 0.6150
[INFO GRT-0019] Found 102 clock nets.
[INFO GRT-0001] Minimum degree: 2
[INFO GRT-0002] Maximum degree: 122
[INFO GRT-0003] Macros: 0
[INFO GRT-0043] No OR_DEFAULT vias defined.
[INFO GRT-0004] Blockages: 7313

[INFO GRT-0053] Routing resources analysis:
          Routing      Original      Derated      Resource
Layer     Direction    Resources     Resources    Reduction (%)
---------------------------------------------------------------
li1        Vertical            0             0          0.00%
met1       Horizontal     339170        166595          50.88%
met2       Vertical       254280        167593          34.09%
met3       Horizontal     169520        116933          31.02%
met4       Vertical       118690         65816          44.55%
---------------------------------------------------------------

[INFO GRT-0101] Running extra iterations to remove overflow.
[INFO GRT-0197] Via related to pin nodes: 26158
[INFO GRT-0198] Via related Steiner nodes: 551
[INFO GRT-0199] Via filling finished.
[INFO GRT-0111] Final number of vias: 33786
[INFO GRT-0112] Final usage 3D: 155765

[INFO GRT-0096] Final congestion report:
Layer         Resource        Demand        Usage (%)    Max H / Max V / Total Overflow
---------------------------------------------------------------------------------------
li1                  0             0            0.00%             0 /  0 /  0
met1            166595         25704           15.43%             0 /  0 /  0
met2            167593         25145           15.00%             0 /  0 /  0
met3            116933          2124            1.82%             0 /  0 /  0
met4             65816          1434            2.18%             0 /  0 /  0
---------------------------------------------------------------------------------------
Total           516937         54407           10.52%             0 /  0 /  0

[INFO GRT-0018] Total wirelength: 464418 um
[INFO GRT-0014] Routed nets: 5934
[INFO GRT-0006] Repairing antennas, iteration 1.
[INFO GRT-0043] No OR_DEFAULT vias defined.
[WARNING ANT-0009] Net net190 requires more than 10 diodes per gate to repair violations.
[WARNING ANT-0009] Net net511 requires more than 10 diodes per gate to repair violations.
[INFO GRT-0012] Found 147 antenna violations.
[INFO GRT-0015] Inserted 463 diodes.
[INFO GRT-0009] rerouting 4205 nets.
[INFO GRT-0001] Minimum degree: 2
[INFO GRT-0002] Maximum degree: 122
[INFO GRT-0006] Repairing antennas, iteration 2.
[INFO GRT-0043] No OR_DEFAULT vias defined.
[INFO GRT-0012] Found 47 antenna violations.
[INFO GRT-0015] Inserted 184 diodes.
[INFO GRT-0054] Using detailed placer to place 4 diodes.
[INFO GRT-0009] rerouting 372 nets.
[INFO GRT-0001] Minimum degree: 2
[INFO GRT-0002] Maximum degree: 46
[INFO GRT-0006] Repairing antennas, iteration 3.
[INFO GRT-0043] No OR_DEFAULT vias defined.
[INFO GRT-0012] Found 8 antenna violations.
[INFO GRT-0015] Inserted 66 diodes.
[INFO GRT-0054] Using detailed placer to place 9 diodes.
[INFO GRT-0009] rerouting 54 nets.
[INFO GRT-0001] Minimum degree: 2
[INFO GRT-0002] Maximum degree: 72
Placement Analysis
---------------------------------
total displacement          0.0 u
average displacement        0.0 u
max displacement            0.0 u
original HPWL          357645.5 u
legalized HPWL         357647.2 u
delta HPWL                    0 %

[INFO DPL-0020] Mirrored 2685 instances
[INFO DPL-0021] HPWL before          357647.2 u
[INFO DPL-0022] HPWL after           354124.4 u
[INFO DPL-0023] HPWL delta               -1.0 %
-congestion_iterations 50 -verbose
[INFO GRT-0020] Min routing layer: met1
[INFO GRT-0021] Max routing layer: met4
[INFO GRT-0022] Global adjustment: 30%
[INFO GRT-0023] Grid origin: (0, 0)
[INFO GRT-0043] No OR_DEFAULT vias defined.
[INFO GRT-0088] Layer li1     Track-Pitch = 0.4600  line-2-Via Pitch: 0.3400
[INFO GRT-0088] Layer met1    Track-Pitch = 0.3400  line-2-Via Pitch: 0.3400
[INFO GRT-0088] Layer met2    Track-Pitch = 0.4600  line-2-Via Pitch: 0.3500
[INFO GRT-0088] Layer met3    Track-Pitch = 0.6800  line-2-Via Pitch: 0.6150
[INFO GRT-0088] Layer met4    Track-Pitch = 0.9200  line-2-Via Pitch: 0.6150
[INFO GRT-0019] Found 102 clock nets.
[INFO GRT-0001] Minimum degree: 2
[INFO GRT-0002] Maximum degree: 122
[INFO GRT-0003] Macros: 0
[INFO GRT-0043] No OR_DEFAULT vias defined.
[INFO GRT-0004] Blockages: 7313

[INFO GRT-0053] Routing resources analysis:
          Routing      Original      Derated      Resource
Layer     Direction    Resources     Resources    Reduction (%)
---------------------------------------------------------------
li1        Vertical            0             0          0.00%
met1       Horizontal     339170        166601          50.88%
met2       Vertical       254280        167567          34.10%
met3       Horizontal     169520        116919          31.03%
met4       Vertical       118690         65816          44.55%
---------------------------------------------------------------

[INFO GRT-0101] Running extra iterations to remove overflow.
[INFO GRT-0197] Via related to pin nodes: 26888
[INFO GRT-0198] Via related Steiner nodes: 564
[INFO GRT-0199] Via filling finished.
[INFO GRT-0111] Final number of vias: 34727
[INFO GRT-0112] Final usage 3D: 158839

[INFO GRT-0096] Final congestion report:
Layer         Resource        Demand        Usage (%)    Max H / Max V / Total Overflow
---------------------------------------------------------------------------------------
li1                  0             0            0.00%             0 /  0 /  0
met1            166601         25854           15.52%             0 /  0 /  0
met2            167567         25417           15.17%             0 /  0 /  0
met3            116919          2061            1.76%             0 /  0 /  0
met4             65816          1326            2.01%             0 /  0 /  0
---------------------------------------------------------------------------------------
Total           516903         54658           10.57%             0 /  0 /  0

[INFO GRT-0018] Total wirelength: 469068 um
[INFO GRT-0014] Routed nets: 5934
[INFO] Setting RC values…
Setting global connections for newly added cells…
[INFO] Setting global connections...
Writing OpenROAD database to '/work/openlane/runs/RUN_2026-08-29_00-36-26/39-openroad-repairantennas/1-diodeinsertion/axi4lite_arbiter_top.odb'…
Writing layout to '/work/openlane/runs/RUN_2026-08-29_00-36-26/39-openroad-repairantennas/1-diodeinsertion/axi4lite_arbiter_top.def'…
