┏━━━━━━━┳━━━━━━━━━┳━━━━━━━━━━┳━━━━━━━━━━━━━━━━━━━━━━━━┳━━━━━━━━━━━━━━━━┳━━━━━━━┓
┃ P / R ┃ Partial ┃ Required ┃ Net                    ┃ Pin            ┃ Layer ┃
┡━━━━━━━╇━━━━━━━━━╇━━━━━━━━━━╇━━━━━━━━━━━━━━━━━━━━━━━━╇━━━━━━━━━━━━━━━━╇━━━━━━━┩
│ 10.35 │ 4141.56 │ 400.00   │ net511                 │ _5740_/A0      │ met1  │
│ 8.82  │ 3528.22 │ 400.00   │ net529                 │ _5773_/A0      │ met1  │
│ 8.63  │ 3451.56 │ 400.00   │ net489                 │ _5831_/A0      │ met1  │
│ 7.29  │ 2914.89 │ 400.00   │ net544                 │ _5707_/A0      │ met1  │
│ 6.47  │ 2588.57 │ 400.00   │ _1581_                 │ _4548_/B       │ met3  │
│ 6.47  │ 2588.57 │ 400.00   │ _1581_                 │ _4540_/B       │ met3  │
│ 6.14  │ 2454.89 │ 400.00   │ _1825_                 │ _5061_/B       │ met1  │
│ 5.71  │ 2284.86 │ 400.00   │ _1520_                 │ _4445_/A       │ met1  │
│ 5.52  │ 2207.59 │ 400.00   │ _1482_                 │ _4462_/A       │ met1  │
│ 4.36  │ 1745.72 │ 400.00   │ _1304_                 │ _5907_/S       │ met1  │
│ 4.05  │ 1621.34 │ 400.00   │ _1480_                 │ _4305_/A       │ met1  │
│ 4.00  │ 1601.03 │ 400.00   │ _1472_                 │ _4421_/A       │ met1  │
│ 3.90  │ 1562.00 │ 400.00   │ _1466_                 │ _4454_/A       │ met1  │
│ 3.81  │ 1524.97 │ 400.00   │ net900                 │ output900/A    │ met1  │
│ 3.81  │ 1524.97 │ 400.00   │ net902                 │ output902/A    │ met1  │
│ 3.81  │ 1524.97 │ 400.00   │ net905                 │ output905/A    │ met1  │
│ 3.81  │ 1524.97 │ 400.00   │ net906                 │ output906/A    │ met1  │
│ 3.81  │ 1524.97 │ 400.00   │ net908                 │ output908/A    │ met1  │
│ 3.81  │ 1522.97 │ 400.00   │ _1468_                 │ _4455_/A       │ met1  │
│ 3.81  │ 1522.97 │ 400.00   │ _1516_                 │ _4443_/A       │ met1  │
│ 3.71  │ 1483.94 │ 400.00   │ _1507_                 │ _4439_/A       │ met1  │
│ 3.66  │ 1464.43 │ 400.00   │ _1526_                 │ _4448_/A       │ met1  │
│ 3.66  │ 1464.43 │ 400.00   │ net107                 │ _4487_/A2      │ met1  │
│ 3.56  │ 1425.40 │ 400.00   │ _1462_                 │ _4417_/A       │ met1  │
│ 3.56  │ 1425.40 │ 400.00   │ _1518_                 │ _4408_/A       │ met1  │
│ 3.52  │ 1406.84 │ 400.00   │ _1584_                 │ _4543_/A       │ met1  │
│ 3.47  │ 1386.37 │ 400.00   │ _1464_                 │ _4299_/B       │ met1  │
│ 3.37  │ 1347.34 │ 400.00   │ _1524_                 │ _4447_/A       │ met1  │
│ 3.32  │ 1327.82 │ 400.00   │ _1514_                 │ _4442_/A       │ met1  │
│ 3.26  │ 1304.89 │ 400.00   │ net437                 │ _5552_/A0      │ met1  │
│ 3.10  │ 1240.40 │ 400.00   │ _1512_                 │ _4405_/A       │ met1  │
│ 3.10  │ 1240.40 │ 400.00   │ _1512_                 │ _4441_/A       │ met1  │
│ 3.08  │ 1230.25 │ 400.00   │ _1474_                 │ _4422_/A       │ met1  │
│ 3.07  │ 1229.78 │ 400.00   │ _1994_                 │ _5029_/B       │ met1  │
│ 2.83  │ 1132.67 │ 400.00   │ _1514_                 │ _4478_/A       │ met1  │
│ 2.78  │ 1113.95 │ 400.00   │ _1623_                 │ _4860_/A2      │ met1  │
│ 2.74  │ 1094.43 │ 400.00   │ _1485_                 │ _4313_/A       │ met1  │
│ 2.73  │ 1093.64 │ 400.00   │ _1492_                 │ _4467_/A       │ met1  │
│ 2.64  │ 1055.40 │ 400.00   │ _1498_                 │ _4398_/A       │ met1  │
│ 2.64  │ 1055.40 │ 400.00   │ _1500_                 │ _4334_/A       │ met1  │
│ 2.64  │ 1055.40 │ 400.00   │ _1502_                 │ _4472_/A       │ met1  │
│ 2.64  │ 1054.61 │ 400.00   │ _1518_                 │ _4360_/A       │ met1  │
│ 2.64  │ 1054.61 │ 400.00   │ net943                 │ _4394_/A       │ met1  │
│ 2.59  │ 1036.56 │ 400.00   │ _2013_                 │ _5037_/B       │ met1  │
│ 2.59  │ 1036.56 │ 400.00   │ net134                 │ _6371_/A_N     │ met1  │
│ 2.56  │ 1023.26 │ 400.00   │ _1544_                 │ _4489_/B       │ met1  │
│ 2.56  │ 1023.26 │ 400.00   │ _1544_                 │ _4512_/B       │ met1  │
│ 2.56  │ 1023.26 │ 400.00   │ _1544_                 │ _4505_/B       │ met1  │
│ 2.54  │ 1016.37 │ 400.00   │ _1462_                 │ _4381_/A       │ met1  │
│ 2.49  │ 996.86  │ 400.00   │ _1510_                 │ _4476_/A       │ met1  │
│ 2.49  │ 996.06  │ 400.00   │ _1507_                 │ _4403_/A       │ met1  │
│ 2.49  │ 996.06  │ 400.00   │ _1522_                 │ _4482_/A       │ met1  │
│ 2.49  │ 996.06  │ 400.00   │ _2054_                 │ _5064_/B2      │ met1  │
│ 2.40  │ 959.89  │ 400.00   │ _1859_                 │ _4865_/B       │ met1  │
│ 2.39  │ 957.83  │ 400.00   │ _1468_                 │ _4383_/A       │ met1  │
│ 2.39  │ 957.03  │ 400.00   │ _1516_                 │ _4407_/A       │ met1  │
│ 2.34  │ 937.52  │ 400.00   │ net108                 │ _4493_/A2      │ met1  │
│ 2.30  │ 921.56  │ 400.00   │ net380                 │ _5564_/A0      │ met1  │
│ 2.29  │ 918.00  │ 400.00   │ _2044_                 │ _5052_/B2      │ met1  │
│ 2.25  │ 898.49  │ 400.00   │ _1496_                 │ _4469_/A       │ met1  │
│ 2.15  │ 859.46  │ 400.00   │ _1466_                 │ _4284_/A       │ met1  │
│ 2.07  │ 6053.33 │ 2918.08  │ net190                 │ _6330_/A_N     │ met4  │
│ 2.05  │ 820.43  │ 400.00   │ net110                 │ _4519_/A2      │ met1  │
│ 2.00  │ 800.91  │ 400.00   │ _1616_                 │ _6186_/A1      │ met1  │
│ 2.00  │ 800.91  │ 400.00   │ net163                 │ _6436_/B       │ met1  │
│ 1.95  │ 5702.86 │ 2918.08  │ net189                 │ _6318_/A_N     │ met4  │
│ 1.93  │ 771.24  │ 400.00   │ _1530_                 │ _4414_/A       │ met1  │
│ 1.93  │ 771.24  │ 400.00   │ _1530_                 │ _4450_/A       │ met1  │
│ 1.89  │ 5527.62 │ 2918.08  │ net184                 │ _6365_/A_N     │ met4  │
│ 1.82  │ 729.89  │ 400.00   │ _1847_                 │ _4854_/B       │ met1  │
│ 1.82  │ 729.89  │ 400.00   │ _1847_                 │ _4842_/B       │ met1  │
│ 1.82  │ 729.89  │ 400.00   │ net128                 │ _6360_/A_N     │ met1  │
│ 1.82  │ 729.89  │ 400.00   │ net133                 │ _6325_/A_N     │ met1  │
│ 1.82  │ 729.89  │ 400.00   │ net497                 │ _5713_/A0      │ met1  │
│ 1.81  │ 722.85  │ 400.00   │ net115                 │ _6461_/B       │ met1  │
│ 1.80  │ 5264.76 │ 2918.08  │ net379                 │ _5993_/A0      │ met3  │
│ 1.78  │ 713.82  │ 400.00   │ net563                 │ output563/A    │ met1  │
│ 1.76  │ 703.34  │ 400.00   │ net116                 │ _6468_/B       │ met1  │
│ 1.73  │ 691.56  │ 400.00   │ net130                 │ _6288_/A_N     │ met1  │
│ 1.73  │ 691.56  │ 400.00   │ net372                 │ _5981_/A0      │ met1  │
│ 1.71  │ 683.82  │ 400.00   │ net114                 │ _6454_/B       │ met1  │
│ 1.66  │ 665.10  │ 400.00   │ _1053_                 │ _5361_/C       │ met1  │
│ 1.63  │ 653.22  │ 400.00   │ net292                 │ _6095_/A0      │ met1  │
│ 1.60  │ 640.08  │ 400.00   │ net630                 │ output630/A    │ met1  │
│ 1.60  │ 638.55  │ 400.00   │ net948                 │ _6675_/RESET_B │ met1  │
│ 1.54  │ 614.89  │ 400.00   │ net283                 │ _5620_/A0      │ met1  │
│ 1.54  │ 614.89  │ 400.00   │ net345                 │ _5929_/A0      │ met1  │
│ 1.51  │ 603.15  │ 400.00   │ _1535_                 │ _4427_/A       │ met3  │
│ 1.48  │ 591.92  │ 400.00   │ net583                 │ _7148_/A       │ met1  │
│ 1.48  │ 590.92  │ 400.00   │ net599                 │ _7163_/A       │ met1  │
│ 1.47  │ 586.25  │ 400.00   │ u_read_arbiter.r_targ… │ _4519_/A1      │ met1  │
│ 1.45  │ 4038.10 │ 2778.20  │ net533                 │ _5494_/A0      │ met4  │
│ 1.44  │ 4213.33 │ 2918.08  │ net192                 │ _6352_/A_N     │ met4  │
│ 1.44  │ 576.56  │ 400.00   │ _1825_                 │ _5094_/B       │ met1  │
│ 1.44  │ 576.56  │ 400.00   │ net391                 │ _5919_/A0      │ met1  │
│ 1.42  │ 566.73  │ 400.00   │ _2073_                 │ _5091_/B1      │ met1  │
│ 1.42  │ 566.34  │ 400.00   │ net601                 │ output601/A    │ met1  │
│ 1.42  │ 566.34  │ 400.00   │ net654                 │ output654/A    │ met1  │
│ 1.41  │ 565.77  │ 400.00   │ net948                 │ _6881_/RESET_B │ met1  │
│ 1.39  │ 3862.86 │ 2778.20  │ net534                 │ _5496_/A0      │ met4  │
│ 1.38  │ 550.35  │ 400.00   │ _1307_                 │ _4078_/A       │ met1  │
│ 1.37  │ 547.22  │ 400.00   │ _2055_                 │ _5079_/A2      │ met1  │
│ 1.37  │ 547.22  │ 400.00   │ net671                 │ _5210_/A1      │ met1  │
│ 1.36  │ 4026.56 │ 2956.40  │ net517                 │ _5751_/A0      │ met1  │
│ 1.35  │ 541.76  │ 400.00   │ net754                 │ output754/A    │ met1  │
│ 1.35  │ 538.22  │ 400.00   │ net271                 │ _5598_/A0      │ met1  │
│ 1.32  │ 3911.56 │ 2956.40  │ net526                 │ _5767_/A0      │ met1  │
│ 1.32  │ 528.49  │ 400.00   │ _2091_                 │ _5462_/A       │ met1  │
│ 1.30  │ 3840.00 │ 2956.40  │ net183                 │ _6536_/A1      │ met4  │
│ 1.30  │ 3840.00 │ 2956.40  │ net219                 │ _6538_/A1      │ met4  │
│ 1.28  │ 3796.56 │ 2956.40  │ net536                 │ _5864_/A0      │ met2  │
│ 1.28  │ 3512.38 │ 2753.36  │ net301                 │ _6111_/A0      │ met3  │
│ 1.27  │ 507.79  │ 400.00   │ _1526_                 │ _4484_/A       │ met1  │
│ 1.27  │ 507.79  │ 400.00   │ _1526_                 │ _4372_/A       │ met1  │
│ 1.25  │ 499.89  │ 400.00   │ _3057_                 │ _6602_/A1      │ met2  │
│ 1.25  │ 3681.56 │ 2956.40  │ net506                 │ _5730_/A0      │ met2  │
│ 1.25  │ 3681.56 │ 2956.40  │ net525                 │ _5862_/A0      │ met2  │
│ 1.23  │ 492.60  │ 400.00   │ net701                 │ output701/A    │ met1  │
│ 1.21  │ 3566.56 │ 2956.40  │ net524                 │ _5765_/A0      │ met1  │
│ 1.18  │ 3491.44 │ 2956.40  │ net508                 │ _5734_/A0      │ met2  │
│ 1.16  │ 3834.89 │ 3312.80  │ net520                 │ _5757_/A0      │ met2  │
│ 1.15  │ 461.56  │ 400.00   │ _1858_                 │ _5081_/B       │ met1  │
│ 1.15  │ 461.56  │ 400.00   │ net341                 │ _6053_/A0      │ met1  │
│ 1.15  │ 460.78  │ 400.00   │ _1581_                 │ _4548_/B       │ met2  │
│ 1.15  │ 460.78  │ 400.00   │ _1581_                 │ _4540_/B       │ met2  │
│ 1.15  │ 3161.90 │ 2753.36  │ net305                 │ _6119_/A0      │ met3  │
│ 1.15  │ 3161.90 │ 2753.36  │ net535                 │ _5498_/A0      │ met4  │
│ 1.12  │ 449.64  │ 400.00   │ _2021_                 │ _5031_/B1      │ met2  │
│ 1.12  │ 449.64  │ 400.00   │ _2021_                 │ _5025_/B1      │ met2  │
│ 1.09  │ 3223.11 │ 2956.40  │ net510                 │ _5738_/A0      │ met2  │
│ 1.09  │ 3606.44 │ 3312.80  │ net521                 │ _5759_/A0      │ met2  │
│ 1.09  │ 3988.22 │ 3669.20  │ net514                 │ _5860_/A0      │ met2  │
│ 1.08  │ 430.92  │ 400.00   │ _1858_                 │ _5206_/A1      │ met1  │
│ 1.08  │ 3184.78 │ 2956.40  │ net507                 │ _5732_/A0      │ met2  │
│ 1.08  │ 3183.22 │ 2956.40  │ net439                 │ _5556_/A0      │ met2  │
│ 1.08  │ 430.13  │ 400.00   │ _1899_                 │ _5209_/B       │ met1  │
│ 1.06  │ 3146.44 │ 2956.40  │ net509                 │ _5736_/A0      │ met2  │
│ 1.05  │ 3068.22 │ 2918.08  │ net435                 │ _5548_/A0      │ met2  │
│ 1.05  │ 418.86  │ 400.00   │ net751                 │ _7236_/A       │ met1  │
│ 1.03  │ 3304.73 │ 3193.60  │ _1510_                 │ _4476_/A       │ met3  │
│ 1.03  │ 3304.73 │ 3193.60  │ _1510_                 │ _4476_/A       │ met3  │
│ 1.03  │ 2992.48 │ 2918.08  │ net241                 │ _6191_/A       │ met4  │
│ 1.02  │ 3376.44 │ 3312.80  │ net522                 │ _5761_/A0      │ met2  │
│ 1.02  │ 3374.89 │ 3312.80  │ net523                 │ _5763_/A0      │ met2  │
│ 1.00  │ 400.85  │ 400.00   │ _2191_                 │ _5226_/B       │ met2  │
│ 1.00  │ 400.85  │ 400.00   │ _2191_                 │ _6143_/C       │ met2  │
└───────┴─────────┴──────────┴────────────────────────┴────────────────┴───────┘
