
===========================================================================
 report_power
============================================================================
======================= nom_ss_100C_1v60 Corner ===================================

Group                    Internal    Switching      Leakage        Total
                            Power        Power        Power        Power (Watts)
------------------------------------------------------------------------
Sequential           2.545635e-03 3.343140e-04 1.006994e-05 2.890019e-03  42.1%
Combinational        2.451734e-03 1.513534e-03 1.593312e-05 3.981201e-03  57.9%
Clock                0.000000e+00 0.000000e+00 0.000000e+00 0.000000e+00   0.0%
Macro                0.000000e+00 0.000000e+00 0.000000e+00 0.000000e+00   0.0%
Pad                  0.000000e+00 0.000000e+00 0.000000e+00 0.000000e+00   0.0%
------------------------------------------------------------------------
Total                4.997379e-03 1.847850e-03 2.600305e-05 6.871232e-03 100.0%
                            72.7%        26.9%         0.4%

