=============================================================================
 VELTRAXX'26 PS02 — Comprehensive Multi-Master AXI4-Lite Regression Suite
=============================================================================

--- Test 1: M1 writes to Slave 0 (0x0000_1000) ---
[PASS] Test 1: M1 write to Slave 0 returned OKAY

--- Test 2: M2 reads from Slave 1 (0x0001_4000) ---
[PASS] Test 2: M2 read from Slave 1 returned OKAY and 0xCAFEBABE

--- Test 3: Invalid Write to Unmapped Space (0x0002_0000) ---
[PASS] Test 3: Unmapped write returned DECERR (2'b11)
[PASS] Test 3: Slaves isolated from invalid write

--- Test 4: Invalid Read from Unmapped Space (0x0003_0000) ---
[PASS] Test 4: Unmapped read returned DECERR (2'b11)
[PASS] Test 4: DECERR read returned zero RDATA
[PASS] Test 4: Slaves isolated from invalid read

--- Test 5: Slave AW Backpressure (AWREADY held low 4 cycles) ---
[PASS] Test 5: AW backpressure handled correctly

--- Test 6: Slave W Backpressure (WREADY held low 4 cycles) ---
[PASS] Test 6: W backpressure handled correctly

--- Test 7: Master B Backpressure (BREADY delayed 4 cycles) ---
[PASS] Test 7: B response backpressure completed with OKAY

--- Test 8: Slave AR Backpressure (ARREADY held low 4 cycles) ---
[PASS] Test 8: AR backpressure handled correctly

--- Test 9: Master R Backpressure (RREADY delayed 4 cycles) ---
[PASS] Test 9: R response backpressure completed with OKAY

--- Test 10: Simultaneous M1/M2/M3 WRR Rotation (3:2:1 Quota Sequence) ---
[PASS] Test 10: M1 WRR beat 1/3 served
[PASS] Test 10: M1 WRR beat 2/3 served
[PASS] Test 10: M1 WRR beat 3/3 served
[PASS] Test 10: M2 WRR beat 1/2 served
[PASS] Test 10: M2 WRR beat 2/2 served
[PASS] Test 10: M3 WRR beat 1/1 served

--- Test 11: M0 Continuous Priority & Anti-Starvation Aging ---
[PASS] Test 11: M1 served successfully under anti-starvation policy

--- Test 12: Simultaneous Concurrent Read and Write Progress ---
[PASS] Test 12: Concurrent write finished with OKAY
[PASS] Test 12: Concurrent read finished with OKAY & valid data

--- Test 13: Reset During Idle ---
[PASS] Test 13: s_axi_awready is 0 after reset
[PASS] Test 13: s_axi_wready is 0 after reset
[PASS] Test 13: s_axi_bvalid is 0 after reset
[PASS] Test 13: s_axi_arready is 0 after reset
[PASS] Test 13: s_axi_rvalid is 0 after reset
[PASS] Test 13: m_axi_awvalid is 0 after reset
[PASS] Test 13: m_axi_wvalid is 0 after reset
[PASS] Test 13: m_axi_arvalid is 0 after reset

--- Test 14: Split AW/W — Ownership locked after AWVALID deasserts ---
[PASS] Test 14: Split AW/W completed with OKAY — ownership held

--- Test 15: VALID stability under 5-cycle AW backpressure ---
[PASS] Test 15: AWVALID stable during backpressure
[PASS] Test 15: AWADDR stable during backpressure
[PASS] Test 15: AWVALID stable during backpressure
[PASS] Test 15: AWADDR stable during backpressure
[PASS] Test 15: AWVALID stable during backpressure
[PASS] Test 15: AWADDR stable during backpressure
[PASS] Test 15: AWVALID stable during backpressure
[PASS] Test 15: AWADDR stable during backpressure
[PASS] Test 15: Write completed after backpressure with OKAY

--- Test 16: Reset during active write transaction ---
[PASS] Test 16: AWREADY cleared after mid-txn reset
[PASS] Test 16: WREADY cleared after mid-txn reset
[PASS] Test 16: BVALID cleared after mid-txn reset
[PASS] Test 16: slave AWVALID cleared after mid-txn reset
[PASS] Test 16: slave WVALID cleared after mid-txn reset
[PASS] Test 16: Write succeeds after reset recovery

--- Test 17: All 4 masters contend simultaneously ---
[PASS] Test 17: M0 wins first contention by priority
[PASS] Test 17: M1 served after M0 by WRR

=============================================================================
 REGRESSION SUMMARY: 47 Passed, 0 Failed
=============================================================================
>> ALL 17 REGRESSION TESTS PASSED SUCCESSFULLY <<
