
14. Executing PROC_DLATCH pass (convert process syncs to latches).
No latch inferred for signal `$paramod$70e768f93198a4a8c4f7d958f2c0abe528626c73\axi4lite_write_arbiter.\m_axi_wdata' from process `$paramod$70e768f93198a4a8c4f7d958f2c0abe528626c73\axi4lite_write_arbiter.$proc$/work/openlane/axi4lite_arbiter_top_sv2v.v:824$1034'.
No latch inferred for signal `$paramod$70e768f93198a4a8c4f7d958f2c0abe528626c73\axi4lite_write_arbiter.\m_axi_wstrb' from process `$paramod$70e768f93198a4a8c4f7d958f2c0abe528626c73\axi4lite_write_arbiter.$proc$/work/openlane/axi4lite_arbiter_top_sv2v.v:824$1034'.
No latch inferred for signal `$paramod$70e768f93198a4a8c4f7d958f2c0abe528626c73\axi4lite_write_arbiter.\m_axi_wvalid' from process `$paramod$70e768f93198a4a8c4f7d958f2c0abe528626c73\axi4lite_write_arbiter.$proc$/work/openlane/axi4lite_arbiter_top_sv2v.v:824$1034'.
No latch inferred for signal `$paramod$70e768f93198a4a8c4f7d958f2c0abe528626c73\axi4lite_write_arbiter.\sv2v_autoblock_8.s' from process `$paramod$70e768f93198a4a8c4f7d958f2c0abe528626c73\axi4lite_write_arbiter.$proc$/work/openlane/axi4lite_arbiter_top_sv2v.v:824$1034'.
No latch inferred for signal `$paramod$70e768f93198a4a8c4f7d958f2c0abe528626c73\axi4lite_write_arbiter.\m_axi_awaddr' from process `$paramod$70e768f93198a4a8c4f7d958f2c0abe528626c73\axi4lite_write_arbiter.$proc$/work/openlane/axi4lite_arbiter_top_sv2v.v:807$1030'.
No latch inferred for signal `$paramod$70e768f93198a4a8c4f7d958f2c0abe528626c73\axi4lite_write_arbiter.\m_axi_awprot' from process `$paramod$70e768f93198a4a8c4f7d958f2c0abe528626c73\axi4lite_write_arbiter.$proc$/work/openlane/axi4lite_arbiter_top_sv2v.v:807$1030'.
No latch inferred for signal `$paramod$70e768f93198a4a8c4f7d958f2c0abe528626c73\axi4lite_write_arbiter.\m_axi_awvalid' from process `$paramod$70e768f93198a4a8c4f7d958f2c0abe528626c73\axi4lite_write_arbiter.$proc$/work/openlane/axi4lite_arbiter_top_sv2v.v:807$1030'.
No latch inferred for signal `$paramod$70e768f93198a4a8c4f7d958f2c0abe528626c73\axi4lite_write_arbiter.\sv2v_autoblock_7.s' from process `$paramod$70e768f93198a4a8c4f7d958f2c0abe528626c73\axi4lite_write_arbiter.$proc$/work/openlane/axi4lite_arbiter_top_sv2v.v:807$1030'.
No latch inferred for signal `$paramod$70e768f93198a4a8c4f7d958f2c0abe528626c73\axi4lite_write_arbiter.\write_eligible' from process `$paramod$70e768f93198a4a8c4f7d958f2c0abe528626c73\axi4lite_write_arbiter.$proc$/work/openlane/axi4lite_arbiter_top_sv2v.v:726$949'.
No latch inferred for signal `$paramod$70e768f93198a4a8c4f7d958f2c0abe528626c73\axi4lite_write_arbiter.\sv2v_autoblock_3.m' from process `$paramod$70e768f93198a4a8c4f7d958f2c0abe528626c73\axi4lite_write_arbiter.$proc$/work/openlane/axi4lite_arbiter_top_sv2v.v:726$949'.
No latch inferred for signal `$paramod$70e768f93198a4a8c4f7d958f2c0abe528626c73\axi4lite_write_arbiter.\s_axi_awready' from process `$paramod$70e768f93198a4a8c4f7d958f2c0abe528626c73\axi4lite_write_arbiter.$proc$/work/openlane/axi4lite_arbiter_top_sv2v.v:718$924'.
No latch inferred for signal `$paramod$70e768f93198a4a8c4f7d958f2c0abe528626c73\axi4lite_write_arbiter.\s_axi_wready' from process `$paramod$70e768f93198a4a8c4f7d958f2c0abe528626c73\axi4lite_write_arbiter.$proc$/work/openlane/axi4lite_arbiter_top_sv2v.v:718$924'.
No latch inferred for signal `$paramod$70e768f93198a4a8c4f7d958f2c0abe528626c73\axi4lite_write_arbiter.\sv2v_autoblock_2.m' from process `$paramod$70e768f93198a4a8c4f7d958f2c0abe528626c73\axi4lite_write_arbiter.$proc$/work/openlane/axi4lite_arbiter_top_sv2v.v:718$924'.
No latch inferred for signal `$paramod$70e768f93198a4a8c4f7d958f2c0abe528626c73\axi4lite_write_arbiter.\buf_locked' from process `$paramod$70e768f93198a4a8c4f7d958f2c0abe528626c73\axi4lite_write_arbiter.$proc$/work/openlane/axi4lite_arbiter_top_sv2v.v:713$911'.
No latch inferred for signal `$paramod$70e768f93198a4a8c4f7d958f2c0abe528626c73\axi4lite_write_arbiter.\sv2v_autoblock_1.m' from process `$paramod$70e768f93198a4a8c4f7d958f2c0abe528626c73\axi4lite_write_arbiter.$proc$/work/openlane/axi4lite_arbiter_top_sv2v.v:713$911'.
No latch inferred for signal `$paramod$70e768f93198a4a8c4f7d958f2c0abe528626c73\axi4lite_write_arbiter.\decode_addr' from process `$paramod$70e768f93198a4a8c4f7d958f2c0abe528626c73\axi4lite_write_arbiter.$proc$/work/openlane/axi4lite_arbiter_top_sv2v.v:692$907'.
No latch inferred for signal `$paramod$a8340ee7235114894783fd9bbe1cca175327e780\axi4lite_read_arbiter.\m_axi_araddr' from process `$paramod$a8340ee7235114894783fd9bbe1cca175327e780\axi4lite_read_arbiter.$proc$/work/openlane/axi4lite_arbiter_top_sv2v.v:1010$896'.
No latch inferred for signal `$paramod$a8340ee7235114894783fd9bbe1cca175327e780\axi4lite_read_arbiter.\m_axi_arprot' from process `$paramod$a8340ee7235114894783fd9bbe1cca175327e780\axi4lite_read_arbiter.$proc$/work/openlane/axi4lite_arbiter_top_sv2v.v:1010$896'.
No latch inferred for signal `$paramod$a8340ee7235114894783fd9bbe1cca175327e780\axi4lite_read_arbiter.\m_axi_arvalid' from process `$paramod$a8340ee7235114894783fd9bbe1cca175327e780\axi4lite_read_arbiter.$proc$/work/openlane/axi4lite_arbiter_top_sv2v.v:1010$896'.
No latch inferred for signal `$paramod$a8340ee7235114894783fd9bbe1cca175327e780\axi4lite_read_arbiter.\sv2v_autoblock_1.s' from process `$paramod$a8340ee7235114894783fd9bbe1cca175327e780\axi4lite_read_arbiter.$proc$/work/openlane/axi4lite_arbiter_top_sv2v.v:1010$896'.
No latch inferred for signal `$paramod$a8340ee7235114894783fd9bbe1cca175327e780\axi4lite_read_arbiter.\s_axi_arready' from process `$paramod$a8340ee7235114894783fd9bbe1cca175327e780\axi4lite_read_arbiter.$proc$/work/openlane/axi4lite_arbiter_top_sv2v.v:999$861'.
No latch inferred for signal `$paramod$a8340ee7235114894783fd9bbe1cca175327e780\axi4lite_read_arbiter.$bitselwrite$pos$/work/openlane/axi4lite_arbiter_top_sv2v.v:1003$844' from process `$paramod$a8340ee7235114894783fd9bbe1cca175327e780\axi4lite_read_arbiter.$proc$/work/openlane/axi4lite_arbiter_top_sv2v.v:999$861'.
No latch inferred for signal `$paramod$a8340ee7235114894783fd9bbe1cca175327e780\axi4lite_read_arbiter.$bitselwrite$pos$/work/openlane/axi4lite_arbiter_top_sv2v.v:1005$845' from process `$paramod$a8340ee7235114894783fd9bbe1cca175327e780\axi4lite_read_arbiter.$proc$/work/openlane/axi4lite_arbiter_top_sv2v.v:999$861'.
No latch inferred for signal `$paramod$a8340ee7235114894783fd9bbe1cca175327e780\axi4lite_read_arbiter.$bitselwrite$pos$/work/openlane/axi4lite_arbiter_top_sv2v.v:1007$846' from process `$paramod$a8340ee7235114894783fd9bbe1cca175327e780\axi4lite_read_arbiter.$proc$/work/openlane/axi4lite_arbiter_top_sv2v.v:999$861'.
No latch inferred for signal `$paramod$a8340ee7235114894783fd9bbe1cca175327e780\axi4lite_read_arbiter.\target_arready' from process `$paramod$a8340ee7235114894783fd9bbe1cca175327e780\axi4lite_read_arbiter.$proc$/work/openlane/axi4lite_arbiter_top_sv2v.v:953$851'.
No latch inferred for signal `$paramod$a8340ee7235114894783fd9bbe1cca175327e780\axi4lite_read_arbiter.\decode_addr' from process `$paramod$a8340ee7235114894783fd9bbe1cca175327e780\axi4lite_read_arbiter.$proc$/work/openlane/axi4lite_arbiter_top_sv2v.v:935$847'.
No latch inferred for signal `$paramod$b358acc07f1df1ca7668b3eda652fc0a3794bba8\axi4lite_response_router.\s_rready' from process `$paramod$b358acc07f1df1ca7668b3eda652fc0a3794bba8\axi4lite_response_router.$proc$/work/openlane/axi4lite_arbiter_top_sv2v.v:534$787'.
No latch inferred for signal `$paramod$b358acc07f1df1ca7668b3eda652fc0a3794bba8\axi4lite_response_router.\m_rdata' from process `$paramod$b358acc07f1df1ca7668b3eda652fc0a3794bba8\axi4lite_response_router.$proc$/work/openlane/axi4lite_arbiter_top_sv2v.v:534$787'.
No latch inferred for signal `$paramod$b358acc07f1df1ca7668b3eda652fc0a3794bba8\axi4lite_response_router.\m_rresp' from process `$paramod$b358acc07f1df1ca7668b3eda652fc0a3794bba8\axi4lite_response_router.$proc$/work/openlane/axi4lite_arbiter_top_sv2v.v:534$787'.
No latch inferred for signal `$paramod$b358acc07f1df1ca7668b3eda652fc0a3794bba8\axi4lite_response_router.\m_rvalid' from process `$paramod$b358acc07f1df1ca7668b3eda652fc0a3794bba8\axi4lite_response_router.$proc$/work/openlane/axi4lite_arbiter_top_sv2v.v:534$787'.
No latch inferred for signal `$paramod$b358acc07f1df1ca7668b3eda652fc0a3794bba8\axi4lite_response_router.\r_resp_handshake' from process `$paramod$b358acc07f1df1ca7668b3eda652fc0a3794bba8\axi4lite_response_router.$proc$/work/openlane/axi4lite_arbiter_top_sv2v.v:534$787'.
No latch inferred for signal `$paramod$b358acc07f1df1ca7668b3eda652fc0a3794bba8\axi4lite_response_router.\r_owner_rready' from process `$paramod$b358acc07f1df1ca7668b3eda652fc0a3794bba8\axi4lite_response_router.$proc$/work/openlane/axi4lite_arbiter_top_sv2v.v:534$787'.
No latch inferred for signal `$paramod$b358acc07f1df1ca7668b3eda652fc0a3794bba8\axi4lite_response_router.\sv2v_autoblock_3.i' from process `$paramod$b358acc07f1df1ca7668b3eda652fc0a3794bba8\axi4lite_response_router.$proc$/work/openlane/axi4lite_arbiter_top_sv2v.v:534$787'.
No latch inferred for signal `$paramod$b358acc07f1df1ca7668b3eda652fc0a3794bba8\axi4lite_response_router.\sv2v_autoblock_4.i' from process `$paramod$b358acc07f1df1ca7668b3eda652fc0a3794bba8\axi4lite_response_router.$proc$/work/openlane/axi4lite_arbiter_top_sv2v.v:534$787'.
No latch inferred for signal `$paramod$b358acc07f1df1ca7668b3eda652fc0a3794bba8\axi4lite_response_router.$bitselwrite$rvalue$/work/openlane/axi4lite_arbiter_top_sv2v.v:554$739' from process `$paramod$b358acc07f1df1ca7668b3eda652fc0a3794bba8\axi4lite_response_router.$proc$/work/openlane/axi4lite_arbiter_top_sv2v.v:534$787'.
No latch inferred for signal `$paramod$b358acc07f1df1ca7668b3eda652fc0a3794bba8\axi4lite_response_router.$bitselwrite$rvalue$/work/openlane/axi4lite_arbiter_top_sv2v.v:555$740' from process `$paramod$b358acc07f1df1ca7668b3eda652fc0a3794bba8\axi4lite_response_router.$proc$/work/openlane/axi4lite_arbiter_top_sv2v.v:534$787'.
No latch inferred for signal `$paramod$b358acc07f1df1ca7668b3eda652fc0a3794bba8\axi4lite_response_router.$bitselwrite$rvalue$/work/openlane/axi4lite_arbiter_top_sv2v.v:556$741' from process `$paramod$b358acc07f1df1ca7668b3eda652fc0a3794bba8\axi4lite_response_router.$proc$/work/openlane/axi4lite_arbiter_top_sv2v.v:534$787'.
No latch inferred for signal `$paramod$b358acc07f1df1ca7668b3eda652fc0a3794bba8\axi4lite_response_router.$bitselwrite$rvalue$/work/openlane/axi4lite_arbiter_top_sv2v.v:560$742' from process `$paramod$b358acc07f1df1ca7668b3eda652fc0a3794bba8\axi4lite_response_router.$proc$/work/openlane/axi4lite_arbiter_top_sv2v.v:534$787'.
No latch inferred for signal `$paramod$b358acc07f1df1ca7668b3eda652fc0a3794bba8\axi4lite_response_router.$bitselwrite$rvalue$/work/openlane/axi4lite_arbiter_top_sv2v.v:561$743' from process `$paramod$b358acc07f1df1ca7668b3eda652fc0a3794bba8\axi4lite_response_router.$proc$/work/openlane/axi4lite_arbiter_top_sv2v.v:534$787'.
No latch inferred for signal `$paramod$b358acc07f1df1ca7668b3eda652fc0a3794bba8\axi4lite_response_router.$bitselwrite$rvalue$/work/openlane/axi4lite_arbiter_top_sv2v.v:562$744' from process `$paramod$b358acc07f1df1ca7668b3eda652fc0a3794bba8\axi4lite_response_router.$proc$/work/openlane/axi4lite_arbiter_top_sv2v.v:534$787'.
No latch inferred for signal `$paramod$b358acc07f1df1ca7668b3eda652fc0a3794bba8\axi4lite_response_router.$bitselwrite$rvalue$/work/openlane/axi4lite_arbiter_top_sv2v.v:567$745' from process `$paramod$b358acc07f1df1ca7668b3eda652fc0a3794bba8\axi4lite_response_router.$proc$/work/openlane/axi4lite_arbiter_top_sv2v.v:534$787'.
No latch inferred for signal `$paramod$b358acc07f1df1ca7668b3eda652fc0a3794bba8\axi4lite_response_router.$bitselwrite$rvalue$/work/openlane/axi4lite_arbiter_top_sv2v.v:568$746' from process `$paramod$b358acc07f1df1ca7668b3eda652fc0a3794bba8\axi4lite_response_router.$proc$/work/openlane/axi4lite_arbiter_top_sv2v.v:534$787'.
No latch inferred for signal `$paramod$b358acc07f1df1ca7668b3eda652fc0a3794bba8\axi4lite_response_router.$bitselwrite$rvalue$/work/openlane/axi4lite_arbiter_top_sv2v.v:569$747' from process `$paramod$b358acc07f1df1ca7668b3eda652fc0a3794bba8\axi4lite_response_router.$proc$/work/openlane/axi4lite_arbiter_top_sv2v.v:534$787'.
No latch inferred for signal `$paramod$b358acc07f1df1ca7668b3eda652fc0a3794bba8\axi4lite_response_router.\s_bready' from process `$paramod$b358acc07f1df1ca7668b3eda652fc0a3794bba8\axi4lite_response_router.$proc$/work/openlane/axi4lite_arbiter_top_sv2v.v:497$748'.
No latch inferred for signal `$paramod$b358acc07f1df1ca7668b3eda652fc0a3794bba8\axi4lite_response_router.\m_bresp' from process `$paramod$b358acc07f1df1ca7668b3eda652fc0a3794bba8\axi4lite_response_router.$proc$/work/openlane/axi4lite_arbiter_top_sv2v.v:497$748'.
No latch inferred for signal `$paramod$b358acc07f1df1ca7668b3eda652fc0a3794bba8\axi4lite_response_router.\m_bvalid' from process `$paramod$b358acc07f1df1ca7668b3eda652fc0a3794bba8\axi4lite_response_router.$proc$/work/openlane/axi4lite_arbiter_top_sv2v.v:497$748'.
No latch inferred for signal `$paramod$b358acc07f1df1ca7668b3eda652fc0a3794bba8\axi4lite_response_router.\w_resp_handshake' from process `$paramod$b358acc07f1df1ca7668b3eda652fc0a3794bba8\axi4lite_response_router.$proc$/work/openlane/axi4lite_arbiter_top_sv2v.v:497$748'.
No latch inferred for signal `$paramod$b358acc07f1df1ca7668b3eda652fc0a3794bba8\axi4lite_response_router.\w_owner_bready' from process `$paramod$b358acc07f1df1ca7668b3eda652fc0a3794bba8\axi4lite_response_router.$proc$/work/openlane/axi4lite_arbiter_top_sv2v.v:497$748'.
No latch inferred for signal `$paramod$b358acc07f1df1ca7668b3eda652fc0a3794bba8\axi4lite_response_router.\sv2v_autoblock_1.i' from process `$paramod$b358acc07f1df1ca7668b3eda652fc0a3794bba8\axi4lite_response_router.$proc$/work/openlane/axi4lite_arbiter_top_sv2v.v:497$748'.
No latch inferred for signal `$paramod$b358acc07f1df1ca7668b3eda652fc0a3794bba8\axi4lite_response_router.\sv2v_autoblock_2.i' from process `$paramod$b358acc07f1df1ca7668b3eda652fc0a3794bba8\axi4lite_response_router.$proc$/work/openlane/axi4lite_arbiter_top_sv2v.v:497$748'.
No latch inferred for signal `$paramod$b358acc07f1df1ca7668b3eda652fc0a3794bba8\axi4lite_response_router.$bitselwrite$rvalue$/work/openlane/axi4lite_arbiter_top_sv2v.v:516$733' from process `$paramod$b358acc07f1df1ca7668b3eda652fc0a3794bba8\axi4lite_response_router.$proc$/work/openlane/axi4lite_arbiter_top_sv2v.v:497$748'.
No latch inferred for signal `$paramod$b358acc07f1df1ca7668b3eda652fc0a3794bba8\axi4lite_response_router.$bitselwrite$rvalue$/work/openlane/axi4lite_arbiter_top_sv2v.v:517$734' from process `$paramod$b358acc07f1df1ca7668b3eda652fc0a3794bba8\axi4lite_response_router.$proc$/work/openlane/axi4lite_arbiter_top_sv2v.v:497$748'.
No latch inferred for signal `$paramod$b358acc07f1df1ca7668b3eda652fc0a3794bba8\axi4lite_response_router.$bitselwrite$rvalue$/work/openlane/axi4lite_arbiter_top_sv2v.v:521$735' from process `$paramod$b358acc07f1df1ca7668b3eda652fc0a3794bba8\axi4lite_response_router.$proc$/work/openlane/axi4lite_arbiter_top_sv2v.v:497$748'.
No latch inferred for signal `$paramod$b358acc07f1df1ca7668b3eda652fc0a3794bba8\axi4lite_response_router.$bitselwrite$rvalue$/work/openlane/axi4lite_arbiter_top_sv2v.v:522$736' from process `$paramod$b358acc07f1df1ca7668b3eda652fc0a3794bba8\axi4lite_response_router.$proc$/work/openlane/axi4lite_arbiter_top_sv2v.v:497$748'.
No latch inferred for signal `$paramod$b358acc07f1df1ca7668b3eda652fc0a3794bba8\axi4lite_response_router.$bitselwrite$rvalue$/work/openlane/axi4lite_arbiter_top_sv2v.v:527$737' from process `$paramod$b358acc07f1df1ca7668b3eda652fc0a3794bba8\axi4lite_response_router.$proc$/work/openlane/axi4lite_arbiter_top_sv2v.v:497$748'.
No latch inferred for signal `$paramod$b358acc07f1df1ca7668b3eda652fc0a3794bba8\axi4lite_response_router.$bitselwrite$rvalue$/work/openlane/axi4lite_arbiter_top_sv2v.v:528$738' from process `$paramod$b358acc07f1df1ca7668b3eda652fc0a3794bba8\axi4lite_response_router.$proc$/work/openlane/axi4lite_arbiter_top_sv2v.v:497$748'.
No latch inferred for signal `$paramod\axi4lite_qos_scheduler\NUM_MASTERS=s32'00000000000000000000000000000100.\grant' from process `$paramod\axi4lite_qos_scheduler\NUM_MASTERS=s32'00000000000000000000000000000100.$proc$/work/openlane/axi4lite_arbiter_top_sv2v.v:423$713'.
No latch inferred for signal `$paramod\axi4lite_qos_scheduler\NUM_MASTERS=s32'00000000000000000000000000000100.\master_id' from process `$paramod\axi4lite_qos_scheduler\NUM_MASTERS=s32'00000000000000000000000000000100.$proc$/work/openlane/axi4lite_arbiter_top_sv2v.v:423$713'.
No latch inferred for signal `$paramod\axi4lite_qos_scheduler\NUM_MASTERS=s32'00000000000000000000000000000100.\grant_valid' from process `$paramod\axi4lite_qos_scheduler\NUM_MASTERS=s32'00000000000000000000000000000100.$proc$/work/openlane/axi4lite_arbiter_top_sv2v.v:423$713'.
No latch inferred for signal `$paramod\axi4lite_qos_scheduler\NUM_MASTERS=s32'00000000000000000000000000000100.$bitselwrite$pos$/work/openlane/axi4lite_arbiter_top_sv2v.v:428$612' from process `$paramod\axi4lite_qos_scheduler\NUM_MASTERS=s32'00000000000000000000000000000100.$proc$/work/openlane/axi4lite_arbiter_top_sv2v.v:423$713'.
No latch inferred for signal `$paramod\axi4lite_qos_scheduler\NUM_MASTERS=s32'00000000000000000000000000000100.$bitselwrite$pos$/work/openlane/axi4lite_arbiter_top_sv2v.v:433$613' from process `$paramod\axi4lite_qos_scheduler\NUM_MASTERS=s32'00000000000000000000000000000100.$proc$/work/openlane/axi4lite_arbiter_top_sv2v.v:423$713'.
No latch inferred for signal `$paramod\axi4lite_qos_scheduler\NUM_MASTERS=s32'00000000000000000000000000000100.\next_cand' from process `$paramod\axi4lite_qos_scheduler\NUM_MASTERS=s32'00000000000000000000000000000100.$proc$/work/openlane/axi4lite_arbiter_top_sv2v.v:173$648'.
No latch inferred for signal `$paramod\axi4lite_qos_scheduler\NUM_MASTERS=s32'00000000000000000000000000000100.\cand_valid' from process `$paramod\axi4lite_qos_scheduler\NUM_MASTERS=s32'00000000000000000000000000000100.$proc$/work/openlane/axi4lite_arbiter_top_sv2v.v:173$648'.
No latch inferred for signal `$paramod\axi4lite_qos_scheduler\NUM_MASTERS=s32'00000000000000000000000000000100.\eff_b1' from process `$paramod\axi4lite_qos_scheduler\NUM_MASTERS=s32'00000000000000000000000000000100.$proc$/work/openlane/axi4lite_arbiter_top_sv2v.v:139$640'.
No latch inferred for signal `$paramod\axi4lite_qos_scheduler\NUM_MASTERS=s32'00000000000000000000000000000100.\eff_b2' from process `$paramod\axi4lite_qos_scheduler\NUM_MASTERS=s32'00000000000000000000000000000100.$proc$/work/openlane/axi4lite_arbiter_top_sv2v.v:139$640'.
No latch inferred for signal `$paramod\axi4lite_qos_scheduler\NUM_MASTERS=s32'00000000000000000000000000000100.\eff_b3' from process `$paramod\axi4lite_qos_scheduler\NUM_MASTERS=s32'00000000000000000000000000000100.$proc$/work/openlane/axi4lite_arbiter_top_sv2v.v:139$640'.
No latch inferred for signal `$paramod\axi4lite_qos_scheduler\NUM_MASTERS=s32'00000000000000000000000000000100.\eff_rr_ptr' from process `$paramod\axi4lite_qos_scheduler\NUM_MASTERS=s32'00000000000000000000000000000100.$proc$/work/openlane/axi4lite_arbiter_top_sv2v.v:139$640'.
No latch inferred for signal `$paramod\axi4lite_qos_scheduler\NUM_MASTERS=s32'00000000000000000000000000000100.\m1_aged' from process `$paramod\axi4lite_qos_scheduler\NUM_MASTERS=s32'00000000000000000000000000000100.$proc$/work/openlane/axi4lite_arbiter_top_sv2v.v:122$630'.
No latch inferred for signal `$paramod\axi4lite_qos_scheduler\NUM_MASTERS=s32'00000000000000000000000000000100.\m2_aged' from process `$paramod\axi4lite_qos_scheduler\NUM_MASTERS=s32'00000000000000000000000000000100.$proc$/work/openlane/axi4lite_arbiter_top_sv2v.v:122$630'.
No latch inferred for signal `$paramod\axi4lite_qos_scheduler\NUM_MASTERS=s32'00000000000000000000000000000100.\m3_aged' from process `$paramod\axi4lite_qos_scheduler\NUM_MASTERS=s32'00000000000000000000000000000100.$proc$/work/openlane/axi4lite_arbiter_top_sv2v.v:122$630'.
No latch inferred for signal `$paramod\axi4lite_qos_scheduler\NUM_MASTERS=s32'00000000000000000000000000000100.\any_aged' from process `$paramod\axi4lite_qos_scheduler\NUM_MASTERS=s32'00000000000000000000000000000100.$proc$/work/openlane/axi4lite_arbiter_top_sv2v.v:122$630'.
No latch inferred for signal `$paramod\axi4lite_qos_scheduler\NUM_MASTERS=s32'00000000000000000000000000000100.\age_thresh' from process `$paramod\axi4lite_qos_scheduler\NUM_MASTERS=s32'00000000000000000000000000000100.$proc$/work/openlane/axi4lite_arbiter_top_sv2v.v:94$623'.
No latch inferred for signal `$paramod\axi4lite_qos_scheduler\NUM_MASTERS=s32'00000000000000000000000000000100.\burst_limit' from process `$paramod\axi4lite_qos_scheduler\NUM_MASTERS=s32'00000000000000000000000000000100.$proc$/work/openlane/axi4lite_arbiter_top_sv2v.v:94$623'.
No latch inferred for signal `$paramod\axi4lite_qos_scheduler\NUM_MASTERS=s32'00000000000000000000000000000100.\w0' from process `$paramod\axi4lite_qos_scheduler\NUM_MASTERS=s32'00000000000000000000000000000100.$proc$/work/openlane/axi4lite_arbiter_top_sv2v.v:86$614'.
No latch inferred for signal `$paramod\axi4lite_qos_scheduler\NUM_MASTERS=s32'00000000000000000000000000000100.\w1' from process `$paramod\axi4lite_qos_scheduler\NUM_MASTERS=s32'00000000000000000000000000000100.$proc$/work/openlane/axi4lite_arbiter_top_sv2v.v:86$614'.
No latch inferred for signal `$paramod\axi4lite_qos_scheduler\NUM_MASTERS=s32'00000000000000000000000000000100.\w2' from process `$paramod\axi4lite_qos_scheduler\NUM_MASTERS=s32'00000000000000000000000000000100.$proc$/work/openlane/axi4lite_arbiter_top_sv2v.v:86$614'.
No latch inferred for signal `$paramod\axi4lite_qos_scheduler\NUM_MASTERS=s32'00000000000000000000000000000100.\w3' from process `$paramod\axi4lite_qos_scheduler\NUM_MASTERS=s32'00000000000000000000000000000100.$proc$/work/openlane/axi4lite_arbiter_top_sv2v.v:86$614'.
No latch inferred for signal `$paramod$8607e6e28e9a0ecf78b5ef5ea17d8b714c8188a1\axi4lite_address_decoder.\slave_sel' from process `$paramod$8607e6e28e9a0ecf78b5ef5ea17d8b714c8188a1\axi4lite_address_decoder.$proc$/work/openlane/axi4lite_arbiter_top_sv2v.v:22$537'.
No latch inferred for signal `$paramod$8607e6e28e9a0ecf78b5ef5ea17d8b714c8188a1\axi4lite_address_decoder.\valid_addr' from process `$paramod$8607e6e28e9a0ecf78b5ef5ea17d8b714c8188a1\axi4lite_address_decoder.$proc$/work/openlane/axi4lite_arbiter_top_sv2v.v:22$537'.
No latch inferred for signal `$paramod$8607e6e28e9a0ecf78b5ef5ea17d8b714c8188a1\axi4lite_address_decoder.\invalid_addr' from process `$paramod$8607e6e28e9a0ecf78b5ef5ea17d8b714c8188a1\axi4lite_address_decoder.$proc$/work/openlane/axi4lite_arbiter_top_sv2v.v:22$537'.
No latch inferred for signal `$paramod$8607e6e28e9a0ecf78b5ef5ea17d8b714c8188a1\axi4lite_address_decoder.\match_s0' from process `$paramod$8607e6e28e9a0ecf78b5ef5ea17d8b714c8188a1\axi4lite_address_decoder.$proc$/work/openlane/axi4lite_arbiter_top_sv2v.v:22$537'.
No latch inferred for signal `$paramod$8607e6e28e9a0ecf78b5ef5ea17d8b714c8188a1\axi4lite_address_decoder.\match_s1' from process `$paramod$8607e6e28e9a0ecf78b5ef5ea17d8b714c8188a1\axi4lite_address_decoder.$proc$/work/openlane/axi4lite_arbiter_top_sv2v.v:22$537'.
No latch inferred for signal `$paramod$8607e6e28e9a0ecf78b5ef5ea17d8b714c8188a1\axi4lite_address_decoder.\sv2v_cast_64$func$/work/openlane/axi4lite_arbiter_top_sv2v.v:23$527.$result' from process `$paramod$8607e6e28e9a0ecf78b5ef5ea17d8b714c8188a1\axi4lite_address_decoder.$proc$/work/openlane/axi4lite_arbiter_top_sv2v.v:22$537'.
No latch inferred for signal `$paramod$8607e6e28e9a0ecf78b5ef5ea17d8b714c8188a1\axi4lite_address_decoder.\sv2v_cast_64$func$/work/openlane/axi4lite_arbiter_top_sv2v.v:23$527.inp' from process `$paramod$8607e6e28e9a0ecf78b5ef5ea17d8b714c8188a1\axi4lite_address_decoder.$proc$/work/openlane/axi4lite_arbiter_top_sv2v.v:22$537'.
No latch inferred for signal `$paramod$8607e6e28e9a0ecf78b5ef5ea17d8b714c8188a1\axi4lite_address_decoder.\sv2v_cast_64$func$/work/openlane/axi4lite_arbiter_top_sv2v.v:23$529.$result' from process `$paramod$8607e6e28e9a0ecf78b5ef5ea17d8b714c8188a1\axi4lite_address_decoder.$proc$/work/openlane/axi4lite_arbiter_top_sv2v.v:22$537'.
No latch inferred for signal `$paramod$8607e6e28e9a0ecf78b5ef5ea17d8b714c8188a1\axi4lite_address_decoder.\sv2v_cast_64$func$/work/openlane/axi4lite_arbiter_top_sv2v.v:23$529.inp' from process `$paramod$8607e6e28e9a0ecf78b5ef5ea17d8b714c8188a1\axi4lite_address_decoder.$proc$/work/openlane/axi4lite_arbiter_top_sv2v.v:22$537'.
No latch inferred for signal `$paramod$8607e6e28e9a0ecf78b5ef5ea17d8b714c8188a1\axi4lite_address_decoder.\sv2v_cast_64$func$/work/openlane/axi4lite_arbiter_top_sv2v.v:27$532.$result' from process `$paramod$8607e6e28e9a0ecf78b5ef5ea17d8b714c8188a1\axi4lite_address_decoder.$proc$/work/openlane/axi4lite_arbiter_top_sv2v.v:22$537'.
No latch inferred for signal `$paramod$8607e6e28e9a0ecf78b5ef5ea17d8b714c8188a1\axi4lite_address_decoder.\sv2v_cast_64$func$/work/openlane/axi4lite_arbiter_top_sv2v.v:27$532.inp' from process `$paramod$8607e6e28e9a0ecf78b5ef5ea17d8b714c8188a1\axi4lite_address_decoder.$proc$/work/openlane/axi4lite_arbiter_top_sv2v.v:22$537'.
No latch inferred for signal `$paramod$8607e6e28e9a0ecf78b5ef5ea17d8b714c8188a1\axi4lite_address_decoder.\sv2v_cast_64$func$/work/openlane/axi4lite_arbiter_top_sv2v.v:27$534.$result' from process `$paramod$8607e6e28e9a0ecf78b5ef5ea17d8b714c8188a1\axi4lite_address_decoder.$proc$/work/openlane/axi4lite_arbiter_top_sv2v.v:22$537'.
No latch inferred for signal `$paramod$8607e6e28e9a0ecf78b5ef5ea17d8b714c8188a1\axi4lite_address_decoder.\sv2v_cast_64$func$/work/openlane/axi4lite_arbiter_top_sv2v.v:27$534.inp' from process `$paramod$8607e6e28e9a0ecf78b5ef5ea17d8b714c8188a1\axi4lite_address_decoder.$proc$/work/openlane/axi4lite_arbiter_top_sv2v.v:22$537'.
