┏━━━━━━━━━━━━━━━━━━━━━━┳━━━━━━━━━━┳━━━━━━━━━━┳━━━━━━━━━━┳━━━━━━━━━━┳━━━━━━━━━━━┳
┃                      ┃ Hold     ┃ Reg to   ┃          ┃          ┃ of which  ┃
┃                      ┃ Worst    ┃ Reg      ┃          ┃ Hold Vio ┃ reg to    ┃
┃ Corner/Group         ┃ Slack    ┃ Paths    ┃ Hold TNS ┃ Count    ┃ reg       ┃
┡━━━━━━━━━━━━━━━━━━━━━━╇━━━━━━━━━━╇━━━━━━━━━━╇━━━━━━━━━━╇━━━━━━━━━━╇━━━━━━━━━━━╇
│ Overall              │ -0.1027  │ 0.2125   │ -0.9038  │ 34       │ 0         │
│ nom_tt_025C_1v80     │ 0.0512   │ 0.3981   │ 0.0000   │ 0        │ 0         │
│ nom_ss_100C_1v60     │ -0.0686  │ 0.9100   │ -0.4421  │ 13       │ 0         │
│ nom_ff_n40C_1v95     │ 0.1199   │ 0.2138   │ 0.0000   │ 0        │ 0         │
│ min_tt_025C_1v80     │ 0.0813   │ 0.3963   │ 0.0000   │ 0        │ 0         │
│ min_ss_100C_1v60     │ -0.0257  │ 0.9087   │ -0.0592  │ 4        │ 0         │
│ min_ff_n40C_1v95     │ 0.1438   │ 0.2125   │ 0.0000   │ 0        │ 0         │
│ max_tt_025C_1v80     │ 0.0188   │ 0.4003   │ 0.0000   │ 0        │ 0         │
│ max_ss_100C_1v60     │ -0.1027  │ 0.9135   │ -0.9038  │ 17       │ 0         │
│ max_ff_n40C_1v95     │ 0.0934   │ 0.2154   │ 0.0000   │ 0        │ 0         │
└──────────────────────┴──────────┴──────────┴──────────┴──────────┴───────────┴
