
===========================================================================
report_checks -unconstrained
===========================================================================
======================= min_ff_n40C_1v95 Corner ===================================

Startpoint: m_axi_arready[1] (input port clocked by aclk)
Endpoint: s_axi_arready[3] (output port clocked by aclk)
Path Group: aclk
Path Type: max

Fanout         Cap        Slew       Delay        Time   Description
---------------------------------------------------------------------------------------------
                                  0.000000    0.000000   clock aclk (rise edge)
                                  0.000000    0.000000   clock network delay (propagated)
                                  3.000000    3.000000 ^ input external delay
     1    0.003244    0.000000    0.000000    3.000000 ^ m_axi_arready[1] (in)
                                                         m_axi_arready[1] (net)
                      0.000047    0.000024    3.000023 ^ input32/A (sky130_fd_sc_hd__clkbuf_1)
     1    0.003264    0.035883    0.046798    3.046822 ^ input32/X (sky130_fd_sc_hd__clkbuf_1)
                                                         net32 (net)
                      0.035883    0.000034    3.046856 ^ _4257_/B (sky130_fd_sc_hd__nand2_1)
     1    0.005575    0.091655    0.038175    3.085031 v _4257_/Y (sky130_fd_sc_hd__nand2_1)
                                                         _1447_ (net)
                      0.091655    0.000078    3.085109 v _4260_/A2 (sky130_fd_sc_hd__o211a_4)
     3    0.066189    0.081266    0.219984    3.305093 v _4260_/X (sky130_fd_sc_hd__o211a_4)
                                                         _1450_ (net)
                      0.086974    0.016535    3.321628 v _4261_/B (sky130_fd_sc_hd__nor2_4)
     4    0.077080    0.344969    0.279305    3.600933 ^ _4261_/Y (sky130_fd_sc_hd__nor2_4)
                                                         _1451_ (net)
                      0.344979    0.001654    3.602588 ^ _4268_/A (sky130_fd_sc_hd__inv_2)
     2    0.012491    0.074132    0.034442    3.637030 v _4268_/Y (sky130_fd_sc_hd__inv_2)
                                                         _1455_ (net)
                      0.074133    0.000135    3.637165 v _4269_/B (sky130_fd_sc_hd__nor2_4)
     1    0.073117    0.328676    0.261790    3.898955 ^ _4269_/Y (sky130_fd_sc_hd__nor2_4)
                                                         net782 (net)
                      0.330513    0.019894    3.918849 ^ output782/A (sky130_fd_sc_hd__buf_1)
     1    0.000467    0.021534    0.040802    3.959651 ^ output782/X (sky130_fd_sc_hd__buf_1)
                                                         s_axi_arready[3] (net)
                      0.021534    0.000001    3.959652 ^ s_axi_arready[3] (out)
                                              3.959652   data arrival time

                                 12.000000   12.000000   clock aclk (rise edge)
                                  0.000000   12.000000   clock network delay (propagated)
                                 -0.300000   11.700000   clock uncertainty
                                  0.000000   11.700000   clock reconvergence pessimism
                                 -3.000000    8.699999   output external delay
                                              8.699999   data required time
---------------------------------------------------------------------------------------------
                                              8.699999   data required time
                                             -3.959652   data arrival time
---------------------------------------------------------------------------------------------
                                              4.740347   slack (MET)




===========================================================================
report_checks --slack_max -0.01
============================================================================
======================= min_ff_n40C_1v95 Corner ===================================

No paths found.


===========================================================================
 report_check_types -max_slew -max_cap -max_fanout -violators
============================================================================
======================= min_ff_n40C_1v95 Corner ===================================



===========================================================================
report_parasitic_annotation -report_unannotated
============================================================================
Found 5 unannotated drivers.
 cfg_weight_m0[0]
 cfg_weight_m0[1]
 cfg_weight_m0[2]
 cfg_weight_m0[3]
 _6631__949/HI
Found 0 partially unannotated drivers.

===========================================================================
max slew violation count 0
max fanout violation count 0
max cap violation count 0
============================================================================

===========================================================================
check_setup -verbose -unconstrained_endpoints -multiple_clock -no_clock -no_input_delay -loops -generated_clocks
===========================================================================
Warning: There is 1 input port missing set_input_delay.
  aresetn
Warning: There is 1 unconstrained endpoint.
  _6631_/D
